'\\wsl.localhost\Ubuntu-22.04\root\chipyard\fpga'
用作为当前目录的以上路径启动了 CMD.EXE。
UNC 路径不受支持。默认值设为 Windows 目录。

****** Vivado v2021.2 (64-bit)
  **** SW Build 3367213 on Tue Oct 19 02:48:09 MDT 2021
  **** IP Build 3369179 on Thu Oct 21 08:25:16 MDT 2021
    ** Copyright 1986-2021 Xilinx, Inc. All Rights Reserved.

source {\\wsl.localhost\Ubuntu-22.04\root\chipyard\fpga\scripts\upload_existing_ila_data_zcu104.tcl}
# array set options {
#     -probes_path ""
#     -target_index "0"
#     -out_csv ""
#     -out_state ""
# }
# for {set i 0} {$i < $argc} {incr i 2} {
#     set arg [lindex $argv $i]
#     set val [lindex $argv [expr $i+1]]
#     if {[info exists options($arg)]} {
#         set options($arg) $val
#     }
# }
# foreach req {-probes_path -out_csv -out_state} {
#     if {$options($req) eq ""} {
#         puts "Usage: vivado -mode batch -source upload_existing_ila_data_zcu104.tcl -tclargs -probes_path <ltx> -out_csv <csv> -out_state <state> ?-target_index 0?"
#         exit 2
#     }
# }
# set_param labtools.enable_cs_server false
# open_hw_manager
# connect_hw_server -url TCP:127.0.0.1:3121
INFO: [Labtools 27-2285] Connecting to hw_server url TCP:127.0.0.1:3121
CRITICAL WARNING: [Labtools 27-3442] Scaling up target frequency to lowest supported frequency of 125000 Hz.
connect_hw_server: Time (s): cpu = 00:00:00 ; elapsed = 00:00:08 . Memory (MB): peak = 1602.445 ; gain = 0.000
# catch {close_hw_target}
INFO: [Labtoolstcl 44-464] Closing hw_target 127.0.0.1:3121/xilinx_tcf/Xilinx/07198A
INFO: [Labtoolstcl 44-468] Target hw_target 127.0.0.1:3121/xilinx_tcf/Xilinx/07198A is already closed
# set target ""
# for {set i 0} {$i < 10} {incr i} {
#     catch {refresh_hw_server}
#     set targets [get_hw_targets -quiet]
#     if {[llength $targets] > $options(-target_index)} {
#         set target [lindex $targets $options(-target_index)]
#         break
#     }
#     after 1000
# }
# if {$target eq ""} {
#     puts "ERROR: no hw_target at index $options(-target_index)"
#     exit 5
# }
# open_hw_target $target
INFO: [Labtoolstcl 44-466] Opening hw_target 127.0.0.1:3121/xilinx_tcf/Xilinx/07198A
# set dev [lindex [get_hw_devices] 0]
# current_hw_device $dev
# set_property PROBES.FILE $options(-probes_path) [current_hw_device]
# set_property FULL_PROBES.FILE $options(-probes_path) [current_hw_device]
# refresh_hw_device [current_hw_device]
INFO: [Labtools 27-2302] Device xczu7 (JTAG device index = 0) is programmed with a design that has 1 ILA core(s).
ERROR: [Xicom 50-38] xicom: Unable to connect to debug core(s) on the target device. Check cable connectivity and that the target board is powered up then use the disconnect_hw_server and connect_hw_server to re-initialize the hardware target. Use open_hw_target to re-register the hardware device.
refresh_hw_device: Time (s): cpu = 00:00:03 ; elapsed = 00:00:06 . Memory (MB): peak = 2522.355 ; gain = 919.910
ERROR: [Common 17-39] 'refresh_hw_device' failed due to earlier errors.

    while executing
"refresh_hw_device [current_hw_device]"
    (file "\\wsl.localhost\Ubuntu-22.04\root\chipyard\fpga\scripts\upload_existing_ila_data_zcu104.tcl" line 43)
INFO: [Common 17-206] Exiting Vivado at Fri Mar 27 16:51:45 2026...
