'\\wsl.localhost\Ubuntu-22.04\root\chipyard\fpga'
用作为当前目录的以上路径启动了 CMD.EXE。
UNC 路径不受支持。默认值设为 Windows 目录。

****** Vivado v2021.2 (64-bit)
  **** SW Build 3367213 on Tue Oct 19 02:48:09 MDT 2021
  **** IP Build 3369179 on Thu Oct 21 08:25:16 MDT 2021
    ** Copyright 1986-2021 Xilinx, Inc. All Rights Reserved.

source {\\wsl.localhost\Ubuntu-22.04\root\chipyard\fpga\scripts\upload_existing_ila_data_zcu104.tcl}
# array set options {
#     -probes_path ""
#     -target_index "0"
#     -out_csv ""
#     -out_state ""
# }
# for {set i 0} {$i < $argc} {incr i 2} {
#     set arg [lindex $argv $i]
#     set val [lindex $argv [expr $i+1]]
#     if {[info exists options($arg)]} {
#         set options($arg) $val
#     }
# }
# foreach req {-probes_path -out_csv -out_state} {
#     if {$options($req) eq ""} {
#         puts "Usage: vivado -mode batch -source upload_existing_ila_data_zcu104.tcl -tclargs -probes_path <ltx> -out_csv <csv> -out_state <state> ?-target_index 0?"
#         exit 2
#     }
# }
# set_param labtools.enable_cs_server false
# open_hw_manager
# connect_hw_server -url TCP:127.0.0.1:3121
INFO: [Labtools 27-2285] Connecting to hw_server url TCP:127.0.0.1:3121
ERROR: [Xicom 50-198] Cannot support out-of-date hw_server.  Update to the latest hw_server.
ERROR: [Labtools 27-3461] Cannot support an older version of hw_server.
connect_hw_server: Time (s): cpu = 00:00:00 ; elapsed = 00:00:08 . Memory (MB): peak = 1602.180 ; gain = 0.000
ERROR: [Common 17-39] 'connect_hw_server' failed due to earlier errors.

    while executing
"connect_hw_server -url TCP:127.0.0.1:3121"
    (file "\\wsl.localhost\Ubuntu-22.04\root\chipyard\fpga\scripts\upload_existing_ila_data_zcu104.tcl" line 22)
INFO: [Common 17-206] Exiting Vivado at Fri Mar 27 15:16:21 2026...
