#-----------------------------------------------------------
# Vivado v2021.2 (64-bit)
# SW Build 3367213 on Tue Oct 19 02:48:09 MDT 2021
# IP Build 3369179 on Thu Oct 21 08:25:16 MDT 2021
# Start of session at: Mon Apr 13 10:24:29 2026
# Process ID: 37316
# Current directory: Z:/root/chipyard/fpga
# Command line: vivado.exe -mode batch -source \\wsl.localhost\Ubuntu-22.04\root\chipyard\fpga\scripts\capture_hw_ila_spi_sd.tcl -tclargs /root/chipyard/fpga/generated-src/chipyard.fpga.zcu104.ZCU104FPGATestHarness.RocketZCU104LinuxBringupConfig/obj/spi_sd_ila/spi_sd_ila.ltx /root/chipyard/fpga/logs/spi_sd_ila_captures/phase1_spi_sd_capture_20260413_1018_long 30
# Log file: Z:/root/chipyard/fpga/vivado.log
# Journal file: Z:/root/chipyard/fpga\vivado.jou
# Running On: YXY, OS: Windows, CPU Frequency: 2495 MHz, CPU Physical cores: 32, Host memory: 33483 MB
#-----------------------------------------------------------
source {\\wsl.localhost\Ubuntu-22.04\root\chipyard\fpga\scripts\capture_hw_ila_spi_sd.tcl}
