#-----------------------------------------------------------
# Vivado v2021.2 (64-bit)
# SW Build 3367213 on Tue Oct 19 02:48:09 MDT 2021
# IP Build 3369179 on Thu Oct 21 08:25:16 MDT 2021
# Start of session at: Mon Apr 13 10:15:57 2026
# Process ID: 12696
# Current directory: Z:/root/chipyard/fpga
# Command line: vivado.exe -mode batch -source \\wsl.localhost\Ubuntu-22.04\root\chipyard\fpga\scripts\capture_hw_ila_spi_sd.tcl -tclargs /root/chipyard/fpga/generated-src/chipyard.fpga.zcu104.ZCU104FPGATestHarness.RocketZCU104LinuxBringupConfig/obj/spi_sd_ila/spi_sd_ila.ltx /root/chipyard/fpga/logs/spi_sd_ila_captures/phase1_spi_sd_capture_20260413_1015 10
# Log file: Z:/root/chipyard/fpga/vivado.log
# Journal file: Z:/root/chipyard/fpga\vivado.jou
# Running On: YXY, OS: Windows, CPU Frequency: 2495 MHz, CPU Physical cores: 32, Host memory: 33483 MB
#-----------------------------------------------------------
source {\\wsl.localhost\Ubuntu-22.04\root\chipyard\fpga\scripts\capture_hw_ila_spi_sd.tcl}
# if {$argc < 2} {
#   puts "Usage: vivado -mode batch -source scripts/capture_hw_ila_spi_sd.tcl -tclargs <ltx_file> <out_base> ?timeout_mins?"
#   exit 2
# }
# proc find_probe_by_name {ila probe_name} {
#   foreach probe [get_hw_probes -of_objects $ila] {
#     if {[get_property NAME $probe] eq $probe_name} {
#       return $probe
#     }
#   }
#   return ""
# }
# set ltx_file [lindex $argv 0]
# set out_base [lindex $argv 1]
# set timeout_mins [lindex $argv 2]
# if {$timeout_mins eq ""} {
#   set timeout_mins 15
# }
# set cs_probe_name chiptop0/system/spiClockDomainWrapper/spi_0/mac/sdio_spi_dat_3_OBUF
# set_param labtools.enable_cs_server false
# open_hw_manager
# connect_hw_server -allow_non_jtag
INFO: [Labtools 27-2285] Connecting to hw_server url TCP:localhost:3121
connect_hw_server: Time (s): cpu = 00:00:00 ; elapsed = 00:00:13 . Memory (MB): peak = 1603.395 ; gain = 0.000
# catch {close_hw_target}
INFO: [Labtoolstcl 44-464] Closing hw_target localhost:3121/xilinx_tcf/Xilinx/07198A
INFO: [Labtoolstcl 44-468] Target hw_target localhost:3121/xilinx_tcf/Xilinx/07198A is already closed
# set target [lindex [get_hw_targets] 0]
# open_hw_target $target
INFO: [Labtoolstcl 44-466] Opening hw_target localhost:3121/xilinx_tcf/Xilinx/07198A
open_hw_target: Time (s): cpu = 00:00:01 ; elapsed = 00:00:11 . Memory (MB): peak = 1603.395 ; gain = 0.000
# set dev [lindex [get_hw_devices] 0]
# if {$dev eq ""} {
#   puts "ERROR: no hardware device found"
#   exit 3
# }
# current_hw_device $dev
# set_property BSCAN_SWITCH_USER_MASK 0001 $dev
# set_property PROBES.FILE $ltx_file $dev
# set_property FULL_PROBES.FILE $ltx_file $dev
# refresh_hw_device $dev
INFO: [Labtools 27-1435] Device xczu7 (JTAG device index = 0) is not programmed (DONE status = 0).
refresh_hw_device: Time (s): cpu = 00:00:02 ; elapsed = 00:00:06 . Memory (MB): peak = 2523.512 ; gain = 920.117
WARNING: [Labtoolstcl 44-130] No matching hw_ilas were found.
# set ila [lindex [get_hw_ilas] 0]
# if {$ila eq ""} {
#   puts "ERROR: no ILA found after refresh"
#   exit 4
# }
ERROR: no ILA found after refresh
INFO: [Common 17-206] Exiting Vivado at Mon Apr 13 10:16:32 2026...
