#-----------------------------------------------------------
# Vivado v2021.2 (64-bit)
# SW Build 3367213 on Tue Oct 19 02:48:09 MDT 2021
# IP Build 3369179 on Thu Oct 21 08:25:16 MDT 2021
# Start of session at: Tue Mar 17 18:05:25 2026
# Process ID: 36888
# Current directory: Z:/root/chipyard/fpga
# Command line: vivado.exe -mode batch -nojournal -source /root/chipyard/fpga/scripts/zcu104_pll_clock_reset_audit2.tcl -tclargs /root/chipyard/fpga/generated-src/chipyard.fpga.zcu104.ZCU104FPGATestHarness.RocketZCU104Config/obj/post_route.dcp
# Log file: Z:/root/chipyard/fpga/vivado.log
# Journal file: 
# Running On: YXY, OS: Windows, CPU Frequency: 2495 MHz, CPU Physical cores: 32, Host memory: 33483 MB
#-----------------------------------------------------------
source /root/chipyard/fpga/scripts/zcu104_pll_clock_reset_audit2.tcl
# set dcp [lindex $argv 0]
# open_checkpoint $dcp
Command: open_checkpoint /root/chipyard/fpga/generated-src/chipyard.fpga.zcu104.ZCU104FPGATestHarness.RocketZCU104Config/obj/post_route.dcp

Starting open_checkpoint Task

Time (s): cpu = 00:00:00 ; elapsed = 00:00:00.023 . Memory (MB): peak = 1604.008 ; gain = 0.000
INFO: [Device 21-403] Loading part xczu7ev-ffvc1156-2-e
Netlist sorting complete. Time (s): cpu = 00:00:01 ; elapsed = 00:00:00.521 . Memory (MB): peak = 1908.629 ; gain = 1.215
INFO: [Netlist 29-17] Analyzing 3563 Unisim elements for replacement
INFO: [Netlist 29-28] Unisim Transformation completed in 0 CPU seconds
INFO: [Project 1-479] Netlist was created with Vivado 2021.2
INFO: [Project 1-570] Preparing netlist for logic optimization
INFO: [Timing 38-478] Restoring timing data from binary archive.
INFO: [Timing 38-479] Binary timing data restore complete.
INFO: [Project 1-856] Restoring constraints from binary archive.
INFO: [Project 1-853] Binary constraint restore complete.
Reading XDEF placement.
Reading placer database...
Reading XDEF routing.
Read XDEF File: Time (s): cpu = 00:00:04 ; elapsed = 00:00:06 . Memory (MB): peak = 2689.977 ; gain = 94.207
Restored from archive | CPU: 5.000000 secs | Memory: 0.000000 MB |
Finished XDEF File Restore: Time (s): cpu = 00:00:04 ; elapsed = 00:00:06 . Memory (MB): peak = 2689.977 ; gain = 94.207
Netlist sorting complete. Time (s): cpu = 00:00:00 ; elapsed = 00:00:00.012 . Memory (MB): peak = 3159.734 ; gain = 0.000
INFO: [Project 1-111] Unisim Transformation Summary:
  A total of 529 instances were transformed.
  DSP48E2 => DSP48E2 (DSP_ALU, DSP_A_B_DATA, DSP_C_DATA, DSP_MULTIPLIER, DSP_M_DATA, DSP_OUTPUT, DSP_PREADD, DSP_PREADD_DATA): 25 instances
  IBUF => IBUF (IBUFCTRL, INBUF): 5 instances
  IBUFDS => IBUFDS (DIFFINBUF, IBUFCTRL): 1 instance 
  RAM16X1D => RAM32X1D (RAMD32(x2)): 22 instances
  RAM256X1D => RAM256X1D (MUXF7(x4), MUXF8(x2), RAMD64E(x8)): 2 instances
  RAM32M => RAM32M (RAMD32(x6), RAMS32(x2)): 28 instances
  RAM32M16 => RAM32M16 (RAMD32(x14), RAMS32(x2)): 362 instances
  RAM32X1D => RAM32X1D (RAMD32(x2)): 8 instances
  RAM64M => RAM64M (RAMD64E(x4)): 2 instances
  RAM64M8 => RAM64M8 (RAMD64E(x8)): 66 instances
  RAM64X1D => RAM64X1D (RAMD64E(x2)): 8 instances

INFO: [Project 1-604] Checkpoint was created with Vivado v2021.2 (64-bit) build 3367213
open_checkpoint: Time (s): cpu = 00:00:26 ; elapsed = 00:00:36 . Memory (MB): peak = 3159.734 ; gain = 1555.727
# puts "=== PORTS ==="
=== PORTS ===
# puts "sys_clock_p=[get_ports sys_clock_p]"
sys_clock_p=sys_clock_p
# puts "sys_clock_n=[get_ports sys_clock_n]"
sys_clock_n=sys_clock_n
# puts "=== CLKIN1 FANIN ==="
=== CLKIN1 FANIN ===
# set clkin_pin [get_pins harnessSysPLL/inst/mmcme4_adv_inst/CLKIN1]
# set clkin_net [get_nets -of_objects $clkin_pin]
# puts "CLKIN1_PIN=$clkin_pin"
CLKIN1_PIN=harnessSysPLL/inst/mmcme4_adv_inst/CLKIN1
# puts "CLKIN1_NET=$clkin_net"
CLKIN1_NET=harnessSysPLL/inst/clk_in1
# foreach n [all_fanin -to $clkin_pin -flat] { puts $n }
harnessSysPLL/inst/mmcme4_adv_inst/CLKIN1
_sys_clock_ibufds_O_BUFG_inst/O
_sys_clock_ibufds_O_BUFG_inst/I
sys_clock_ibufds/IBUFCTRL_INST/O
sys_clock_ibufds/IBUFCTRL_INST/I
sys_clock_ibufds/DIFFINBUF_INST/O
sys_clock_ibufds/DIFFINBUF_INST/DIFF_IN_P
sys_clock_p
sys_clock_ibufds/DIFFINBUF_INST/DIFF_IN_N
sys_clock_n
# puts "=== PLL RESET FANIN ==="
=== PLL RESET FANIN ===
# set rst_pin [get_pins harnessSysPLL/inst/mmcme4_adv_inst/RST]
# set rst_net [get_nets -of_objects $rst_pin]
# puts "RST_PIN=$rst_pin"
RST_PIN=harnessSysPLL/inst/mmcme4_adv_inst/RST
# puts "RST_NET=$rst_net"
RST_NET=harnessSysPLL/inst/reset
# set rst_fanin [all_fanin -to $rst_pin -flat]
# foreach n $rst_fanin { puts $n }
harnessSysPLL/inst/mmcme4_adv_inst/RST
fpga_power_on/power_on_reset_reg/Q
fpga_power_on/power_on_reset_reg/C
# puts "=== RST DRIVER CANDIDATE ==="
=== RST DRIVER CANDIDATE ===
# set rst_drv ""
# foreach n $rst_fanin {
#   if {[string match */Q $n]} {
#     set rst_drv $n
#     break
#   }
# }
# puts "RST_DRV_PIN=$rst_drv"
RST_DRV_PIN=fpga_power_on/power_on_reset_reg/Q
# if {$rst_drv ne ""} {
#   puts "RST_DRV_CELL=[get_cells -of_objects [get_pins $rst_drv]]"
# }
RST_DRV_CELL=fpga_power_on/power_on_reset_reg
# puts "=== REPORT_CLOCKS ==="
=== REPORT_CLOCKS ===
# report_clocks
Copyright 1986-2021 Xilinx, Inc. All Rights Reserved.
-----------------------------------------------------------------------------------------
| Tool Version      : Vivado v.2021.2 (win64) Build 3367213 Tue Oct 19 02:48:09 MDT 2021
| Date              : Tue Mar 17 18:06:04 2026
| Host              : YXY running 64-bit major release  (build 9200)
| Command           : report_clocks
| Design            : ZCU104FPGATestHarness
| Device            : xczu7ev-ffvc1156
| Speed File        : -2  PRODUCTION 1.29 08-03-2020
| Temperature Grade : E
-----------------------------------------------------------------------------------------

Clock Report


Attributes
  P: Propagated
  G: Generated
  A: Auto-derived
  R: Renamed
  V: Virtual
  I: Inverted
  S: Pin phase-shifted with Latency mode

Clock                   Period(ns)  Waveform(ns)    Attributes  Sources
clk_pl_0                10.312      {0.000 5.156}   P           {ps/island/blackbox/inst/PS8_i/PLCLK[0]}
sys_clock               8.000       {0.000 4.000}   P           {sys_clock_p}
clk_out1_harnessSysPLL  20.000      {0.000 10.000}  P,G,A       {harnessSysPLL/inst/mmcme4_adv_inst/CLKOUT0}


====================================================
Generated Clocks
====================================================

Generated Clock     : clk_out1_harnessSysPLL
Master Source       : harnessSysPLL/inst/mmcme4_adv_inst/CLKIN1
Master Clock        : sys_clock
Edges               : {1 2 3}
Edge Shifts(ns)     : {0.000 6.000 12.000}
Generated Sources   : {harnessSysPLL/inst/mmcme4_adv_inst/CLKOUT0}



====================================================
User Uncertainty
====================================================



====================================================
User Jitter
====================================================

Clock      Jitter(ns)
sys_clock  0.500

# puts "=== REPORT_CLOCK_NETWORKS ==="
=== REPORT_CLOCK_NETWORKS ===
# if {[catch {report_clock_networks} msg]} {
#   puts "report_clock_networks_failed=$msg"
# }
Copyright 1986-2021 Xilinx, Inc. All Rights Reserved.
-----------------------------------------------------------------------------------------
| Tool Version      : Vivado v.2021.2 (win64) Build 3367213 Tue Oct 19 02:48:09 MDT 2021
| Date              : Tue Mar 17 18:06:10 2026
| Host              : YXY running 64-bit major release  (build 9200)
| Command           : report_clock_networks
| Design            : ZCU104FPGATestHarness
| Device            : xczu7ev-ffvc1156
| Speed File        : -2  PRODUCTION 1.29 08-03-2020
| Temperature Grade : E
-----------------------------------------------------------------------------------------

Clock Networks Report


Constrained Clocks
-------------------

Clock clk_pl_0 (96.9744MHz)(endpoints: 0 clock, 1 nonclock)
PS8/PLCLK[0] (ps/island/blackbox/inst/PS8_i)

Clock sys_clock (125MHz)(endpoints: 30818 clock, 0 nonclock)
Port sys_clock_p


Unconstrained Clocks
-------------------

Clock jtag_jtag_TCK (endpoints: 288 clock, 0 nonclock)
Port jtag_jtag_TCK

report_clock_networks: Time (s): cpu = 00:00:11 ; elapsed = 00:00:06 . Memory (MB): peak = 3300.371 ; gain = 140.637
# close_design
# puts "=== DONE ==="
=== DONE ===
INFO: [Common 17-206] Exiting Vivado at Tue Mar 17 18:06:11 2026...
