/home/user007/project/chipyard/common.mk:142: warning: overriding recipe for target '&'
/home/user007/project/chipyard/common.mk:137: warning: ignoring old recipe for target '&'
/home/user007/project/chipyard/common.mk:150: warning: overriding recipe for target '&'
/home/user007/project/chipyard/common.mk:142: warning: ignoring old recipe for target '&'
/home/user007/project/chipyard/common.mk:178: warning: overriding recipe for target '&'
/home/user007/project/chipyard/common.mk:150: warning: ignoring old recipe for target '&'
/home/user007/project/chipyard/common.mk:218: warning: overriding recipe for target '&'
/home/user007/project/chipyard/common.mk:178: warning: ignoring old recipe for target '&'
/home/user007/project/chipyard/common.mk:263: warning: overriding recipe for target '&'
/home/user007/project/chipyard/common.mk:218: warning: ignoring old recipe for target '&'
/home/user007/project/chipyard/common.mk:282: warning: overriding recipe for target '&'
/home/user007/project/chipyard/common.mk:263: warning: ignoring old recipe for target '&'
/home/user007/project/chipyard/common.mk:295: warning: overriding recipe for target '&'
/home/user007/project/chipyard/common.mk:282: warning: ignoring old recipe for target '&'
/home/user007/project/chipyard/common.mk:300: warning: overriding recipe for target '&'
/home/user007/project/chipyard/common.mk:295: warning: ignoring old recipe for target '&'
mkdir -p /home/user007/project/chipyard/.classpath_cache/
cd /home/user007/project/chipyard && java -jar /home/user007/project/chipyard/scripts/sbt-launch.jar -Dsbt.ivy.home=/home/user007/project/chipyard/.ivy2 -Dsbt.global.base=/home/user007/project/chipyard/.sbt -Dsbt.boot.directory=/home/user007/project/chipyard/.sbt/boot/ -Dsbt.color=always -Dsbt.supershell=false -Dsbt.server.forcestart=true ";project chipyard_fpga; set assembly / assemblyOutputPath := file(\"/home/user007/project/chipyard/.classpath_cache/chipyard_fpga.jar\"); assembly" && touch /home/user007/project/chipyard/.classpath_cache/chipyard_fpga.jar
Picked up JAVA_TOOL_OPTIONS: -Xmx8G -Xss8M -Djava.io.tmpdir=/home/user007/project/chipyard/.java_tmp
[0m[[0m[0minfo[0m] [0m[0mwelcome to sbt 1.8.2 (Red Hat, Inc. Java 1.8.0_412)[0m
[0m[[0m[0minfo[0m] [0m[0mloading settings for project chipyard-build from plugins.sbt ...[0m
[0m[[0m[0minfo[0m] [0m[0mloading project definition from /home/user007/project/chipyard/project[0m
[0m[[0m[33mwarn[0m] [0m[0mMultiple resolvers having different access mechanism configured with same name 'sbt-plugin-releases'. To avoid conflict, Remove duplicate project resolvers (`resolvers`) or rename publishing resolver (`publishTo`).[0m
[0m[[0m[33mwarn[0m] [0m[0mMultiple resolvers having different access mechanism configured with same name 'sbt-plugin-releases'. To avoid conflict, Remove duplicate project resolvers (`resolvers`) or rename publishing resolver (`publishTo`).[0m
[0m[[0m[33mwarn[0m] [0m[0mMultiple resolvers having different access mechanism configured with same name 'sbt-plugin-releases'. To avoid conflict, Remove duplicate project resolvers (`resolvers`) or rename publishing resolver (`publishTo`).[0m
[0m[[0m[0minfo[0m] [0m[0mloading settings for project chipyardRoot from build.sbt ...[0m
[0m[[0m[0minfo[0m] [0m[0mloading settings for project barf from build.sbt ...[0m
[0m[[0m[0minfo[0m] [0m[0mloading settings for project constellation from build.sbt ...[0m
[0m[[0m[0minfo[0m] [0m[0mloading settings for project icenet from build.sbt ...[0m
[0m[[0m[0minfo[0m] [0m[0mloading settings for project cva6 from build.sbt ...[0m
[0m[[0m[0minfo[0m] [0m[0mloading settings for project ibex from build.sbt ...[0m
[0m[[0m[0minfo[0m] [0m[0mloading settings for project sodor from build.sbt ...[0m
[0m[[0m[0minfo[0m] [0m[0mloading settings for project radiance from build.sbt ...[0m
[0m[[0m[0minfo[0m] [0m[0mloading settings for project midas_target_utils from build.sbt ...[0m
[0m[[0m[0minfo[0m] [0m[0mresolving key references (48737 settings) ...[0m
[0m[[0m[0minfo[0m] [0m[0mset current project to chipyardRoot (in build file:/home/user007/project/chipyard/)[0m
[0m[[0m[0minfo[0m] [0m[0mset current project to chipyard_fpga (in build file:/home/user007/project/chipyard/)[0m
[0m[[0m[0minfo[0m] [0m[0mDefining assembly / assemblyOutputPath[0m
[0m[[0m[0minfo[0m] [0m[0mThe new value will be used by assembly[0m
[0m[[0m[0minfo[0m] [0m[0mReapplying settings...[0m
[0m[[0m[0minfo[0m] [0m[0mset current project to chipyard_fpga (in build file:/home/user007/project/chipyard/)[0m
Warning: Tried to extract the base path for relative glob tools/firrtl2/src/main/java/**/*.{java,scala}. To disable this warning, re-run the program with java option, -Dsbt.io.implicit.relative.glob.conversion=allow
Warning: Tried to extract the base path for relative glob tools/firrtl2/src/main/java/**/*.{java,scala}. To disable this warning, re-run the program with java option, -Dsbt.io.implicit.relative.glob.conversion=allow
Warning: Tried to extract the base path for relative glob tools/stage/src/main/scala/**/*.{java,scala}. To disable this warning, re-run the program with java option, -Dsbt.io.implicit.relative.glob.conversion=allow
Warning: Tried to extract the base path for relative glob tools/stage/src/main/scala/**/*.{java,scala}. To disable this warning, re-run the program with java option, -Dsbt.io.implicit.relative.glob.conversion=allow
[0m[[0m[33mwarn[0m] [0m[0mmultiple main classes detected: run 'show discoveredMainClasses' to see the list[0m
[0m[[0m[0minfo[0m] [0m[0mcompiling 1 Scala source to /home/user007/project/chipyard/fpga/target/scala-2.13/classes ...[0m
[0m[[0m[33mwarn[0m] [0m[0m/home/user007/project/chipyard/fpga/src/main/scala/zcu102/TestHarness.scala:42:21: value LazyModule in package diplomacy is deprecated (since rocketchip 2.0.0): Diplomacy has been split to a standalone library[0m
[0m[[0m[33mwarn[0m] [0m[0m  val dutWrangler = LazyModule(new ResetWrangler)[0m
[0m[[0m[33mwarn[0m] [0m[0m                    ^[0m
[0m[[0m[33mwarn[0m] [0m[0m/home/user007/project/chipyard/fpga/src/main/scala/zcu102/TestHarness.scala:47:20: value BundleBridgeSource in package diplomacy is deprecated (since rocketchip 2.0.0): Diplomacy has been split to a standalone library[0m
[0m[[0m[33mwarn[0m] [0m[0m  val io_uart_bb = BundleBridgeSource(() => (new UARTPortIO(dp(PeripheryUARTKey).head)))[0m
[0m[[0m[33mwarn[0m] [0m[0m                   ^[0m
[0m[[0m[33mwarn[0m] [0m[0m/home/user007/project/chipyard/fpga/src/main/scala/zcu102/TestHarness.scala:51:19: value BundleBridgeSource in package diplomacy is deprecated (since rocketchip 2.0.0): Diplomacy has been split to a standalone library[0m
[0m[[0m[33mwarn[0m] [0m[0m  val io_spi_bb = BundleBridgeSource(() => (new SPIPortIO(dp(PeripherySPIKey).head)))[0m
[0m[[0m[33mwarn[0m] [0m[0m                  ^[0m
[0m[[0m[33mwarn[0m] [0m[0m/home/user007/project/chipyard/fpga/src/main/scala/zcu102/TestHarness.scala:60:71: type LazyRawModuleImp in package diplomacy is deprecated (since rocketchip 2.0.0): Diplomacy has been split to a standalone library[0m
[0m[[0m[33mwarn[0m] [0m[0mclass ZCU102FPGATestHarnessImp(_outer: ZCU102FPGATestHarness) extends LazyRawModuleImp(_outer) with HasHarnessInstantiators {[0m
[0m[[0m[33mwarn[0m] [0m[0m                                                                      ^[0m
[0m[[0m[33mwarn[0m] [0m[0m2 feature warnings; re-run with -feature for details[0m
[0m[[0m[33mwarn[0m] [0m[0m5 warnings found[0m
[0m[[0m[0minfo[0m] [0m[0mdone compiling[0m
[0m[[0m[0minfo[0m] [0m[0m26 file(s) merged using strategy 'Rename' (Run the task at debug level to see the details)[0m
[0m[[0m[0minfo[0m] [0m[0m68 file(s) merged using strategy 'Rename (Custom)' (Run the task at debug level to see the details)[0m
[0m[[0m[0minfo[0m] [0m[0m391 file(s) merged using strategy 'Discard' (Run the task at debug level to see the details)[0m
[0m[[0m[0minfo[0m] [0m[0mBuilt: /home/user007/project/chipyard/.classpath_cache/chipyard_fpga.jar[0m
[0m[[0m[0minfo[0m] [0m[0mJar hash: 2ca842b382d1e966166edcce24d1c6f95b398f44[0m
[0m[[0m[32msuccess[0m] [0m[0mTotal time: 30 s, completed Mar 15, 2026 9:23:47 PM[0m
[0Jmkdir -p /home/user007/project/chipyard/fpga/generated-src/chipyard.fpga.zcu102.ZCU102FPGATestHarness.RocketZCU102NoDDRConfig
(set -o pipefail && 	cd /home/user007/project/chipyard && java -cp /home/user007/project/chipyard/.classpath_cache/chipyard_fpga.jar chipyard.Generator  --target-dir /home/user007/project/chipyard/fpga/generated-src/chipyard.fpga.zcu102.ZCU102FPGATestHarness.RocketZCU102NoDDRConfig --name chipyard.fpga.zcu102.ZCU102FPGATestHarness.RocketZCU102NoDDRConfig --top-module chipyard.fpga.zcu102.ZCU102FPGATestHarness --legacy-configs chipyard.fpga.zcu102:RocketZCU102NoDDRConfig   | tee /home/user007/project/chipyard/fpga/generated-src/chipyard.fpga.zcu102.ZCU102FPGATestHarness.RocketZCU102NoDDRConfig/chipyard.fpga.zcu102.ZCU102FPGATestHarness.RocketZCU102NoDDRConfig.chisel.log)
Picked up JAVA_TOOL_OPTIONS: -Xmx8G -Xss8M -Djava.io.tmpdir=/home/user007/project/chipyard/.java_tmp
ZCU102 FPGA Base Clock Freq: 50 MHz
make[1]: Entering directory '/home/user007/project/chipyard/fpga/src/main/resources/zcu102/sdboot'
make[1]: Nothing to be done for 'bin'.
make[1]: Leaving directory '/home/user007/project/chipyard/fpga/src/main/resources/zcu102/sdboot'
Interrupt map (1 harts 2 interrupts):
  [1, 1] => uart_0
  [2, 2] => spi_0

<stdin>:49.18-54.5: Warning (simple_bus_reg): /soc/cbus_clock: missing or empty reg/ranges property
<stdin>:81.18-86.5: Warning (simple_bus_reg): /soc/fbus_clock: missing or empty reg/ranges property
<stdin>:97.18-102.5: Warning (simple_bus_reg): /soc/pbus_clock: missing or empty reg/ranges property
<stdin>:108.18-113.5: Warning (simple_bus_reg): /soc/sbus_clock: missing or empty reg/ranges property
Clock sbus_0: using diplomatically specified frequency of 50.0.
Clock pbus_0: using diplomatically specified frequency of 50.0.
Clock fbus_0: using diplomatically specified frequency of 50.0.
Clock cbus_0: using diplomatically specified frequency of 50.0.
Leaving clock group uncore with synchronous reset
/dts-v1/;

/ {
	#address-cells = <1>;
	#size-cells = <1>;
	compatible = "ucb-bar,chipyard-dev";
	model = "ucb-bar,chipyard";
	L3: aliases {
		serial0 = &L24;
	};
	L17: chosen {
		stdout-path = &L24;
	};
	L2: cpus {
		#address-cells = <1>;
		#size-cells = <0>;
		timebase-frequency = <50000>;
		L12: cpu@0 {
			clock-frequency = <0>;
			compatible = "sifive,rocket0", "riscv";
			device_type = "cpu";
			hardware-exec-breakpoint-count = <1>;
			i-cache-block-size = <64>;
			i-cache-sets = <64>;
			i-cache-size = <4096>;
			reg = <0x0>;
			riscv,isa = "rv32imaczicsr_zifencei_zihpm_xrocket";
			riscv,pmpgranularity = <4>;
			riscv,pmpregions = <8>;
			sifive,dtim = <&L11>;
			status = "okay";
			timebase-frequency = <50000>;
			L9: interrupt-controller {
				#interrupt-cells = <1>;
				compatible = "riscv,cpu-intc";
				interrupt-controller;
			};
		};
	};
	L1: soc {
		#address-cells = <1>;
		#size-cells = <1>;
		compatible = "ucb-bar,chipyard-soc", "simple-bus";
		ranges;
		L23: boot-address-reg@1000 {
			reg = <0x1000 0x1000>;
			reg-names = "control";
		};
		L7: cbus_clock {
			#clock-cells = <0>;
			clock-frequency = <50000000>;
			clock-output-names = "cbus_clock";
			compatible = "fixed-clock";
		};
		L13: clint@2000000 {
			compatible = "riscv,clint0";
			interrupts-extended = <&L9 3 &L9 7>;
			reg = <0x2000000 0x10000>;
			reg-names = "control";
		};
		L26: clock-gater@100000 {
			reg = <0x100000 0x1000>;
			reg-names = "control";
		};
		L15: debug-controller@0 {
			compatible = "sifive,debug-013", "riscv,debug-013";
			debug-attach = "jtag";
			interrupts-extended = <&L9 65535>;
			reg = <0x0 0x1000>;
			reg-names = "control";
		};
		L11: dtim@80000000 {
			compatible = "sifive,dtim0";
			reg = <0x80000000 0x4000>;
			reg-names = "mem";
		};
		L8: error-device@3000 {
			compatible = "sifive,error0";
			reg = <0x3000 0x1000>;
		};
		L6: fbus_clock {
			#clock-cells = <0>;
			clock-frequency = <50000000>;
			clock-output-names = "fbus_clock";
			compatible = "fixed-clock";
		};
		L14: interrupt-controller@c000000 {
			#interrupt-cells = <1>;
			compatible = "riscv,plic0";
			interrupt-controller;
			interrupts-extended = <&L9 11>;
			reg = <0xc000000 0x4000000>;
			reg-names = "control";
			riscv,max-priority = <3>;
			riscv,ndev = <2>;
		};
		L5: pbus_clock {
			#clock-cells = <0>;
			clock-frequency = <50000000>;
			clock-output-names = "pbus_clock";
			compatible = "fixed-clock";
		};
		L22: rom@10000 {
			compatible = "sifive,rom0";
			reg = <0x10000 0x10000>;
			reg-names = "mem";
		};
		L4: sbus_clock {
			#clock-cells = <0>;
			clock-frequency = <50000000>;
			clock-output-names = "sbus_clock";
			compatible = "fixed-clock";
		};
		L24: serial@64000000 {
			clocks = <&L5>;
			compatible = "sifive,uart0";
			interrupt-parent = <&L14>;
			interrupts = <1>;
			reg = <0x64000000 0x1000>;
			reg-names = "control";
		};
		L25: spi@64001000 {
			#address-cells = <1>;
			#size-cells = <0>;
			clocks = <&L5>;
			compatible = "sifive,spi0";
			interrupt-parent = <&L14>;
			interrupts = <2>;
			reg = <0x64001000 0x1000>;
			reg-names = "control";
			L28: mmc@0 {
				compatible = "mmc-spi-slot";
				disable-wp;
				reg = <0x0>;
				spi-max-frequency = <1000000>;
				voltage-ranges = <3300 3300>;
			};
		};
		L27: tile-reset-setter@110000 {
			reg = <0x110000 0x1000>;
			reg-names = "control";
		};
	};
};

Generated Address Map
	       0 -     1000 ARWX  debug-controller@0
	    1000 -     2000 ARW   boot-address-reg@1000
	    3000 -     4000 ARWX  error-device@3000
	   10000 -    20000  R X  rom@10000
	  100000 -   101000 ARW   clock-gater@100000
	  110000 -   111000 ARW   tile-reset-setter@110000
	 2000000 -  2010000 ARW   clint@2000000
	 c000000 - 10000000 ARW   interrupt-controller@c000000
	64000000 - 64001000 ARW   serial@64000000
	64001000 - 64002000 ARW   spi@64001000
	80000000 - 80004000 ARWX  dtim@80000000

IOCells generated by IOBinders:
  IOBinder for interface sifive.blocks.devices.uart.HasPeripheryUART generated:
    1 X GenericDigitalInIOCell
    1 X GenericDigitalOutIOCell
  IOBinder for interface testchipip.boot.CanHavePeripheryCustomBootPin generated:
    1 X GenericDigitalInIOCell
  IOBinder for interface freechips.rocketchip.devices.debug.HasPeripheryDebug generated:
    4 X GenericDigitalInIOCell
    1 X GenericDigitalOutIOCell
  IOBinder for interface chipyard.clocking.CanHaveClockTap generated:
    1 X GenericDigitalOutIOCell

  Total generated 9 IOCells:
    6 X GenericDigitalInIOCell
    3 X GenericDigitalOutIOCell
Harness binder clock is 50.0
[warn] generators/rocket-chip/src/main/scala/tilelink/FIFOFixer.scala 80:43: [W004] Dynamic index with width 1 is too wide for Vec of size 1 (expected index width 0).
[warn]       when (a_first && in.a.fire) { flight(in.a.bits.source) := !a_notFIFO }
[warn]                                           ^
[warn] generators/rocket-chip/src/main/scala/tilelink/FIFOFixer.scala 81:43: [W004] Dynamic index with width 1 is too wide for Vec of size 1 (expected index width 0).
[warn]       when (d_first && in.d.fire) { flight(in.d.bits.source) := false.B }
[warn]                                           ^
[warn] generators/rocket-chip/src/main/scala/rocket/ICache.scala 508:25: [W002] Dynamic index with width 7 is too large for extractee of width 64
[warn]     val s1_vb = vb_array(Cat(i.U, s1_idx).pad(log2Ceil(nSets*nWays))) && !s1_slaveValid
[warn]                         ^
[warn] There were 3 warning(s) during hardware elaboration.
echo "$mfc_extra_anno_contents" > /home/user007/project/chipyard/fpga/generated-src/chipyard.fpga.zcu102.ZCU102FPGATestHarness.RocketZCU102NoDDRConfig/chipyard.fpga.zcu102.ZCU102FPGATestHarness.RocketZCU102NoDDRConfig.extrafirtool.anno.json
jq -s '[.[][]]' /home/user007/project/chipyard/fpga/generated-src/chipyard.fpga.zcu102.ZCU102FPGATestHarness.RocketZCU102NoDDRConfig/chipyard.fpga.zcu102.ZCU102FPGATestHarness.RocketZCU102NoDDRConfig.anno.json /home/user007/project/chipyard/fpga/generated-src/chipyard.fpga.zcu102.ZCU102FPGATestHarness.RocketZCU102NoDDRConfig/chipyard.fpga.zcu102.ZCU102FPGATestHarness.RocketZCU102NoDDRConfig.extrafirtool.anno.json > /home/user007/project/chipyard/fpga/generated-src/chipyard.fpga.zcu102.ZCU102FPGATestHarness.RocketZCU102NoDDRConfig/chipyard.fpga.zcu102.ZCU102FPGATestHarness.RocketZCU102NoDDRConfig.appended.anno.json
mkdir -p /home/user007/project/chipyard/fpga/generated-src/chipyard.fpga.zcu102.ZCU102FPGATestHarness.RocketZCU102NoDDRConfig/
echo "emittedLineLength=2048,noAlwaysComb,disallowLocalVariables,verifLabels,disallowPortDeclSharing,locationInfoStyle=wrapInAtSquareBracket" > /home/user007/project/chipyard/fpga/generated-src/chipyard.fpga.zcu102.ZCU102FPGATestHarness.RocketZCU102NoDDRConfig/.mfc_lowering_options
rm -rf /home/user007/project/chipyard/fpga/generated-src/chipyard.fpga.zcu102.ZCU102FPGATestHarness.RocketZCU102NoDDRConfig/gen-collateral
(set -o pipefail && firtool \
		--format=fir \
		--export-module-hierarchy \
		--verify-each=true \
		--warn-on-unprocessed-annotations \
		--disable-annotation-classless \
		--disable-annotation-unknown \
		--mlir-timing \
		--lowering-options=emittedLineLength=2048,noAlwaysComb,disallowLocalVariables,verifLabels,disallowPortDeclSharing,locationInfoStyle=wrapInAtSquareBracket \
		--repl-seq-mem \
		--repl-seq-mem-file=/home/user007/project/chipyard/fpga/generated-src/chipyard.fpga.zcu102.ZCU102FPGATestHarness.RocketZCU102NoDDRConfig/chipyard.fpga.zcu102.ZCU102FPGATestHarness.RocketZCU102NoDDRConfig.mems.conf \
		--annotation-file=/home/user007/project/chipyard/fpga/generated-src/chipyard.fpga.zcu102.ZCU102FPGATestHarness.RocketZCU102NoDDRConfig/chipyard.fpga.zcu102.ZCU102FPGATestHarness.RocketZCU102NoDDRConfig.appended.anno.json \
		--split-verilog \
		 \
		-o /home/user007/project/chipyard/fpga/generated-src/chipyard.fpga.zcu102.ZCU102FPGATestHarness.RocketZCU102NoDDRConfig/gen-collateral \
		/home/user007/project/chipyard/fpga/generated-src/chipyard.fpga.zcu102.ZCU102FPGATestHarness.RocketZCU102NoDDRConfig/chipyard.fpga.zcu102.ZCU102FPGATestHarness.RocketZCU102NoDDRConfig.fir |& tee /home/user007/project/chipyard/fpga/generated-src/chipyard.fpga.zcu102.ZCU102FPGATestHarness.RocketZCU102NoDDRConfig/chipyard.fpga.zcu102.ZCU102FPGATestHarness.RocketZCU102NoDDRConfig.firtool.log)
generators/rocket-chip/src/main/scala/tilelink/Xbar.scala:74:9: warning: module contains 3 printf-encoded verification operation(s), which are deprecated and will be removed in the future
generators/rocket-chip/src/main/scala/tilelink/Arbiter.scala:22:12: note: example printf here, will just be a printf in the future
generators/rocket-chip/src/main/scala/tilelink/Xbar.scala:74:9: note: For more information, see https://github.com/llvm/circt/issues/6970
generators/rocket-chip/src/main/scala/tilelink/Xbar.scala:74:9: warning: module contains 3 printf-encoded verification operation(s), which are deprecated and will be removed in the future
generators/rocket-chip/src/main/scala/tilelink/Arbiter.scala:22:12: note: example printf here, will just be a printf in the future
generators/rocket-chip/src/main/scala/tilelink/Xbar.scala:74:9: note: For more information, see https://github.com/llvm/circt/issues/6970
generators/rocket-chip/src/main/scala/tilelink/AtomicAutomata.scala:36:9: warning: module contains 2 printf-encoded verification operation(s), which are deprecated and will be removed in the future
generators/rocket-chip/src/main/scala/tilelink/Arbiter.scala:77:13: note: example printf here, will just be a printf in the future
generators/rocket-chip/src/main/scala/tilelink/AtomicAutomata.scala:36:9: note: For more information, see https://github.com/llvm/circt/issues/6970
generators/rocket-chip/src/main/scala/tilelink/Fragmenter.scala:92:9: warning: module contains 3 printf-encoded verification operation(s), which are deprecated and will be removed in the future
generators/rocket-chip/src/main/scala/tilelink/Fragmenter.scala:214:16: note: example printf here, will just be a printf in the future
generators/rocket-chip/src/main/scala/tilelink/Fragmenter.scala:92:9: note: For more information, see https://github.com/llvm/circt/issues/6970
generators/rocket-chip/src/main/scala/tilelink/Fragmenter.scala:92:9: warning: module contains 3 printf-encoded verification operation(s), which are deprecated and will be removed in the future
generators/rocket-chip/src/main/scala/tilelink/Fragmenter.scala:214:16: note: example printf here, will just be a printf in the future
generators/rocket-chip/src/main/scala/tilelink/Fragmenter.scala:92:9: note: For more information, see https://github.com/llvm/circt/issues/6970
generators/rocket-chip/src/main/scala/tilelink/Fragmenter.scala:92:9: warning: module contains 3 printf-encoded verification operation(s), which are deprecated and will be removed in the future
generators/rocket-chip/src/main/scala/tilelink/Fragmenter.scala:214:16: note: example printf here, will just be a printf in the future
generators/rocket-chip/src/main/scala/tilelink/Fragmenter.scala:92:9: note: For more information, see https://github.com/llvm/circt/issues/6970
generators/rocket-chip/src/main/scala/tilelink/Xbar.scala:74:9: warning: module contains 3 printf-encoded verification operation(s), which are deprecated and will be removed in the future
generators/rocket-chip/src/main/scala/tilelink/Arbiter.scala:22:12: note: example printf here, will just be a printf in the future
generators/rocket-chip/src/main/scala/tilelink/Xbar.scala:74:9: note: For more information, see https://github.com/llvm/circt/issues/6970
generators/rocket-chip/src/main/scala/tilelink/Xbar.scala:74:9: warning: module contains 3 printf-encoded verification operation(s), which are deprecated and will be removed in the future
generators/rocket-chip/src/main/scala/tilelink/Arbiter.scala:22:12: note: example printf here, will just be a printf in the future
generators/rocket-chip/src/main/scala/tilelink/Xbar.scala:74:9: note: For more information, see https://github.com/llvm/circt/issues/6970
generators/rocket-chip/src/main/scala/tilelink/AtomicAutomata.scala:36:9: warning: module contains 2 printf-encoded verification operation(s), which are deprecated and will be removed in the future
generators/rocket-chip/src/main/scala/tilelink/Arbiter.scala:77:13: note: example printf here, will just be a printf in the future
generators/rocket-chip/src/main/scala/tilelink/AtomicAutomata.scala:36:9: note: For more information, see https://github.com/llvm/circt/issues/6970
generators/rocket-chip/src/main/scala/devices/tilelink/Error.scala:21:9: warning: module contains 1 printf-encoded verification operation(s), which are deprecated and will be removed in the future
generators/rocket-chip/src/main/scala/devices/tilelink/Error.scala:34:12: note: example printf here, will just be a printf in the future
generators/rocket-chip/src/main/scala/devices/tilelink/Error.scala:21:9: note: For more information, see https://github.com/llvm/circt/issues/6970
generators/rocket-chip/src/main/scala/tilelink/Fragmenter.scala:92:9: warning: module contains 3 printf-encoded verification operation(s), which are deprecated and will be removed in the future
generators/rocket-chip/src/main/scala/tilelink/Fragmenter.scala:214:16: note: example printf here, will just be a printf in the future
generators/rocket-chip/src/main/scala/tilelink/Fragmenter.scala:92:9: note: For more information, see https://github.com/llvm/circt/issues/6970
generators/rocket-chip/src/main/scala/tilelink/Fragmenter.scala:92:9: warning: module contains 3 printf-encoded verification operation(s), which are deprecated and will be removed in the future
generators/rocket-chip/src/main/scala/tilelink/Fragmenter.scala:214:16: note: example printf here, will just be a printf in the future
generators/rocket-chip/src/main/scala/tilelink/Fragmenter.scala:92:9: note: For more information, see https://github.com/llvm/circt/issues/6970
generators/rocket-chip/src/main/scala/tilelink/Fragmenter.scala:92:9: warning: module contains 3 printf-encoded verification operation(s), which are deprecated and will be removed in the future
generators/rocket-chip/src/main/scala/tilelink/Fragmenter.scala:214:16: note: example printf here, will just be a printf in the future
generators/rocket-chip/src/main/scala/tilelink/Fragmenter.scala:92:9: note: For more information, see https://github.com/llvm/circt/issues/6970
generators/rocket-chip/src/main/scala/tilelink/Fragmenter.scala:92:9: warning: module contains 3 printf-encoded verification operation(s), which are deprecated and will be removed in the future
generators/rocket-chip/src/main/scala/tilelink/Fragmenter.scala:214:16: note: example printf here, will just be a printf in the future
generators/rocket-chip/src/main/scala/tilelink/Fragmenter.scala:92:9: note: For more information, see https://github.com/llvm/circt/issues/6970
generators/rocket-chip/src/main/scala/tilelink/Xbar.scala:74:9: warning: module contains 3 printf-encoded verification operation(s), which are deprecated and will be removed in the future
generators/rocket-chip/src/main/scala/tilelink/Arbiter.scala:22:12: note: example printf here, will just be a printf in the future
generators/rocket-chip/src/main/scala/tilelink/Xbar.scala:74:9: note: For more information, see https://github.com/llvm/circt/issues/6970
generators/rocket-chip/src/main/scala/rocket/DCache.scala:99:7: warning: module contains 11 printf-encoded verification operation(s), which are deprecated and will be removed in the future
generators/rocket-chip/src/main/scala/rocket/DCache.scala:1184:11: note: example printf here, will just be a printf in the future
generators/rocket-chip/src/main/scala/rocket/DCache.scala:99:7: note: For more information, see https://github.com/llvm/circt/issues/6970
generators/rocket-chip/src/main/scala/rocket/ICache.scala:251:7: warning: module contains 2 printf-encoded verification operation(s), which are deprecated and will be removed in the future
generators/rocket-chip/src/main/scala/rocket/ICache.scala:521:9: note: example printf here, will just be a printf in the future
generators/rocket-chip/src/main/scala/rocket/ICache.scala:251:7: note: For more information, see https://github.com/llvm/circt/issues/6970
generators/rocket-chip/src/main/scala/rocket/Frontend.scala:82:7: warning: module contains 2 printf-encoded verification operation(s), which are deprecated and will be removed in the future
generators/rocket-chip/src/main/scala/rocket/Frontend.scala:96:9: note: example printf here, will just be a printf in the future
generators/rocket-chip/src/main/scala/rocket/Frontend.scala:82:7: note: For more information, see https://github.com/llvm/circt/issues/6970
generators/rocket-chip/src/main/scala/tilelink/Fragmenter.scala:92:9: warning: module contains 3 printf-encoded verification operation(s), which are deprecated and will be removed in the future
generators/rocket-chip/src/main/scala/tilelink/Fragmenter.scala:214:16: note: example printf here, will just be a printf in the future
generators/rocket-chip/src/main/scala/tilelink/Fragmenter.scala:92:9: note: For more information, see https://github.com/llvm/circt/issues/6970
generators/rocket-chip/src/main/scala/rocket/PTW.scala:219:7: warning: module contains 5 printf-encoded verification operation(s), which are deprecated and will be removed in the future
generators/rocket-chip/src/main/scala/rocket/PTW.scala:395:9: note: example printf here, will just be a printf in the future
generators/rocket-chip/src/main/scala/rocket/PTW.scala:219:7: note: For more information, see https://github.com/llvm/circt/issues/6970
generators/rocket-chip/src/main/scala/rocket/IBuf.scala:21:7: warning: module contains 1 printf-encoded verification operation(s), which are deprecated and will be removed in the future
generators/rocket-chip/src/main/scala/rocket/IBuf.scala:79:9: note: example printf here, will just be a printf in the future
generators/rocket-chip/src/main/scala/rocket/IBuf.scala:21:7: note: For more information, see https://github.com/llvm/circt/issues/6970
generators/rocket-chip/src/main/scala/rocket/CSR.scala:377:7: warning: module contains 3 printf-encoded verification operation(s), which are deprecated and will be removed in the future
generators/rocket-chip/src/main/scala/rocket/CSR.scala:1022:9: note: example printf here, will just be a printf in the future
generators/rocket-chip/src/main/scala/rocket/CSR.scala:377:7: note: For more information, see https://github.com/llvm/circt/issues/6970
generators/rocket-chip/src/main/scala/util/PlusArg.scala:58:7: warning: module contains 1 printf-encoded verification operation(s), which are deprecated and will be removed in the future
generators/rocket-chip/src/main/scala/util/PlusArg.scala:64:12: note: example printf here, will just be a printf in the future
generators/rocket-chip/src/main/scala/util/PlusArg.scala:58:7: note: For more information, see https://github.com/llvm/circt/issues/6970
generators/rocket-chip/src/main/scala/rocket/RocketCore.scala:158:7: warning: module contains 1 printf-encoded verification operation(s), which are deprecated and will be removed in the future
generators/rocket-chip/src/main/scala/rocket/RocketCore.scala:884:11: note: example printf here, will just be a printf in the future
generators/rocket-chip/src/main/scala/rocket/RocketCore.scala:158:7: note: For more information, see https://github.com/llvm/circt/issues/6970
generators/rocket-chip/src/main/scala/devices/tilelink/Plic.scala:132:9: warning: module contains 3 printf-encoded verification operation(s), which are deprecated and will be removed in the future
generators/rocket-chip/src/main/scala/devices/tilelink/Plic.scala:249:11: note: example printf here, will just be a printf in the future
generators/rocket-chip/src/main/scala/devices/tilelink/Plic.scala:132:9: note: For more information, see https://github.com/llvm/circt/issues/6970
generators/rocket-chip/src/main/scala/tilelink/Xbar.scala:74:9: warning: module contains 3 printf-encoded verification operation(s), which are deprecated and will be removed in the future
generators/rocket-chip/src/main/scala/tilelink/Arbiter.scala:22:12: note: example printf here, will just be a printf in the future
generators/rocket-chip/src/main/scala/tilelink/Xbar.scala:74:9: note: For more information, see https://github.com/llvm/circt/issues/6970
generators/rocket-chip/src/main/scala/devices/tilelink/Error.scala:21:9: warning: module contains 3 printf-encoded verification operation(s), which are deprecated and will be removed in the future
generators/rocket-chip/src/main/scala/devices/tilelink/Error.scala:34:12: note: example printf here, will just be a printf in the future
generators/rocket-chip/src/main/scala/devices/tilelink/Error.scala:21:9: note: For more information, see https://github.com/llvm/circt/issues/6970
generators/rocket-chip/src/main/scala/devices/debug/SBA.scala:273:9: warning: module contains 1 printf-encoded verification operation(s), which are deprecated and will be removed in the future
generators/rocket-chip/src/main/scala/devices/debug/SBA.scala:373:12: note: example printf here, will just be a printf in the future
generators/rocket-chip/src/main/scala/devices/debug/SBA.scala:273:9: note: For more information, see https://github.com/llvm/circt/issues/6970
generators/rocket-chip/src/main/scala/devices/debug/Debug.scala:790:9: warning: module contains 5 printf-encoded verification operation(s), which are deprecated and will be removed in the future
generators/rocket-chip/src/main/scala/devices/debug/Debug.scala:1505:15: note: example printf here, will just be a printf in the future
generators/rocket-chip/src/main/scala/devices/debug/Debug.scala:790:9: note: For more information, see https://github.com/llvm/circt/issues/6970
generators/rocket-chip/src/main/scala/tilelink/Xbar.scala:74:9: warning: module contains 3 printf-encoded verification operation(s), which are deprecated and will be removed in the future
generators/rocket-chip/src/main/scala/tilelink/Arbiter.scala:22:12: note: example printf here, will just be a printf in the future
generators/rocket-chip/src/main/scala/tilelink/Xbar.scala:74:9: note: For more information, see https://github.com/llvm/circt/issues/6970
generators/rocket-chip/src/main/scala/tilelink/Fragmenter.scala:92:9: warning: module contains 3 printf-encoded verification operation(s), which are deprecated and will be removed in the future
generators/rocket-chip/src/main/scala/tilelink/Fragmenter.scala:214:16: note: example printf here, will just be a printf in the future
generators/rocket-chip/src/main/scala/tilelink/Fragmenter.scala:92:9: note: For more information, see https://github.com/llvm/circt/issues/6970
generators/rocket-chip/src/main/scala/tilelink/Fragmenter.scala:92:9: warning: module contains 3 printf-encoded verification operation(s), which are deprecated and will be removed in the future
generators/rocket-chip/src/main/scala/tilelink/Fragmenter.scala:214:16: note: example printf here, will just be a printf in the future
generators/rocket-chip/src/main/scala/tilelink/Fragmenter.scala:92:9: note: For more information, see https://github.com/llvm/circt/issues/6970
generators/rocket-chip/src/main/scala/jtag/JtagShifter.scala:137:7: warning: module contains 1 printf-encoded verification operation(s), which are deprecated and will be removed in the future
generators/rocket-chip/src/main/scala/jtag/JtagShifter.scala:185:9: note: example printf here, will just be a printf in the future
generators/rocket-chip/src/main/scala/jtag/JtagShifter.scala:137:7: note: For more information, see https://github.com/llvm/circt/issues/6970
generators/rocket-chip/src/main/scala/jtag/JtagShifter.scala:137:7: warning: module contains 1 printf-encoded verification operation(s), which are deprecated and will be removed in the future
generators/rocket-chip/src/main/scala/jtag/JtagShifter.scala:185:9: note: example printf here, will just be a printf in the future
generators/rocket-chip/src/main/scala/jtag/JtagShifter.scala:137:7: note: For more information, see https://github.com/llvm/circt/issues/6970
generators/rocket-chip/src/main/scala/jtag/JtagShifter.scala:89:7: warning: module contains 1 printf-encoded verification operation(s), which are deprecated and will be removed in the future
generators/rocket-chip/src/main/scala/jtag/JtagShifter.scala:118:9: note: example printf here, will just be a printf in the future
generators/rocket-chip/src/main/scala/jtag/JtagShifter.scala:89:7: note: For more information, see https://github.com/llvm/circt/issues/6970
generators/rocket-chip/src/main/scala/jtag/JtagShifter.scala:137:7: warning: module contains 1 printf-encoded verification operation(s), which are deprecated and will be removed in the future
generators/rocket-chip/src/main/scala/jtag/JtagShifter.scala:185:9: note: example printf here, will just be a printf in the future
generators/rocket-chip/src/main/scala/jtag/JtagShifter.scala:137:7: note: For more information, see https://github.com/llvm/circt/issues/6970
generators/rocket-chip/src/main/scala/jtag/JtagShifter.scala:56:7: warning: module contains 1 printf-encoded verification operation(s), which are deprecated and will be removed in the future
generators/rocket-chip/src/main/scala/jtag/JtagShifter.scala:72:9: note: example printf here, will just be a printf in the future
generators/rocket-chip/src/main/scala/jtag/JtagShifter.scala:56:7: note: For more information, see https://github.com/llvm/circt/issues/6970
generators/rocket-chip/src/main/scala/devices/debug/DebugTransport.scala:73:7: warning: module contains 3 printf-encoded verification operation(s), which are deprecated and will be removed in the future
generators/rocket-chip/src/main/scala/devices/debug/DebugTransport.scala:203:9: note: example printf here, will just be a printf in the future
generators/rocket-chip/src/main/scala/devices/debug/DebugTransport.scala:73:7: note: For more information, see https://github.com/llvm/circt/issues/6970
===-------------------------------------------------------------------------===
                         ... Execution time report ...
===-------------------------------------------------------------------------===
  Total Execution Time: 6.8833 seconds

  ----User Time----  ----Wall Time----  ----Name----
    0.6359 (  4.1%)    0.6359 (  9.2%)  FIR Parser
    0.0075 (  0.0%)    0.0075 (  0.1%)    Parse annotations
    0.0000 (  0.0%)    0.0000 (  0.0%)    Parse OMIR
    0.4125 (  2.7%)    0.4125 (  6.0%)    Parse modules
    0.2070 (  1.3%)    0.2070 (  3.0%)    Verify circuit
   11.2040 ( 72.9%)    5.3846 ( 78.2%)  'firrtl.circuit' Pipeline
    0.0099 (  0.1%)    0.0099 (  0.1%)    LowerOpenAggs
    0.2169 (  1.4%)    0.2169 (  3.2%)    ResolvePaths
    0.0116 (  0.1%)    0.0116 (  0.2%)      (A) circt::firrtl::InstanceGraph
    0.1864 (  1.2%)    0.1864 (  2.7%)    LowerFIRRTLAnnotations
    0.0127 (  0.1%)    0.0127 (  0.2%)    LowerIntmodules
    0.0127 (  0.1%)    0.0127 (  0.2%)      (A) circt::firrtl::InstanceGraph
    0.2416 (  1.6%)    0.0248 (  0.4%)    'firrtl.module' Pipeline
    0.1221 (  0.8%)    0.0236 (  0.3%)      LowerIntrinsics
    0.2337 (  1.5%)    0.2337 (  3.4%)    LowerSignatures
    0.0000 (  0.0%)    0.0000 (  0.0%)    InjectDUTHierarchy
    1.9994 ( 13.0%)    0.5258 (  7.6%)    'firrtl.module' Pipeline
    0.3564 (  2.3%)    0.1075 (  1.6%)      PassiveWires
    0.8209 (  5.3%)    0.1709 (  2.5%)      DropName
    0.3920 (  2.5%)    0.1438 (  2.1%)      CSE
    0.0238 (  0.2%)    0.0012 (  0.0%)        (A) DominanceInfo
    0.0702 (  0.5%)    0.0146 (  0.2%)      LowerCHIRRTLPass
    0.2057 (  1.3%)    0.0867 (  1.3%)      LowerMatches
    0.3177 (  2.1%)    0.3177 (  4.6%)    InferWidths
    0.0000 (  0.0%)    0.0000 (  0.0%)      (A) SymbolTable
    0.0192 (  0.1%)    0.0192 (  0.3%)      (A) circt::hw::InnerSymbolTableCollection
    0.1809 (  1.2%)    0.1809 (  2.6%)    MemToRegOfVec
    0.2555 (  1.7%)    0.2555 (  3.7%)    InferResets
    0.0120 (  0.1%)    0.0120 (  0.2%)      (A) circt::firrtl::InstanceGraph
    0.1929 (  1.3%)    0.1929 (  2.8%)    DropConst
    0.0009 (  0.0%)    0.0009 (  0.0%)    HoistPassthrough
    0.3018 (  2.0%)    0.3018 (  4.4%)    Dedup
    0.0000 (  0.0%)    0.0000 (  0.0%)      (A) circt::firrtl::NLATable
    0.0000 (  0.0%)    0.0000 (  0.0%)      (A) SymbolTable
    0.3888 (  2.5%)    0.0906 (  1.3%)    'firrtl.module' Pipeline
    0.3191 (  2.1%)    0.0884 (  1.3%)      FlattenMemory
    0.3026 (  2.0%)    0.3026 (  4.4%)    LowerFIRRTLTypes
    0.0000 (  0.0%)    0.0000 (  0.0%)      (A) SymbolTable
    0.5245 (  3.4%)    0.1203 (  1.7%)    'any' Pipeline
    0.4699 (  3.1%)    0.1191 (  1.7%)      ExpandWhens
    1.0769 (  7.0%)    0.2963 (  4.3%)    'firrtl.module' Pipeline
    0.5899 (  3.8%)    0.1144 (  1.7%)      SFCCompat
    0.2076 (  1.4%)    0.0910 (  1.3%)      LayerMerge
    0.2036 (  1.3%)    0.0901 (  1.3%)      LayerSink
    0.0079 (  0.1%)    0.0013 (  0.0%)        (A) DominanceInfo
    0.2812 (  1.8%)    0.2812 (  4.1%)    LowerLayers
    0.3588 (  2.3%)    0.3588 (  5.2%)    Inliner
    0.0000 (  0.0%)    0.0000 (  0.0%)      (A) SymbolTable
    0.3440 (  2.2%)    0.0955 (  1.4%)    'firrtl.module' Pipeline
    0.2900 (  1.9%)    0.0955 (  1.4%)      RandomizeRegisterInit
    0.1682 (  1.1%)    0.1682 (  2.4%)    CheckCombLoops
    0.0136 (  0.1%)    0.0136 (  0.2%)      (A) circt::firrtl::InstanceGraph
    1.2442 (  8.1%)    0.2869 (  4.2%)    'firrtl.module' Pipeline
    1.1128 (  7.2%)    0.2773 (  4.0%)      Canonicalizer
    0.0724 (  0.5%)    0.0095 (  0.1%)      InferReadWrite
    0.0681 (  0.4%)    0.0681 (  1.0%)    LowerMemory
    0.0052 (  0.0%)    0.0052 (  0.1%)      (A) circt::firrtl::InstanceGraph
    0.0000 (  0.0%)    0.0000 (  0.0%)      (A) SymbolTable
    0.0418 (  0.3%)    0.0418 (  0.6%)    PrefixModules
    0.0028 (  0.0%)    0.0028 (  0.0%)      (A) circt::firrtl::InstanceGraph
    0.0000 (  0.0%)    0.0000 (  0.0%)      (A) circt::firrtl::NLATable
    0.2021 (  1.3%)    0.2021 (  2.9%)    IMConstProp
    0.0037 (  0.0%)    0.0037 (  0.1%)    HoistPassthrough
    0.0025 (  0.0%)    0.0025 (  0.0%)      (A) circt::firrtl::InstanceGraph
    0.1484 (  1.0%)    0.1484 (  2.2%)  IMDeadCodeElim
    0.0024 (  0.0%)    0.0024 (  0.0%)    (A) circt::firrtl::InstanceGraph
    0.0000 (  0.0%)    0.0000 (  0.0%)    (A) SymbolTable
    0.0028 (  0.0%)    0.0028 (  0.0%)    (A) circt::hw::InnerSymbolTableCollection
    0.0016 (  0.0%)    0.0016 (  0.0%)  'firrtl.circuit' Pipeline
    0.0016 (  0.0%)    0.0016 (  0.0%)    AddSeqMemPorts
    0.0015 (  0.0%)    0.0015 (  0.0%)      (A) circt::firrtl::InstanceGraph
    0.0200 (  0.1%)    0.0200 (  0.3%)  CreateSiFiveMetadata
    0.0017 (  0.0%)    0.0017 (  0.0%)    (A) circt::firrtl::InstanceGraph
    0.0627 (  0.4%)    0.0627 (  0.9%)  'firrtl.circuit' Pipeline
    0.0028 (  0.0%)    0.0028 (  0.0%)    ExtractInstances
    0.0012 (  0.0%)    0.0012 (  0.0%)      (A) circt::firrtl::InstanceGraph
    0.0000 (  0.0%)    0.0000 (  0.0%)      (A) circt::firrtl::NLATable
    0.0000 (  0.0%)    0.0000 (  0.0%)    GrandCentral
    0.0149 (  0.1%)    0.0149 (  0.2%)    BlackBoxReader
    0.0450 (  0.3%)    0.0450 (  0.7%)    SymbolDCE
    0.0415 (  0.3%)    0.0415 (  0.6%)  InnerSymbolDCE
    0.4109 (  2.7%)    0.1243 (  1.8%)  'firrtl.circuit' Pipeline
    0.2867 (  1.9%)    0.0166 (  0.2%)    'firrtl.module' Pipeline
    0.1715 (  1.1%)    0.0161 (  0.2%)      Canonicalizer
    0.0504 (  0.3%)    0.0017 (  0.0%)      RegisterOptimizer
    0.0968 (  0.6%)    0.0968 (  1.4%)    IMConstProp
    0.0012 (  0.0%)    0.0012 (  0.0%)      (A) circt::firrtl::InstanceGraph
    0.0784 (  0.5%)    0.0784 (  1.1%)  IMDeadCodeElim
    0.0012 (  0.0%)    0.0012 (  0.0%)    (A) circt::firrtl::InstanceGraph
    0.0000 (  0.0%)    0.0000 (  0.0%)    (A) SymbolTable
    0.0015 (  0.0%)    0.0015 (  0.0%)    (A) circt::hw::InnerSymbolTableCollection
    0.4583 (  3.0%)    0.0878 (  1.3%)  'firrtl.circuit' Pipeline
    0.0000 (  0.0%)    0.0000 (  0.0%)    EmitOMIR
    0.2706 (  1.8%)    0.0142 (  0.2%)    'firrtl.module' Pipeline
    0.0452 (  0.3%)    0.0019 (  0.0%)      MergeConnections
    0.1273 (  0.8%)    0.0132 (  0.2%)      Vectorization
    0.0071 (  0.0%)    0.0071 (  0.1%)    ResolveTraces
    0.0000 (  0.0%)    0.0000 (  0.0%)      (A) circt::firrtl::NLATable
    0.0011 (  0.0%)    0.0011 (  0.0%)      (A) circt::hw::InnerSymbolTableCollection
    0.0203 (  0.1%)    0.0203 (  0.3%)    LowerXMR
    0.0012 (  0.0%)    0.0012 (  0.0%)      (A) circt::firrtl::InstanceGraph
    0.0298 (  0.2%)    0.0298 (  0.4%)    LowerClasses
    0.0012 (  0.0%)    0.0012 (  0.0%)      (A) circt::firrtl::InstanceGraph
    0.0000 (  0.0%)    0.0000 (  0.0%)      (A) SymbolTable
    0.0004 (  0.0%)    0.0004 (  0.0%)    VerifyObjectFields
    0.0000 (  0.0%)    0.0000 (  0.0%)      (A) SymbolTable
    0.0998 (  0.6%)    0.0017 (  0.0%)    'firrtl.module' Pipeline
    0.0358 (  0.2%)    0.0013 (  0.0%)      Lint
    0.0676 (  0.4%)    0.0676 (  1.0%)  LowerFIRRTLToHW
    0.0010 (  0.0%)    0.0010 (  0.0%)    (A) circt::firrtl::InstanceGraph
    0.0000 (  0.0%)    0.0000 (  0.0%)    (A) circt::firrtl::NLATable
    1.0004 (  6.5%)    0.0353 (  0.5%)  'hw.module' Pipeline
    0.1919 (  1.2%)    0.0177 (  0.3%)    CSE
    0.0299 (  0.2%)    0.0022 (  0.0%)      (A) DominanceInfo
    0.7374 (  4.8%)    0.0192 (  0.3%)    Canonicalizer
    0.0018 (  0.0%)    0.0018 (  0.0%)  VerifyInnerRefNamespace
    0.0007 (  0.0%)    0.0007 (  0.0%)  VerifyObjectFields
    0.0001 (  0.0%)    0.0001 (  0.0%)    (A) SymbolTable
    0.0004 (  0.0%)    0.0004 (  0.0%)  ExternalizeClockGate
    0.0047 (  0.0%)    0.0047 (  0.1%)  LowerSimToSV
    0.0347 (  0.2%)    0.0347 (  0.5%)  LowerSeqToSV
    0.1215 (  0.8%)    0.0033 (  0.0%)  'hw.module' Pipeline
    0.0640 (  0.4%)    0.0029 (  0.0%)    LowerVerifToSV
    0.0063 (  0.0%)    0.0063 (  0.1%)  HWMemSimImpl
    0.5172 (  3.4%)    0.0152 (  0.2%)  'hw.module' Pipeline
    0.1601 (  1.0%)    0.0067 (  0.1%)    CSE
    0.0443 (  0.3%)    0.0055 (  0.1%)      (A) DominanceInfo
    0.0745 (  0.5%)    0.0048 (  0.1%)    Canonicalizer
    0.0957 (  0.6%)    0.0021 (  0.0%)    CSE
    0.0264 (  0.2%)    0.0011 (  0.0%)      (A) DominanceInfo
    0.0307 (  0.2%)    0.0017 (  0.0%)    HWCleanup
    0.0022 (  0.0%)    0.0022 (  0.0%)  VerifyInnerRefNamespace
    0.0008 (  0.0%)    0.0008 (  0.0%)  VerifyObjectFields
    0.0000 (  0.0%)    0.0000 (  0.0%)    (A) SymbolTable
    0.1860 (  1.2%)    0.0039 (  0.1%)  'hw.module' Pipeline
    0.0430 (  0.3%)    0.0020 (  0.0%)    HWLegalizeModules
    0.0489 (  0.3%)    0.0033 (  0.0%)    PrettifyVerilog
    0.0074 (  0.0%)    0.0074 (  0.1%)  StripDebugInfoWithPred
    0.0040 (  0.0%)    0.0040 (  0.1%)  HWExportModuleHierarchy
    0.0000 (  0.0%)    0.0000 (  0.0%)    (A) SymbolTable
    0.0024 (  0.0%)    0.0024 (  0.0%)  VerifyInnerRefNamespace
    0.0011 (  0.0%)    0.0011 (  0.0%)  VerifyObjectFields
    0.0695 (  0.5%)    0.0695 (  1.0%)  ExportSplitVerilog
    0.2163 (  1.4%)    0.0293 (  0.4%)  'builtin.module' Pipeline
    0.0053 (  0.0%)    0.0053 (  0.1%)    HWLowerInstanceChoices
    0.1870 (  1.2%)    0.0117 (  0.2%)    'hw.module' Pipeline
    0.1303 (  0.8%)    0.0111 (  0.2%)      PrepareForEmission
   -0.0190 ( -0.1%)   -0.0190 ( -0.3%)  Rest
   15.3719 (100.0%)    6.8833 (100.0%)  Total
sed -i 's/.*/& /' /home/user007/project/chipyard/fpga/generated-src/chipyard.fpga.zcu102.ZCU102FPGATestHarness.RocketZCU102NoDDRConfig/chipyard.fpga.zcu102.ZCU102FPGATestHarness.RocketZCU102NoDDRConfig.mems.conf # need trailing space for SFC macrocompiler
# If there are no BB's then the file might not be generated; ensure it exists
touch /home/user007/project/chipyard/fpga/generated-src/chipyard.fpga.zcu102.ZCU102FPGATestHarness.RocketZCU102NoDDRConfig/gen-collateral/firrtl_black_box_resource_files.f
/home/user007/project/chipyard/scripts/uniquify-module-names.py \
	--model-hier-json /home/user007/project/chipyard/fpga/generated-src/chipyard.fpga.zcu102.ZCU102FPGATestHarness.RocketZCU102NoDDRConfig/model_module_hierarchy.json \
	--top-hier-json /home/user007/project/chipyard/fpga/generated-src/chipyard.fpga.zcu102.ZCU102FPGATestHarness.RocketZCU102NoDDRConfig/top_module_hierarchy.json \
	--in-all-filelist /home/user007/project/chipyard/fpga/generated-src/chipyard.fpga.zcu102.ZCU102FPGATestHarness.RocketZCU102NoDDRConfig/gen-collateral/filelist.f \
	--in-bb-filelist /home/user007/project/chipyard/fpga/generated-src/chipyard.fpga.zcu102.ZCU102FPGATestHarness.RocketZCU102NoDDRConfig/gen-collateral/firrtl_black_box_resource_files.f \
	--dut ChipTop \
	--model ZCU102FPGATestHarness \
	--target-dir /home/user007/project/chipyard/fpga/generated-src/chipyard.fpga.zcu102.ZCU102FPGATestHarness.RocketZCU102NoDDRConfig/gen-collateral \
	--out-dut-filelist /home/user007/project/chipyard/fpga/generated-src/chipyard.fpga.zcu102.ZCU102FPGATestHarness.RocketZCU102NoDDRConfig/chipyard.fpga.zcu102.ZCU102FPGATestHarness.RocketZCU102NoDDRConfig.top.f \
	--out-model-filelist /home/user007/project/chipyard/fpga/generated-src/chipyard.fpga.zcu102.ZCU102FPGATestHarness.RocketZCU102NoDDRConfig/chipyard.fpga.zcu102.ZCU102FPGATestHarness.RocketZCU102NoDDRConfig.model.f \
	--out-model-hier-json /home/user007/project/chipyard/fpga/generated-src/chipyard.fpga.zcu102.ZCU102FPGATestHarness.RocketZCU102NoDDRConfig/model_module_hierarchy.uniquified.json \
	--gcpath /home/user007/project/chipyard/fpga/generated-src/chipyard.fpga.zcu102.ZCU102FPGATestHarness.RocketZCU102NoDDRConfig/gen-collateral
sed -e 's;^;/home/user007/project/chipyard/fpga/generated-src/chipyard.fpga.zcu102.ZCU102FPGATestHarness.RocketZCU102NoDDRConfig/gen-collateral/;' /home/user007/project/chipyard/fpga/generated-src/chipyard.fpga.zcu102.ZCU102FPGATestHarness.RocketZCU102NoDDRConfig/gen-collateral/firrtl_black_box_resource_files.f > /home/user007/project/chipyard/fpga/generated-src/chipyard.fpga.zcu102.ZCU102FPGATestHarness.RocketZCU102NoDDRConfig/chipyard.fpga.zcu102.ZCU102FPGATestHarness.RocketZCU102NoDDRConfig.bb.f
sed -i 's/\.\///' /home/user007/project/chipyard/fpga/generated-src/chipyard.fpga.zcu102.ZCU102FPGATestHarness.RocketZCU102NoDDRConfig/chipyard.fpga.zcu102.ZCU102FPGATestHarness.RocketZCU102NoDDRConfig.top.f
sed -i 's/\.\///' /home/user007/project/chipyard/fpga/generated-src/chipyard.fpga.zcu102.ZCU102FPGATestHarness.RocketZCU102NoDDRConfig/chipyard.fpga.zcu102.ZCU102FPGATestHarness.RocketZCU102NoDDRConfig.model.f
sed -i 's/\.\///' /home/user007/project/chipyard/fpga/generated-src/chipyard.fpga.zcu102.ZCU102FPGATestHarness.RocketZCU102NoDDRConfig/chipyard.fpga.zcu102.ZCU102FPGATestHarness.RocketZCU102NoDDRConfig.bb.f
sort -u /home/user007/project/chipyard/fpga/generated-src/chipyard.fpga.zcu102.ZCU102FPGATestHarness.RocketZCU102NoDDRConfig/chipyard.fpga.zcu102.ZCU102FPGATestHarness.RocketZCU102NoDDRConfig.top.f /home/user007/project/chipyard/fpga/generated-src/chipyard.fpga.zcu102.ZCU102FPGATestHarness.RocketZCU102NoDDRConfig/chipyard.fpga.zcu102.ZCU102FPGATestHarness.RocketZCU102NoDDRConfig.model.f /home/user007/project/chipyard/fpga/generated-src/chipyard.fpga.zcu102.ZCU102FPGATestHarness.RocketZCU102NoDDRConfig/chipyard.fpga.zcu102.ZCU102FPGATestHarness.RocketZCU102NoDDRConfig.bb.f > /home/user007/project/chipyard/fpga/generated-src/chipyard.fpga.zcu102.ZCU102FPGATestHarness.RocketZCU102NoDDRConfig/chipyard.fpga.zcu102.ZCU102FPGATestHarness.RocketZCU102NoDDRConfig.all.f
cp -f  /home/user007/project/chipyard/fpga/generated-src/chipyard.fpga.zcu102.ZCU102FPGATestHarness.RocketZCU102NoDDRConfig/gen-collateral
cp: missing destination file operand after '/home/user007/project/chipyard/fpga/generated-src/chipyard.fpga.zcu102.ZCU102FPGATestHarness.RocketZCU102NoDDRConfig/gen-collateral'
Try 'cp --help' for more information.
make: [Makefile:152: /home/user007/project/chipyard/fpga/generated-src/chipyard.fpga.zcu102.ZCU102FPGATestHarness.RocketZCU102NoDDRConfig/sim_files.f] Error 1 (ignored)
touch /home/user007/project/chipyard/fpga/generated-src/chipyard.fpga.zcu102.ZCU102FPGATestHarness.RocketZCU102NoDDRConfig/sim_files.f
/home/user007/project/chipyard/scripts/split-mems-conf.py \
	--in-smems-conf /home/user007/project/chipyard/fpga/generated-src/chipyard.fpga.zcu102.ZCU102FPGATestHarness.RocketZCU102NoDDRConfig/chipyard.fpga.zcu102.ZCU102FPGATestHarness.RocketZCU102NoDDRConfig.mems.conf \
	--in-model-hrchy-json /home/user007/project/chipyard/fpga/generated-src/chipyard.fpga.zcu102.ZCU102FPGATestHarness.RocketZCU102NoDDRConfig/model_module_hierarchy.uniquified.json \
	--dut-module-name ChipTop \
	--model-module-name ZCU102FPGATestHarness \
	--out-dut-smems-conf /home/user007/project/chipyard/fpga/generated-src/chipyard.fpga.zcu102.ZCU102FPGATestHarness.RocketZCU102NoDDRConfig/chipyard.fpga.zcu102.ZCU102FPGATestHarness.RocketZCU102NoDDRConfig.top.mems.conf \
	--out-model-smems-conf /home/user007/project/chipyard/fpga/generated-src/chipyard.fpga.zcu102.ZCU102FPGATestHarness.RocketZCU102NoDDRConfig/chipyard.fpga.zcu102.ZCU102FPGATestHarness.RocketZCU102NoDDRConfig.model.mems.conf
[ -f /home/user007/project/chipyard/fpga/generated-src/chipyard.fpga.zcu102.ZCU102FPGATestHarness.RocketZCU102NoDDRConfig/gen-collateral/custom.mems.conf ] && cat /home/user007/project/chipyard/fpga/generated-src/chipyard.fpga.zcu102.ZCU102FPGATestHarness.RocketZCU102NoDDRConfig/gen-collateral/custom.mems.conf >> /home/user007/project/chipyard/fpga/generated-src/chipyard.fpga.zcu102.ZCU102FPGATestHarness.RocketZCU102NoDDRConfig/chipyard.fpga.zcu102.ZCU102FPGATestHarness.RocketZCU102NoDDRConfig.top.mems.conf
make: [/home/user007/project/chipyard/common.mk:283: /home/user007/project/chipyard/fpga/generated-src/chipyard.fpga.zcu102.ZCU102FPGATestHarness.RocketZCU102NoDDRConfig/chipyard.fpga.zcu102.ZCU102FPGATestHarness.RocketZCU102NoDDRConfig.top.mems.conf] Error 1 (ignored)
cd /home/user007/project/chipyard && java -cp /home/user007/project/chipyard/.classpath_cache/tapeout.jar tapeout.macros.MacroCompiler -n /home/user007/project/chipyard/fpga/generated-src/chipyard.fpga.zcu102.ZCU102FPGATestHarness.RocketZCU102NoDDRConfig/chipyard.fpga.zcu102.ZCU102FPGATestHarness.RocketZCU102NoDDRConfig.top.mems.conf -v /home/user007/project/chipyard/fpga/generated-src/chipyard.fpga.zcu102.ZCU102FPGATestHarness.RocketZCU102NoDDRConfig/gen-collateral/chipyard.fpga.zcu102.ZCU102FPGATestHarness.RocketZCU102NoDDRConfig.top.mems.v -f /home/user007/project/chipyard/fpga/generated-src/chipyard.fpga.zcu102.ZCU102FPGATestHarness.RocketZCU102NoDDRConfig/chipyard.fpga.zcu102.ZCU102FPGATestHarness.RocketZCU102NoDDRConfig.top.mems.fir --mode synflops
Picked up JAVA_TOOL_OPTIONS: -Xmx8G -Xss8M -Djava.io.tmpdir=/home/user007/project/chipyard/.java_tmp
touch /home/user007/project/chipyard/fpga/generated-src/chipyard.fpga.zcu102.ZCU102FPGATestHarness.RocketZCU102NoDDRConfig/gen-collateral/chipyard.fpga.zcu102.ZCU102FPGATestHarness.RocketZCU102NoDDRConfig.top.mems.v /home/user007/project/chipyard/fpga/generated-src/chipyard.fpga.zcu102.ZCU102FPGATestHarness.RocketZCU102NoDDRConfig/chipyard.fpga.zcu102.ZCU102FPGATestHarness.RocketZCU102NoDDRConfig.top.mems.fir
cd /home/user007/project/chipyard && java -cp /home/user007/project/chipyard/.classpath_cache/tapeout.jar tapeout.macros.MacroCompiler  -n /home/user007/project/chipyard/fpga/generated-src/chipyard.fpga.zcu102.ZCU102FPGATestHarness.RocketZCU102NoDDRConfig/chipyard.fpga.zcu102.ZCU102FPGATestHarness.RocketZCU102NoDDRConfig.model.mems.conf -v /home/user007/project/chipyard/fpga/generated-src/chipyard.fpga.zcu102.ZCU102FPGATestHarness.RocketZCU102NoDDRConfig/gen-collateral/chipyard.fpga.zcu102.ZCU102FPGATestHarness.RocketZCU102NoDDRConfig.model.mems.v -f /home/user007/project/chipyard/fpga/generated-src/chipyard.fpga.zcu102.ZCU102FPGATestHarness.RocketZCU102NoDDRConfig/chipyard.fpga.zcu102.ZCU102FPGATestHarness.RocketZCU102NoDDRConfig.model.mems.fir --mode synflops
Picked up JAVA_TOOL_OPTIONS: -Xmx8G -Xss8M -Djava.io.tmpdir=/home/user007/project/chipyard/.java_tmp
WARNING: Empty *.mems.conf file. No memories generated.
touch /home/user007/project/chipyard/fpga/generated-src/chipyard.fpga.zcu102.ZCU102FPGATestHarness.RocketZCU102NoDDRConfig/gen-collateral/chipyard.fpga.zcu102.ZCU102FPGATestHarness.RocketZCU102NoDDRConfig.model.mems.v /home/user007/project/chipyard/fpga/generated-src/chipyard.fpga.zcu102.ZCU102FPGATestHarness.RocketZCU102NoDDRConfig/chipyard.fpga.zcu102.ZCU102FPGATestHarness.RocketZCU102NoDDRConfig.model.mems.fir
rm -f /home/user007/project/chipyard/fpga/generated-src/chipyard.fpga.zcu102.ZCU102FPGATestHarness.RocketZCU102NoDDRConfig/sim_files.common.f
sort -u /home/user007/project/chipyard/fpga/generated-src/chipyard.fpga.zcu102.ZCU102FPGATestHarness.RocketZCU102NoDDRConfig/sim_files.f /home/user007/project/chipyard/fpga/generated-src/chipyard.fpga.zcu102.ZCU102FPGATestHarness.RocketZCU102NoDDRConfig/chipyard.fpga.zcu102.ZCU102FPGATestHarness.RocketZCU102NoDDRConfig.all.f | grep -v '.*\.\(svh\|h\|conf\)$' >> /home/user007/project/chipyard/fpga/generated-src/chipyard.fpga.zcu102.ZCU102FPGATestHarness.RocketZCU102NoDDRConfig/sim_files.common.f
echo "/home/user007/project/chipyard/fpga/generated-src/chipyard.fpga.zcu102.ZCU102FPGATestHarness.RocketZCU102NoDDRConfig/gen-collateral/chipyard.fpga.zcu102.ZCU102FPGATestHarness.RocketZCU102NoDDRConfig.top.mems.v" >> /home/user007/project/chipyard/fpga/generated-src/chipyard.fpga.zcu102.ZCU102FPGATestHarness.RocketZCU102NoDDRConfig/sim_files.common.f
echo "/home/user007/project/chipyard/fpga/generated-src/chipyard.fpga.zcu102.ZCU102FPGATestHarness.RocketZCU102NoDDRConfig/gen-collateral/chipyard.fpga.zcu102.ZCU102FPGATestHarness.RocketZCU102NoDDRConfig.model.mems.v" >> /home/user007/project/chipyard/fpga/generated-src/chipyard.fpga.zcu102.ZCU102FPGATestHarness.RocketZCU102NoDDRConfig/sim_files.common.f
rm -f /home/user007/project/chipyard/fpga/generated-src/chipyard.fpga.zcu102.ZCU102FPGATestHarness.RocketZCU102NoDDRConfig/chipyard.fpga.zcu102.ZCU102FPGATestHarness.RocketZCU102NoDDRConfig.vsrcs.f
echo "/home/user007/project/chipyard/generators/rocket-chip-blocks/vsrc/SRLatch.v" >> /home/user007/project/chipyard/fpga/generated-src/chipyard.fpga.zcu102.ZCU102FPGATestHarness.RocketZCU102NoDDRConfig/chipyard.fpga.zcu102.ZCU102FPGATestHarness.RocketZCU102NoDDRConfig.vsrcs.f;
cat /home/user007/project/chipyard/fpga/generated-src/chipyard.fpga.zcu102.ZCU102FPGATestHarness.RocketZCU102NoDDRConfig/sim_files.common.f >> /home/user007/project/chipyard/fpga/generated-src/chipyard.fpga.zcu102.ZCU102FPGATestHarness.RocketZCU102NoDDRConfig/chipyard.fpga.zcu102.ZCU102FPGATestHarness.RocketZCU102NoDDRConfig.vsrcs.f
cd /home/user007/project/chipyard/fpga/generated-src/chipyard.fpga.zcu102.ZCU102FPGATestHarness.RocketZCU102NoDDRConfig; vivado \
	-nojournal -mode batch \
	-source /home/user007/project/chipyard/fpga/fpga-shells/xilinx/common/tcl/vivado.tcl \
	-tclargs \
		-top-module "ZCU102FPGATestHarness" \
		-F "/home/user007/project/chipyard/fpga/generated-src/chipyard.fpga.zcu102.ZCU102FPGATestHarness.RocketZCU102NoDDRConfig/chipyard.fpga.zcu102.ZCU102FPGATestHarness.RocketZCU102NoDDRConfig.vsrcs.f" \
		-board "zcu102" \
		-ip-vivado-tcls "/home/user007/project/chipyard/fpga/generated-src/chipyard.fpga.zcu102.ZCU102FPGATestHarness.RocketZCU102NoDDRConfig/chipyard.fpga.zcu102.ZCU102FPGATestHarness.RocketZCU102NoDDRConfig.shell.vivado.tcl /home/user007/project/chipyard/fpga/generated-src/chipyard.fpga.zcu102.ZCU102FPGATestHarness.RocketZCU102NoDDRConfig/chipyard.fpga.zcu102.ZCU102FPGATestHarness.RocketZCU102NoDDRConfig.harnessSysPLL.vivado.tcl"

****** Vivado v2021.2 (64-bit)
  **** SW Build 3367213 on Tue Oct 19 02:47:39 MDT 2021
  **** IP Build 3369179 on Thu Oct 21 08:25:16 MDT 2021
    ** Copyright 1986-2021 Xilinx, Inc. All Rights Reserved.

source /home/user007/project/chipyard/fpga/fpga-shells/xilinx/common/tcl/vivado.tcl
# set scriptdir [file dirname [info script]]
# source [file join $scriptdir "prologue.tcl"]
## set ip_vivado_tcls {}
## while {[llength $argv]} {
##   set argv [lassign $argv[set argv {}] flag]
##   switch -glob $flag {
##     -top-module {
##       set argv [lassign $argv[set argv {}] top]
##     }
##     -F {
##       # This should be a simple file format with one filepath per line
##       set argv [lassign $argv[set argv {}] vsrc_manifest]
##     }
##     -board {
##       set argv [lassign $argv[set argv {}] board]
##     }
##     -ip-vivado-tcls {
##       set argv [lassign $argv[set argv {}] ip_vivado_tcls]
##     }
##     -pre-impl-debug-tcl {
##       set argv [lassign $argv[set argv {}] pre_impl_debug_tcl]
##     }
##     -post-impl-debug-tcl {
##       set argv [lassign $argv[set argv {}] post_impl_debug_tcl]
##     }
##     -env-var-srcs {
##       set argv [lassign $argv[set argv {}] env_var_srcs]
##     }
##     default {
##       return -code error [list {unknown option} $flag]
##     }
##   }
## }
## if {![info exists top]} {
##   return -code error [list {--top-module option is required}]
## }
## if {![info exists vsrc_manifest]} {
##   return -code error [list {-F option is required}]
## }
## if {![info exists board]} {
##   return -code error [list {--board option is required}]
## }
## set commondir [file dirname $scriptdir]
## set boarddir [file join [file dirname $commondir] $board]
## source [file join $boarddir tcl board.tcl]
### set name {zcu102}
### set part_fpga {xczu9eg-ffvb1156-2-e}
### set part_board {xilinx.com:zcu102:part0:3.4}
## set constraintsdir [file join $boarddir constraints]
## set srcdir [file join $commondir vsrc]
## set wrkdir [file join [pwd] obj]
## set ipdir [file join $wrkdir ip]
## create_project -part $part_fpga -force $top
## set_param messaging.defaultLimit 1000000
## set_property -dict [list \
## 	BOARD_PART $part_board \
## 	TARGET_LANGUAGE {Verilog} \
## 	DEFAULT_LIB {xil_defaultlib} \
## 	IP_REPO_PATHS $ipdir \
## 	] [current_project]
## if {[get_filesets -quiet sources_1] eq ""} {
## 	create_fileset -srcset sources_1
## }
## set obj [current_fileset]
## proc load_vsrc_manifest {obj vsrc_manifest} {
##   set fp [open $vsrc_manifest r]
##   set files [lsearch -not -exact -all -inline [split [read $fp] "\n"] {}]
##   set relative_files {}
##   foreach path $files {
##     if {[string match {/*} $path]} {
##       lappend relative_files $path
##     } elseif {![string match {#*} $path]} {
##       lappend relative_files [file join [file dirname $vsrc_manifest] $path]
##     }
##   }
##   # Read environment variable vsrcs and append to relative_files
##   upvar #0 env_var_srcs env_var_srcs
##   set additions [info exists env_var_srcs]
##   if {$additions} {
##     if {[info exists ::env($env_var_srcs)]} {
##       set resources [split $::env($env_var_srcs) :]
##       set relative_files [list {*}$relative_files {*}$resources]
##     }
##   }
##   add_files -norecurse -fileset $obj {*}$relative_files
##   close $fp
## }
## load_vsrc_manifest $obj $vsrc_manifest
## if {$ip_vivado_tcls ne {}} {
##   # Split string into words even with multiple consecutive spaces
##   # http://wiki.tcl.tk/989
##   set ip_vivado_tcls [regexp -inline -all -- {\S+} $ip_vivado_tcls]
## }
## if {[get_filesets -quiet sim_1] eq ""} {
## 	create_fileset -simset sim_1
## }
## set obj [current_fileset -simset]
## if {[get_filesets -quiet constrs_1] eq ""} {
## 	create_fileset -constrset constrs_1
## }
## set obj [current_fileset -constrset]
## add_files -quiet -norecurse -fileset $obj [lsort [glob -directory $constraintsdir -nocomplain {*.tcl}]]
## add_files -quiet -norecurse -fileset $obj [lsort [glob -directory $constraintsdir -nocomplain {*.xdc}]]
# source [file join $scriptdir "init.tcl"]
## source [file join $scriptdir "util.tcl"]
### proc recglob { basedir pattern } {
###   set dirlist [glob -nocomplain -directory $basedir -type d *]
###   set findlist [glob -nocomplain -directory $basedir $pattern]
###   foreach dir $dirlist {
###     set reclist [recglob $dir $pattern]
###     set findlist [concat $findlist $reclist]
###   }
###   return $findlist
### }
### proc findincludedir { basedir pattern } {
###   set vhfiles [recglob $basedir $pattern]
###   set vhdirs {}
###   foreach match $vhfiles {
###     lappend vhdirs [file dir $match]
###   }
###   set uniquevhdirs [lsort -unique $vhdirs]
###   return $uniquevhdirs
### }
## file mkdir $ipdir
## update_ip_catalog -rebuild
INFO: [IP_Flow 19-234] Refreshing IP repositories
INFO: [IP_Flow 19-1700] Loaded user IP repository '/home/user007/project/chipyard/fpga/generated-src/chipyard.fpga.zcu102.ZCU102FPGATestHarness.RocketZCU102NoDDRConfig/obj/ip'.
INFO: [IP_Flow 19-2313] Loaded Vivado IP repository '/opt/xilinx/Vivado/2021.2/data/ip'.
## foreach ip_vivado_tcl $ip_vivado_tcls {
##   source $ip_vivado_tcl
## }
### set shell_vivado_tcl [file normalize [info script]]
### set shell_vivado_idx [string last ".shell.vivado.tcl" $shell_vivado_tcl]
### add_files -fileset [current_fileset -constrset] [string replace $shell_vivado_tcl $shell_vivado_idx 999 ".shell.sdc"]
### add_files -fileset [current_fileset -constrset] [string replace $shell_vivado_tcl $shell_vivado_idx 999 ".shell.xdc"]
### set extra_constr [string replace $shell_vivado_tcl $shell_vivado_idx 999 ".extra.shell.xdc"]
### if [file exist $extra_constr] {
###   add_files -fileset [current_fileset -constrset] [string replace $shell_vivado_tcl $shell_vivado_idx 999 ".extra.shell.xdc"]
### }
### create_ip -name clk_wiz -vendor xilinx.com -library ip -module_name \
###  harnessSysPLL -dir $ipdir -force
create_ip: Time (s): cpu = 00:00:10 ; elapsed = 00:00:12 . Memory (MB): peak = 3296.980 ; gain = 210.504 ; free physical = 25288 ; free virtual = 84224
### set_property -dict [list \
###  CONFIG.CLK_IN1_BOARD_INTERFACE {Custom} \
###  CONFIG.PRIM_SOURCE {No_buffer} \
###  CONFIG.NUM_OUT_CLKS {1} \
###  CONFIG.PRIM_IN_FREQ {300.0} \
###  CONFIG.CLKIN1_JITTER_PS {50.0} \
###  CONFIG.CLKOUT1_USED {true} \
###  CONFIG.CLKOUT2_USED {false} \
###  CONFIG.CLKOUT3_USED {false} \
###  CONFIG.CLKOUT4_USED {false} \
###  CONFIG.CLKOUT5_USED {false} \
###  CONFIG.CLKOUT6_USED {false} \
###  CONFIG.CLKOUT7_USED {false} \
###  CONFIG.CLKOUT1_REQUESTED_OUT_FREQ {50.0} \
###  CONFIG.CLKOUT1_REQUESTED_PHASE {0.0} \
###  CONFIG.CLKOUT1_REQUESTED_DUTY_CYCLE {50.0} \
### ] [get_ips harnessSysPLL]
### set mult [get_property CONFIG.MMCM_CLKFBOUT_MULT_F [get_ips harnessSysPLL]]
### set div1 [get_property CONFIG.MMCM_DIVCLK_DIVIDE [get_ips harnessSysPLL]]
### set jitter [get_property CONFIG.CLKOUT1_JITTER [get_ips harnessSysPLL]]
### if {$jitter > 300.0} {
###   puts "Output jitter $jitter ps exceeds required limit of 300.0"
###   exit 1
### }
### set phase [get_property CONFIG.MMCM_CLKOUT0_PHASE [get_ips harnessSysPLL]]
### if {$phase < -5.0 || $phase > 5.0} {
###   puts "Achieved phase $phase degrees is outside tolerated range -5.0-5.0"
###   exit 1
### }
### set div2 [get_property CONFIG.MMCM_CLKOUT0_DIVIDE_F [get_ips harnessSysPLL]]
### set freq [expr { 300.0 * $mult / $div1 / $div2 }]
### if {$freq < 49.5 || $freq > 50.5} {
###   puts "Achieved frequency $freq MHz is outside tolerated range 49.5-50.5"
###   exit 1
### }
### puts "Achieve frequency $freq MHz phase $phase degrees jitter $jitter ps"
Achieve frequency 50.0 MHz phase 0.000 degrees jitter 116.415 ps
## set boardiptcl [file join $boarddir tcl ip.tcl]
## if {[file exists $boardiptcl]} {
##   source $boardiptcl
## }
## set xci_files [get_files -all {*.xci}]
## foreach xci_file $xci_files {
##   set_property GENERATE_SYNTH_CHECKPOINT {false} -quiet $xci_file
## }
## set obj [get_ips]
## generate_target all $obj
INFO: [IP_Flow 19-1686] Generating 'Instantiation Template' target for IP 'harnessSysPLL'...
INFO: [IP_Flow 19-1686] Generating 'Synthesis' target for IP 'harnessSysPLL'...
INFO: [IP_Flow 19-1686] Generating 'Simulation' target for IP 'harnessSysPLL'...
INFO: [IP_Flow 19-1686] Generating 'Implementation' target for IP 'harnessSysPLL'...
INFO: [IP_Flow 19-1686] Generating 'Change Log' target for IP 'harnessSysPLL'...
## export_ip_user_files -of_objects $obj -no_script -force
## set obj [current_fileset]
## set property_include_dirs [get_property include_dirs $obj]
## set ip_include_dirs [concat $property_include_dirs [findincludedir $ipdir "*.vh"]]
## set ip_include_dirs [concat $ip_include_dirs [findincludedir $srcdir "*.h"]]
## set ip_include_dirs [concat $ip_include_dirs [findincludedir $srcdir "*.vh"]]
# source [file join $scriptdir "synth.tcl"]
## read_ip [glob -directory $ipdir [file join * {*.xci}]]
CRITICAL WARNING: [Vivado 12-1504] The IP is already part of the fileset 'sources_1'. Requested source '/home/user007/project/chipyard/fpga/generated-src/chipyard.fpga.zcu102.ZCU102FPGATestHarness.RocketZCU102NoDDRConfig/obj/ip/harnessSysPLL/harnessSysPLL.xci' will not be added.
## synth_design -top $top -flatten_hierarchy rebuilt
Command: synth_design -top ZCU102FPGATestHarness -flatten_hierarchy rebuilt
Starting synth_design
Using part: xczu9eg-ffvb1156-2-e
Attempting to get a license for feature 'Synthesis' and/or device 'xczu9eg'
WARNING: [Common 17-348] Failed to get the license for feature 'Synthesis' and/or device 'xczu9eg'. Explanation: The license feature Synthesis could not be found.
Resolution: Check the status of your licenses in the Vivado License Manager. For debug help search Xilinx Support for "Licensing FAQ". 
0 Infos, 1 Warnings, 0 Critical Warnings and 1 Errors encountered.
synth_design failed
ERROR: [Common 17-345] A valid license was not found for feature 'Synthesis' and/or device 'xczu9eg'. Please run the Vivado License Manager for assistance in determining
which features and devices are licensed for your system.
Resolution: Check the status of your licenses in the Vivado License Manager. For debug help search Xilinx Support for "Licensing FAQ". If you are using a license server, verify that the license server is up and running a version of the xilinx daemon that is compatible with the version of Xilinx software that you are using. Note: Vivado 2021.1 and later versions require upgrading your license server tools to the Flex 11.17.2.0 versions. Please confirm with your license admin that the correct version of the license server tools are installed.

    while executing
"source [file join $scriptdir "synth.tcl"]"
    (file "/home/user007/project/chipyard/fpga/fpga-shells/xilinx/common/tcl/vivado.tcl" line 13)
INFO: [Common 17-206] Exiting Vivado at Sun Mar 15 21:24:37 2026...
make: *** [Makefile:184: /home/user007/project/chipyard/fpga/generated-src/chipyard.fpga.zcu102.ZCU102FPGATestHarness.RocketZCU102NoDDRConfig/obj/ZCU102FPGATestHarness.bit] Error 1
