Open On-Chip Debugger 0.12.0+dev-geb01c63 (2025-10-09-10:12)
Licensed under GNU GPL v2
For bug reports, read
	http://openocd.org/doc/doxygen/bugs.html
DEPRECATED! use 'adapter driver' not 'interface'
DEPRECATED! use 'ftdi vid_pid' not 'ftdi_vid_pid'
DEPRECATED! use 'adapter serial' not 'ftdi_serial'
DEPRECATED! use 'ftdi channel' not 'ftdi_channel'
DEPRECATED! use 'ftdi layout_init' not 'ftdi_layout_init'
DEPRECATED! use 'adapter speed' not 'adapter_khz'
Info : clock speed 1000 kHz
Info : JTAG tap: uscale.tap tap/device found: 0x5ba00477 (mfg: 0x23b (ARM Ltd), part: 0xba00, ver: 0x5)
Info : JTAG tap: uscale.ps tap/device found: 0x14730093 (mfg: 0x049 (Xilinx), part: 0x4730, ver: 0x1)
Info : JTAG tap: uscale.tap tap/device found: 0x5ba00477 (mfg: 0x23b (ARM Ltd), part: 0xba00, ver: 0x5)
Info : JTAG tap: uscale.ps tap/device found: 0x14730093 (mfg: 0x049 (Xilinx), part: 0x4730, ver: 0x1)
Warn : gdb services need one or more targets defined
SEL=00
00
00
06
WRITE_DMCONTROL=01
24
002feed1c7e2
00
NOPW1=00
00
01838c002d00
03
READ_DMSTATUS=00
1b
0033dc002f00
04
NOPR1=01
62
00038c000002
04
shutdown command invoked
