'\\wsl.localhost\Ubuntu-22.04\root\chipyard\fpga'
用作为当前目录的以上路径启动了 CMD.EXE。
UNC 路径不受支持。默认值设为 Windows 目录。
attempting to launch hw_server

****** Xilinx hw_server v2021.2
  **** Build date : Oct 19 2021 at 03:13:30
    ** Copyright 1986-2021 Xilinx, Inc. All Rights Reserved.

INFO: hw_server application started
INFO: Use Ctrl-C to exit hw_server application



****** Xilinx hw_server v2021.2

  **** Build date : Oct 19 2021 at 03:13:30

    ** Copyright 1986-2021 Xilinx, Inc. All Rights Reserved.



INFO: hw_server application started

INFO: Use Ctrl-C to exit hw_server application




INFO: To connect to this hw_server instance use url: TCP:127.0.0.1:3121



SEL=target list is empty
Invalid target. Use "jtag targets" command to select a target
    while executing
"error "Invalid target. Use \"jtag targets\" command to select a target""
    (procedure "getcurnode" line 4)
    invoked from within
"getcurnode"
    (procedure "::xsdb::jtag::frequency" line 15)
    invoked from within
"jtag frequency 10000"
    (file "\\wsl.localhost\Ubuntu-22.04\tmp\xsdb_bscan_raw0afy.tcl" line 4)
