'\\wsl.localhost\Ubuntu-22.04\root\chipyard\fpga'
用作为当前目录的以上路径启动了 CMD.EXE。
UNC 路径不受支持。默认值设为 Windows 目录。

****** Vivado v2021.2 (64-bit)
  **** SW Build 3367213 on Tue Oct 19 02:48:09 MDT 2021
  **** IP Build 3369179 on Thu Oct 21 08:25:16 MDT 2021
    ** Copyright 1986-2021 Xilinx, Inc. All Rights Reserved.

source {\\wsl.localhost\Ubuntu-22.04\root\chipyard\fpga\logs\same_session_ebreak_replay_20260327_175225\replay.tcl}
# set outdir [file normalize "/root/chipyard/fpga/logs/same_session_ebreak_replay_20260327_175225"]
# set ltxfile [file normalize "/root/chipyard/fpga/generated-src/chipyard.fpga.zcu104.ZCU104FPGATestHarness.RocketZCU104LinuxBringupDebugConfig/debug_obj/jtagtunnel_ila_20260326_213703/jtagtunnel_ila.ltx"]
# set repeats 3
# set jtag_hz 10000
# proc write_state {{path target dev ila}} {{
#   set fp [open $path w]
#   puts $fp "TARGET=$target"
#   puts $fp "DEVICE=$dev"
#   puts $fp "ILA=$ila"
#   puts $fp "STATUS_PRE.CORE_STATUS=[get_property STATUS.CORE_STATUS $ila]"
#   puts $fp "STATUS_PRE.SAMPLE_COUNT=[get_property STATUS.SAMPLE_COUNT $ila]"
#   close $fp
# }}
too many fields in argument specifier "path target dev ila"
    (creating proc "write_state")
    invoked from within
"proc write_state {{path target dev ila}} {{
  set fp [open $path w]
  puts $fp "TARGET=$target"
  puts $fp "DEVICE=$dev"
  puts $fp "ILA=$ila"
  puts ..."
    (file "\\wsl.localhost\Ubuntu-22.04\root\chipyard\fpga\logs\same_session_ebreak_replay_20260327_175225\replay.tcl" line 6)
INFO: [Common 17-206] Exiting Vivado at Fri Mar 27 17:52:31 2026...
