xPack Open On-Chip Debugger 0.12.0+dev-02228-ge5888bda3-dirty (2025-10-04-22:44)
Licensed under GNU GPL v2
For bug reports, read
	http://openocd.org/doc/doxygen/bugs.html
Error: JTAG-DP STICKY ERROR
Error: [uscale.a53.0] Examination failed
CASE ir=0x925 iw=0x05 di=0x10 dw=0x20 mode=0 IRPKT=01
49
00
05
CASE ir=0x925 iw=0x05 di=0x10 dw=0x20 mode=0 DRPKT=01
49
008214a5a0
00
CASE ir=0x925 iw=0x05 di=0x01 dw=0x20 mode=0 IRPKT=01
49
00
05
CASE ir=0x925 iw=0x05 di=0x01 dw=0x20 mode=0 DRPKT=01
49
008214a5a0
00
CASE ir=0x925 iw=0x50 di=0x01 dw=0x02 mode=0 IRPKT=01
49
00
05
CASE ir=0x925 iw=0x50 di=0x01 dw=0x02 mode=0 DRPKT=01
49
000a14a5a0
00
CASE ir=0x925 iw=0x50 di=0x10 dw=0x02 mode=0 IRPKT=01
49
00
05
CASE ir=0x925 iw=0x50 di=0x10 dw=0x02 mode=0 DRPKT=01
49
000a14a5a0
00
CASE ir=0x925 iw=0x05 di=0x10 dw=0x20 mode=1 IRPKT=03
12
20
01
CASE ir=0x925 iw=0x05 di=0x10 dw=0x20 mode=1 DRPKT=03
000294b412
00
00
CASE ir=0x925 iw=0x05 di=0x01 dw=0x20 mode=1 IRPKT=03
12
20
01
CASE ir=0x925 iw=0x05 di=0x01 dw=0x20 mode=1 DRPKT=03
000294b412
00
00
CASE ir=0x925 iw=0x50 di=0x01 dw=0x02 mode=1 IRPKT=03
12
20
01
CASE ir=0x925 iw=0x50 di=0x01 dw=0x02 mode=1 DRPKT=03
000294b412
00
00
CASE ir=0x925 iw=0x50 di=0x10 dw=0x02 mode=1 IRPKT=03
12
20
01
CASE ir=0x925 iw=0x50 di=0x10 dw=0x02 mode=1 DRPKT=03
000294b412
00
00
CASE ir=0x926 iw=0x05 di=0x10 dw=0x20 mode=0 IRPKT=00
00
00
06
CASE ir=0x926 iw=0x05 di=0x10 dw=0x20 mode=0 DRPKT=01
24
01eed1c7e2
07
CASE ir=0x926 iw=0x05 di=0x01 dw=0x20 mode=0 IRPKT=00
00
00
00
CASE ir=0x926 iw=0x05 di=0x01 dw=0x20 mode=0 DRPKT=00
00
018c01c600
07
CASE ir=0x926 iw=0x50 di=0x01 dw=0x02 mode=0 IRPKT=01
26
01
00
CASE ir=0x926 iw=0x50 di=0x01 dw=0x02 mode=0 DRPKT=01
06
018ee1f600
07
CASE ir=0x926 iw=0x50 di=0x10 dw=0x02 mode=0 IRPKT=00
04
00
00
CASE ir=0x926 iw=0x50 di=0x10 dw=0x02 mode=0 DRPKT=00
00
01eee1f600
01
CASE ir=0x926 iw=0x05 di=0x10 dw=0x20 mode=1 IRPKT=00
00
00
00
CASE ir=0x926 iw=0x05 di=0x10 dw=0x20 mode=1 DRPKT=00
01dc3ec000
3e
00
CASE ir=0x926 iw=0x05 di=0x01 dw=0x20 mode=1 IRPKT=00
00
00
00
CASE ir=0x926 iw=0x05 di=0x01 dw=0x20 mode=1 DRPKT=00
01dc3ec000
3e
00
CASE ir=0x926 iw=0x50 di=0x01 dw=0x02 mode=1 IRPKT=00
00
00
00
CASE ir=0x926 iw=0x50 di=0x01 dw=0x02 mode=1 DRPKT=00
01dc3ec000
3e
00
CASE ir=0x926 iw=0x50 di=0x10 dw=0x02 mode=1 IRPKT=00
00
00
00
CASE ir=0x926 iw=0x50 di=0x10 dw=0x02 mode=1 DRPKT=00
01dc3ec000
3e
00
shutdown command invoked
