'\\wsl.localhost\Ubuntu-22.04\root\chipyard\fpga'
用作为当前目录的以上路径启动了 CMD.EXE。
UNC 路径不受支持。默认值设为 Windows 目录。

****** Vivado v2021.2 (64-bit)
  **** SW Build 3367213 on Tue Oct 19 02:48:09 MDT 2021
  **** IP Build 3369179 on Thu Oct 21 08:25:16 MDT 2021
    ** Copyright 1986-2021 Xilinx, Inc. All Rights Reserved.

source {\\wsl.localhost\Ubuntu-22.04\root\chipyard\fpga\logs\same_session_ebreak_replay_20260327_175514\replay.tcl}
# set outdir [file normalize "/root/chipyard/fpga/logs/same_session_ebreak_replay_20260327_175514"]
# set ltxfile [file normalize "/root/chipyard/fpga/generated-src/chipyard.fpga.zcu104.ZCU104FPGATestHarness.RocketZCU104LinuxBringupDebugConfig/debug_obj/jtagtunnel_ila_20260326_213703/jtagtunnel_ila.ltx"]
# set repeats 3
# set jtag_hz 10000
# proc write_state {path target dev ila} {
#   set fp [open $path w]
#   puts $fp "TARGET=$target"
#   puts $fp "DEVICE=$dev"
#   puts $fp "ILA=$ila"
#   puts $fp "STATUS_PRE.CORE_STATUS=[get_property STATUS.CORE_STATUS $ila]"
#   puts $fp "STATUS_PRE.SAMPLE_COUNT=[get_property STATUS.SAMPLE_COUNT $ila]"
#   close $fp
# }
# proc append_state {path ila stim_rc} {
#   set fp [open $path a]
#   puts $fp "STATUS_POST.CORE_STATUS=[get_property STATUS.CORE_STATUS $ila]"
#   puts $fp "STATUS_POST.SAMPLE_COUNT=[get_property STATUS.SAMPLE_COUNT $ila]"
#   puts $fp "STIM_RC=$stim_rc"
#   close $fp
# }
# set_param labtools.enable_cs_server false
# open_hw_manager
# connect_hw_server -url TCP:127.0.0.1:3121
INFO: [Labtools 27-2285] Connecting to hw_server url TCP:127.0.0.1:3121
connect_hw_server: Time (s): cpu = 00:00:00 ; elapsed = 00:00:12 . Memory (MB): peak = 1603.996 ; gain = 0.000
# catch {close_hw_target}
INFO: [Labtoolstcl 44-464] Closing hw_target 127.0.0.1:3121/xilinx_tcf/Xilinx/07198A
INFO: [Labtoolstcl 44-468] Target hw_target 127.0.0.1:3121/xilinx_tcf/Xilinx/07198A is already closed
# set target ""
# for {set i 0} {$i < 10} {incr i} {
#   catch {refresh_hw_server}
#   set targets [get_hw_targets -quiet]
#   if {[llength $targets] > 0} {
#     set target [lindex $targets 0]
#     break
#   }
#   after 1000
# }
# if {$target eq ""} {
#   puts "ERROR: no hw_target"
#   exit 5
# }
# open_hw_target $target
INFO: [Labtoolstcl 44-466] Opening hw_target 127.0.0.1:3121/xilinx_tcf/Xilinx/07198A
# set dev [lindex [get_hw_devices] 0]
# current_hw_device $dev
# set_property PROBES.FILE $ltxfile [current_hw_device]
# set_property FULL_PROBES.FILE $ltxfile [current_hw_device]
# refresh_hw_device [current_hw_device]
INFO: [Labtools 27-2302] Device xczu7 (JTAG device index = 0) is programmed with a design that has 1 ILA core(s).
# set ila [lindex [get_hw_ilas] 0]
# if {$ila eq ""} {
#   puts "ERROR: no hw_ila found"
#   exit 3
# }
# set shift_probe [get_hw_probes u_ila_jtag__bscane2_SHIFT]
# if {$shift_probe eq ""} {
#   puts "ERROR: shift probe not found"
#   exit 4
# }
# set xsdb_bat "E:\\PRO_APP\\xilinx\\Vivado\\2021.2\\bin\\xsdb.bat"
missing close-brace
    while executing
"for {set idx 1} {$idx <= $repeats} {incr idx} {
  set label "ebreak_r$idx"
  set sampleDir [file join $outdir $label]
  file mkdir $sampleDir
  set cs..."
    (file "\\wsl.localhost\Ubuntu-22.04\root\chipyard\fpga\logs\same_session_ebreak_replay_20260327_175514\replay.tcl" line 60)
INFO: [Common 17-206] Exiting Vivado at Fri Mar 27 17:55:39 2026...
