'\\wsl.localhost\Ubuntu-22.04\root\chipyard\fpga'
用作为当前目录的以上路径启动了 CMD.EXE。
UNC 路径不受支持。默认值设为 Windows 目录。

****** Vivado v2021.2 (64-bit)
  **** SW Build 3367213 on Tue Oct 19 02:48:09 MDT 2021
  **** IP Build 3369179 on Thu Oct 21 08:25:16 MDT 2021
    ** Copyright 1986-2021 Xilinx, Inc. All Rights Reserved.

source {\\wsl.localhost\Ubuntu-22.04\root\chipyard\fpga\scripts\upload_jtagtunnel_ila_zcu104.tcl}
# array set options {
#     -probes_path    ""
#     -target_index   "0"
#     -out_csv        ""
#     -out_state      ""
# }
# for {set i 0} {$i < $argc} {incr i 2} {
#     set arg [lindex $argv $i]
#     set val [lindex $argv [expr $i+1]]
#     if {[info exists options($arg)]} {
#         set options($arg) $val
#     }
# }
# if {$options(-probes_path) eq "" || $options(-out_csv) eq "" || $options(-out_state) eq ""} {
#     puts "Usage: vivado -mode batch -source upload_jtagtunnel_ila_zcu104.tcl -tclargs -probes_path <ltx> -out_csv <csv> -out_state <state.txt> ?-target_index 0?"
#     exit 2
# }
# set_param labtools.enable_cs_server false
# open_hw_manager
# connect_hw_server -allow_non_jtag
INFO: [Labtools 27-2285] Connecting to hw_server url TCP:localhost:3121
connect_hw_server: Time (s): cpu = 00:00:00 ; elapsed = 00:00:12 . Memory (MB): peak = 1603.086 ; gain = 0.000
# catch {close_hw_target}
INFO: [Labtoolstcl 44-464] Closing hw_target localhost:3121/xilinx_tcf/Xilinx/07198A
INFO: [Labtoolstcl 44-468] Target hw_target localhost:3121/xilinx_tcf/Xilinx/07198A is already closed
# set target ""
# for {set i 0} {$i < 10} {incr i} {
#     catch {refresh_hw_server}
#     set targets [get_hw_targets -quiet]
#     if {[llength $targets] > $options(-target_index)} {
#         set target [lindex $targets $options(-target_index)]
#         break
#     }
#     after 1000
# }
# if {$target eq ""} {
#     puts "ERROR: no hw_target at index $options(-target_index)"
#     exit 5
# }
# open_hw_target $target
INFO: [Labtoolstcl 44-466] Opening hw_target localhost:3121/xilinx_tcf/Xilinx/07198A
# set dev [lindex [get_hw_devices] 0]
# current_hw_device $dev
# set_property PROBES.FILE $options(-probes_path) [current_hw_device]
# set_property FULL_PROBES.FILE $options(-probes_path) [current_hw_device]
# refresh_hw_device [current_hw_device]
INFO: [Labtools 27-2302] Device xczu7 (JTAG device index = 0) is programmed with a design that has 1 ILA core(s).
# set ila [lindex [get_hw_ilas] 0]
# if {$ila eq ""} {
#     puts "ERROR: no hw_ila found"
#     exit 3
# }
# upload_hw_ila_data $ila
WARNING: [Labtools 27-180] ILA core [hw_ila_1] is not armed. Uploading previously captured data..
INFO: [Labtools 27-1966] The ILA core 'hw_ila_1' triggered at 2026-Mar-25 15:13:17
# write_hw_ila_data -csv_file $options(-out_csv) [get_hw_ila_data $ila]
# set fp [open $options(-out_state) w]
# puts $fp "TARGET=$target"
# puts $fp "DEVICE=$dev"
# puts $fp "ILA=$ila"
# puts $fp "STATUS.CORE_STATUS=[get_property STATUS.CORE_STATUS $ila]"
# puts $fp "STATUS.SAMPLE_COUNT=[get_property STATUS.SAMPLE_COUNT $ila]"
# puts $fp "STATUS.TRIGGER_POSITION=[get_property STATUS.TRIGGER_POSITION $ila]"
# close $fp
# close_hw_target
INFO: [Labtoolstcl 44-464] Closing hw_target localhost:3121/xilinx_tcf/Xilinx/07198A
# exit
INFO: [Common 17-206] Exiting Vivado at Wed Mar 25 15:13:18 2026...
