xPack Open On-Chip Debugger 0.12.0+dev-02228-ge5888bda3-dirty (2025-10-04-22:44)
Licensed under GNU GPL v2
For bug reports, read
	http://openocd.org/doc/doxygen/bugs.html
DEPRECATED! use 'gdb port', not 'gdb_port'
DEPRECATED! use 'telnet port', not 'telnet_port'
DEPRECATED! use 'tcl port' not 'tcl_port'
Debug: 6 3 command.c:82 script_debug(): command - adapter driver ftdi
Debug: 7 3 command.c:82 script_debug(): command - ftdi vid_pid 0x0403 0x6011
Debug: 8 3 command.c:82 script_debug(): command - adapter serial 07198
Debug: 9 3 command.c:82 script_debug(): command - ftdi channel 0
Debug: 10 3 command.c:82 script_debug(): command - ftdi layout_init 0x00e8 0x60eb
Debug: 11 4 command.c:82 script_debug(): command - reset_config none
Debug: 12 4 command.c:82 script_debug(): command - transport select jtag
Debug: 13 4 command.c:82 script_debug(): command - adapter speed 1000
Debug: 14 4 adapter.c:254 adapter_config_khz(): handle adapter khz
Debug: 15 4 adapter.c:217 adapter_khz_to_speed(): convert khz to adapter specific speed value
Debug: 16 4 adapter.c:217 adapter_khz_to_speed(): convert khz to adapter specific speed value
Debug: 17 4 command.c:82 script_debug(): command - ocd_find target/xilinx_zynqmp.cfg
Debug: 18 5 configuration.c:89 find_file(): found C:/Users/24242/AppData/Local/Microsoft/WinGet/Packages/xpack-dev-tools.openocd-xpack_Microsoft.Winget.Source_8wekyb3d8bbwe/xpack-openocd-0.12.0-7/bin/../openocd/scripts/target/xilinx_zynqmp.cfg
Debug: 19 6 command.c:82 script_debug(): command - jtag newtap uscale tap -irlen 4 -ircapture 0x1 -irmask 0xf -expected-id 0x5ba00477
Debug: 20 6 tcl.c:404 handle_jtag_newtap_args(): Creating New Tap, Chip: uscale, Tap: tap, Dotted: uscale.tap, 8 params
Debug: 21 6 core.c:1488 jtag_tap_init(): Created Tap: uscale.tap @ abs position 0, irlen 4, capture: 0x1 mask: 0xf
Debug: 22 6 command.c:82 script_debug(): command - dap create uscale.dap -chain-position uscale.tap
Debug: 23 6 command.c:82 script_debug(): command - jtag newtap uscale ps -irlen 12 -ircapture 0x1 -irmask 0x03 -ignore-version -expected-id 0x04711093 -expected-id 0x04710093 -expected-id 0x04721093 -expected-id 0x04720093 -expected-id 0x04739093 -expected-id 0x04730093 -expected-id 0x04738093 -expected-id 0x04740093 -expected-id 0x04750093 -expected-id 0x04759093 -expected-id 0x04758093
Debug: 24 6 tcl.c:404 handle_jtag_newtap_args(): Creating New Tap, Chip: uscale, Tap: ps, Dotted: uscale.ps, 29 params
Debug: 25 7 core.c:1488 jtag_tap_init(): Created Tap: uscale.ps @ abs position 1, irlen 12, capture: 0x1 mask: 0x3
Debug: 26 7 command.c:82 script_debug(): command - jtag configure uscale.ps -event setup 
    global _CHIPNAME
    global jtag_configured

    if { $jtag_configured == 0 } {
        # add the DAP tap to the chain
        # See https://forums.xilinx.com/t5/UltraScale-Architecture/JTAG-Chain-Configuration-for-Zynq-UltraScale-MPSoC/td-p/758924
        irscan $_CHIPNAME.ps 0x824
        drscan $_CHIPNAME.ps 32 0x00000003
        runtest 100

        # setup event will be re-entered through jtag arp_init
        # break the recursion
        set jtag_configured 1
        # re-initialized the jtag chain
        jtag arp_init
    }

Debug: 27 7 command.c:82 script_debug(): command - cti create uscale.cti.0 -dap uscale.dap -ap-num 1 -baseaddr 0x80420000
Debug: 28 7 arm_adi_v5.c:1201 dap_get_ap(): refcount AP#0x1 get 1
Debug: 29 7 command.c:82 script_debug(): command - target create uscale.a53.0 aarch64 -dap uscale.dap -dbgbase 0x80410000 -cti uscale.cti.0 -rtos hwthread
Info : 30 8 hwthread.c:410 hwthread_create(): [uscale.a53.0] Hardware thread awareness created
Debug: 31 8 command.c:82 script_debug(): command - cti create uscale.cti.1 -dap uscale.dap -ap-num 1 -baseaddr 0x80520000
Debug: 32 8 arm_adi_v5.c:1201 dap_get_ap(): refcount AP#0x1 get 2
Debug: 33 8 command.c:82 script_debug(): command - target create uscale.a53.1 aarch64 -dap uscale.dap -dbgbase 0x80510000 -cti uscale.cti.1 -defer-examine
Debug: 34 8 command.c:187 register_command(): command 'arm' is already registered
Debug: 35 8 command.c:187 register_command(): command 'arm semihosting' is already registered
Debug: 36 8 command.c:187 register_command(): command 'arm semihosting_redirect' is already registered
Debug: 37 8 command.c:187 register_command(): command 'arm semihosting_cmdline' is already registered
Debug: 38 8 command.c:187 register_command(): command 'arm semihosting_fileio' is already registered
Debug: 39 8 command.c:187 register_command(): command 'arm semihosting_resexit' is already registered
Debug: 40 9 command.c:187 register_command(): command 'arm semihosting_read_user_param' is already registered
Debug: 41 9 command.c:187 register_command(): command 'arm semihosting_basedir' is already registered
Debug: 42 9 command.c:187 register_command(): command 'catch_exc' is already registered
Debug: 43 9 command.c:187 register_command(): command 'pauth' is already registered
Debug: 44 9 command.c:187 register_command(): command 'aarch64' is already registered
Debug: 45 9 command.c:187 register_command(): command 'aarch64 cache_info' is already registered
Debug: 46 9 command.c:187 register_command(): command 'aarch64 dbginit' is already registered
Debug: 47 9 command.c:187 register_command(): command 'aarch64 disassemble' is already registered
Debug: 48 9 command.c:187 register_command(): command 'aarch64 maskisr' is already registered
Debug: 49 9 command.c:187 register_command(): command 'aarch64 mcr' is already registered
Debug: 50 9 command.c:187 register_command(): command 'aarch64 mrc' is already registered
Debug: 51 9 command.c:187 register_command(): command 'aarch64 smp' is already registered
Debug: 52 9 command.c:187 register_command(): command 'aarch64 smp_gdb' is already registered
Debug: 53 9 command.c:82 script_debug(): command - cti create uscale.cti.2 -dap uscale.dap -ap-num 1 -baseaddr 0x80620000
Debug: 54 10 arm_adi_v5.c:1201 dap_get_ap(): refcount AP#0x1 get 3
Debug: 55 10 command.c:82 script_debug(): command - target create uscale.a53.2 aarch64 -dap uscale.dap -dbgbase 0x80610000 -cti uscale.cti.2 -defer-examine
Debug: 56 10 command.c:187 register_command(): command 'arm' is already registered
Debug: 57 10 command.c:187 register_command(): command 'arm semihosting' is already registered
Debug: 58 10 command.c:187 register_command(): command 'arm semihosting_redirect' is already registered
Debug: 59 10 command.c:187 register_command(): command 'arm semihosting_cmdline' is already registered
Debug: 60 11 command.c:187 register_command(): command 'arm semihosting_fileio' is already registered
Debug: 61 11 command.c:187 register_command(): command 'arm semihosting_resexit' is already registered
Debug: 62 11 command.c:187 register_command(): command 'arm semihosting_read_user_param' is already registered
Debug: 63 11 command.c:187 register_command(): command 'arm semihosting_basedir' is already registered
Debug: 64 11 command.c:187 register_command(): command 'catch_exc' is already registered
Debug: 65 11 command.c:187 register_command(): command 'pauth' is already registered
Debug: 66 11 command.c:187 register_command(): command 'aarch64' is already registered
Debug: 67 11 command.c:187 register_command(): command 'aarch64 cache_info' is already registered
Debug: 68 11 command.c:187 register_command(): command 'aarch64 dbginit' is already registered
Debug: 69 11 command.c:187 register_command(): command 'aarch64 disassemble' is already registered
Debug: 70 11 command.c:187 register_command(): command 'aarch64 maskisr' is already registered
Debug: 71 11 command.c:187 register_command(): command 'aarch64 mcr' is already registered
Debug: 72 11 command.c:187 register_command(): command 'aarch64 mrc' is already registered
Debug: 73 12 command.c:187 register_command(): command 'aarch64 smp' is already registered
Debug: 74 12 command.c:187 register_command(): command 'aarch64 smp_gdb' is already registered
Debug: 75 12 command.c:82 script_debug(): command - cti create uscale.cti.3 -dap uscale.dap -ap-num 1 -baseaddr 0x80720000
Debug: 76 12 arm_adi_v5.c:1201 dap_get_ap(): refcount AP#0x1 get 4
Debug: 77 12 command.c:82 script_debug(): command - target create uscale.a53.3 aarch64 -dap uscale.dap -dbgbase 0x80710000 -cti uscale.cti.3 -defer-examine
Debug: 78 12 command.c:187 register_command(): command 'arm' is already registered
Debug: 79 12 command.c:187 register_command(): command 'arm semihosting' is already registered
Debug: 80 12 command.c:187 register_command(): command 'arm semihosting_redirect' is already registered
Debug: 81 12 command.c:187 register_command(): command 'arm semihosting_cmdline' is already registered
Debug: 82 12 command.c:187 register_command(): command 'arm semihosting_fileio' is already registered
Debug: 83 12 command.c:187 register_command(): command 'arm semihosting_resexit' is already registered
Debug: 84 13 command.c:187 register_command(): command 'arm semihosting_read_user_param' is already registered
Debug: 85 13 command.c:187 register_command(): command 'arm semihosting_basedir' is already registered
Debug: 86 13 command.c:187 register_command(): command 'catch_exc' is already registered
Debug: 87 13 command.c:187 register_command(): command 'pauth' is already registered
Debug: 88 13 command.c:187 register_command(): command 'aarch64' is already registered
Debug: 89 13 command.c:187 register_command(): command 'aarch64 cache_info' is already registered
Debug: 90 13 command.c:187 register_command(): command 'aarch64 dbginit' is already registered
Debug: 91 13 command.c:187 register_command(): command 'aarch64 disassemble' is already registered
Debug: 92 13 command.c:187 register_command(): command 'aarch64 maskisr' is already registered
Debug: 93 13 command.c:187 register_command(): command 'aarch64 mcr' is already registered
Debug: 94 13 command.c:187 register_command(): command 'aarch64 mrc' is already registered
Debug: 95 13 command.c:187 register_command(): command 'aarch64 smp' is already registered
Debug: 96 13 command.c:187 register_command(): command 'aarch64 smp_gdb' is already registered
Debug: 97 13 command.c:82 script_debug(): command - target create uscale.axi mem_ap -dap uscale.dap -ap-num 0
Debug: 98 14 command.c:82 script_debug(): command - target smp uscale.a53.0 uscale.a53.1 uscale.a53.2 uscale.a53.3
Debug: 99 14 target.c:6019 handle_target_smp(): 4
Debug: 100 14 target.c:5978 create_target_list_node(): uscale.a53.0 
Debug: 101 14 target.c:5978 create_target_list_node(): uscale.a53.1 
Debug: 102 14 target.c:5978 create_target_list_node(): uscale.a53.2 
Debug: 103 14 target.c:5978 create_target_list_node(): uscale.a53.3 
Debug: 104 14 hwthread.c:209 hwthread_update_threads(): [uscale.a53.0] current_thread=-1, threads_found=0
Debug: 105 14 command.c:82 script_debug(): command - targets uscale.a53.0
Debug: 106 14 command.c:82 script_debug(): command - add_help_text halt_pmu Halt the PMU in preparation for loading new firmware. This should be matched with a call to resume_pmu.
Debug: 107 15 command.c:82 script_debug(): command - add_help_text resume_pmu Resume the PMU after loading new firmware. This should be matched with a call to halt_pmu.
Debug: 108 15 command.c:82 script_debug(): command - add_usage_text release_apu apu
Debug: 109 15 command.c:82 script_debug(): command - add_help_text release_apu Release an APU from reset. It will start executing at RVBARADDR. You probably want resume_apu or start_apu instead.
Debug: 110 15 command.c:82 script_debug(): command - add_usage_text resume_apu apu addr
Debug: 111 15 command.c:82 script_debug(): command - add_help_text resume_apu Resume an APU at a given address.
Debug: 112 15 command.c:82 script_debug(): command - add_usage_text start_apu apu
Debug: 113 15 command.c:82 script_debug(): command - add_help_text start_apu Start an APU and put it into an infinite loop at RVBARADDR. This can be convenient if you just want to halt the APU (since it won't execute anything unusual).
Debug: 114 15 command.c:82 script_debug(): command - add_usage_text boot_pmu image
Debug: 115 15 command.c:82 script_debug(): command - add_help_text boot_pmu Boot the PMU with a given firmware image, loading it to the beginning of PMU RAM. The PMU ROM will jump to this location after we resume it.
Debug: 116 15 command.c:82 script_debug(): command - add_usage_text boot_apu image [apu=0 [addr=0xfffc0000]]
Debug: 117 16 command.c:82 script_debug(): command - add_help_text boot_apu Boot an APU with a given firmware image. The default address is the beginning of OCM RAM. Upon success, the default target will be changed to the (running) apu.
Debug: 118 16 command.c:82 script_debug(): command - target create riscv_bscan_ps riscv -chain-position uscale.ps
Debug: 119 16 riscv.c:432 riscv_create_target(): riscv_create_target()
Debug: 120 16 command.c:187 register_command(): command 'arm' is already registered
Debug: 121 16 command.c:187 register_command(): command 'arm semihosting' is already registered
Debug: 122 16 command.c:187 register_command(): command 'arm semihosting_redirect' is already registered
Debug: 123 16 command.c:187 register_command(): command 'arm semihosting_cmdline' is already registered
Debug: 124 16 command.c:187 register_command(): command 'arm semihosting_fileio' is already registered
Debug: 125 16 command.c:187 register_command(): command 'arm semihosting_resexit' is already registered
Debug: 126 16 command.c:187 register_command(): command 'arm semihosting_read_user_param' is already registered
Debug: 127 16 command.c:187 register_command(): command 'arm semihosting_basedir' is already registered
Debug: 128 17 command.c:82 script_debug(): command - targets riscv_bscan_ps
Debug: 129 17 command.c:82 script_debug(): command - riscv use_bscan_tunnel 5
Info : 130 17 riscv.c:2784 riscv_use_bscan_tunnel(): Nested Tap based Bscan Tunnel Selected
Debug: 131 17 command.c:82 script_debug(): command - init
Debug: 132 17 command.c:82 script_debug(): command - target init
Debug: 133 17 command.c:82 script_debug(): command - target names
Debug: 134 17 command.c:82 script_debug(): command - uscale.a53.0 cget -event gdb-flash-erase-start
Debug: 135 17 command.c:82 script_debug(): command - uscale.a53.0 configure -event gdb-flash-erase-start reset init
Debug: 136 17 command.c:82 script_debug(): command - uscale.a53.0 cget -event gdb-flash-write-end
Debug: 137 17 command.c:82 script_debug(): command - uscale.a53.0 configure -event gdb-flash-write-end reset halt
Debug: 138 17 command.c:82 script_debug(): command - uscale.a53.0 cget -event gdb-attach
Debug: 139 17 command.c:82 script_debug(): command - uscale.a53.0 configure -event gdb-attach halt 1000
Debug: 140 17 command.c:82 script_debug(): command - uscale.a53.1 cget -event gdb-flash-erase-start
Debug: 141 18 command.c:82 script_debug(): command - uscale.a53.1 configure -event gdb-flash-erase-start reset init
Debug: 142 18 command.c:82 script_debug(): command - uscale.a53.1 cget -event gdb-flash-write-end
Debug: 143 18 command.c:82 script_debug(): command - uscale.a53.1 configure -event gdb-flash-write-end reset halt
Debug: 144 18 command.c:82 script_debug(): command - uscale.a53.1 cget -event gdb-attach
Debug: 145 18 command.c:82 script_debug(): command - uscale.a53.1 configure -event gdb-attach halt 1000
Debug: 146 18 command.c:82 script_debug(): command - uscale.a53.2 cget -event gdb-flash-erase-start
Debug: 147 18 command.c:82 script_debug(): command - uscale.a53.2 configure -event gdb-flash-erase-start reset init
Debug: 148 19 command.c:82 script_debug(): command - uscale.a53.2 cget -event gdb-flash-write-end
Debug: 149 19 command.c:82 script_debug(): command - uscale.a53.2 configure -event gdb-flash-write-end reset halt
Debug: 150 19 command.c:82 script_debug(): command - uscale.a53.2 cget -event gdb-attach
Debug: 151 19 command.c:82 script_debug(): command - uscale.a53.2 configure -event gdb-attach halt 1000
Debug: 152 19 command.c:82 script_debug(): command - uscale.a53.3 cget -event gdb-flash-erase-start
Debug: 153 19 command.c:82 script_debug(): command - uscale.a53.3 configure -event gdb-flash-erase-start reset init
Debug: 154 19 command.c:82 script_debug(): command - uscale.a53.3 cget -event gdb-flash-write-end
Debug: 155 19 command.c:82 script_debug(): command - uscale.a53.3 configure -event gdb-flash-write-end reset halt
Debug: 156 19 command.c:82 script_debug(): command - uscale.a53.3 cget -event gdb-attach
Debug: 157 19 command.c:82 script_debug(): command - uscale.a53.3 configure -event gdb-attach halt 1000
Debug: 158 19 command.c:82 script_debug(): command - uscale.axi cget -event gdb-flash-erase-start
Debug: 159 19 command.c:82 script_debug(): command - uscale.axi configure -event gdb-flash-erase-start reset init
Debug: 160 20 command.c:82 script_debug(): command - uscale.axi cget -event gdb-flash-write-end
Debug: 161 20 command.c:82 script_debug(): command - uscale.axi configure -event gdb-flash-write-end reset halt
Debug: 162 20 command.c:82 script_debug(): command - uscale.axi cget -event gdb-attach
Debug: 163 20 command.c:82 script_debug(): command - uscale.axi configure -event gdb-attach halt 1000
Debug: 164 20 command.c:82 script_debug(): command - riscv_bscan_ps cget -event gdb-flash-erase-start
Debug: 165 20 command.c:82 script_debug(): command - riscv_bscan_ps configure -event gdb-flash-erase-start reset init
Debug: 166 20 command.c:82 script_debug(): command - riscv_bscan_ps cget -event gdb-flash-write-end
Debug: 167 20 command.c:82 script_debug(): command - riscv_bscan_ps configure -event gdb-flash-write-end reset halt
Debug: 168 20 command.c:82 script_debug(): command - riscv_bscan_ps cget -event gdb-attach
Debug: 169 21 command.c:82 script_debug(): command - riscv_bscan_ps configure -event gdb-attach halt 1000
Debug: 170 21 target.c:1598 handle_target_init_command(): Initializing targets...
Debug: 171 21 semihosting_common.c:109 semihosting_common_init():  
Debug: 172 21 semihosting_common.c:109 semihosting_common_init():  
Debug: 173 21 semihosting_common.c:109 semihosting_common_init():  
Debug: 174 21 semihosting_common.c:109 semihosting_common_init():  
Debug: 175 21 mem_ap.c:61 mem_ap_init_target(): [uscale.axi] mem_ap_init_target
Debug: 176 21 riscv.c:445 riscv_init_target(): riscv_init_target()
Debug: 177 21 semihosting_common.c:109 semihosting_common_init():  
Debug: 178 21 ftdi.c:654 ftdi_initialize(): ftdi interface using shortest path jtag state transitions
Debug: 179 41 mpsse.c:429 mpsse_purge(): -
Debug: 180 41 mpsse.c:710 mpsse_loopback_config(): off
Debug: 181 41 mpsse.c:755 mpsse_set_frequency(): target 1000000 Hz
Debug: 182 41 mpsse.c:747 mpsse_rtck_config(): off
Debug: 183 41 mpsse.c:736 mpsse_divide_by_5_config(): off
Debug: 184 41 mpsse.c:716 mpsse_set_divisor(): 29
Debug: 185 41 mpsse.c:779 mpsse_set_frequency(): actually 1000000 Hz
Debug: 186 42 adapter.c:217 adapter_khz_to_speed(): convert khz to adapter specific speed value
Debug: 187 42 adapter.c:221 adapter_khz_to_speed(): have adapter set up
Debug: 188 42 mpsse.c:755 mpsse_set_frequency(): target 1000000 Hz
Debug: 189 42 mpsse.c:747 mpsse_rtck_config(): off
Debug: 190 42 mpsse.c:736 mpsse_divide_by_5_config(): off
Debug: 191 42 mpsse.c:716 mpsse_set_divisor(): 29
Debug: 192 42 mpsse.c:779 mpsse_set_frequency(): actually 1000000 Hz
Debug: 193 42 adapter.c:217 adapter_khz_to_speed(): convert khz to adapter specific speed value
Debug: 194 42 adapter.c:221 adapter_khz_to_speed(): have adapter set up
Info : 195 42 adapter.c:182 adapter_init(): clock speed 1000 kHz
Debug: 196 42 openocd.c:133 handle_init_command(): Debug Adapter init complete
Debug: 197 42 command.c:82 script_debug(): command - transport init
Debug: 198 42 transport.c:274 handle_transport_init(): handle_transport_init
Debug: 199 43 core.c:843 jtag_add_reset(): SRST line released
Debug: 200 43 core.c:868 jtag_add_reset(): TRST line released
Debug: 201 43 core.c:334 jtag_call_event_callbacks(): jtag event: TAP reset
Debug: 202 43 command.c:82 script_debug(): command - jtag arp_init
Debug: 203 43 core.c:1522 jtag_init_inner(): Init JTAG chain
Debug: 204 43 core.c:334 jtag_call_event_callbacks(): jtag event: TAP reset
Debug: 205 44 core.c:1248 jtag_examine_chain(): DR scan interrogation for IDCODE/BYPASS
Debug: 206 44 core.c:334 jtag_call_event_callbacks(): jtag event: TAP reset
Info : 207 45 core.c:1146 jtag_examine_chain_display(): JTAG tap: uscale.tap tap/device found: 0x5ba00477 (mfg: 0x23b (ARM Ltd), part: 0xba00, ver: 0x5)
Info : 208 45 core.c:1146 jtag_examine_chain_display(): JTAG tap: uscale.ps tap/device found: 0x14730093 (mfg: 0x049 (Xilinx), part: 0x4730, ver: 0x1)
Debug: 209 45 core.c:1378 jtag_validate_ircapture(): IR capture validation scan
Debug: 210 45 core.c:1435 jtag_validate_ircapture(): uscale.tap: IR capture 0x01
Debug: 211 45 core.c:1435 jtag_validate_ircapture(): uscale.ps: IR capture 0x75
Debug: 212 45 tcl.c:546 jtag_tap_handle_event(): JTAG tap: uscale.ps event: 1 (setup)
	action: 
    global _CHIPNAME
    global jtag_configured

    if { $jtag_configured == 0 } {
        # add the DAP tap to the chain
        # See https://forums.xilinx.com/t5/UltraScale-Architecture/JTAG-Chain-Configuration-for-Zynq-UltraScale-MPSoC/td-p/758924
        irscan $_CHIPNAME.ps 0x824
        drscan $_CHIPNAME.ps 32 0x00000003
        runtest 100

        # setup event will be re-entered through jtag arp_init
        # break the recursion
        set jtag_configured 1
        # re-initialized the jtag chain
        jtag arp_init
    }

Debug: 213 46 command.c:82 script_debug(): command - irscan uscale.ps 0x824
Debug: 214 46 command.c:82 script_debug(): command - drscan uscale.ps 32 0x00000003
Debug: 215 46 command.c:82 script_debug(): command - runtest 100
Debug: 216 47 command.c:82 script_debug(): command - jtag arp_init
Debug: 217 47 core.c:1522 jtag_init_inner(): Init JTAG chain
Debug: 218 47 core.c:334 jtag_call_event_callbacks(): jtag event: TAP reset
Debug: 219 47 core.c:1248 jtag_examine_chain(): DR scan interrogation for IDCODE/BYPASS
Debug: 220 47 core.c:334 jtag_call_event_callbacks(): jtag event: TAP reset
Info : 221 48 core.c:1146 jtag_examine_chain_display(): JTAG tap: uscale.tap tap/device found: 0x5ba00477 (mfg: 0x23b (ARM Ltd), part: 0xba00, ver: 0x5)
Info : 222 48 core.c:1146 jtag_examine_chain_display(): JTAG tap: uscale.ps tap/device found: 0x14730093 (mfg: 0x049 (Xilinx), part: 0x4730, ver: 0x1)
Debug: 223 48 core.c:1378 jtag_validate_ircapture(): IR capture validation scan
Debug: 224 48 core.c:1435 jtag_validate_ircapture(): uscale.tap: IR capture 0x01
Debug: 225 48 core.c:1435 jtag_validate_ircapture(): uscale.ps: IR capture 0x75
Debug: 226 48 tcl.c:546 jtag_tap_handle_event(): JTAG tap: uscale.ps event: 1 (setup)
	action: 
    global _CHIPNAME
    global jtag_configured

    if { $jtag_configured == 0 } {
        # add the DAP tap to the chain
        # See https://forums.xilinx.com/t5/UltraScale-Architecture/JTAG-Chain-Configuration-for-Zynq-UltraScale-MPSoC/td-p/758924
        irscan $_CHIPNAME.ps 0x824
        drscan $_CHIPNAME.ps 32 0x00000003
        runtest 100

        # setup event will be re-entered through jtag arp_init
        # break the recursion
        set jtag_configured 1
        # re-initialized the jtag chain
        jtag arp_init
    }

Debug: 227 49 command.c:82 script_debug(): command - dap init
Debug: 228 49 arm_dap.c:96 dap_init_all(): Initializing all DAPs ...
Debug: 229 49 arm_dap.c:120 dap_init_all(): DAP uscale.tap configured by default to use ADIv5 protocol
Debug: 230 49 arm_adi_v5.c:791 dap_dp_init(): uscale.dap
Debug: 231 49 arm_adi_v5.c:824 dap_dp_init(): DAP: wait CDBGPWRUPACK
Debug: 232 49 arm_adi_v5.h:682 dap_dp_poll_register(): DAP: poll 4, mask 0x20000000, value 0x20000000
Debug: 233 50 arm_adi_v5.c:832 dap_dp_init(): DAP: wait CSYSPWRUPACK
Debug: 234 50 arm_adi_v5.h:682 dap_dp_poll_register(): DAP: poll 4, mask 0x80000000, value 0x80000000
Debug: 235 51 openocd.c:150 handle_init_command(): Examining targets...
Debug: 236 51 target.c:684 target_examine_one(): [uscale.a53.0] Examination started
Debug: 237 51 target.c:1784 target_call_event_callbacks(): target event 19 (examine-start) for core uscale.a53.0
Debug: 238 51 arm_adi_v5.c:1201 dap_get_ap(): refcount AP#0x0 get 1
Debug: 239 52 arm_adi_v5.c:1226 dap_put_ap(): refcount AP#0x0 put 0
Debug: 240 52 arm_adi_v5.c:1201 dap_get_ap(): refcount AP#0x1 get 5
Debug: 241 53 arm_adi_v5.c:1144 dap_find_get_ap(): Found MEM-AP APB2 or APB3 at AP index: 1 (IDR=0x44770002)
Debug: 242 54 arm_adi_v5.c:942 mem_ap_init(): MEM_AP CFG: large data 0, long address 0, big-endian 0
Debug: 243 54 adi_v5_jtag.c:671 jtagdp_transaction_endcheck(): jtag-dp: CTRL/STAT 0xf0000021
Error: 244 54 adi_v5_jtag.c:682 jtagdp_transaction_endcheck(): JTAG-DP STICKY ERROR
Debug: 245 55 aarch64.c:2672 aarch64_examine_first(): Examine oslock failed
Error: 246 55 target.c:690 target_examine_one(): [uscale.a53.0] Examination failed
Debug: 247 55 target.c:691 target_examine_one(): [uscale.a53.0] examine() returned error code -107
Debug: 248 55 target.c:1784 target_call_event_callbacks(): target event 20 (examine-fail) for core uscale.a53.0
Warn : 249 55 target.c:739 target_examine(): target uscale.a53.0 examination failed
Debug: 250 55 target.c:684 target_examine_one(): [uscale.axi] Examination started
Debug: 251 55 target.c:1784 target_call_event_callbacks(): target event 19 (examine-start) for core uscale.axi
Debug: 252 55 arm_adi_v5.c:1201 dap_get_ap(): refcount AP#0x0 get 1
Debug: 253 56 arm_adi_v5.c:942 mem_ap_init(): MEM_AP CFG: large data 0, long address 1, big-endian 0
Debug: 254 56 target.c:1784 target_call_event_callbacks(): target event 21 (examine-end) for core uscale.axi
Info : 255 56 target.c:700 target_examine_one(): [uscale.axi] Examination succeed
Debug: 256 56 target.c:684 target_examine_one(): [riscv_bscan_ps] Examination started
Debug: 257 56 target.c:1784 target_call_event_callbacks(): target event 19 (examine-start) for core riscv_bscan_ps
Debug: 258 56 riscv.c:1119 riscv_examine(): riscv_examine()
Debug: 259 56 riscv.c:372 dtmcontrol_scan_via_bscan(): DTMCS: 0x0 -> 0x1
Debug: 260 57 riscv.c:1129 riscv_examine(): dtmcontrol=0x1
Debug: 261 57 riscv.c:1131 riscv_examine():   version=0x1
Debug: 262 57 riscv-013.c:2276 init_target(): init
Debug: 263 57 riscv.c:372 dtmcontrol_scan_via_bscan(): DTMCS: 0x0 -> 0x1
Debug: 264 57 riscv-013.c:1566 examine(): dtmcontrol=0x1
Debug: 265 57 riscv-013.c:1567 examine():   dmireset=0
Debug: 266 57 riscv-013.c:1568 examine():   idle=0
Debug: 267 57 riscv-013.c:1569 examine():   dmistat=0
Debug: 268 57 riscv-013.c:1570 examine():   abits=0
Debug: 269 57 riscv-013.c:1571 examine():   version=1
Debug: 270 57 riscv-013.c:250 get_dm(): [0] Allocating new DM
Assertion failed: info->abits != 0, file /home/runner/work/openocd-xpack/openocd-xpack/build-assets/build/win32-x64/sources/openocd.git/src/target/riscv/riscv-013.c, line 492
Debug: 271 58 server.c:609 sig_handler(): Terminating on Signal 22
