

****** Vivado v2021.2 (64-bit)
  **** SW Build 3367213 on Tue Oct 19 02:48:09 MDT 2021
  **** IP Build 3369179 on Thu Oct 21 08:25:16 MDT 2021
    ** Copyright 1986-2021 Xilinx, Inc. All Rights Reserved.

source z:/root/chipyard/fpga/.Xil/Vivado-33348-YXY/dc_drv.0/dc/debug_ip_core.tcl
# set_param power.BramSDPPropagationFix 1
# set_param constr.enable.ToolModifiedConstraintHandling 0
# set_param power.enableUnconnectedCarry8PinPower 1
# set_param synth.enableIncremental 0
# set_param power.enableCarry8RouteBelPower 1
# set_param power.enableLutRouteBelPower 1
# set_param chipscope.flow 0
# set_param ips.addSpecialDataToCacheID 0
# set script_paths {z:/root/chipyard/fpga/.Xil/Vivado-33348-YXY/dbg_hub_CV.0/out/get_cs_ip.tcl z:/root/chipyard/fpga/.Xil/Vivado-33348-YXY/u_ila_uart_CV.0/out/get_cs_ip.tcl}
# foreach script_path $script_paths { 
#     source $script_path
#     lappend debug_ip_vlnv $ip_vlnv 
#     lappend debug_ip_module_name $ip_module_name
#     lappend debug_params $params
#     lappend debug_intf_params $intf_params
#     lappend debug_connectivity $connectivity
#     lappend debug_output_xci $output_xci
#     lappend debug_output_dcp $output_dcp
#     lappend debug_output_dir $output_dir
#     lappend debug_synth_opts $synth_opts
#     lappend debug_xdc_files $xdc_files
# }
## set_param power.BramSDPPropagationFix 1
## set_param constr.enable.ToolModifiedConstraintHandling 0
## set_param power.enableUnconnectedCarry8PinPower 1
## set_param synth.enableIncremental 0
## set_param power.enableCarry8RouteBelPower 1
## set_param power.enableLutRouteBelPower 1
## set_param chipscope.flow 0
## set part xczu7ev-ffvc1156-2-e
## set board_part_repo_paths {}
## set board_part xilinx.com:zcu104:part0:1.1
## set board_connections {}
## set tool_flow Vivado
## set ip_vlnv xilinx.com:ip:xsdbm:3.0
## set ip_module_name dbg_hub
## set params {{{PARAM_VALUE.C_BSCAN_MODE} {false} {PARAM_VALUE.C_BSCAN_MODE_WITH_CORE} {false} {PARAM_VALUE.C_CLK_INPUT_FREQ_HZ} {300000000} {PARAM_VALUE.C_ENABLE_CLK_DIVIDER} {false} {PARAM_VALUE.C_EN_BSCANID_VEC} {false} {PARAM_VALUE.C_NUM_BSCAN_MASTER_PORTS} {0} {PARAM_VALUE.C_TWO_PRIM_MODE} {false} {PARAM_VALUE.C_USER_SCAN_CHAIN} {1} {PARAM_VALUE.C_USE_EXT_BSCAN} {false} {PARAM_VALUE.C_XSDB_NUM_SLAVES} {1}}}
## set intf_params {}
## set connectivity {}
## set output_xci z:/root/chipyard/fpga/.Xil/Vivado-33348-YXY/dbg_hub_CV.0/out/result.xci
## set output_dcp z:/root/chipyard/fpga/.Xil/Vivado-33348-YXY/dbg_hub_CV.0/out/result.dcp
## set output_dir z:/root/chipyard/fpga/.Xil/Vivado-33348-YXY/dbg_hub_CV.0/out
## set ip_repo_paths {}
## set ip_output_repo ./.cache/ip
## set ip_cache_permissions {read write}
## set oopbus_ip_repo_paths [get_param chipscope.oopbus_ip_repo_paths]
## set synth_opts {}
## set xdc_files {}
## set_param power.BramSDPPropagationFix 1
## set_param constr.enable.ToolModifiedConstraintHandling 0
## set_param power.enableUnconnectedCarry8PinPower 1
## set_param synth.enableIncremental 0
## set_param power.enableCarry8RouteBelPower 1
## set_param power.enableLutRouteBelPower 1
## set_param chipscope.flow 0
## set part xczu7ev-ffvc1156-2-e
## set board_part_repo_paths {}
## set board_part xilinx.com:zcu104:part0:1.1
## set board_connections {}
## set tool_flow Vivado
## set ip_vlnv xilinx.com:ip:ila:6.2
## set ip_module_name u_ila_uart
## set params {{{PARAM_VALUE.ALL_PROBE_SAME_MU} {true} {PARAM_VALUE.ALL_PROBE_SAME_MU_CNT} {1} {PARAM_VALUE.C_ADV_TRIGGER} {false} {PARAM_VALUE.C_DATA_DEPTH} {16384} {PARAM_VALUE.C_EN_STRG_QUAL} {false} {PARAM_VALUE.C_INPUT_PIPE_STAGES} {0} {PARAM_VALUE.C_NUM_OF_PROBES} {4} {PARAM_VALUE.C_PROBE0_TYPE} {0} {PARAM_VALUE.C_PROBE0_WIDTH} {1} {PARAM_VALUE.C_PROBE1_TYPE} {0} {PARAM_VALUE.C_PROBE1_WIDTH} {1} {PARAM_VALUE.C_PROBE2_TYPE} {0} {PARAM_VALUE.C_PROBE2_WIDTH} {1} {PARAM_VALUE.C_PROBE3_TYPE} {0} {PARAM_VALUE.C_PROBE3_WIDTH} {1} {PARAM_VALUE.C_TRIGIN_EN} {0} {PARAM_VALUE.C_TRIGOUT_EN} {0}}}
## set intf_params {}
## set connectivity {}
## set output_xci z:/root/chipyard/fpga/.Xil/Vivado-33348-YXY/u_ila_uart_CV.0/out/result.xci
## set output_dcp z:/root/chipyard/fpga/.Xil/Vivado-33348-YXY/u_ila_uart_CV.0/out/result.dcp
## set output_dir z:/root/chipyard/fpga/.Xil/Vivado-33348-YXY/u_ila_uart_CV.0/out
## set ip_repo_paths {}
## set ip_output_repo ./.cache/ip
## set ip_cache_permissions {read write}
## set oopbus_ip_repo_paths [get_param chipscope.oopbus_ip_repo_paths]
## set synth_opts {}
## set xdc_files {}
# set debug_ip_repo_paths $ip_repo_paths
# set debug_ip_output_repo $ip_output_repo
# set debug_ip_cache_permissions $ip_cache_permissions
# set debug_oopbus_ip_repo_paths [get_param chipscope.oopbus_ip_repo_paths]
# set ordering_constrs 1
# set jobs 8
# source {E:/PRO_APP/xilinx/Vivado/2021.2/scripts/ip/ipxchipscope.tcl}
INFO: [IP_Flow 19-234] Refreshing IP repositories
INFO: [IP_Flow 19-1704] No user IP repositories specified
INFO: [IP_Flow 19-2313] Loaded Vivado IP repository 'E:/PRO_APP/xilinx/Vivado/2021.2/data/ip'.
IP SYNTH XDC FILES = 
Current synth_xdc_files = 
DBG: creating temporary IP: dbg_hub
z:/root/chipyard/fpga/.Xil/Vivado-33348-YXY/dc_drv.0/dc/prj_ip.srcs/sources_1/ip/dbg_hub/dbg_hub.xci
INFO: [IP_Flow 19-1686] Generating 'Instantiation Template' target for IP 'dbg_hub'...
INFO: [IP_Flow 19-1686] Generating 'Synthesis' target for IP 'dbg_hub'...
INFO: [IP_Flow 19-1686] Generating 'Simulation' target for IP 'dbg_hub'...
generation completed successfully
Succeeded copying xdc_files
Succeeded copying xci files
created run dbg_hub_synth_1
IP SYNTH XDC FILES = 
Current synth_xdc_files = 
DBG: creating temporary IP: u_ila_uart
z:/root/chipyard/fpga/.Xil/Vivado-33348-YXY/dc_drv.0/dc/prj_ip.srcs/sources_1/ip/u_ila_uart/u_ila_uart.xci
INFO: [IP_Flow 19-1686] Generating 'Instantiation Template' target for IP 'u_ila_uart'...
INFO: [IP_Flow 19-1686] Generating 'Synthesis' target for IP 'u_ila_uart'...
WARNING: [IP_Flow 19-4994] Overwriting existing constraint file 'z:/root/chipyard/fpga/.Xil/Vivado-33348-YXY/dc_drv.0/dc/prj_ip.gen/sources_1/ip/u_ila_uart/u_ila_uart_ooc.xdc'
INFO: [IP_Flow 19-1686] Generating 'Simulation' target for IP 'u_ila_uart'...
INFO: [IP_Flow 19-1686] Generating 'Implementation' target for IP 'u_ila_uart'...
INFO: [IP_Flow 19-1686] Generating 'Change Log' target for IP 'u_ila_uart'...
generation completed successfully
Succeeded copying xdc_files
Succeeded copying xci files
created run u_ila_uart_synth_1
launching all runs dbg_hub_synth_1 u_ila_uart_synth_1

[Thu Mar 26 19:48:14 2026] Launched dbg_hub_synth_1, u_ila_uart_synth_1...
Run output will be captured here:
dbg_hub_synth_1: z:/root/chipyard/fpga/.Xil/Vivado-33348-YXY/dc_drv.0/dc/prj_ip.runs/dbg_hub_synth_1/runme.log
u_ila_uart_synth_1: z:/root/chipyard/fpga/.Xil/Vivado-33348-YXY/dc_drv.0/dc/prj_ip.runs/u_ila_uart_synth_1/runme.log
INFO: [InternalPartition_RunlogStart-1] dbg_hub
[Thu Mar 26 19:48:15 2026] Waiting for dbg_hub_synth_1 to finish...

*** Running vivado
    with args -log dbg_hub.vds -m64 -product Vivado -mode batch -messageDb vivado.pb -notrace -source dbg_hub.tcl

