'\\wsl.localhost\Ubuntu-22.04\root\chipyard\fpga'
用作为当前目录的以上路径启动了 CMD.EXE。
UNC 路径不受支持。默认值设为 Windows 目录。

****** Vivado v2021.2 (64-bit)
  **** SW Build 3367213 on Tue Oct 19 02:48:09 MDT 2021
  **** IP Build 3369179 on Thu Oct 21 08:25:16 MDT 2021
    ** Copyright 1986-2021 Xilinx, Inc. All Rights Reserved.

source {\\wsl.localhost\Ubuntu-22.04\root\chipyard\fpga\scripts\capture_jtagtunnel_ila_inline_stim_zcu104.tcl}
# array set options {
#     -bitstream_path ""
#     -probes_path    ""
#     -target_index   "0"
#     -dr_bits        ""
#     -dr_hex         ""
#     -jtag_hz        "10000"
#     -out_csv        ""
#     -out_state      ""
#     -out_stim       ""
# }
# for {set i 0} {$i < $argc} {incr i 2} {
#     set arg [lindex $argv $i]
#     set val [lindex $argv [expr $i+1]]
#     if {[info exists options($arg)]} {
#         set options($arg) $val
#     }
# }
# foreach req {-bitstream_path -probes_path -dr_bits -dr_hex -out_csv -out_state -out_stim} {
#     if {$options($req) eq ""} {
#         puts "Usage: vivado -mode batch -source capture_jtagtunnel_ila_inline_stim_zcu104.tcl -tclargs -bitstream_path <bit> -probes_path <ltx> -dr_bits <n> -dr_hex <hex> -out_csv <csv> -out_state <state> -out_stim <stimlog> ?-jtag_hz 10000? ?-target_index 0?"
#         exit 2
#     }
# }
# set_param labtools.enable_cs_server false
# open_hw_manager
# connect_hw_server -url tcp:127.0.0.1:3121
INFO: [Labtools 27-2285] Connecting to hw_server url TCP:tcp:127.0.0.1:3121
ERROR: [Labtools 27-2223] Unable to connect to hw_server with URL "TCP:tcp:127.0.0.1:3121".
Resolution: 1. Check the host name, port number and network connectivity.
2. Check to ensure the hw_server is running on the target.
ERROR: [Common 17-39] 'connect_hw_server' failed due to earlier errors.

    while executing
"connect_hw_server -url tcp:127.0.0.1:3121"
    (file "\\wsl.localhost\Ubuntu-22.04\root\chipyard\fpga\scripts\capture_jtagtunnel_ila_inline_stim_zcu104.tcl" line 30)
INFO: [Common 17-206] Exiting Vivado at Wed Mar 25 15:26:20 2026...
