'\\wsl.localhost\Ubuntu-22.04\root\chipyard\fpga'
用作为当前目录的以上路径启动了 CMD.EXE。
UNC 路径不受支持。默认值设为 Windows 目录。

****** Vivado v2021.2 (64-bit)
  **** SW Build 3367213 on Tue Oct 19 02:48:09 MDT 2021
  **** IP Build 3369179 on Thu Oct 21 08:25:16 MDT 2021
    ** Copyright 1986-2021 Xilinx, Inc. All Rights Reserved.

source {\\wsl.localhost\Ubuntu-22.04\root\chipyard\fpga\scripts\arm_jtagtunnel_ila_zcu104.tcl}
# array set options {
#     -bitstream_path ""
#     -probes_path    ""
#     -target_index   "0"
#     -out_state      ""
# }
# for {set i 0} {$i < $argc} {incr i 2} {
#     set arg [lindex $argv $i]
#     set val [lindex $argv [expr $i+1]]
#     if {[info exists options($arg)]} {
#         set options($arg) $val
#     }
# }
# if {$options(-bitstream_path) eq "" || $options(-probes_path) eq "" || $options(-out_state) eq ""} {
#     puts "Usage: vivado -mode batch -source arm_jtagtunnel_ila_zcu104.tcl -tclargs -bitstream_path <bit> -probes_path <ltx> -out_state <state.txt> ?-target_index 0?"
#     exit 2
# }
# set_param labtools.enable_cs_server false
# open_hw_manager
# connect_hw_server -allow_non_jtag
INFO: [Labtools 27-2285] Connecting to hw_server url TCP:localhost:3121
INFO: [Labtools 27-2222] Launching hw_server...
INFO: [Labtools 27-2221] Launch Output:

****** Xilinx hw_server v2021.2
  **** Build date : Oct 19 2021 at 03:13:30
    ** Copyright 1986-2021 Xilinx, Inc. All Rights Reserved.


# catch {close_hw_target}
ERROR: [Labtoolstcl 44-199] No matching targets found on connected servers: localhost
Resolution: If needed connect the desired target to a server and use command refresh_hw_server. Then rerun the get_hw_targets command.
ERROR: [Common 17-39] 'get_hw_targets' failed due to earlier errors.

    while executing
"get_hw_targets"
    invoked from within
"lindex [get_hw_targets] $options(-target_index)"
    invoked from within
"set target [lindex [get_hw_targets] $options(-target_index)]"
    (file "\\wsl.localhost\Ubuntu-22.04\root\chipyard\fpga\scripts\arm_jtagtunnel_ila_zcu104.tcl" line 25)
INFO: [Common 17-206] Exiting Vivado at Tue Mar 24 22:42:27 2026...
