00 allzeros jtagtunnel_ila_inline_addi_x0_0_20260327_092625
01 main jtagtunnel_ila_inline_addi_x0_1_20260327_092813
04 fam4_26 jtagtunnel_ila_inline_addi_x0_4_20260327_093354
15 fam15 jtagtunnel_ila_inline_addi_x0_15_20260327_100857
18 main jtagtunnel_ila_inline_addi_x0_18_20260327_103537
19 main jtagtunnel_ila_inline_addi_x0_19_20260327_103725
20 fam20_29 jtagtunnel_ila_inline_addi_x0_20_outlierprobe_20260327_102844
22 fam22 jtagtunnel_ila_inline_addi_x0_22_20260327_104122
23 fam23_28 jtagtunnel_ila_inline_addi_x0_23_20260327_104325
26 fam4_26 jtagtunnel_ila_inline_addi_x0_26_20260327_104908
28 fam23_28 jtagtunnel_ila_inline_addi_x0_28_20260327_105056
29 fam20_29 jtagtunnel_ila_inline_addi_x0_29_20260327_105259
32 fam32 jtagtunnel_ila_inline_addi_x0_32_mod32probe_20260327_105817
33 fam33 jtagtunnel_ila_inline_addi_x0_33_mod32probe_20260327_110005
37 fam37 jtagtunnel_ila_inline_addi_x0_37_20260327_113648
38 fam38 jtagtunnel_ila_inline_addi_x0_38_20260327_113837
39 main jtagtunnel_ila_inline_addi_x0_39_recheck_20260327_115546
40 main jtagtunnel_ila_inline_addi_x0_40_20260327_114235
41 main jtagtunnel_ila_inline_addi_x0_41_recheck_20260327_115726
42 main jtagtunnel_ila_inline_addi_x0_42_20260327_114559
43 main jtagtunnel_ila_inline_addi_x0_43_20260327_114742
44 main jtagtunnel_ila_inline_addi_x0_44_20260327_114940
45 main jtagtunnel_ila_inline_addi_x0_45_20260327_115122
46 main jtagtunnel_ila_inline_addi_x0_46_recheck_20260327_115926
47 main jtagtunnel_ila_inline_addi_x0_47_mod32probe_20260327_110427
48 main jtagtunnel_ila_inline_addi_x0_48_highprobe_20260327_120523
49 main jtagtunnel_ila_inline_addi_x0_49_highprobe_20260327_120721
50 8c6c7ad523df5aa637b0e2416df535c00df6596c821fb1f51e46a5dca65ad6c2 jtagtunnel_ila_inline_addi_x0_50_20260327_123128
51 main jtagtunnel_ila_inline_addi_x0_51_20260327_123327
52 main jtagtunnel_ila_inline_addi_x0_52_highprobe_20260327_120929
53 538f2dbefd7623fec77375053bbc1226f8d8009e8ceea55096e4846f33ff4cb9 jtagtunnel_ila_inline_addi_x0_53_20260327_123509
54 main jtagtunnel_ila_inline_addi_x0_54_20260327_123653
55 main jtagtunnel_ila_inline_addi_x0_55_20260327_123834
56 main jtagtunnel_ila_inline_addi_x0_56_20260327_124021
57 main jtagtunnel_ila_inline_addi_x0_57_20260327_124225
58 f0798a047c73439a3b8cfc02a2f7291eb6e76ce2bdc7321141b2f5dd35d3d3a3 jtagtunnel_ila_inline_addi_x0_58_20260327_124424
59 main jtagtunnel_ila_inline_addi_x0_59_20260327_124611
60 main jtagtunnel_ila_inline_addi_x0_60_tailprobe_20260327_121921
61 main jtagtunnel_ila_inline_addi_x0_61_tailprobe_20260327_122124
62 main jtagtunnel_ila_inline_addi_x0_62_tailprobe_rerun_20260327_122723
63 fam63 jtagtunnel_ila_inline_addi_x0_63_highprobe_20260327_121129
