00 allzeros jtagtunnel_ila_inline_addi_x0_0_20260327_092625
01 main jtagtunnel_ila_inline_addi_x0_1_20260327_092813
04 fam4_26 jtagtunnel_ila_inline_addi_x0_4_20260327_093354
15 fam15 jtagtunnel_ila_inline_addi_x0_15_20260327_100857
18 main jtagtunnel_ila_inline_addi_x0_18_20260327_103537
19 main jtagtunnel_ila_inline_addi_x0_19_20260327_103725
20 fam20_29 jtagtunnel_ila_inline_addi_x0_20_outlierprobe_20260327_102844
22 fam22 jtagtunnel_ila_inline_addi_x0_22_20260327_104122
23 fam23_28 jtagtunnel_ila_inline_addi_x0_23_20260327_104325
26 fam4_26 jtagtunnel_ila_inline_addi_x0_26_20260327_104908
28 fam23_28 jtagtunnel_ila_inline_addi_x0_28_20260327_105056
29 fam20_29 jtagtunnel_ila_inline_addi_x0_29_20260327_105259
32 fam32 jtagtunnel_ila_inline_addi_x0_32_mod32probe_20260327_105817
33 fam33 jtagtunnel_ila_inline_addi_x0_33_mod32probe_20260327_110005
37 main jtagtunnel_ila_upload_only_addi_x0_37_recover_20260327_142308
38 main jtagtunnel_ila_upload_only_addi_x0_38_recover_20260327_142038
39 main jtagtunnel_ila_inline_addi_x0_39_recheck_20260327_115546
40 main jtagtunnel_ila_inline_addi_x0_40_20260327_114235
41 main jtagtunnel_ila_inline_addi_x0_41_recheck_20260327_115726
42 main jtagtunnel_ila_inline_addi_x0_42_20260327_114559
43 main jtagtunnel_ila_inline_addi_x0_43_20260327_114742
44 main jtagtunnel_ila_inline_addi_x0_44_20260327_114940
45 main jtagtunnel_ila_inline_addi_x0_45_20260327_115122
46 main jtagtunnel_ila_inline_addi_x0_46_recheck_20260327_115926
47 main jtagtunnel_ila_inline_addi_x0_47_mod32probe_20260327_110427
48 main jtagtunnel_ila_inline_addi_x0_48_highprobe_20260327_120523
49 main jtagtunnel_ila_inline_addi_x0_49_highprobe_20260327_120721
50 fam4_26 jtagtunnel_ila_inline_addi_x0_50_recheck_20260327_130508
51 main jtagtunnel_ila_inline_addi_x0_51_20260327_123327
52 main jtagtunnel_ila_inline_addi_x0_52_highprobe_20260327_120929
53 main jtagtunnel_ila_inline_addi_x0_53_recheck2_20260327_130910
54 main jtagtunnel_ila_inline_addi_x0_54_20260327_123653
55 main jtagtunnel_ila_inline_addi_x0_55_20260327_123834
56 main jtagtunnel_ila_inline_addi_x0_56_20260327_124021
57 main jtagtunnel_ila_inline_addi_x0_57_20260327_124225
58 unstable jtagtunnel_ila_inline_addi_x0_58_20260327_124424 / recheck2 diverged
59 main jtagtunnel_ila_inline_addi_x0_59_20260327_124611
60 main jtagtunnel_ila_inline_addi_x0_60_tailprobe_20260327_121921
61 main jtagtunnel_ila_inline_addi_x0_61_tailprobe_20260327_122124
62 main jtagtunnel_ila_inline_addi_x0_62_tailprobe_rerun_20260327_122723
63 fam63 jtagtunnel_ila_inline_addi_x0_63_highprobe_20260327_121129
