'\\wsl.localhost\Ubuntu-22.04\root\chipyard\fpga'
用作为当前目录的以上路径启动了 CMD.EXE。
UNC 路径不受支持。默认值设为 Windows 目录。

****** Vivado v2021.2 (64-bit)
  **** SW Build 3367213 on Tue Oct 19 02:48:09 MDT 2021
  **** IP Build 3369179 on Thu Oct 21 08:25:16 MDT 2021
    ** Copyright 1986-2021 Xilinx, Inc. All Rights Reserved.

source {\\wsl.localhost\Ubuntu-22.04\root\chipyard\fpga\scripts\insert_ila_jtagtunnel_zcu104.tcl}
# if { $argc < 2 } {
#   puts "Usage: vivado -mode batch -source scripts/insert_ila_jtagtunnel_zcu104.tcl -tclargs <in_post_synth_dcp> <out_dir>"
#   exit 2
# }
# set in_dcp [lindex $argv 0]
# set out_dir [lindex $argv 1]
# file mkdir $out_dir
# open_checkpoint $in_dcp
Command: open_checkpoint {\\wsl.localhost\Ubuntu-22.04\root\chipyard\fpga\generated-src\chipyard.fpga.zcu104.ZCU104FPGATestHarness.RocketZCU104LinuxBringupDebugConfig\obj\post_synth.dcp}

Starting open_checkpoint Task

Time (s): cpu = 00:00:00 ; elapsed = 00:00:00.021 . Memory (MB): peak = 1602.645 ; gain = 0.000
INFO: [Device 21-403] Loading part xczu7ev-ffvc1156-2-e
Netlist sorting complete. Time (s): cpu = 00:00:00 ; elapsed = 00:00:00.690 . Memory (MB): peak = 1910.824 ; gain = 1.922
INFO: [Netlist 29-17] Analyzing 3600 Unisim elements for replacement
INFO: [Netlist 29-28] Unisim Transformation completed in 1 CPU seconds
INFO: [Project 1-479] Netlist was created with Vivado 2021.2
INFO: [Project 1-570] Preparing netlist for logic optimization
INFO: [Timing 38-478] Restoring timing data from binary archive.
INFO: [Timing 38-479] Binary timing data restore complete.
INFO: [Project 1-856] Restoring constraints from binary archive.
INFO: [Project 1-853] Binary constraint restore complete.
Reading XDEF placement.
Reading placer database...
Reading XDEF routing.
Read XDEF File: Time (s): cpu = 00:00:00 ; elapsed = 00:00:00.218 . Memory (MB): peak = 2599.980 ; gain = 0.000
Restored from archive | CPU: 0.000000 secs | Memory: 0.000000 MB |
Finished XDEF File Restore: Time (s): cpu = 00:00:00 ; elapsed = 00:00:00.220 . Memory (MB): peak = 2599.980 ; gain = 0.000
Netlist sorting complete. Time (s): cpu = 00:00:00 ; elapsed = 00:00:00.025 . Memory (MB): peak = 3038.031 ; gain = 0.000
INFO: [Project 1-111] Unisim Transformation Summary:
  A total of 526 instances were transformed.
  DSP48E2 => DSP48E2 (DSP_ALU, DSP_A_B_DATA, DSP_C_DATA, DSP_MULTIPLIER, DSP_M_DATA, DSP_OUTPUT, DSP_PREADD, DSP_PREADD_DATA): 25 instances
  IBUF => IBUF (IBUFCTRL, INBUF): 2 instances
  IBUFDS => IBUFDS (DIFFINBUF, IBUFCTRL): 1 instance 
  RAM16X1D => RAM32X1D (RAMD32(x2)): 22 instances
  RAM256X1D => RAM256X1D (MUXF7(x4), MUXF8(x2), RAMD64E(x8)): 2 instances
  RAM32M => RAM32M (RAMD32(x6), RAMS32(x2)): 28 instances
  RAM32M16 => RAM32M16 (RAMD32(x14), RAMS32(x2)): 362 instances
  RAM32X1D => RAM32X1D (RAMD32(x2)): 8 instances
  RAM64M => RAM64M (RAMD64E(x4)): 2 instances
  RAM64M8 => RAM64M8 (RAMD64E(x8)): 66 instances
  RAM64X1D => RAM64X1D (RAMD64E(x2)): 8 instances

INFO: [Project 1-604] Checkpoint was created with Vivado v2021.2 (64-bit) build 3367213
open_checkpoint: Time (s): cpu = 00:00:27 ; elapsed = 00:00:36 . Memory (MB): peak = 3038.031 ; gain = 1435.387
# proc qnet {cell_name} {
#   set pin [get_pins -quiet ${cell_name}/Q]
#   if { $pin eq "" } { return "" }
#   return [get_nets -quiet -of_objects $pin]
# }
# set clk_net         [get_nets -quiet _dutWrangler_auto_out_clock]
# if { $clk_net eq "" } {
#   set clk_net [get_nets -quiet _dutWrangler_auto_out_clock_BUFG]
# }
# if { $clk_net eq "" } {
#   set clk_net [get_nets -quiet chiptop0/clock]
# }
# set pre_clk_net     [get_nets -quiet inst_jtag_tunnel/_inst_jtag_tunnel_jtag_tck]
# set pos_clk_net     [get_nets -quiet inst_jtag_tunnel/_inst_jtag_tunnel_jtag_tck_BUFG]
# set shift_net       [get_nets -quiet inst_jtag_tunnel/_bscane2_SHIFT]
# set tdi_net         [get_nets -quiet _inst_jtag_tunnel_jtag_tdi]
# set tms_net         [get_nets -quiet inst_jtag_tunnel/_inst_jtag_tunnel_jtag_tms]
# set tdo_net         [get_nets -quiet inst_jtag_tunnel/_system_debug_systemjtag_jtag_TDO_data]
# set tdi_reg_net     [qnet inst_jtag_tunnel/tdiRegister_reg]
# set shift_counter_nets [list \
#   [qnet {inst_jtag_tunnel/shiftCounter_reg[0]}] \
#   [qnet {inst_jtag_tunnel/shiftCounter_reg[1]}] \
#   [qnet {inst_jtag_tunnel/shiftCounter_reg[2]}] \
#   [qnet {inst_jtag_tunnel/shiftCounter_reg[3]}] \
#   [qnet {inst_jtag_tunnel/shiftCounter_reg[4]}] \
#   [qnet {inst_jtag_tunnel/shiftCounter_reg[5]}] \
#   [qnet {inst_jtag_tunnel/shiftCounter_reg[6]}] \
# ]
# set pos_counter_nets [list \
#   [qnet {inst_jtag_tunnel/posCounter_reg[0]}] \
#   [qnet {inst_jtag_tunnel/posCounter_reg[1]}] \
#   [qnet {inst_jtag_tunnel/posCounter_reg[2]}] \
#   [qnet {inst_jtag_tunnel/posCounter_reg[3]}] \
#   [qnet {inst_jtag_tunnel/posCounter_reg[4]}] \
#   [qnet {inst_jtag_tunnel/posCounter_reg[5]}] \
#   [qnet {inst_jtag_tunnel/posCounter_reg[6]}] \
#   [qnet {inst_jtag_tunnel/posCounter_reg[7]}] \
# ]
# set neg_counter_nets [list \
#   [qnet {inst_jtag_tunnel/negCounter_reg[0]}] \
#   [qnet {inst_jtag_tunnel/negCounter_reg[1]}] \
#   [qnet {inst_jtag_tunnel/negCounter_reg[2]}] \
#   [qnet {inst_jtag_tunnel/negCounter_reg[3]}] \
#   [qnet {inst_jtag_tunnel/negCounter_reg[4]}] \
#   [qnet {inst_jtag_tunnel/negCounter_reg[5]}] \
#   [qnet {inst_jtag_tunnel/negCounter_reg[6]}] \
#   [qnet {inst_jtag_tunnel/negCounter_reg[7]}] \
# ]
# set missing {}
# foreach {name netobj} [list \
#   clk_net $clk_net \
#   pre_clk_net $pre_clk_net \
#   pos_clk_net $pos_clk_net \
#   shift_net $shift_net \
#   tdi_net $tdi_net \
#   tms_net $tms_net \
#   tdo_net $tdo_net \
#   tdi_reg_net $tdi_reg_net \
# ] {
#   if { $netobj eq "" } { lappend missing $name }
# }
# for {set i 0} {$i < 7} {incr i} {
#   if { [lindex $shift_counter_nets $i] eq "" } { lappend missing "shift_counter_$i" }
# }
# for {set i 0} {$i < 8} {incr i} {
#   if { [lindex $pos_counter_nets $i] eq "" } { lappend missing "pos_counter_$i" }
#   if { [lindex $neg_counter_nets $i] eq "" } { lappend missing "neg_counter_$i" }
# }
# if { [llength $missing] > 0 } {
#   puts "ERROR: missing required nets: $missing"
#   exit 3
# }
ERROR: missing required nets: pos_clk_net
INFO: [Common 17-206] Exiting Vivado at Wed Mar 25 12:22:57 2026...
