'\\wsl.localhost\Ubuntu-22.04\root\chipyard\fpga'
用作为当前目录的以上路径启动了 CMD.EXE。
UNC 路径不受支持。默认值设为 Windows 目录。

****** Vivado v2021.2 (64-bit)
  **** SW Build 3367213 on Tue Oct 19 02:48:09 MDT 2021
  **** IP Build 3369179 on Thu Oct 21 08:25:16 MDT 2021
    ** Copyright 1986-2021 Xilinx, Inc. All Rights Reserved.

source {\\wsl.localhost\Ubuntu-22.04\root\chipyard\fpga\scripts\check_jtagtunnel_ila_idle_status.tcl}
# array set options {
#     -probes_path    ""
#     -target_index   "0"
#     -seconds        "5"
#     -out_log        ""
# }
# for {set i 0} {$i < $argc} {incr i 2} {
#     set arg [lindex $argv $i]
#     set val [lindex $argv [expr $i+1]]
#     if {[info exists options($arg)]} {
#         set options($arg) $val
#     }
# }
# if {$options(-probes_path) eq "" || $options(-out_log) eq ""} {
#     puts "Usage: vivado -mode batch -source check_jtagtunnel_ila_idle_status.tcl -tclargs -probes_path <ltx> -out_log <log> ?-target_index 0? ?-seconds 5?"
#     exit 2
# }
# set_param labtools.enable_cs_server false
# open_hw_manager
# connect_hw_server -allow_non_jtag
INFO: [Labtools 27-2285] Connecting to hw_server url TCP:localhost:3121
INFO: [Labtools 27-2222] Launching hw_server...
INFO: [Labtools 27-2221] Launch Output:

****** Xilinx hw_server v2021.2
  **** Build date : Oct 19 2021 at 03:13:30
    ** Copyright 1986-2021 Xilinx, Inc. All Rights Reserved.


connect_hw_server: Time (s): cpu = 00:00:00 ; elapsed = 00:00:14 . Memory (MB): peak = 1603.016 ; gain = 0.000
# catch {close_hw_target}
INFO: [Labtoolstcl 44-464] Closing hw_target localhost:3121/xilinx_tcf/Xilinx/07198A
INFO: [Labtoolstcl 44-468] Target hw_target localhost:3121/xilinx_tcf/Xilinx/07198A is already closed
# set target ""
# for {set i 0} {$i < 10} {incr i} {
#     catch {refresh_hw_server}
#     set targets [get_hw_targets -quiet]
#     if {[llength $targets] > $options(-target_index)} {
#         set target [lindex $targets $options(-target_index)]
#         break
#     }
#     after 1000
# }
# if {$target eq ""} {
#     puts "ERROR: no hw_target at index $options(-target_index)"
#     exit 5
# }
# open_hw_target $target
INFO: [Labtoolstcl 44-466] Opening hw_target localhost:3121/xilinx_tcf/Xilinx/07198A
# set dev [lindex [get_hw_devices] 0]
# current_hw_device $dev
# set_property PROBES.FILE $options(-probes_path) [current_hw_device]
# set_property FULL_PROBES.FILE $options(-probes_path) [current_hw_device]
# refresh_hw_device [current_hw_device]
INFO: [Labtools 27-2302] Device xczu7 (JTAG device index = 0) is programmed with a design that has 1 ILA core(s).
# set ila [lindex [get_hw_ilas] 0]
# if {$ila eq ""} {
#     puts "ERROR: no hw_ila found"
#     exit 3
# }
# set shift_probe [get_hw_probes u_ila_jtag__bscane2_SHIFT]
# if {$shift_probe eq ""} {
#     puts "ERROR: shift probe not found"
#     exit 4
# }
# foreach p [get_hw_probes -of_objects $ila] {
#     set width [get_property WIDTH $p]
#     set xbits [string repeat X $width]
#     set_property TRIGGER_COMPARE_VALUE "eq${width}'b${xbits}" $p
#     set_property CAPTURE_COMPARE_VALUE "eq${width}'b${xbits}" $p
# }
# set_property TRIGGER_COMPARE_VALUE "eq1'b1" $shift_probe
# set_property CONTROL.TRIGGER_POSITION 2048 $ila
# set_property CONTROL.WINDOW_COUNT 1 $ila
# set fp [open $options(-out_log) w]
# puts $fp "TARGET=$target"
# puts $fp "DEVICE=$dev"
# puts $fp "ILA=$ila"
# puts $fp "SHIFT_PROBE=$shift_probe"
# run_hw_ila $ila
INFO: [Labtools 27-1964] The ILA core 'hw_ila_1' trigger was armed at 2026-Mar-25 14:08:26
# for {set sec 0} {$sec <= $options(-seconds)} {incr sec} {
#     puts $fp "T=$sec STATUS.CORE_STATUS=[get_property STATUS.CORE_STATUS $ila] STATUS.SAMPLE_COUNT=[get_property STATUS.SAMPLE_COUNT $ila] STATUS.TRIGGER_POSITION=[get_property STATUS.TRIGGER_POSITION $ila]"
#     flush $fp
#     after 1000
# }
# close $fp
# close_hw_target
INFO: [Labtoolstcl 44-464] Closing hw_target localhost:3121/xilinx_tcf/Xilinx/07198A
# exit
INFO: [Common 17-206] Exiting Vivado at Wed Mar 25 14:08:33 2026...
