'\\wsl.localhost\Ubuntu-22.04\root\chipyard\fpga'
用作为当前目录的以上路径启动了 CMD.EXE。
UNC 路径不受支持。默认值设为 Windows 目录。

==== check input files ====
psu_init.tcl = \\wsl.localhost\Ubuntu-22.04\root\chipyard\fpga\generated-src\chipyard.fpga.zcu104.ZCU104FPGATestHarness.RocketZCU104LinuxBringupConfig\obj\ip\zcu104ps\psu_init.tcl
bitstream    = \\wsl.localhost\Ubuntu-22.04\root\chipyard\fpga\generated-src\chipyard.fpga.zcu104.ZCU104FPGATestHarness.RocketZCU104LinuxBringupConfig\obj\ZCU104FPGATestHarness.bit
chip_ddr_sentinel = 0x8FF00000
ps_ddr_sentinel   = 0x0FF00000

==== connect hw_server ====
attempting to launch hw_server

****** Xilinx hw_server v2021.2
  **** Build date : Oct 19 2021 at 03:13:30
    ** Copyright 1986-2021 Xilinx, Inc. All Rights Reserved.

INFO: hw_server application started
INFO: Use Ctrl-C to exit hw_server application



****** Xilinx hw_server v2021.2

  **** Build date : Oct 19 2021 at 03:13:30

    ** Copyright 1986-2021 Xilinx, Inc. All Rights Reserved.



INFO: hw_server application started

INFO: Use Ctrl-C to exit hw_server application




INFO: To connect to this hw_server instance use url: TCP:127.0.0.1:3121




==== select PSU target ====
  1* PS TAP
     2  PMU
     3  PL
  4  DAP (AXI AP transaction error, DAP status 0x30000021)

==== source psu_init.tcl ====

==== run psu_init ====
ERROR in run psu_init: Context does not support memory read. Unsupported command
Context does not support memory read. Unsupported command
    while executing
"error $msg"
    (procedure "mask_write" line 15)
    invoked from within
"mask_write 0XFF180090 0x000000FE 0x000000C0"
    ("eval" body line 1)
    invoked from within
"eval $cmd {*}$args"
    ("foreach" body line 7)
    invoked from within
"foreach action [split $init_data "\n"] {
	    set cmd [lindex $action 0]
	    switch -- $cmd {
		"mask_write" -
		"mask_poll" {
		    set args [lrepla..."
    (procedure "init_ps" line 6)
    invoked from within
"init_ps [subst {$psu_mio_init_data $psu_peripherals_pre_init_data $psu_pll_init_data $psu_clock_init_data $psu_ddr_init_data }]"
    (procedure "psu_init" line 20)
    invoked from within
"psu_init"
    ("uplevel" body line 2)
    invoked from within
"uplevel 1 $body"
