'\\wsl.localhost\Ubuntu-22.04\root\chipyard\fpga'
用作为当前目录的以上路径启动了 CMD.EXE。
UNC 路径不受支持。默认值设为 Windows 目录。

==== check input files ====
psu_init.tcl = \\wsl.localhost\Ubuntu-22.04\root\chipyard\fpga\generated-src\chipyard.fpga.zcu104.ZCU104FPGATestHarness.RocketZCU104LinuxBringupConfig\obj\ip\zcu104ps\psu_init.tcl
bitstream    = \\wsl.localhost\Ubuntu-22.04\root\chipyard\fpga\generated-src\chipyard.fpga.zcu104.ZCU104FPGATestHarness.RocketZCU104LinuxBringupConfig\obj\ZCU104FPGATestHarness.bit
chip_ddr_sentinel = 0x8FF00000
ps_ddr_sentinel   = 0x0FF00000

==== connect hw_server ====
attempting to launch hw_server

****** Xilinx hw_server v2021.2
  **** Build date : Oct 19 2021 at 03:13:30
    ** Copyright 1986-2021 Xilinx, Inc. All Rights Reserved.

INFO: hw_server application started
INFO: Use Ctrl-C to exit hw_server application



****** Xilinx hw_server v2021.2

  **** Build date : Oct 19 2021 at 03:13:30

    ** Copyright 1986-2021 Xilinx, Inc. All Rights Reserved.



INFO: hw_server application started

INFO: Use Ctrl-C to exit hw_server application




INFO: To connect to this hw_server instance use url: TCP:127.0.0.1:3121




==== select PSU target ====
  1* PS TAP
     2  PMU
     3  PL
  4  DAP (AXI AP transaction error, DAP status 0x30000021)

==== system reset before psu_init ====
ERROR in system reset before psu_init: Invalid reset type
Invalid reset type
    invoked from within
"::tcf::eval -progress {apply {{msg} {puts $msg}}} {tcf_send_command tcfchan#0 XilinxReset reset {sso{suspend b clear-registers b endianness s code-endianness s isa s}} e {{JTAG-jsn-HW-Z1-ZCU104 FT4232H-07198A-14730093-0} system {}}}"
    (procedure "::tcf::send_command" line 4)
    invoked from within
"::tcf::send_command $chan XilinxReset reset $fmt e [list $ctx $type $arg]"
    (procedure "rst" line 315)
    invoked from within
"rst -system"
    ("uplevel" body line 2)
    invoked from within
"uplevel 1 $body"
