'\\wsl.localhost\Ubuntu-22.04\root\chipyard\fpga'
用作为当前目录的以上路径启动了 CMD.EXE。
UNC 路径不受支持。默认值设为 Windows 目录。

==== check input files ====
psu_init.tcl = \\wsl.localhost\Ubuntu-22.04\root\chipyard\fpga\generated-src\chipyard.fpga.zcu104.ZCU104FPGATestHarness.RocketZCU104LinuxBringupConfig\obj\ip\zcu104ps\psu_init.tcl
bitstream    = \\wsl.localhost\Ubuntu-22.04\root\chipyard\fpga\generated-src\chipyard.fpga.zcu104.ZCU104FPGATestHarness.RocketZCU104LinuxBringupConfig\obj\ZCU104FPGATestHarness.bit
chip_ddr_sentinel = 0x8FF00000
ps_ddr_sentinel   = 0x0FF00000

==== connect hw_server ====
attempting to launch hw_server

****** Xilinx hw_server v2021.2
  **** Build date : Oct 19 2021 at 03:13:30
    ** Copyright 1986-2021 Xilinx, Inc. All Rights Reserved.

INFO: hw_server application started
INFO: Use Ctrl-C to exit hw_server application



****** Xilinx hw_server v2021.2

  **** Build date : Oct 19 2021 at 03:13:30

    ** Copyright 1986-2021 Xilinx, Inc. All Rights Reserved.



INFO: hw_server application started

INFO: Use Ctrl-C to exit hw_server application




INFO: To connect to this hw_server instance use url: TCP:127.0.0.1:3121




==== select PSU target ====
  1  PS TAP
     2  PMU
     3  PL
  4* PSU
     5  RPU (Reset)
        6  Cortex-R5 #0 (RPU Reset)
        7  Cortex-R5 #1 (RPU Reset)
     8  APU (L2 Cache Reset)
        9  Cortex-A53 #0 (APU Reset)
       10  Cortex-A53 #1 (APU Reset)
       11  Cortex-A53 #2 (APU Reset)
       12  Cortex-A53 #3 (APU Reset)

==== system reset before psu_init ====

==== reselect PSU target after system reset ====
  1  PS TAP
     2  PMU
     3  PL
  4* PSU
     5  RPU (Reset)
        6  Cortex-R5 #0 (RPU Reset)
        7  Cortex-R5 #1 (RPU Reset)
     8  APU (L2 Cache Reset)
        9  Cortex-A53 #0 (APU Reset)
       10  Cortex-A53 #1 (APU Reset)
       11  Cortex-A53 #2 (APU Reset)
       12  Cortex-A53 #3 (APU Reset)

==== source psu_init.tcl ====

==== run psu_init ====

==== program FPGA bitstream ====

==== wait after FPGA program ====

==== reselect PSU target ====
  1  PS TAP
     2  PMU
     3  PL
  4* PSU
     5  RPU (Reset)
        6  Cortex-R5 #0 (RPU Reset)
        7  Cortex-R5 #1 (RPU Reset)
     8  APU (L2 Cache Reset)
        9  Cortex-A53 #0 (APU Reset)
       10  Cortex-A53 #1 (APU Reset)
       11  Cortex-A53 #2 (APU Reset)
       12  Cortex-A53 #3 (APU Reset)

==== remove PS-PL isolation ====

==== switch to APU target for PS DDR access ====
  1  PS TAP
     2  PMU
     3  PL
  4  PSU
     5  RPU (Reset)
        6  Cortex-R5 #0 (RPU Reset)
        7  Cortex-R5 #1 (RPU Reset)
     8* APU (L2 Cache Reset)
        9  Cortex-A53 #0 (APU Reset)
       10  Cortex-A53 #1 (APU Reset)
       11  Cortex-A53 #2 (APU Reset)
       12  Cortex-A53 #3 (APU Reset)

==== add PS DDR memmap for sentinel window ====
sentinel memmap: addr=0x0FF00000 size=0x1000

==== clear DDR sentinel before reset release ====
 FF00000:   00000000


==== switch back to PSU target for reset release ====
  1  PS TAP
     2  PMU
     3  PL
  4* PSU
     5  RPU (Reset)
        6  Cortex-R5 #0 (RPU Reset)
        7  Cortex-R5 #1 (RPU Reset)
     8  APU (L2 Cache Reset)
        9  Cortex-A53 #0 (APU Reset)
       10  Cortex-A53 #1 (APU Reset)
       11  Cortex-A53 #2 (APU Reset)
       12  Cortex-A53 #3 (APU Reset)

==== apply PS-PL reset config ====

==== switch to APU target for post-reset sampling ====
  1  PS TAP
     2  PMU
     3  PL
  4  PSU
     5  RPU (Reset)
        6  Cortex-R5 #0 (RPU Reset)
        7  Cortex-R5 #1 (RPU Reset)
     8* APU (L2 Cache Reset)
        9  Cortex-A53 #0 (APU Reset)
       10  Cortex-A53 #1 (APU Reset)
       11  Cortex-A53 #2 (APU Reset)
       12  Cortex-A53 #3 (APU Reset)

==== sample DDR sentinel after reset release ====
watch PS DDR 0x0FF00000 after psu_ps_pl_reset_config (Chipyard 0x8FF00000)
sample[00] =>  FF00000:   00000000

sample[01] =>  FF00000:   00000000

sample[02] =>  FF00000:   00000000

sample[03] =>  FF00000:   00000000

sample[04] =>  FF00000:   00000000

sample[05] =>  FF00000:   00000000

sample[06] =>  FF00000:   00000000

sample[07] =>  FF00000:   00000000

sample[08] =>  FF00000:   00000000

sample[09] =>  FF00000:   00000000

sample[10] =>  FF00000:   00000000

sample[11] =>  FF00000:   00000000

sample[12] =>  FF00000:   00000000

sample[13] =>  FF00000:   00000000

sample[14] =>  FF00000:   00000000

sample[15] =>  FF00000:   00000000

sample[16] =>  FF00000:   00000000

sample[17] =>  FF00000:   00000000

sample[18] =>  FF00000:   00000000

sample[19] =>  FF00000:   00000000

sample[20] =>  FF00000:   00000000

sample[21] =>  FF00000:   00000000

sample[22] =>  FF00000:   00000000

sample[23] =>  FF00000:   00000000

sample[24] =>  FF00000:   00000000

sample[25] =>  FF00000:   00000000

sample[26] =>  FF00000:   00000000

sample[27] =>  FF00000:   00000000

sample[28] =>  FF00000:   00000000

sample[29] =>  FF00000:   00000000

sample[30] =>  FF00000:   00000000

sample[31] =>  FF00000:   00000000

sample[32] =>  FF00000:   00000000

sample[33] =>  FF00000:   00000000

sample[34] =>  FF00000:   00000000

sample[35] =>  FF00000:   00000000

sample[36] =>  FF00000:   00000000

sample[37] =>  FF00000:   00000000

sample[38] =>  FF00000:   00000000

sample[39] =>  FF00000:   00000000


==== final targets ====
  1  PS TAP
     2  PMU
     3  PL
  4  PSU
     5  RPU (Reset)
        6  Cortex-R5 #0 (RPU Reset)
        7  Cortex-R5 #1 (RPU Reset)
     8* APU (L2 Cache Reset)
        9  Cortex-A53 #0 (APU Reset)
       10  Cortex-A53 #1 (APU Reset)
       11  Cortex-A53 #2 (APU Reset)
       12  Cortex-A53 #3 (APU Reset)

==== disconnect ====
