=== mode0_w5 ===
OUTDIR=/root/chipyard/fpga/logs/jtagtunnel_ila_xsdb_raw_20260324_223457
LABEL=mode0_w5
DR_BITS=16
DR_HEX=0x100A
JTAG_HZ=10000
ARM_STATE=/root/chipyard/fpga/logs/jtagtunnel_ila_xsdb_raw_20260324_223457/arm_state.txt
STIM_LOG=/root/chipyard/fpga/logs/jtagtunnel_ila_xsdb_raw_20260324_223457/stimulus.log
UPLOAD_STATE=/root/chipyard/fpga/logs/jtagtunnel_ila_xsdb_raw_20260324_223457/upload_state.txt
CSV_OUT=/root/chipyard/fpga/logs/jtagtunnel_ila_xsdb_raw_20260324_223457/jtagtunnel_ila.csv
=== mode0_w8 ===
OUTDIR=/root/chipyard/fpga/logs/jtagtunnel_ila_xsdb_raw_20260324_223646
LABEL=mode0_w8
DR_BITS=19
DR_HEX=0x1010
JTAG_HZ=10000
ARM_STATE=/root/chipyard/fpga/logs/jtagtunnel_ila_xsdb_raw_20260324_223646/arm_state.txt
STIM_LOG=/root/chipyard/fpga/logs/jtagtunnel_ila_xsdb_raw_20260324_223646/stimulus.log
UPLOAD_STATE=/root/chipyard/fpga/logs/jtagtunnel_ila_xsdb_raw_20260324_223646/upload_state.txt
CSV_OUT=/root/chipyard/fpga/logs/jtagtunnel_ila_xsdb_raw_20260324_223646/jtagtunnel_ila.csv
=== mode0_w5 ===
OUTDIR=/root/chipyard/fpga/logs/jtagtunnel_ila_xsdb_raw_20260324_223856
LABEL=mode0_w5
DR_BITS=16
DR_HEX=0x100A
JTAG_HZ=10000
ARM_STATE=/root/chipyard/fpga/logs/jtagtunnel_ila_xsdb_raw_20260324_223856/arm_state.txt
STIM_LOG=/root/chipyard/fpga/logs/jtagtunnel_ila_xsdb_raw_20260324_223856/stimulus.log
UPLOAD_STATE=/root/chipyard/fpga/logs/jtagtunnel_ila_xsdb_raw_20260324_223856/upload_state.txt
CSV_OUT=/root/chipyard/fpga/logs/jtagtunnel_ila_xsdb_raw_20260324_223856/jtagtunnel_ila.csv
=== mode0_w8 ===
OUTDIR=/root/chipyard/fpga/logs/jtagtunnel_ila_xsdb_raw_20260324_223915
LABEL=mode0_w8
DR_BITS=19
DR_HEX=0x1010
JTAG_HZ=10000
ARM_STATE=/root/chipyard/fpga/logs/jtagtunnel_ila_xsdb_raw_20260324_223915/arm_state.txt
STIM_LOG=/root/chipyard/fpga/logs/jtagtunnel_ila_xsdb_raw_20260324_223915/stimulus.log
UPLOAD_STATE=/root/chipyard/fpga/logs/jtagtunnel_ila_xsdb_raw_20260324_223915/upload_state.txt
CSV_OUT=/root/chipyard/fpga/logs/jtagtunnel_ila_xsdb_raw_20260324_223915/jtagtunnel_ila.csv
=== mode0_w5 ===
OUTDIR=/root/chipyard/fpga/logs/jtagtunnel_ila_xsdb_raw_20260324_223934
LABEL=mode0_w5
DR_BITS=16
DR_HEX=0x100A
JTAG_HZ=10000
ARM_STATE=/root/chipyard/fpga/logs/jtagtunnel_ila_xsdb_raw_20260324_223934/arm_state.txt
STIM_LOG=/root/chipyard/fpga/logs/jtagtunnel_ila_xsdb_raw_20260324_223934/stimulus.log
UPLOAD_STATE=/root/chipyard/fpga/logs/jtagtunnel_ila_xsdb_raw_20260324_223934/upload_state.txt
CSV_OUT=/root/chipyard/fpga/logs/jtagtunnel_ila_xsdb_raw_20260324_223934/jtagtunnel_ila.csv
=== mode0_w8 ===
OUTDIR=/root/chipyard/fpga/logs/jtagtunnel_ila_xsdb_raw_20260324_223952
LABEL=mode0_w8
DR_BITS=19
DR_HEX=0x1010
JTAG_HZ=10000
ARM_STATE=/root/chipyard/fpga/logs/jtagtunnel_ila_xsdb_raw_20260324_223952/arm_state.txt
STIM_LOG=/root/chipyard/fpga/logs/jtagtunnel_ila_xsdb_raw_20260324_223952/stimulus.log
UPLOAD_STATE=/root/chipyard/fpga/logs/jtagtunnel_ila_xsdb_raw_20260324_223952/upload_state.txt
CSV_OUT=/root/chipyard/fpga/logs/jtagtunnel_ila_xsdb_raw_20260324_223952/jtagtunnel_ila.csv
