'\\wsl.localhost\Ubuntu-22.04\root\chipyard\fpga'
用作为当前目录的以上路径启动了 CMD.EXE。
UNC 路径不受支持。默认值设为 Windows 目录。

==== check payload file ====
flat payload = \\wsl.localhost\Ubuntu-22.04\root\chipyard\software\firemarshal\boards\default\firmware\opensbi\build\platform\generic\firmware\fw_payload.bin
flat_size = 0x1ad4808 aligned = 0x1ad5000
payload_psddr_addr = 0x00000000
bootaddr = 0x80002000

==== connect hw_server ====
attempting to launch hw_server

****** Xilinx hw_server v2021.2
  **** Build date : Oct 19 2021 at 03:13:30
    ** Copyright 1986-2021 Xilinx, Inc. All Rights Reserved.

INFO: hw_server application started
INFO: Use Ctrl-C to exit hw_server application



****** Xilinx hw_server v2021.2

  **** Build date : Oct 19 2021 at 03:13:30

    ** Copyright 1986-2021 Xilinx, Inc. All Rights Reserved.



INFO: hw_server application started

INFO: Use Ctrl-C to exit hw_server application




INFO: To connect to this hw_server instance use url: TCP:127.0.0.1:3121




==== show targets ====
  1  PS TAP
     2  PMU
     3  PL
  4  PSU
     5  RPU (Reset)
        6  Cortex-R5 #0 (RPU Reset)
        7  Cortex-R5 #1 (RPU Reset)
     8  APU
        9  Cortex-A53 #0 (External Debug Request, EL3(S)/A64)
       10  Cortex-A53 #1 (Power On Reset)
       11  Cortex-A53 #2 (Power On Reset)
       12  Cortex-A53 #3 (Power On Reset)

==== force XSDB memory accesses ====

==== select APU target for PS DDR payload access ====
  1  PS TAP
     2  PMU
     3  PL
  4  PSU
     5  RPU (Reset)
        6  Cortex-R5 #0 (RPU Reset)
        7  Cortex-R5 #1 (RPU Reset)
     8* APU
        9  Cortex-A53 #0 (External Debug Request, EL3(S)/A64)
       10  Cortex-A53 #1 (Power On Reset)
       11  Cortex-A53 #2 (Power On Reset)
       12  Cortex-A53 #3 (Power On Reset)

==== add XSDB memmap entry for PS DDR payload window ====
payload memmap: addr=0x00000000 size=0x1ad5000

==== download flat payload to PS DDR physical 0x00000000 ====
ERROR in download flat payload to PS DDR physical 0x00000000: Channel closed
Channel closed
    invoked from within
"::tcf::eval -progress {
	    apply {{info} {
		if { $::xsdb::silent_mode == 0 } {
		    switch -- [lindex $info 0] {
			"info" {
			    puts -nonewline "\r[lindex $info 1]"
			}
			"warning" {
			    puts "\n[lindex $info 1]"
			}
			"data" {
			    puts -nonewline "\r[lindex $info 1] of [lindex $info 2] complete"
			}
			"done" {
			    puts "\n[lindex $info 1]"
			}
		    }
		    flush stdout
		}
		::xsdb::abort_check
	    }}} {::tcf::cache_enter tcfchan#0 {tcf_cache_eval {download_cache_client ::tcfclient#0::arg}}}"
    (procedure "::tcf::cache_eval_with_progress" line 2)
    invoked from within
"::tcf::cache_eval_with_progress $params(chan) [list download_cache_client $argvar] {
	    apply {{info} {
		if { $::xsdb::silent_mode == 0 } {
		    s..."
    (procedure "dow" line 99)
    invoked from within
"dow -data $flat_file $payload_psddr_addr"
    ("uplevel" body line 2)
    invoked from within
"uplevel 1 $body"
