'\\wsl.localhost\Ubuntu-22.04\root\chipyard\fpga'
用作为当前目录的以上路径启动了 CMD.EXE。
UNC 路径不受支持。默认值设为 Windows 目录。

==== check payload file ====
flat payload = \\wsl.localhost\Ubuntu-22.04\root\chipyard\software\firemarshal\boards\default\firmware\opensbi\build\platform\generic\firmware\fw_payload.bin
flat_size = 0x1ad4808 aligned = 0x1ad5000
payload_psddr_addr = 0x00000000
bootaddr = 0x80002000

==== connect hw_server ====
attempting to launch hw_server

****** Xilinx hw_server v2021.2
  **** Build date : Oct 19 2021 at 03:13:30
    ** Copyright 1986-2021 Xilinx, Inc. All Rights Reserved.

INFO: hw_server application started
INFO: Use Ctrl-C to exit hw_server application



****** Xilinx hw_server v2021.2

  **** Build date : Oct 19 2021 at 03:13:30

    ** Copyright 1986-2021 Xilinx, Inc. All Rights Reserved.



INFO: hw_server application started

INFO: Use Ctrl-C to exit hw_server application




INFO: To connect to this hw_server instance use url: TCP:127.0.0.1:3121




==== show targets ====
  1  PS TAP
     2  PMU
     3  PL
  4  PSU
     5  RPU (Reset)
        6  Cortex-R5 #0 (RPU Reset)
        7  Cortex-R5 #1 (RPU Reset)
     8  APU
        9  Cortex-A53 #0 (External Debug Request, EL3(S)/A64)
       10  Cortex-A53 #1 (Power On Reset)
       11  Cortex-A53 #2 (Power On Reset)
       12  Cortex-A53 #3 (Power On Reset)

==== force XSDB memory accesses ====

==== select APU target for PS DDR payload access ====
  1  PS TAP
     2  PMU
     3  PL
  4  PSU
     5  RPU (Reset)
        6  Cortex-R5 #0 (RPU Reset)
        7  Cortex-R5 #1 (RPU Reset)
     8* APU
        9  Cortex-A53 #0 (External Debug Request, EL3(S)/A64)
       10  Cortex-A53 #1 (Power On Reset)
       11  Cortex-A53 #2 (Power On Reset)
       12  Cortex-A53 #3 (Power On Reset)

==== add XSDB memmap entry for PS DDR payload window ====
payload memmap: addr=0x00000000 size=0x1ad5000

==== download flat payload to PS DDR physical 0x00000000 ====
       0:   C7818BA1


==== select PSU target for boot-address-reg and MSIP ====
  1  PS TAP
     2  PMU
     3  PL
  4* PSU
     5  RPU (Reset)
        6  Cortex-R5 #0 (RPU Reset)
        7  Cortex-R5 #1 (RPU Reset)
     8  APU
        9  Cortex-A53 #0 (External Debug Request, EL3(S)/A64)
       10  Cortex-A53 #1 (Power On Reset)
       11  Cortex-A53 #2 (Power On Reset)
       12  Cortex-A53 #3 (Power On Reset)

==== program boot-address-reg for chip-visible DDR 0x80000000 ====
    1000:   80002000

    1004:   00000000


==== trigger hart0 msip ====
 2000000:   00000001


==== final message ====
fw_payload loaded to PS DDR physical 0x00000000.
boot-address-reg points chip boot flow at 0x80002000 and MSIP is asserted.
Expected serial flow: bootrom banner -> OpenSBI -> Linux earlycon -> /#

==== disconnect ====
