'\\wsl.localhost\Ubuntu-22.04\root\chipyard\fpga'
用作为当前目录的以上路径启动了 CMD.EXE。
UNC 路径不受支持。默认值设为 Windows 目录。
attempting to launch hw_server

****** Xilinx hw_server v2021.2
  **** Build date : Oct 19 2021 at 03:13:30
    ** Copyright 1986-2021 Xilinx, Inc. All Rights Reserved.

INFO: hw_server application started
INFO: Use Ctrl-C to exit hw_server application



****** Xilinx hw_server v2021.2

  **** Build date : Oct 19 2021 at 03:13:30

    ** Copyright 1986-2021 Xilinx, Inc. All Rights Reserved.



INFO: hw_server application started

INFO: Use Ctrl-C to exit hw_server application




INFO: To connect to this hw_server instance use url: TCP:127.0.0.1:3121




==== target ====
  1  PS TAP
     2  PMU
     3  PL
  4  PSU
     5  RPU (Reset)
        6  Cortex-R5 #0 (RPU Reset)
        7  Cortex-R5 #1 (RPU Reset)
     8  APU
        9* Cortex-A53 #0 (Hardware Breakpoint, EL3(S)/A64)
       10  Cortex-A53 #1 (Power On Reset)
       11  Cortex-A53 #2 (Power On Reset)
       12  Cortex-A53 #3 (Power On Reset)
PC=pc: 0000000000000200
CPSR=cpsr: 000003cd
    n (Bits [31]): 0   z (Bits [30]): 0   c (Bits [29]): 0   v (Bits [28]): 0
   ss (Bits [21]): 0  il (Bits [20]): 0    d (Bits [9]): 1    a (Bits [8]): 1
     i (Bits [7]): 1    f (Bits [6]): 1  m (Bits [4:0]): d

==== help dis ====
CMD_OK=YES
NAME
    dis - Disassemble Instructions.

SYNOPSIS
    dis <address> [num]
	Disassemble <num> instructions at address specified by <address>
	The keyword "pc" can be used to disassemble instructions at current PC
	Default value for <num> is 1.

EXAMPLE
    dis
        Disassemble an instruction at the current PC value.

    dis pc 2
	Disassemble two instructions at the current PC value.

    dis 0x0 2
	Disassemble two instructions at address 0x0.

RETURNS
    Disassembled instructions if successful.
    Error string, if the target instructions cannot be read.

==== help disassemble ====
CMD_OK=NO
CMD_VALUE=unknown command or category "disassemble": must be categories, commands, connections, breakpoints, download, memory, registers, running, reset, ipi, streams, projects, petalinux, hsi, miscellaneous, connect, disconnect, targets, rrd, rwr, state, stop, con, stp, nxt, stpi, nxti, stpout, dis, mrd, mwr, osa, memmap, dow, verify, mask_poll, mask_write, init_ps, rst, pmc, plm, plm copy-debug-log, plm set-debug-log, plm set-log-level, plm log, fpga, bpadd, bpremove, bpenable, bpdisable, bplist, bpstatus, jtagterminal, readjtaguart, loadhw, loadipxact, unloadhw, mdm_drwr, mb_drwr, mdm_drrd, mb_drrd, print, locals, backtrace, bt, configparams, version, profile, mbprofile, mbtrace, jtag, jtag targets, jtag sequence, jtag device_properties, jtag lock, jtag unlock, jtag claim, jtag disclaim, jtag frequency, jtag skew, jtag servers, tfile, tfile open, tfile close, tfile read, tfile write, tfile stat, tfile lstat, tfile fstat, tfile setstat, tfile fsetstat, tfile remove, tfile rmdir, tfile mkdir, tfile realpath, tfile rename, tfile readlink, tfile symlink, tfile opendir, tfile readdir, tfile copy, tfile user, tfile roots, tfile ls, xsdbserver start, xsdbserver stop, xsdbserver disconnect, xsdbserver version, gdbremote connect, gdbremote disconnect, svf, svf config, svf generate, svf mwr, svf dow, svf stop, svf con, svf delay, svf rst, device, device program, device status, device authjtag
unknown command or category "disassemble": must be categories, commands, connections, breakpoints, download, memory, registers, running, reset, ipi, streams, projects, petalinux, hsi, miscellaneous, connect, disconnect, targets, rrd, rwr, state, stop, con, stp, nxt, stpi, nxti, stpout, dis, mrd, mwr, osa, memmap, dow, verify, mask_poll, mask_write, init_ps, rst, pmc, plm, plm copy-debug-log, plm set-debug-log, plm set-log-level, plm log, fpga, bpadd, bpremove, bpenable, bpdisable, bplist, bpstatus, jtagterminal, readjtaguart, loadhw, loadipxact, unloadhw, mdm_drwr, mb_drwr, mdm_drrd, mb_drrd, print, locals, backtrace, bt, configparams, version, profile, mbprofile, mbtrace, jtag, jtag targets, jtag sequence, jtag device_properties, jtag lock, jtag unlock, jtag claim, jtag disclaim, jtag frequency, jtag skew, jtag servers, tfile, tfile open, tfile close, tfile read, tfile write, tfile stat, tfile lstat, tfile fstat, tfile setstat, tfile fsetstat, tfile remove, tfile rmdir, tfile mkdir, tfile realpath, tfile rename, tfile readlink, tfile symlink, tfile opendir, tfile readdir, tfile copy, tfile user, tfile roots, tfile ls, xsdbserver start, xsdbserver stop, xsdbserver disconnect, xsdbserver version, gdbremote connect, gdbremote disconnect, svf, svf config, svf generate, svf mwr, svf dow, svf stop, svf con, svf delay, svf rst, device, device program, device status, device authjtag
    while executing
"error "unknown command or category \"$option\": must be [join [dict keys $command_metadata] {, }]""
    (procedure "help" line 10)
    invoked from within
"help disassemble"
    ("uplevel" body line 1)
    invoked from within
"uplevel 1 $body"

==== dis raw positional ====
CMD_OK=YES
000001f0: .word 0x47d5cc07
000001f4: .word 0x000a2703
000001f8: .word 0x0009049b
000001fc: .word 0x0537f263
00000200: .word 0x008a3783
00000204: ldrsw   x21, [x28, #60]!
00000208: add     x7, x28, w3, uxtb
0000020c: .word 0x873b0208
00000210: b       -23904028; addr=0xfffffffffa4d05a0
00000214: mov     x7, #0xfffffffffffff7ef
00000218: .word 0x004d9793
0000021c: .word 0x078e97b6
00000220: .word 0x00040697
00000224: .word 0x43868693
00000228: .word 0x639097b6
0000022c: .word 0x85ce4685

==== dis raw flags ====
CMD_OK=NO
CMD_VALUE=bad option '-addr': -help
bad option '-addr': -help
    while executing
"error "bad option '$arg': [join $optnames]""
    (procedure "::xsdb::get_options" line 45)
    invoked from within
"::xsdb::get_options args $options 0"
    (procedure "dis" line 5)
    invoked from within
"dis -addr 0x1f0 -count 16"
    ("uplevel" body line 1)
    invoked from within
"uplevel 1 $body"

==== disassemble positional ====
CMD_OK=NO
CMD_VALUE=invalid command name "disassemble"
invalid command name "disassemble"
    while executing
"disassemble 0x1f0 16"
    ("uplevel" body line 1)
    invoked from within
"uplevel 1 $body"

==== disassemble flags ====
CMD_OK=NO
CMD_VALUE=invalid command name "disassemble"
invalid command name "disassemble"
    while executing
"disassemble -address 0x1f0 -count 16"
    ("uplevel" body line 1)
    invoked from within
"uplevel 1 $body"

==== a53 target props ====
CMD_OK=YES
{target_ctx {JTAG-jsn-HW-Z1-ZCU104 FT4232H-07198A-5ba00477-0A0} target_id 9 level 2 name {Cortex-A53 #0} parent_ctx {JTAG-jsn-HW-Z1-ZCU104 FT4232H-07198A-5ba00477-0A} parent APU state_reason {Hardware Breakpoint, EL3(S)/A64} is_current 1 bscan {} jtag_device_id 3 jtag_device_ctx {jsn-HW-Z1-ZCU104 FT4232H-07198A-5ba00477-0} jtag_cable_id 1 jtag_cable_ctx {jsn-HW-Z1-ZCU104 FT4232H-07198A} jtag_cable_name {Xilinx HW-Z1-ZCU104 FT4232H 07198A} jtag_device_index 1 jtag_cable_manufacturer Xilinx jtag_cable_product {HW-Z1-ZCU104 FT4232H} jtag_cable_serial 07198A suspended 1}
