'\\wsl.localhost\Ubuntu-22.04\root\chipyard\fpga'
用作为当前目录的以上路径启动了 CMD.EXE。
UNC 路径不受支持。默认值设为 Windows 目录。

==== connect ====
attempting to launch hw_server

****** Xilinx hw_server v2021.2
  **** Build date : Oct 19 2021 at 03:13:30
    ** Copyright 1986-2021 Xilinx, Inc. All Rights Reserved.

INFO: hw_server application started
INFO: Use Ctrl-C to exit hw_server application



****** Xilinx hw_server v2021.2

  **** Build date : Oct 19 2021 at 03:13:30

    ** Copyright 1986-2021 Xilinx, Inc. All Rights Reserved.



INFO: hw_server application started

INFO: Use Ctrl-C to exit hw_server application




INFO: To connect to this hw_server instance use url: TCP:127.0.0.1:3121




==== select PS TAP ====

==== rst por ====

==== wait after por ====

==== select PSU ====

==== source psu_init ====

==== run psu_init ====

==== program fpga ====

==== wait after fpga ====

==== remove isolation ====

==== apply reset config ====

==== select APU ====

==== force mem ====

==== memmap payload ====

==== download payload ====
ERROR in download payload: Channel closed
Channel closed
    invoked from within
"::tcf::eval -progress {
	    apply {{info} {
		if { $::xsdb::silent_mode == 0 } {
		    switch -- [lindex $info 0] {
			"info" {
			    puts -nonewline "\r[lindex $info 1]"
			}
			"warning" {
			    puts "\n[lindex $info 1]"
			}
			"data" {
			    puts -nonewline "\r[lindex $info 1] of [lindex $info 2] complete"
			}
			"done" {
			    puts "\n[lindex $info 1]"
			}
		    }
		    flush stdout
		}
		::xsdb::abort_check
	    }}} {::tcf::cache_enter tcfchan#0 {tcf_cache_eval {download_cache_client ::tcfclient#0::arg}}}"
    (procedure "::tcf::cache_eval_with_progress" line 2)
    invoked from within
"::tcf::cache_eval_with_progress $params(chan) [list download_cache_client $argvar] {
	    apply {{info} {
		if { $::xsdb::silent_mode == 0 } {
		    s..."
    (procedure "dow" line 99)
    invoked from within
"dow -data $flat_file $payload_psddr_addr "
    ("uplevel" body line 1)
    invoked from within
"uplevel 1 $body"
