'\\wsl.localhost\Ubuntu-22.04\root\chipyard\fpga'
用作为当前目录的以上路径启动了 CMD.EXE。
UNC 路径不受支持。默认值设为 Windows 目录。

==== check inputs ====
PAYLOAD_FILE=\\wsl.localhost\Ubuntu-22.04\root\chipyard\software\firemarshal\boards\default\firmware\opensbi\build\platform\generic\firmware\fw_payload.bin
BOOTADDR=0x80000000

==== connect and recover ====
attempting to launch hw_server

****** Xilinx hw_server v2021.2
  **** Build date : Oct 19 2021 at 03:13:30
    ** Copyright 1986-2021 Xilinx, Inc. All Rights Reserved.

INFO: hw_server application started
INFO: Use Ctrl-C to exit hw_server application



****** Xilinx hw_server v2021.2

  **** Build date : Oct 19 2021 at 03:13:30

    ** Copyright 1986-2021 Xilinx, Inc. All Rights Reserved.



INFO: hw_server application started

INFO: Use Ctrl-C to exit hw_server application




INFO: To connect to this hw_server instance use url: TCP:127.0.0.1:3121




==== psu init and fpga ====
STEP_ERR_LABEL=psu init and fpga
STEP_ERR_VALUE=Timeout Reached. Mask poll failed at ADDRESS: 0XFFD80110 MASK: 0x00800000
Timeout Reached. Mask poll failed at ADDRESS: 0XFFD80110 MASK: 0x00800000
    while executing
"error "Timeout Reached. Mask poll failed at ADDRESS: $addr MASK: $mask""
    (procedure "mask_poll" line 23)
    invoked from within
"mask_poll 0XFFD80110 0x00800000 0x00000000"
    ("eval" body line 1)
    invoked from within
"eval $cmd {*}$args"
    ("foreach" body line 7)
    invoked from within
"foreach action [split $init_data "\n"] {
	    set cmd [lindex $action 0]
	    switch -- $cmd {
		"mask_write" -
		"mask_poll" {
		    set args [lrepla..."
    (procedure "init_ps" line 6)
    invoked from within
"init_ps [subst {$psu_ps_pl_isolation_removal_data}]"
    (procedure "psu_ps_pl_isolation_removal" line 3)
    invoked from within
"psu_ps_pl_isolation_removal"
    ("uplevel" body line 8)
    invoked from within
"uplevel 1 $body"

==== payload file window raw ====
 8b89f784 2703c395 9793000a 073b004d
 170240e9 97ba9301 0717078e 07130004
 97ba47e7 0007b023 f7843783 8ce38b91
 47d5cc07 000a2703 0009049b 0537f263
 008a3783 b883cf95 8b630387 873b0208
 169340e4 92810207 004d9793 078e97b6
 00040697 43868693 639097b6 85ce4685
 0007051b c5099882 6de669ea b949892a

==== fw_payload disassembly 0x800021c0..0x80002240 ====

/root/chipyard/software/firemarshal/boards/default/firmware/opensbi/build/platform/generic/firmware/fw_payload.elf:     file format elf64-littleriscv


Disassembly of section .text:

00000000800021c0 <sbi_pmu_ctr_cfg_match+0x582>:
    800021c0:	f784                	sd	s1,40(a5)
    800021c2:	8b89                	andi	a5,a5,2
    800021c4:	c395                	beqz	a5,800021e8 <sbi_pmu_ctr_cfg_match+0x5aa>
    800021c6:	000a2703          	lw	a4,0(s4)
    800021ca:	004d9793          	slli	a5,s11,0x4
    800021ce:	40e9073b          	subw	a4,s2,a4
    800021d2:	1702                	slli	a4,a4,0x20
    800021d4:	9301                	srli	a4,a4,0x20
    800021d6:	97ba                	add	a5,a5,a4
    800021d8:	078e                	slli	a5,a5,0x3
    800021da:	00040717          	auipc	a4,0x40
    800021de:	47e70713          	addi	a4,a4,1150 # 80042658 <fw_counters_value>
    800021e2:	97ba                	add	a5,a5,a4
    800021e4:	0007b023          	sd	zero,0(a5)
    800021e8:	f7843783          	ld	a5,-136(s0)
    800021ec:	8b91                	andi	a5,a5,4
    800021ee:	cc078ce3          	beqz	a5,80001ec6 <sbi_pmu_ctr_cfg_match+0x288>
    800021f2:	47d5                	li	a5,21
    800021f4:	000a2703          	lw	a4,0(s4)
    800021f8:	0009049b          	sext.w	s1,s2
    800021fc:	0537f263          	bgeu	a5,s3,80002240 <sbi_pmu_ctr_cfg_match+0x602>
    80002200:	008a3783          	ld	a5,8(s4)
    80002204:	cf95                	beqz	a5,80002240 <sbi_pmu_ctr_cfg_match+0x602>
    80002206:	0387b883          	ld	a7,56(a5)
    8000220a:	02088b63          	beqz	a7,80002240 <sbi_pmu_ctr_cfg_match+0x602>
    8000220e:	40e4873b          	subw	a4,s1,a4
    80002212:	02071693          	slli	a3,a4,0x20
    80002216:	9281                	srli	a3,a3,0x20
    80002218:	004d9793          	slli	a5,s11,0x4
    8000221c:	97b6                	add	a5,a5,a3
    8000221e:	078e                	slli	a5,a5,0x3
    80002220:	00040697          	auipc	a3,0x40
    80002224:	43868693          	addi	a3,a3,1080 # 80042658 <fw_counters_value>
    80002228:	97b6                	add	a5,a5,a3
    8000222a:	6390                	ld	a2,0(a5)
    8000222c:	4685                	li	a3,1
    8000222e:	85ce                	mv	a1,s3
    80002230:	0007051b          	sext.w	a0,a4
    80002234:	9882                	jalr	a7
    80002236:	c509                	beqz	a0,80002240 <sbi_pmu_ctr_cfg_match+0x602>
    80002238:	69ea                	ld	s3,152(sp)
    8000223a:	6de6                	ld	s11,88(sp)
    8000223c:	892a                	mv	s2,a0
    8000223e:	b949                	j	80001ed0 <sbi_pmu_ctr_cfg_match+0x292>

==== addr2line focus 0x800021fc/2200/2204/2208 ====
sbi_pmu_ctr_cfg_match
/home/user006/project/chipyard/software/firemarshal/boards/default/firmware/opensbi/lib/sbi/sbi_pmu.c:716
sbi_pmu_ctr_cfg_match
/home/user006/project/chipyard/software/firemarshal/boards/default/firmware/opensbi/lib/sbi/sbi_pmu.c:716 (discriminator 1)
sbi_pmu_ctr_cfg_match
/home/user006/project/chipyard/software/firemarshal/boards/default/firmware/opensbi/lib/sbi/sbi_pmu.c:716 (discriminator 1)
sbi_pmu_ctr_cfg_match
/home/user006/project/chipyard/software/firemarshal/boards/default/firmware/opensbi/lib/sbi/sbi_pmu.c:717
