'\\wsl.localhost\Ubuntu-22.04\root\chipyard\fpga'
用作为当前目录的以上路径启动了 CMD.EXE。
UNC 路径不受支持。默认值设为 Windows 目录。

==== connect and list targets ====
attempting to launch hw_server

****** Xilinx hw_server v2021.2
  **** Build date : Oct 19 2021 at 03:13:30
    ** Copyright 1986-2021 Xilinx, Inc. All Rights Reserved.

INFO: hw_server application started
INFO: Use Ctrl-C to exit hw_server application



****** Xilinx hw_server v2021.2

  **** Build date : Oct 19 2021 at 03:13:30

    ** Copyright 1986-2021 Xilinx, Inc. All Rights Reserved.



INFO: hw_server application started

INFO: Use Ctrl-C to exit hw_server application




INFO: To connect to this hw_server instance use url: TCP:127.0.0.1:3121



ERROR in connect and list targets: Channel closed
Channel closed
    invoked from within
"::tcf::eval -progress ::xsdb::no_print_progress {::tcf::cache_enter tcfchan#0 {tcf_cache_eval {process_tcf_actions_cache_client ::tcfclient#0::arg}}}"
    (procedure "::tcf::cache_eval_with_progress" line 2)
    invoked from within
"::tcf::cache_eval_with_progress [dict get $arg chan]  [list process_tcf_actions_cache_client $argvar] $progress"
    (procedure "process_tcf_actions" line 1)
    invoked from within
"process_tcf_actions $arg"
    (procedure "targets" line 115)
    invoked from within
"targets"
    ("uplevel" body line 3)
    invoked from within
"uplevel 1 $body"
