'\\wsl.localhost\Ubuntu-22.04\root\chipyard\fpga'
用作为当前目录的以上路径启动了 CMD.EXE。
UNC 路径不受支持。默认值设为 Windows 目录。

==== connect ====
attempting to launch hw_server

****** Xilinx hw_server v2021.2
  **** Build date : Oct 19 2021 at 03:13:30
    ** Copyright 1986-2021 Xilinx, Inc. All Rights Reserved.

INFO: hw_server application started
INFO: Use Ctrl-C to exit hw_server application



****** Xilinx hw_server v2021.2

  **** Build date : Oct 19 2021 at 03:13:30

    ** Copyright 1986-2021 Xilinx, Inc. All Rights Reserved.



INFO: hw_server application started

INFO: Use Ctrl-C to exit hw_server application




INFO: To connect to this hw_server instance use url: TCP:127.0.0.1:3121




==== select PS TAP ====

==== rst por ====

==== wait after por ====

==== select PSU ====

==== source psu_init ====

==== run psu_init ====

==== program fpga ====

==== wait after fpga ====

==== remove isolation ====

==== apply reset config ====

==== select APU ====

==== force mem ====

==== memmap payload ====

==== download payload ====

==== select PSU for bootaddr ====

==== program bootaddr + msip ====
PROBE_BEGIN tag=baseline
PROBE_SELECT tag=baseline ok=1
PROBE_HALT tag=baseline ok=0 err=APU L2 cache is held in reset
PROBE_PC tag=baseline ok=1 val=pc: N/A

ATTEMPT_BEGIN tag=a53_rst_processor
WARNING: If the reset is being triggered after powering on the device,
          write bootloop at reset vector address (0xffff0000), or use
          -clear-registers option, to avoid unpredictable behavior.
          Further warnings will be suppressed
ATTEMPT_CMD tag=a53_rst_processor ok=1
PROBE_BEGIN tag=a53_rst_processor
PROBE_SELECT tag=a53_rst_processor ok=1
PROBE_HALT tag=a53_rst_processor ok=0 err=Already stopped
PROBE_PC tag=a53_rst_processor ok=1 val=pc: 00000000ffff0000

FOUND_PC tag=a53_rst_processor val=pc: 00000000ffff0000

