'\\wsl.localhost\Ubuntu-22.04\root\chipyard\fpga'
用作为当前目录的以上路径启动了 CMD.EXE。
UNC 路径不受支持。默认值设为 Windows 目录。

==== check inputs ====
PSU_INIT=\\wsl.localhost\Ubuntu-22.04\root\chipyard\fpga\generated-src\chipyard.fpga.zcu104.ZCU104FPGATestHarness.RocketZCU104Config\obj\ip\zcu104ps\psu_init.tcl
BIT_FILE=\\wsl.localhost\Ubuntu-22.04\root\chipyard\fpga\generated-src\chipyard.fpga.zcu104.ZCU104FPGATestHarness.RocketZCU104Config\obj\ZCU104FPGATestHarness.bit

==== connect ====
attempting to launch hw_server

****** Xilinx hw_server v2021.2
  **** Build date : Oct 19 2021 at 03:13:30
    ** Copyright 1986-2021 Xilinx, Inc. All Rights Reserved.

INFO: hw_server application started
INFO: Use Ctrl-C to exit hw_server application



****** Xilinx hw_server v2021.2

  **** Build date : Oct 19 2021 at 03:13:30

    ** Copyright 1986-2021 Xilinx, Inc. All Rights Reserved.



INFO: hw_server application started

INFO: Use Ctrl-C to exit hw_server application




INFO: To connect to this hw_server instance use url: TCP:127.0.0.1:3121




==== por recover ====

==== select psu ====

==== source psu_init ====

==== run psu_init ====

==== program bit ====

==== release isolation ====

==== read bootrom head ====
BOOTROM_10000=   10000:   A0211000
   10004:   0C632705
   10008:   439400C7
   1000C:   9BE307C1

BOOTROM_10020=   10020:   01414501
   10024:   71798082
   10028:   F406F022
   1002C:   1800E44E

