'\\wsl.localhost\Ubuntu-22.04\root\chipyard\fpga'
用作为当前目录的以上路径启动了 CMD.EXE。
UNC 路径不受支持。默认值设为 Windows 目录。

==== connect ====
attempting to launch hw_server

****** Xilinx hw_server v2021.2
  **** Build date : Oct 19 2021 at 03:13:30
    ** Copyright 1986-2021 Xilinx, Inc. All Rights Reserved.

INFO: hw_server application started
INFO: Use Ctrl-C to exit hw_server application



****** Xilinx hw_server v2021.2

  **** Build date : Oct 19 2021 at 03:13:30

    ** Copyright 1986-2021 Xilinx, Inc. All Rights Reserved.



INFO: hw_server application started

INFO: Use Ctrl-C to exit hw_server application




INFO: To connect to this hw_server instance use url: TCP:127.0.0.1:3121




==== select PS TAP ====

==== rst por ====

==== wait after por ====

==== select PSU ====

==== source psu_init ====

==== run psu_init ====

==== program fpga ====

==== wait after fpga ====

==== remove isolation ====

==== apply reset config ====

==== select APU for payload ====

==== force mem ====

==== memmap payload ====

==== download payload ====

==== select PSU for bootaddr ====

==== program bootaddr + msip ====

==== a53 rst-processor ====
WARNING: If the reset is being triggered after powering on the device,
          write bootloop at reset vector address (0xffff0000), or use
          -clear-registers option, to avoid unpredictable behavior.
          Further warnings will be suppressed

==== run short and stop ====

==== emit signature ctx ====
SIG_PC=pc: 0000000000000200

SIG_SP=sp: d0860ba2214002a7


==== emit signature mem ====
SIG_W_0200=008A3783
SIG_W_0204=B883CF95
SIG_W_01E0=97BA47E7
SIG_W_01E4=0007B023

==== disconnect ====
