'\\wsl.localhost\Ubuntu-22.04\root\chipyard\fpga'
用作为当前目录的以上路径启动了 CMD.EXE。
UNC 路径不受支持。默认值设为 Windows 目录。
attempting to launch hw_server

****** Xilinx hw_server v2021.2
  **** Build date : Oct 19 2021 at 03:13:30
    ** Copyright 1986-2021 Xilinx, Inc. All Rights Reserved.

INFO: hw_server application started
INFO: Use Ctrl-C to exit hw_server application



****** Xilinx hw_server v2021.2

  **** Build date : Oct 19 2021 at 03:13:30

    ** Copyright 1986-2021 Xilinx, Inc. All Rights Reserved.



INFO: hw_server application started

INFO: Use Ctrl-C to exit hw_server application




INFO: To connect to this hw_server instance use url: TCP:127.0.0.1:3121



==== TARGET ====
  1  PS TAP
     2  PMU
     3  PL
  4  PSU
     5  RPU (Reset)
        6  Cortex-R5 #0 (RPU Reset)
        7  Cortex-R5 #1 (RPU Reset)
     8  APU
        9* Cortex-A53 #0 (Hardware Breakpoint, EL3(S)/A64)
       10  Cortex-A53 #1 (Power On Reset)
       11  Cortex-A53 #2 (Power On Reset)
       12  Cortex-A53 #3 (Power On Reset)
==== RRD_DEFS ====
      r0: (RW)        r1: (RW)        r2: (RW)        r3: (RW)        r4: (RW)
      r5: (RW)        r6: (RW)        r7: (RW)        r8: (RW)        r9: (RW)
     r10: (RW)       r11: (RW)       r12: (RW)       r13: (RW)       r14: (RW)
     r15: (RW)       r16: (RW)       r17: (RW)       r18: (RW)       r19: (RW)
     r20: (RW)       r21: (RW)       r22: (RW)       r23: (RW)       r24: (RW)
     r25: (RW)       r26: (RW)       r27: (RW)       r28: (RW)       r29: (RW)
     r30: (RW)        sp: (RW)        pc: (RW)      cpsr: (RW)       vfp      
     sys             dbg        acpu_gic      

