'\\wsl.localhost\Ubuntu-22.04\root\chipyard\fpga'
用作为当前目录的以上路径启动了 CMD.EXE。
UNC 路径不受支持。默认值设为 Windows 目录。

==== connect+select+rstop ====
attempting to launch hw_server

****** Xilinx hw_server v2021.2
  **** Build date : Oct 19 2021 at 03:13:30
    ** Copyright 1986-2021 Xilinx, Inc. All Rights Reserved.

INFO: hw_server application started
INFO: Use Ctrl-C to exit hw_server application



****** Xilinx hw_server v2021.2

  **** Build date : Oct 19 2021 at 03:13:30

    ** Copyright 1986-2021 Xilinx, Inc. All Rights Reserved.



INFO: hw_server application started

INFO: Use Ctrl-C to exit hw_server application




INFO: To connect to this hw_server instance use url: TCP:127.0.0.1:3121



WARNING: If the reset is being triggered after powering on the device,
          write bootloop at reset vector address (0xffff0000), or use
          -clear-registers option, to avoid unpredictable behavior.
          Further warnings will be suppressed

==== bp0200 short run ====
BP_0200_ID=0
BP_0200_SAMPLE i=1 PC=pc: 0000000000000200
BP_0200_SAMPLE i=2 PC=pc: 0000000000000200
BP_0200_SAMPLE i=3 PC=pc: 0000000000000200
BP_0200_SAMPLE i=4 PC=pc: 0000000000000200
BP_0200_SAMPLE i=5 PC=pc: 0000000000000200

==== post-hit single-step ====
POST_BP_0200_STEP j=1 PC=pc: 0000000000000200
POST_BP_0200_STEP j=2 PC=pc: 0000000000000200
POST_BP_0200_STEP j=3 PC=pc: 0000000000000200
POST_BP_0200_STEP j=4 PC=pc: 0000000000000200
POST_BP_0200_STEP j=5 PC=pc: 0000000000000200
BP_0200_HIT=YES
BP_0200_COUNT=5
BP_0200_FIRST_PC=pc: 0000000000000200
POST_BP_0200_PC_READABLE=YES
POST_BP_0200_PC_PROGRESS=NO
POST_BP_0200_RETURNS_TO_0200=YES
POST_BP_0200_UNIQ={pc: 0000000000000200}
