'\\wsl.localhost\Ubuntu-22.04\root\chipyard\fpga'
用作为当前目录的以上路径启动了 CMD.EXE。
UNC 路径不受支持。默认值设为 Windows 目录。

==== connect ====
attempting to launch hw_server

****** Xilinx hw_server v2021.2
  **** Build date : Oct 19 2021 at 03:13:30
    ** Copyright 1986-2021 Xilinx, Inc. All Rights Reserved.

INFO: hw_server application started
INFO: Use Ctrl-C to exit hw_server application



****** Xilinx hw_server v2021.2

  **** Build date : Oct 19 2021 at 03:13:30

    ** Copyright 1986-2021 Xilinx, Inc. All Rights Reserved.



INFO: hw_server application started

INFO: Use Ctrl-C to exit hw_server application




INFO: To connect to this hw_server instance use url: TCP:127.0.0.1:3121




==== select target index 9 ====

==== halt core ====
ERROR in halt core: APU L2 cache is held in reset
APU L2 cache is held in reset
    invoked from within
"::tcf::eval -progress {apply {{msg} {puts $msg}}} {tcf_send_command tcfchan#0 RunControl suspend s e {{JTAG-jsn-HW-Z1-ZCU104 FT4232H-07198A-5ba00477-0A0}}}"
    (procedure "::tcf::send_command" line 4)
    invoked from within
"::tcf::send_command $chan RunControl suspend s e [list $ctx]"
    (procedure "stop" line 14)
    invoked from within
"stop "
    ("uplevel" body line 1)
    invoked from within
"uplevel 1 $body"
