'\\wsl.localhost\Ubuntu-22.04\root\chipyard\fpga'
用作为当前目录的以上路径启动了 CMD.EXE。
UNC 路径不受支持。默认值设为 Windows 目录。

==== connect+park ====
attempting to launch hw_server

****** Xilinx hw_server v2021.2
  **** Build date : Oct 19 2021 at 03:13:30
    ** Copyright 1986-2021 Xilinx, Inc. All Rights Reserved.

INFO: hw_server application started
INFO: Use Ctrl-C to exit hw_server application



****** Xilinx hw_server v2021.2

  **** Build date : Oct 19 2021 at 03:13:30

    ** Copyright 1986-2021 Xilinx, Inc. All Rights Reserved.



INFO: hw_server application started

INFO: Use Ctrl-C to exit hw_server application




INFO: To connect to this hw_server instance use url: TCP:127.0.0.1:3121



AT_PC=pc: N/A
AT_CPSR=cpsr: N/A
    n: N/A   z: N/A   c: N/A   v: N/A  ss: N/A  il: N/A   d: N/A   a: N/A
    i: N/A   f: N/A   m: N/A

==== remove bp and step ====
S1_PC=pc: N/A
S1_CPSR=cpsr: N/A
    n: N/A   z: N/A   c: N/A   v: N/A  ss: N/A  il: N/A   d: N/A   a: N/A
    i: N/A   f: N/A   m: N/A
S2_PC=pc: N/A
S2_CPSR=cpsr: N/A
    n: N/A   z: N/A   c: N/A   v: N/A  ss: N/A  il: N/A   d: N/A   a: N/A
    i: N/A   f: N/A   m: N/A
S3_PC=pc: N/A
S3_CPSR=cpsr: N/A
    n: N/A   z: N/A   c: N/A   v: N/A  ss: N/A  il: N/A   d: N/A   a: N/A
    i: N/A   f: N/A   m: N/A
S4_PC=pc: N/A
S4_CPSR=cpsr: N/A
    n: N/A   z: N/A   c: N/A   v: N/A  ss: N/A  il: N/A   d: N/A   a: N/A
    i: N/A   f: N/A   m: N/A
S5_PC=pc: N/A
S5_CPSR=cpsr: N/A
    n: N/A   z: N/A   c: N/A   v: N/A  ss: N/A  il: N/A   d: N/A   a: N/A
    i: N/A   f: N/A   m: N/A
