'\\wsl.localhost\Ubuntu-22.04\root\chipyard\fpga'
用作为当前目录的以上路径启动了 CMD.EXE。
UNC 路径不受支持。默认值设为 Windows 目录。

==== connect+select+hold ====
attempting to launch hw_server

****** Xilinx hw_server v2021.2
  **** Build date : Oct 19 2021 at 03:13:30
    ** Copyright 1986-2021 Xilinx, Inc. All Rights Reserved.

INFO: hw_server application started
INFO: Use Ctrl-C to exit hw_server application



****** Xilinx hw_server v2021.2

  **** Build date : Oct 19 2021 at 03:13:30

    ** Copyright 1986-2021 Xilinx, Inc. All Rights Reserved.



INFO: hw_server application started

INFO: Use Ctrl-C to exit hw_server application




INFO: To connect to this hw_server instance use url: TCP:127.0.0.1:3121



WARNING: If the reset is being triggered after powering on the device,
          write bootloop at reset vector address (0xffff0000), or use
          -clear-registers option, to avoid unpredictable behavior.
          Further warnings will be suppressed

==== park at 0x200 ====
BP200_ID=0
PC_AT_BP=pc: 0000000000000200

==== dump window ====
MEM_WINDOW_BEGIN
     1E0:   97BA47E7
     1E4:   0007B023
     1E8:   F7843783
     1EC:   8CE38B91
     1F0:   47D5CC07
     1F4:   000A2703
     1F8:   0009049B
     1FC:   0537F263
     200:   008A3783
     204:   B883CF95
     208:   8B630387
     20C:   873B0208
     210:   169340E4
     214:   92810207
     218:   004D9793
     21C:   078E97B6
     220:   00040697
     224:   43868693
     228:   639097B6
     22C:   85CE4685
     230:   0007051B
     234:   C5099882
     238:   6DE669EA
     23C:   B949892A

MEM_WINDOW_END
INSN_AT_0200_BEGIN
     200:   008A3783

INSN_AT_0200_END
