'\\wsl.localhost\Ubuntu-22.04\root\chipyard\fpga'
用作为当前目录的以上路径启动了 CMD.EXE。
UNC 路径不受支持。默认值设为 Windows 目录。

==== connect ====
attempting to launch hw_server

****** Xilinx hw_server v2021.2
  **** Build date : Oct 19 2021 at 03:13:30
    ** Copyright 1986-2021 Xilinx, Inc. All Rights Reserved.

INFO: hw_server application started
INFO: Use Ctrl-C to exit hw_server application



****** Xilinx hw_server v2021.2

  **** Build date : Oct 19 2021 at 03:13:30

    ** Copyright 1986-2021 Xilinx, Inc. All Rights Reserved.



INFO: hw_server application started

INFO: Use Ctrl-C to exit hw_server application




INFO: To connect to this hw_server instance use url: TCP:127.0.0.1:3121




==== select PS TAP ====

==== rst por ====

==== wait after por ====

==== select PSU ====

==== source psu_init ====

==== run psu_init ====

==== program fpga ====

==== wait after fpga ====

==== remove isolation ====

==== apply reset config ====

==== select APU ====

==== force mem ====

==== memmap payload ====

==== download payload ====

==== select PSU for bootaddr ====

==== program bootaddr + msip ====

==== a53 rst-processor ====
WARNING: If the reset is being triggered after powering on the device,
          write bootloop at reset vector address (0xffff0000), or use
          -clear-registers option, to avoid unpredictable behavior.
          Further warnings will be suppressed

==== run short to reach non-reset pc ====

==== read ctx at stop ====
CTX tag=stop1 reg=pc ok=1 val=pc: 0000000000000200

CTX tag=stop1 reg=sp ok=1 val=sp: d0860ba2214002a7


==== memory sample around 0x200 ====
STEP_ERR label=memory sample around 0x200 err=no targets found with "name == "APU (L2 Cache Reset)"". available targets:
  1  PS TAP
     2  PMU
     3  PL
  4  PSU
     5  RPU (Reset)
        6  Cortex-R5 #0 (RPU Reset)
        7  Cortex-R5 #1 (RPU Reset)
     8  APU
        9* Cortex-A53 #0 (External Debug Request, EL3(S)/A64)
       10  Cortex-A53 #1 (Power On Reset)
       11  Cortex-A53 #2 (Power On Reset)
       12  Cortex-A53 #3 (Power On Reset)
no targets found with "name == "APU (L2 Cache Reset)"". available targets:
  1  PS TAP
     2  PMU
     3  PL
  4  PSU
     5  RPU (Reset)
        6  Cortex-R5 #0 (RPU Reset)
        7  Cortex-R5 #1 (RPU Reset)
     8  APU
        9* Cortex-A53 #0 (External Debug Request, EL3(S)/A64)
       10  Cortex-A53 #1 (Power On Reset)
       11  Cortex-A53 #2 (Power On Reset)
       12  Cortex-A53 #3 (Power On Reset)
    while executing
"error "no targets found with \"$params(filter)\". available targets:$target_list""
    (procedure "targets" line 177)
    invoked from within
"targets -set -nocase -filter {name == "APU (L2 Cache Reset)"}"
    ("uplevel" body line 2)
    invoked from within
"uplevel 1 $body"

==== disconnect ====
