'\\wsl.localhost\Ubuntu-22.04\root\chipyard\fpga'
用作为当前目录的以上路径启动了 CMD.EXE。
UNC 路径不受支持。默认值设为 Windows 目录。

==== connect ====
attempting to launch hw_server

****** Xilinx hw_server v2021.2
  **** Build date : Oct 19 2021 at 03:13:30
    ** Copyright 1986-2021 Xilinx, Inc. All Rights Reserved.

INFO: hw_server application started
INFO: Use Ctrl-C to exit hw_server application



****** Xilinx hw_server v2021.2

  **** Build date : Oct 19 2021 at 03:13:30

    ** Copyright 1986-2021 Xilinx, Inc. All Rights Reserved.



INFO: hw_server application started

INFO: Use Ctrl-C to exit hw_server application




INFO: To connect to this hw_server instance use url: TCP:127.0.0.1:3121




==== select PS TAP ====

==== rst por ====

==== wait after por ====

==== select PSU ====

==== source psu_init ====

==== run psu_init ====

==== program fpga ====

==== wait after fpga ====

==== remove isolation ====

==== apply reset config ====

==== select APU for payload ====

==== force mem ====

==== memmap payload ====

==== download payload ====

==== select PSU for bootaddr ====

==== program bootaddr + msip ====

==== a53 rst-processor ====
WARNING: If the reset is being triggered after powering on the device,
          write bootloop at reset vector address (0xffff0000), or use
          -clear-registers option, to avoid unpredictable behavior.
          Further warnings will be suppressed

==== run short to reach non-reset pc ====

==== read ctx at stop ====
CTX tag=stop1 reg=pc ok=1 val=pc: 0000000000000200

CTX tag=stop1 reg=sp ok=1 val=sp: d0860ba2214002a7


==== memory sample around 0x200 ====
MEM tag=pc200 ok=1
     200:   008A3783
     204:   B883CF95
     208:   8B630387
     20C:   873B0208
     210:   169340E4
     214:   92810207
     218:   004D9793
     21C:   078E97B6

MEM tag=pc1e0 ok=1
     1E0:   97BA47E7
     1E4:   0007B023
     1E8:   F7843783
     1EC:   8CE38B91
     1F0:   47D5CC07
     1F4:   000A2703
     1F8:   0009049B
     1FC:   0537F263


==== disconnect ====
