'\\wsl.localhost\Ubuntu-22.04\root\chipyard\fpga'
用作为当前目录的以上路径启动了 CMD.EXE。
UNC 路径不受支持。默认值设为 Windows 目录。
attempting to launch hw_server

****** Xilinx hw_server v2021.2
  **** Build date : Oct 19 2021 at 03:13:30
    ** Copyright 1986-2021 Xilinx, Inc. All Rights Reserved.

INFO: hw_server application started
INFO: Use Ctrl-C to exit hw_server application



****** Xilinx hw_server v2021.2

  **** Build date : Oct 19 2021 at 03:13:30

    ** Copyright 1986-2021 Xilinx, Inc. All Rights Reserved.



INFO: hw_server application started

INFO: Use Ctrl-C to exit hw_server application




INFO: To connect to this hw_server instance use url: TCP:127.0.0.1:3121




==== pre state ====
PRE_PC=pc: N/A
PRE_CPSR=cpsr: N/A
    n: N/A   z: N/A   c: N/A   v: N/A   q: N/A  it: N/A   j: N/A  ss: N/A
   il: N/A  ge: N/A   e: N/A   a: N/A   i: N/A   f: N/A   t: N/A   m: N/A
WARNING: If the reset is being triggered after powering on the device,
          write bootloop at reset vector address (0xffff0000), or use
          -clear-registers option, to avoid unpredictable behavior.
          Further warnings will be suppressed

==== target ====
  1  PS TAP
     2  PMU
     3  PL
  4  PSU
     5  RPU (Reset)
        6  Cortex-R5 #0 (RPU Reset)
        7  Cortex-R5 #1 (RPU Reset)
     8  APU
        9* Cortex-A53 #0 (Breakpoint, EL3(S)/A64)
       10  Cortex-A53 #1 (Power On Reset)
       11  Cortex-A53 #2 (Power On Reset)
       12  Cortex-A53 #3 (Power On Reset)
RECOVERY_USED=YES
wrong # args: extra words after "else" clause in "if" command
    while executing
"if {[catch {set tprops [targets -target-properties -filter {name =~ "*Cortex-A53 #0*"}]} err]} {
  puts "TARGET_PROPS_ERR=[string trim $err]"
} else {..."
    (file "\\wsl.localhost\Ubuntu-22.04\root\chipyard\fpga\scripts\runtime_a53_halt_cause_probe.tcl" line 71)
