'\\wsl.localhost\Ubuntu-22.04\root\chipyard\fpga'
用作为当前目录的以上路径启动了 CMD.EXE。
UNC 路径不受支持。默认值设为 Windows 目录。

==== connect ====
attempting to launch hw_server

****** Xilinx hw_server v2021.2
  **** Build date : Oct 19 2021 at 03:13:30
    ** Copyright 1986-2021 Xilinx, Inc. All Rights Reserved.

INFO: hw_server application started
INFO: Use Ctrl-C to exit hw_server application



****** Xilinx hw_server v2021.2

  **** Build date : Oct 19 2021 at 03:13:30

    ** Copyright 1986-2021 Xilinx, Inc. All Rights Reserved.



INFO: hw_server application started

INFO: Use Ctrl-C to exit hw_server application




INFO: To connect to this hw_server instance use url: TCP:127.0.0.1:3121




==== select PSU ====

==== baseline reads ====
BASE_0x64000000=64000000:   0000006E
BASE_0x64000004=64000004:   33333333
BASE_0x64000008=64000008:   00000001
BASE_0x6400000C=6400000C:   00000001
BASE_0x64000010=64000010:   00000000
BASE_0x64000014=64000014:   33333333
BASE_0x64000018=64000018:   000001B1

==== program control regs ====
POSTCFG_0x64000000=64000000:   0000006E
POSTCFG_0x64000004=64000004:   33333333
POSTCFG_0x64000008=64000008:   00000001
POSTCFG_0x6400000C=6400000C:   00000001
POSTCFG_0x64000010=64000010:   00000000
POSTCFG_0x64000014=64000014:   33333333
POSTCFG_0x64000018=64000018:   000001B1

==== write txdata pattern ====
WRITE_TXDATA=0x41
TXSNAP_0x64000000=64000000:   00000041
TXSNAP_0x64000014=64000014:   33333333
WRITE_TXDATA=0x42
TXSNAP_0x64000000=64000000:   00000042
TXSNAP_0x64000014=64000014:   33333333
WRITE_TXDATA=0x43
TXSNAP_0x64000000=64000000:   00000043
TXSNAP_0x64000014=64000014:   33333333
WRITE_TXDATA=0x55
TXSNAP_0x64000000=64000000:   00000055
TXSNAP_0x64000014=64000014:   33333333

==== stability rereads ====
REREAD_ROUND=0
REREAD_0x64000000=64000000:   00000055
REREAD_0x64000004=64000004:   33333333
REREAD_0x64000008=64000008:   00000001
REREAD_0x6400000C=6400000C:   00000001
REREAD_0x64000010=64000010:   00000000
REREAD_0x64000014=64000014:   33333333
REREAD_0x64000018=64000018:   000001B1
REREAD_ROUND=1
REREAD_0x64000000=64000000:   00000055
REREAD_0x64000004=64000004:   33333333
REREAD_0x64000008=64000008:   00000001
REREAD_0x6400000C=6400000C:   00000001
REREAD_0x64000010=64000010:   00000000
REREAD_0x64000014=64000014:   33333333
REREAD_0x64000018=64000018:   000001B1
REREAD_ROUND=2
REREAD_0x64000000=64000000:   00000055
REREAD_0x64000004=64000004:   33333333
REREAD_0x64000008=64000008:   00000001
REREAD_0x6400000C=6400000C:   00000001
REREAD_0x64000010=64000010:   00000000
REREAD_0x64000014=64000014:   33333333
REREAD_0x64000018=64000018:   000001B1
REREAD_ROUND=3
REREAD_0x64000000=64000000:   00000055
REREAD_0x64000004=64000004:   33333333
REREAD_0x64000008=64000008:   00000001
REREAD_0x6400000C=6400000C:   00000001
REREAD_0x64000010=64000010:   00000000
REREAD_0x64000014=64000014:   33333333
REREAD_0x64000018=64000018:   000001B1
REREAD_ROUND=4
REREAD_0x64000000=64000000:   00000055
REREAD_0x64000004=64000004:   33333333
REREAD_0x64000008=64000008:   00000001
REREAD_0x6400000C=6400000C:   00000001
REREAD_0x64000010=64000010:   00000000
REREAD_0x64000014=64000014:   33333333
REREAD_0x64000018=64000018:   000001B1

==== disconnect ====
