'\\wsl.localhost\Ubuntu-22.04\root\chipyard\fpga'
用作为当前目录的以上路径启动了 CMD.EXE。
UNC 路径不受支持。默认值设为 Windows 目录。
attempting to launch hw_server

****** Xilinx hw_server v2021.2
  **** Build date : Oct 19 2021 at 03:13:30
    ** Copyright 1986-2021 Xilinx, Inc. All Rights Reserved.

INFO: hw_server application started
INFO: Use Ctrl-C to exit hw_server application



****** Xilinx hw_server v2021.2

  **** Build date : Oct 19 2021 at 03:13:30

    ** Copyright 1986-2021 Xilinx, Inc. All Rights Reserved.



INFO: hw_server application started

INFO: Use Ctrl-C to exit hw_server application




INFO: To connect to this hw_server instance use url: TCP:127.0.0.1:3121



   10000:   A0211000
   10004:   0C632705
   10008:   439400C7
   1000C:   9BE307C1
   10010:   6422FEA6
   10014:   95BA0712
   10018:   01416588
   1001C:   64228082
   10020:   01414501
   10024:   71798082
   10028:   F406F022
   1002C:   1800E44E
   10030:   340029F3
   10034:   8617C141
   10038:   06130000
   1003C:   55FD7026
   10040:   E84AEC26
   10044:   D0EF84AA
   10048:   892A9EBF
   1004C:   06054063
   10050:   861785AA
   10054:   06130000
   10058:   85266F66
   1005C:   44A050EF
   10060:   00008617
   10064:   70860613
   10068:   852685CA
   1006C:   43A050EF
   10070:   861785CA
   10074:   06130000
   10078:   85267166
   1007C:   42A050EF
   10080:   854E4581
   10084:   ECAF60EF
   10088:   64E2C909
   1008C:   45016942
   10090:   740270A2
   10094:   614569A2
   10098:   86178082
   1009C:   06130000
   100A0:   85CA49E6
   100A4:   50EF8526
   100A8:   B7C54000
   100AC:   694264E2
   100B0:   BFF9557D
   100B4:   BFE95575
   100B8:   34050063
   100BC:   E8A2711D
   100C0:   E0CAE4A6
   100C4:   1080EC86
   100C8:   00008617
   100CC:   67060613
   100D0:   84AA55FD
   100D4:   95DFD0EF
   100D8:   4D63892A
   100DC:   FC4E3005
   100E0:   FAC40993
   100E4:   86CE85AA
   100E8:   00008617
   100EC:   66060613
   100F0:   D0EF8526
   100F4:   CD69878F
   100F8:   FAC42783
   100FC:   5963471D
   10100:   47310CF7
   10104:   02E7D7B3
   10108:   26232781
   1010C:   C3E9FAF4
   10110:   6AC1F456
   10114:   F05AF852
   10118:   8A2AEC5E
   1011C:   0B374B81
   10120:   8A9300FF
   10124:   A031F00A
   10128:   FAC42783
   1012C:   DD630A31
   10130:   278308FB
   10134:   2703000A
   10138:   2683004A
   1013C:   DE1B008A
   10140:   5E9B0187
   10144:   9F1B0187
   10148:   951B0186
   1014C:   159B0187
   10150:   D61B0187
   10154:   931B0186
   10158:   189B0086
   1015C:   981B0087
   10160:   66330087
   10164:   733301E6
   10168:   E5B30163
   1016C:   F8B301D5
   10170:   65330168
   10174:   783301C5
   10178:   D69B0168
   1017C:   571B0086
   10180:   D79B0087
   10184:   66330087
   10188:   F6B30066
   1018C:   E5B30156
   10190:   77330115
   10194:   65330157
   10198:   F7B30105
   1019C:   8E550157
   101A0:   8D5D8DD9
   101A4:   25812601
   101A8:   F0EF2501
   101AC:   2B85DD8E
   101B0:   60E6DD25
   101B4:   79E26446
   101B8:   7AA27A42
   101BC:   6BE27B02
   101C0:   690664A6
   101C4:   80826125
   101C8:   7AA27A42
   101CC:   6BE27B02
   101D0:   861786CE
   101D4:   06130000
   101D8:   85CA5966
   101DC:   C0EF8526
   101E0:   C961F8DF
   101E4:   FAC42E03
   101E8:   D463479D
   101EC:   47B10DC7
   101F0:   02FE5E33
   101F4:   000E079B
   101F8:   FAF42623
   101FC:   2F17CBDD
   10200:   0F130004
   10204:   2583552F
   10208:   6841000F
   1020C:   00042E97
   10210:   54CE8E93
   10214:   00BE0E3B
   10218:   00FF08B7
   1021C:   F0080813
   10220:   9713411C
   10224:   56130205
   10228:   D31B01C7
   1022C:   971B0187
   10230:   969B0187
   10234:   F6B30087
   10238:   67330116
   1023C:   D79B0067
   10240:   8F550087
   10244:   0107F7B3
   10248:   8FD99676
   1024C:   4158C21C
   10250:   05312585
   10254:   01875F9B
   10258:   0187179B
   1025C:   0087169B
   10260:   01F7E7B3
   10264:   0116F6B3
   10268:   0087571B
   1026C:   77338FD5
   10270:   8FD90107
   10274:   93811782
   10278:   2683E61C
   1027C:   1782FFC5
   10280:   0186971B
   10284:   0186D29B
   10288:   00869F9B
   1028C:   00576733
   10290:   011FFFB3
   10294:   0086D69B
   10298:   01F76733
   1029C:   0106F6B3
   102A0:   17028F55
   102A4:   8FD99301
   102A8:   9BE3E61C
   102AC:   2023F7C5
   102B0:   86CE00BF
   102B4:   00008617
   102B8:   4D460613
   102BC:   852685CA
   102C0:   EABFC0EF
   102C4:   12050063
   102C8:   FAC42783
   102CC:   5B63474D
   102D0:   475110F7
   102D4:   02E7D7B3
   102D8:   F8526941
   102DC:   F05AF456
   102E0:   84AAEC5E
   102E4:   09B74A01
   102E8:   091300FF
   102EC:   2623F009
   102F0:   A031FAF4
   102F4:   FAC42783
   102F8:   516304D1
   102FC:   A8030EFA
   10300:   A8830044
   10304:   449000C4
   10308:   0004A303
   1030C:   959B489C
   10310:   DB9B0188
   10314:   9F9B0188
   10318:   171B0088
   1031C:   5B1B0188
   10320:   1F1B0188
   10324:   5E9B0088
   10328:   5E1B0183
   1032C:   151B0186
   10330:   139B0183
   10334:   169B0083
   10338:   129B0186
   1033C:   FFB30086
   10340:   7F33013F
   10344:   E5B3013F
   10348:   D89B0175
   1034C:   67330088
   10350:   581B0167
   10354:   65330088
   10358:   F3B301D5
   1035C:   E6B30133
   10360:   F2B301C6
   10364:   5E9B0132
   10368:   DA9B0086
   1036C:   961B0187
   10370:   9E1B0187
   10374:   E5B30087
   10378:   F8B301F5
   1037C:   67330128
   10380:   783301E7
   10384:   531B0128
   10388:   65330083
   1038C:   73330075
   10390:   E6B30123
   10394:   FEB30056
   10398:   7E33012E
   1039C:   E5B3013E
   103A0:   67330115
   103A4:   66330107
   103A8:   D79B0156
   103AC:   65330087
   103B0:   E6B30065
   103B4:   663301D6
   103B8:   F7B301C6
   103BC:   15820127
   103C0:   16821702
   103C4:   93018E5D
   103C8:   91811502
   103CC:   8DD52601
   103D0:   F0EF8D59
   103D4:   2A05BDCE
   103D8:   BBE1DD11
   103DC:   7AA27A42
   103E0:   6BE27B02
   103E4:   450179E2
   103E8:   644660E6
   103EC:   690664A6
   103F0:   80826125
   103F4:   BFCD557D
   103F8:   80825575
   103FC:   7179C939
   10400:   E44EF022
   10404:   1800F406
   10408:   CC6389AE
   1040C:   EC260205
   10410:   CE1584B2
   10414:   6210E84A
   10418:   E609892A
   1041C:   6890A00D
   10420:   CE1104C1
   10424:   854A85CE
   10428:   DA0FD0EF
   1042C:   70A2F96D
   10430:   69427402
   10434:   852669A2
   10438:   614564E2
   1043C:   64E28082
   10440:   70A26942
   10444:   69A27402
   10448:   61454501
   1044C:   64E28082
   10450:   4501BFCD
   10454:   C9258082
   10458:   F0227179
   1045C:   F406EC26
   10460:   84B21800
   10464:   E84AC231
   10468:   E052E44E
   1046C:   892A6210
   10470:   8A3689AE
   10474:   A035E609
   10478:   04C16890
   1047C:   85CEC21D
   10480:   D0EF854A
   10484:   49E3DAEF
   10488:   0663FE05
   1048C:   3023020A
   10490:   70A2009A
   10494:   69427402
   10498:   6A0269A2
   1049C:   614564E2
   104A0:   69428082
   104A4:   6A0269A2
   104A8:   740270A2
   104AC:   051364E2
   104B0:   6145C180
   104B4:   70A28082
   104B8:   69427402
   104BC:   6A0269A2
   104C0:   614564E2
   104C4:   05138082
   104C8:   8082C180
   104CC:   E1227175
   104D0:   0900E506
   104D4:   F6F43C23
   104D8:   12050E63
   104DC:   1205CC63
   104E0:   12060A63
   104E4:   8B36E8DA
   104E8:   18068563
   104EC:   18078363
   104F0:   0B93E4DE
   104F4:   86DEF8C4
   104F8:   F4CEFCA6
   104FC:   89AAF86A
   10500:   C0EF84BA
   10504:   8D2AC69F
   10508:   F8CACD79
   1050C:   F8C42903
   10510:   FFC97913
   10514:   7C63992A
   10518:   F0D21525
   1051C:   ECD66A41
   10520:   FC66E0E2
   10524:   0AB7F46E
   10528:   0A1300FF
   1052C:   4C41F00A
   10530:   C0EFA0B1
   10534:   C155C39F
   10538:   981B411C
   1053C:   D61B0187
   10540:   969B0187
   10544:   68330087
   10548:   F6B300C8
   1054C:   D79B0156
   10550:   F7B30087
   10554:   68330147
   10558:   683300D8
   1055C:   280100F8
   10560:   02081793
   10564:   01E7DD13
   10568:   6A639D66
   1056C:   6663090C
   10570:   576307A9
   10574:   34FD0A90
   10578:   072D7163
   1057C:   000D2783
   10580:   0C93854E
   10584:   D69B004D
   10588:   959B0187
   1058C:   971B0187
   10590:   8DD50087
   10594:   01577733
   10598:   0087D79B
   1059C:   0147F7B3
   105A0:   8DDD8DD9
   105A4:   D0EF2581
   105A8:   8DAA972F
   105AC:   865A86DE
   105B0:   85EE854E
   105B4:   DEE387EE
   105B8:   60AAF60D
   105BC:   74E6640A
   105C0:   79A67946
   105C4:   6AE67A06
   105C8:   6BA66B46
   105CC:   7CE26C06
   105D0:   7DA27D42
   105D4:   6149853E
   105D8:   79468082
   105DC:   6AE67A06
   105E0:   7CE26C06
   105E4:   60AA7DA2
   105E8:   0793640A
   105EC:   74E6C0F0
   105F0:   6B4679A6
   105F4:   7D426BA6
   105F8:   6149853E
   105FC:   74E68082
   10600:   79A67946
   10604:   6AE67A06
   10608:   6BA66B46
   1060C:   7CE26C06
   10610:   7DA27D42
   10614:   60AA57F5
   10618:   853E640A
   1061C:   80826149
   10620:   F7843783
   10624:   87666541
   10628:   01B7A023
   1062C:   0107A223
   10630:   00878C93
   10634:   00FF08B7
   10638:   F0050513
   1063C:   02080763
   10640:   0C91431C
   10644:   969B0711
   10648:   D59B0187
   1064C:   961B0187
   10650:   8ECD0087
   10654:   01167633
   10658:   0087D79B
   1065C:   8FE98ED1
   10660:   AE238FD5
   10664:   1DE3FEFC
   10668:   4781FCED
   1066C:   7946B7B9
   10670:   6B46BF9D
   10674:   B74557F5
   10678:   E1227175
   1067C:   0900E506
   10680:   3C23FCA6
   10684:   0A63F6E4
   10688:   F8CA2805
   1068C:   E7B3FC66
   10690:   892E00C5
   10694:   C0638CB2
   10698:   F4CE2807
   1069C:   89AAECD6
   106A0:   C0EF8AB6
   106A4:   84AAF99F
   106A8:   24054963
   106AC:   854E85AA
   106B0:   30EFE4DE
   106B4:   8BAA6490
   106B8:   26A05E63
   106BC:   854E85A6
   106C0:   30EFE8DA
   106C4:   8B2A6AB0
   106C8:   26054563
   106CC:   F8840693
   106D0:   00008617
   106D4:   DF060613
   106D8:   854E85CA
   106DC:   A8FFC0EF
   106E0:   24050963
   106E4:   016B87BB
   106E8:   039787BB
   106EC:   F8842703
   106F0:   F9638309
   106F4:   078A24E7
   106F8:   00F506B3
   106FC:   3823F0D2
   10700:   8163F6D4
   10704:   9513180A
   10708:   6841002B
   1070C:   F86AE0E2
   10710:   9536F46E
   10714:   08B74901
   10718:   081300FF
   1071C:   4298F008
   10720:   06911902
   10724:   0187179B
   10728:   0187559B
   1072C:   0087161B
   10730:   76338FCD
   10734:   571B0116
   10738:   8FD10087
   1073C:   01077733
   10740:   17828FD9
   10744:   E9339381
   10748:   9AE30127
   1074C:   6A41FCA6
   10750:   F8C40D13
   10754:   00FF0C37
   10758:   F00A0A13
   1075C:   854E85A6
   10760:   59B030EF
   10764:   5C638DAA
   10768:   85A610A0
   1076C:   30EF854E
   10770:   8CAA5FF0
   10774:   10054563
   10778:   861786EA
   1077C:   06130000
   10780:   85A602E6
   10784:   C0EF854E
   10788:   CD799E5F
   1078C:   F8C42783
   10790:   0CF05C63
   10794:   002D9E13
   10798:   01C50333
   1079C:   460185AA
   107A0:   16024194
   107A4:   979B0591
   107A8:   DF1B0186
   107AC:   9E9B0186
   107B0:   E7B30086
   107B4:   FEB301E7
   107B8:   D69B018E
   107BC:   E7B30086
   107C0:   F6B301D7
   107C4:   8FD50146
   107C8:   93811782
   107CC:   99E38E5D
   107D0:   9793FC65
   107D4:   DD93020D
   107D8:   956E01E7
   107DC:   85AA9E2A
   107E0:   41944301
   107E4:   05911302
   107E8:   0186979B
   107EC:   0186DF1B
   107F0:   00869E9B
   107F4:   01E7E7B3
   107F8:   018EFEB3
   107FC:   0086D69B
   10800:   01D7E7B3
   10804:   0146F6B3
   10808:   17828FD5
   1080C:   E3339381
   10810:   98E30067
   10814:   956EFDC5
   10818:   0E0C8B63
   1081C:   002C9893
   10820:   478198AA
   10824:   95934114
   10828:   05110207
   1082C:   0186979B
   10830:   0186DE9B
   10834:   00869E1B
   10838:   01D7E7B3
   1083C:   018E7E33
   10840:   0086D69B
   10844:   01C7E7B3
   10848:   0146F6B3
   1084C:   17828FD5
   10850:   8FCD9381
   10854:   FD1518E3
   10858:   0CC96363
   1085C:   706397CA
   10860:   03330CF6
   10864:   991A40C3
   10868:   012AB023
   1086C:   854E85A6
   10870:   DCBFC0EF
   10874:   B90384AA
   10878:   51E3000A
   1087C:   6C06EE05
   10880:   7DA27D42
   10884:   F7843783
   10888:   0463CBB9
   1088C:   3783080B
   10890:   0B8AF704
   10894:   8A330B0A
   10898:   65410177
   1089C:   47819B52
   108A0:   00FF0837
   108A4:   F0050513
   108A8:   000A2703
   108AC:   02079693
   108B0:   179B0A11
   108B4:   559B0187
   108B8:   161B0187
   108BC:   8FCD0087
   108C0:   01067633
   108C4:   0087571B
   108C8:   8F698FD1
   108CC:   17828FD9
   108D0:   8FD59381
   108D4:   FD6A1AE3
   108D8:   F7843703
   108DC:   7946E31C
   108E0:   7A0679A6
   108E4:   6B466AE6
   108E8:   7CE26BA6
   108EC:   60AA4481
   108F0:   8526640A
   108F4:   614974E6
   108F8:   60AA8082
   108FC:   7946640A
   10900:   6AE679A6
   10904:   85267CE2
   10908:   614974E6
   1090C:   47818082
   10910:   4781B7A1
   10914:   7946B7D1
   10918:   54F57CE2
   1091C:   8517BFC9
   10920:   05130000
   10924:   40EFE925
   10928:   6C06D00F
   1092C:   7DA27D42
   10930:   6B46BF91
   10934:   79A67946
   10938:   6BA66AE6
   1093C:   04937CE2
   10940:   B775C180
   10944:   79A67946
   10948:   6B466AE6
   1094C:   7CE26BA6
   10950:   BF7154F5
   10954:   1005CD63
   10958:   E8A2711D
   1095C:   EC86E0CA
   10960:   89321080
   10964:   10060263
   10968:   8AAAF456
   1096C:   0E050D63
   10970:   FC4EE4A6
   10974:   89BA84B6
   10978:   FB040693
   1097C:   FB840713
   10980:   F8524601
   10984:   F0EF8A2E
   10988:   4B63CF3F
   1098C:   37830C05
   10990:   C7F9FB04
   10994:   FB843703
   10998:   F05AC761
   1099C:   FAC40B13
   109A0:   00F93023
   109A4:   861786DA
   109A8:   06130000
   109AC:   85D2E2A6
   109B0:   C0EF8556
   109B4:   2783FB8F
   109B8:   5863FAC4
   109BC:   C51502F0
   109C0:   6741411C
   109C4:   F0070713
   109C8:   0187D61B
   109CC:   0187949B
   109D0:   0087969B
   109D4:   06378CD1
   109D8:   8EF100FF
   109DC:   0087D79B
   109E0:   8FF98CD5
   109E4:   14828CDD
   109E8:   34239081
   109EC:   86DA0099
   109F0:   00008617
   109F4:   DF060613
   109F8:   855685D2
   109FC:   F6EFC0EF
   10A00:   FAC42783
   10A04:   04F05563
   10A08:   4118C139
   10A0C:   869366C1
   10A10:   559BF006
   10A14:   179B0187
   10A18:   161B0187
   10A1C:   8FCD0087
   10A20:   00FF05B7
   10A24:   571B8E6D
   10A28:   8FD10087
   10A2C:   8FD98F75
   10A30:   93811782
   10A34:   00F93823
   10A38:   79E264A6
   10A3C:   7AA27A42
   10A40:   45017B02
   10A44:   644660E6
   10A48:   61256906
   10A4C:   38238082
   10A50:   64A60139
   10A54:   7A4279E2
   10A58:   7B027AA2
   10A5C:   B7DD4501
   10A60:   79E264A6
   10A64:   7AA27A42
   10A68:   C1800513
   10A6C:   0513BFE1
   10A70:   8082C180
   10A74:   F0227179
   10A78:   1800F406
   10A7C:   FDC40693
   10A80:   00008617
   10A84:   BC860613
   10A88:   EE2FC0EF
   10A8C:   EC26C11D
   10A90:   851784AA
   10A94:   05130000
   10A98:   F0EFD5E5
   10A9C:   862AD19E
   10AA0:   00008597
   10AA4:   D5058593
   10AA8:   F0EF8526
   10AAC:   E519CD1E
   10AB0:   70A264E2
   10AB4:   45057402
   10AB8:   80826145
   10ABC:   00008517
   10AC0:   D3C50513
   10AC4:   CEFEF0EF
   10AC8:   8597862A
   10ACC:   85930000
   10AD0:   8526D2E5
   10AD4:   CA7EF0EF
   10AD8:   740270A2
   10ADC:   351364E2
   10AE0:   61450015
   10AE4:   715D8082
   10AE8:   E486E0A2
   10AEC:   0880F052
   10AF0:   F44EC971
   10AF4:   C96389AE
   10AF8:   EC560C05
   10AFC:   FBC40A93
   10B00:   86D6F84A
   10B04:   86178932
   10B08:   06130000
   10B0C:   FC26CFA6
   10B10:   C0EF84AA
   10B14:   8A2AE58F
   10B18:   2783C155
   10B1C:   CFD9FBC4
   10B20:   00008517
   10B24:   CF050513
   10B28:   C8BEF0EF
   10B2C:   8597862A
   10B30:   85930000
   10B34:   8552CE25
   10B38:   C43EF0EF
   10B3C:   ED3D8A2A
   10B40:   861786D6
   10B44:   06130000
   10B48:   85CE97E6
   10B4C:   C0EF8526
   10B50:   C52DE1CF
   10B54:   FBC42783
   10B58:   7163470D
   10B5C:   471106F7
   10B60:   00E78363
   10B64:   01630511
   10B68:   411C0409
   10B6C:   869366C1
   10B70:   D59BF006
   10B74:   971B0187
   10B78:   961B0187
   10B7C:   8F4D0087
   10B80:   00FF05B7
   10B84:   D79B8E6D
   10B88:   8F510087
   10B8C:   8FD98FF5
   10B90:   00F92023
   10B94:   794274E2
   10B98:   6AE279A2
   10B9C:   640660A6
   10BA0:   7A028552
   10BA4:   80826161
   10BA8:   640660A6
   10BAC:   794274E2
   10BB0:   6AE279A2
   10BB4:   7A028552
   10BB8:   80826161
   10BBC:   794274E2
   10BC0:   6AE279A2
   10BC4:   BFD95A75
   10BC8:   5A7579A2
   10BCC:   CD41BFC1
   10BD0:   F8227139
   10BD4:   FC06EC4E
   10BD8:   89AE0080
   10BDC:   F04AC5B5
   10BE0:   0005A023
   10BE4:   00007597
   10BE8:   D9C58593
   10BEC:   C0EF892A
   10BF0:   85AAC56F
   10BF4:   06054063
   10BF8:   F426854A
   10BFC:   FB8FB0EF
   10C00:   4F6384AA
   10C04:   E8520405
   10C08:   FCC40A13
   10C0C:   865285A6
   10C10:   F0EF854A
   10C14:   87AAED5F
   10C18:   854A85A6
   10C1C:   F0EFEF81
   10C20:   C909E57F
   10C24:   FCC42783
   10C28:   0009A703
   10C2C:   00F77463
   10C30:   00F9A023
   10C34:   854A85A6
   10C38:   FAAFB0EF
   10C3C:   57E384AA
   10C40:   74A2FC05
   10C44:   6A427902
   10C48:   744270E2
   10C4C:   450169E2
   10C50:   80826121
   10C54:   744270E2
   10C58:   69E27902
   10C5C:   80826121
   10C60:   790274A2
   10C64:   5575B7D5
   10C68:   C9518082
   10C6C:   F0227179
   10C70:   F406EC26
   10C74:   84AE1800
   10C78:   7597CDAD
   10C7C:   85930000
   10C80:   E84AD065
   10C84:   C0EF892A
   10C88:   4E63BBEF
   10C8C:   85AA0405
   10C90:   FDC40693
   10C94:   00008617
   10C98:   B8460613
   10C9C:   C0EF854A
   10CA0:   2783CCCF
   10CA4:   5863FDC4
   10CA8:   C53104F0
   10CAC:   66C14118
   10CB0:   F0068693
   10CB4:   0187559B
   10CB8:   0187179B
   10CBC:   0087161B
   10CC0:   05B78FCD
   10CC4:   8E6D00FF
   10CC8:   0087571B
   10CCC:   8F758FD1
   10CD0:   17828FD9
   10CD4:   E09C9381
   10CD8:   45016942
   10CDC:   740270A2
   10CE0:   614564E2
   10CE4:   70A28082
   10CE8:   69427402
   10CEC:   614564E2
   10CF0:   55758082
   10CF4:   6942B7E5
   10CF8:   C0F00513
   10CFC:   5575B7C5
   10D00:   11418082
   10D04:   E406E022
   10D08:   67710800
   10D0C:   20070713
   10D10:   F0EF4681
   10D14:   60A2C43F
   10D18:   01416402
   10D1C:   11418082
   10D20:   E406E022
   10D24:   67710800
   10D28:   05F5E6B7
   10D2C:   20070713
   10D30:   10068693
   10D34:   C21FF0EF
   10D38:   640260A2
   10D3C:   80820141
   10D40:   E0221141
   10D44:   0800E406
   10D48:   F6B76771
   10D4C:   071302FA
   10D50:   86932007
   10D54:   F0EF0806
   10D58:   60A2BFFF
   10D5C:   01416402
   10D60:   11418082
   10D64:   E406E022
   10D68:   67710800
   10D6C:   20070713
   10D70:   F0EF4681
   10D74:   60A2BE3F
   10D78:   01416402
   10D7C:   715D8082
   10D80:   FC26E0A2
   10D84:   F44EF84A
   10D88:   E486F052
   10D8C:   67710880
   10D90:   20070713
   10D94:   892A4681
   10D98:   8A3289AE
   10D9C:   BB9FF0EF
   10DA0:   C91184AA
   10DA4:   640660A6
   10DA8:   79A27942
   10DAC:   85267A02
   10DB0:   616174E2
   10DB4:   EC568082
   10DB8:   FBC40A93
   10DBC:   861786D6
   10DC0:   06130000
   10DC4:   85CEA726
   10DC8:   C0EF854A
   10DCC:   2703BA0F
   10DD0:   4781FBC4
   10DD4:   02E05863
   10DD8:   4118C515
   10DDC:   869366C1
   10DE0:   559BF006
   10DE4:   179B0187
   10DE8:   161B0187
   10DEC:   8FCD0087
   10DF0:   00FF05B7
   10DF4:   571B8E6D
   10DF8:   8FD10087
   10DFC:   8FD98F75
   10E00:   93811782
   10E04:   00FA3C23
   10E08:   861786D6
   10E0C:   06130000
   10E10:   85CEA366
   10E14:   C0EF854A
   10E18:   2703B54F
   10E1C:   4785FBC4
   10E20:   02E05863
   10E24:   4118C515
   10E28:   869366C1
   10E2C:   559BF006
   10E30:   179B0187
   10E34:   161B0187
   10E38:   8FCD0087
   10E3C:   00FF05B7
   10E40:   571B8E6D
   10E44:   8FD10087
   10E48:   8FD98F75
   10E4C:   93811782
   10E50:   02FA3023
   10E54:   861786D6
   10E58:   06130000
   10E5C:   85CE9FA6
   10E60:   C0EF854A
   10E64:   2783B08F
   10E68:   5C63FBC4
   10E6C:   C91502F0
   10E70:   66C14118
   10E74:   F0068693
   10E78:   0187559B
   10E7C:   0187179B
   10E80:   0087161B
   10E84:   05B78FCD
   10E88:   8E6D00FF
   10E8C:   0087571B
   10E90:   8F758FD1
   10E94:   17828FD9
   10E98:   34239381
   10E9C:   6AE202FA
   10EA0:   3423B711
   10EA4:   6AE2020A
   10EA8:   CA21BDF5
   10EAC:   E8221101
   10EB0:   EC06E426
   10EB4:   84AE1000
   10EB8:   E04ACD95
   10EBC:   C51D892A
   10EC0:   C0EF55FD
   10EC4:   4D63B6FF
   10EC8:   85AA0005
   10ECC:   854A8626
   10ED0:   EAFFF0EF
   10ED4:   60E26902
   10ED8:   64A26442
   10EDC:   80826105
   10EE0:   644260E2
   10EE4:   64A26902
   10EE8:   80826105
   10EEC:   05136902
   10EF0:   B7D5C180
   10EF4:   C1800513
   10EF8:   0513BFF9
   10EFC:   8082C180
   10F00:   E0221141
   10F04:   0800E406
   10F08:   46814701
   10F0C:   A49FF0EF
   10F10:   640260A2
   10F14:   80820141
   10F18:   7159C971
   10F1C:   ECA6F0A2
   10F20:   E4CEE8CA
   10F24:   FC56E0D2
   10F28:   F45EF85A
   10F2C:   EC66F062
   10F30:   F4861880
   10F34:   84AA6941
   10F38:   7A974C81
   10F3C:   8A930000
   10F40:   0B93616A
   10F44:   7B17F9C4
   10F48:   0B130000
   10F4C:   4C115F2B
   10F50:   00FF0A37
   10F54:   F0090913
   10F58:   85E649AD
   10F5C:   85268656
   10F60:   AD1FC0EF
   10F64:   41638CAA
   10F68:   86DE0805
   10F6C:   85E6865A
   10F70:   C0EF8526
   10F74:   D1759F8F
   10F78:   F9C42783
   10F7C:   FCFC7FE3
   10F80:   4027D713
   10F84:   F8E42E23
   10F88:   58E38389
   10F8C:   37FDFCE0
   10F90:   0017D79B
   10F94:   07B1078E
   10F98:   00450693
   10F9C:   A019953E
   10FA0:   FAD50DE3
   10FA4:   06A14298
   10FA8:   0187179B
   10FAC:   0187559B
   10FB0:   0087161B
   10FB4:   76338FCD
   10FB8:   571B0146
   10FBC:   8FD10087
   10FC0:   01277733
   10FC4:   27818FD9
   10FC8:   FD379CE3
   10FCC:   70A64505
   10FD0:   64E67406
   10FD4:   69A66946
   10FD8:   7AE26A06
   10FDC:   7BA27B42
   10FE0:   6CE27C02
   10FE4:   80826165
   10FE8:   B7D54501
   10FEC:   80824501
   10FF0:   3205C463
   10FF4:   F0A27159
   10FF8:   F486E4CE
   10FFC:   89B21880
   11000:   30060F63
   11004:   84AAECA6
   11008:   2E050F63
   1100C:   E0D2E8CA
   11010:   F9C40A13
   11014:   00062023
   11018:   761786D2
   1101C:   06130000
   11020:   892E51E6
   11024:   946FC0EF
   11028:   2C050A63
   1102C:   F9C42783
   11030:   75634711
   11034:   FC562CF7
   11038:   4027DA93
   1103C:   F9542E23
   11040:   5A638389
   11044:   37FD0550
   11048:   0017D79B
   1104C:   07B1078E
   11050:   06936841
   11054:   03370045
   11058:   953E00FF
   1105C:   F0080813
   11060:   A01948AD
   11064:   02D50963
   11068:   06A14298
   1106C:   0187179B
   11070:   0187559B
   11074:   0087161B
   11078:   76338FCD
   1107C:   571B0066
   11080:   8FD10087
   11084:   01077733
   11088:   27818FD9
   1108C:   FD179CE3
   11090:   A0234785
   11094:   86D200F9
   11098:   00007617
   1109C:   7C860613
   110A0:   852685CA
   110A4:   8C6FC0EF
   110A8:   C90D4781
   110AC:   F9C42703
   110B0:   02E05663
   110B4:   66C14118
   110B8:   F0068693
   110BC:   0187559B
   110C0:   0187179B
   110C4:   0087161B
   110C8:   05B78FCD
   110CC:   8E6D00FF
   110D0:   0087571B
   110D4:   8F758FD1
   110D8:   27818FD9
   110DC:   00F9A223
   110E0:   761786D2
   110E4:   06130000
   110E8:   85CA7966
   110EC:   C0EF8526
   110F0:   086387CF
   110F4:   27831805
   110F8:   5463F9C4
   110FC:   411818F0
   11100:   869366C1
   11104:   559BF006
   11108:   179B0187
   1110C:   161B0187
   11110:   8FCD0087
   11114:   00FF05B7
   11118:   571B8E6D
   1111C:   8FD10087
   11120:   8FD98F75
   11124:   A4232781
   11128:   86D200F9
   1112C:   00007617
   11130:   76460613
   11134:   852685CA
   11138:   832FC0EF
   1113C:   C90D4781
   11140:   F9C42703
   11144:   02E05663
   11148:   66C14118
   1114C:   F0068693
   11150:   0187559B
   11154:   0187179B
   11158:   0087161B
   1115C:   05B78FCD
   11160:   8E6D00FF
   11164:   0087571B
   11168:   8F758FD1
   1116C:   27818FD9
   11170:   00F9A623
   11174:   761786D2
   11178:   06130000
   1117C:   85CA7326
   11180:   B0EF8526
   11184:   47E1FE9F
   11188:   2703C90D
   1118C:   5663F9C4
   11190:   411802E0
   11194:   869366C1
   11198:   559BF006
   1119C:   179B0187
   111A0:   161B0187
   111A4:   8FCD0087
   111A8:   00FF05B7
   111AC:   571B8E6D
   111B0:   8FD10087
   111B4:   8FD98F75
   111B8:   A8232781
   111BC:   86D200F9
   111C0:   00007617
   111C4:   70060613
   111C8:   852685CA
   111CC:   F9FFB0EF
   111D0:   12050563
   111D4:   F9C42783
   111D8:   12F05163
   111DC:   F45EF85A
   111E0:   4118F062
   111E4:   869366C1
   111E8:   559BF006
   111EC:   179B0187
   111F0:   161B0187
   111F4:   8FCD0087
   111F8:   00FF05B7
   111FC:   571B8E6D
   11200:   8F750087
   11204:   8FD98FD1
   11208:   93811782
   1120C:   02098A93
   11210:   00F9BC23
   11214:   12098713
   11218:   B02387D6
   1121C:   B4230007
   11220:   07C10007
   11224:   FEF71BE3
   11228:   0B934A01
   1122C:   0B13FA84
   11230:   4C3DFA04
   11234:   875E8652
   11238:   85CA86DA
   1123C:   F0EF8526
   11240:   2A05C3AF
   11244:   00054F63
   11248:   FA043783
   1124C:   3703CB99
   11250:   CB01FA84
   11254:   00FAB023
   11258:   00EAB423
   1125C:   1BE30AC1
   11260:   B783FD8A
   11264:   C7C50289
   11268:   694664E6
   1126C:   7AE26A06
   11270:   7BA27B42
   11274:   45017C02
   11278:   740670A6
   1127C:   616569A6
   11280:   D71B8082
   11284:   073B01FA
   11288:   57FD0157
   1128C:   4017571B
   11290:   0207D693
   11294:   04E6E663
   11298:   02071693
   1129C:   0107D613
   112A0:   04D66463
   112A4:   03071693
   112A8:   E46383A1
   112AC:   479D04D7
   112B0:   567D06A2
   112B4:   64638211
   112B8:   37F100D6
   112BC:   567D0692
   112C0:   64638209
   112C4:   37F900D6
   112C8:   C363068A
   112CC:   37FD0006
   112D0:   96B34685
   112D4:   278100F6
   112D8:   E4E6F7E3
   112DC:   B5A12785
   112E0:   03F00793
   112E4:   B5812785
   112E8:   E66383A1
   112EC:   47DD00D7
   112F0:   47BDB7C1
   112F4:   47EDBF7D
   112F8:   7AE2B7D1
   112FC:   694664E6
   11300:   55756A06
   11304:   64E6BF95
   11308:   C1800513
   1130C:   7AE2B7B5
   11310:   7BA27B42
   11314:   B7DD7C02
   11318:   C1800513
   1131C:   05138082
   11320:   BF99C180
   11324:   4805C263
   11328:   F3227161
   1132C:   F706EB4A
   11330:   89321B00
   11334:   30060B63
   11338:   89AAE74E
   1133C:   44050E63
   11340:   0613E352
   11344:   8A2E1400
   11348:   4581854A
   1134C:   D8AEF0EF
   11350:   E6840713
   11354:   E6040693
   11358:   85D24601
   1135C:   F0EF854E
   11360:   4263B1AF
   11364:   37832E05
   11368:   8E63E604
   1136C:   37032C07
   11370:   0A63E684
   11374:   FED62C07
   11378:   E5C40A93
   1137C:   00F93023
   11380:   00E93423
   11384:   761786D6
   11388:   06130000
   1138C:   85D254A6
   11390:   B0EF854E
   11394:   2783DD9F
   11398:   5963E5C4
   1139C:   411802F0
   113A0:   869366C1
   113A4:   559BF006
   113A8:   179B0187
   113AC:   161B0187
   113B0:   8FCD0087
   113B4:   00FF05B7
   113B8:   571B8E6D
   113BC:   8FD10087
   113C0:   8FD98F75
   113C4:   93811782
   113C8:   00F93C23
   113CC:   761786D6
   113D0:   06130000
   113D4:   85D216A6
   113D8:   B0EF854E
   113DC:   C511D91F
   113E0:   E5C42783
   113E4:   62634711
   113E8:   86D618F7
   113EC:   00007617
   113F0:   4FC60613
   113F4:   854E85D2
   113F8:   D73FB0EF
   113FC:   10050863
   11400:   E5C42783
   11404:   4B8DF6DE
   11408:   1CFBED63
   1140C:   E6EE7BB6
   11410:   08090793
   11414:   14090713
   11418:   0007B023
   1141C:   0007B423
   11420:   0007B823
   11424:   19E307E1
   11428:   86D6FEF7
   1142C:   00007617
   11430:   4DC60613
   11434:   854E85D2
   11438:   D33FB0EF
   1143C:   CD658DAA
   11440:   2B03FADA
   11444:   47ADE5C4
   11448:   1967FB63
   1144C:   402B5B13
   11450:   19605763
   11454:   6BC1F6DE
   11458:   EEE6F2E2
   1145C:   EF26EAEA
   11460:   4C014D01
   11464:   00FF0CB7
   11468:   F00B8B93
   1146C:   004DA783
   11470:   001D1493
   11474:   01A48733
   11478:   0187D59B
   1147C:   0187969B
   11480:   0087961B
   11484:   76338ECD
   11488:   D79B0196
   1148C:   8ED10087
   11490:   F7B3070A
   11494:   974A0177
   11498:   20238FD5
   1149C:   A78308F7
   114A0:   86D6008D
   114A4:   08072423
   114A8:   0187D51B
   114AC:   0187961B
   114B0:   0087959B
   114B4:   F5B38E49
   114B8:   D79B0195
   114BC:   8E4D0087
   114C0:   0177F7B3
   114C4:   22238FD1
   114C8:   761708F7
   114CC:   06130000
   114D0:   85D242E6
   114D4:   B0EF854E
   114D8:   C511C95F
   114DC:   E5C42783
   114E0:   6463470D
   114E4:   87B306F7
   114E8:   078A01A4
   114EC:   A02397CA
   114F0:   A2230807
   114F4:   A4230807
   114F8:   2C0D0807
   114FC:   036C5763
   11500:   B7AD0DB1
   11504:   7B5664FA
   11508:   7C167BB6
   1150C:   B709E6EE
   11510:   048A94EA
   11514:   A42394CA
   11518:   2C0D08E4
   1151C:   56632D05
   11520:   47C1016C
   11524:   13E30DB1
   11528:   64FAF4FD
   1152C:   7BB67B56
   11530:   6CF67C16
   11534:   69BA6D56
   11538:   7AF66A1A
   1153C:   45016DB6
   11540:   741A70BA
   11544:   615D695A
   11548:   87898082
   1154C:   E4F42E23
   11550:   F8F05BE3
   11554:   000DA603
   11558:   41144701
   1155C:   89E30511
   11560:   2705FAC6
   11564:   FEE79BE3
   11568:   D313BFBD
   1156C:   E6EE4027
   11570:   E4642E23
   11574:   5B638389
   11578:   37FD0460
   1157C:   0017D79B
   11580:   07B1078E
   11584:   06936841
   11588:   05B30045
   1158C:   0E3700F5
   11590:   081300FF
   11594:   48ADF008
   11598:   8963A019
   1159C:   429802D5
   115A0:   179B06A1
   115A4:   551B0187
   115A8:   161B0187
   115AC:   8FC90087
   115B0:   01C67633
   115B4:   0087571B
   115B8:   77338FD1
   115BC:   8FD90107
   115C0:   9CE32781
   115C4:   4785FD17
   115C8:   02F92023
   115CC:   01F3579B
   115D0:   006787BB
   115D4:   4017D79B
   115D8:   00F93823
   115DC:   7B56BD15
   115E0:   FADABF99
   115E4:   411CF2E2
   115E8:   00FF0B37
   115EC:   959B6C41
   115F0:   D69B0187
   115F4:   971B0187
   115F8:   8DD50087
   115FC:   01677733
   11600:   0087D79B
   11604:   F00C0C13
   11608:   F7B38DD9
   1160C:   8DDD0187
   11610:   854E2581
   11614:   904FC0EF
   11618:   00054C63
   1161C:   0493EF26
   11620:   85AAE704
   11624:   854E8626
   11628:   9C9FF0EF
   1162C:   64FAC115
   11630:   741A70BA
   11634:   6A1A69BA
   11638:   7B567AF6
   1163C:   7C167BB6
   11640:   615D695A
   11644:   69BA8082
   11648:   05136A1A
   1164C:   BDCDC180
   11650:   D0EF8526
   11654:   FD618E2F
   11658:   E7042783
   1165C:   02F92023
   11660:   EA0782E3
   11664:   E7C46703
   11668:   E7446603
   1166C:   E7846683
   11670:   E8046783
   11674:   30234585
   11678:   222304E9
   1167C:   342302B9
   11680:   382302C9
   11684:   475D02D9
   11688:   12F77363
   1168C:   3C2317A1
   11690:   378302F9
   11694:   86D6E904
   11698:   00007617
   1169C:   26060613
   116A0:   04F93423
   116A4:   854E85D2
   116A8:   AC3FB0EF
   116AC:   E4050CE3
   116B0:   E5C42703
   116B4:   E4EBF8E3
   116B8:   854E411C
   116BC:   0187959B
   116C0:   0187D69B
   116C4:   0087971B
   116C8:   77338DD5
   116CC:   D79B0167
   116D0:   8DD90087
   116D4:   0187F7B3
   116D8:   25818DDD
   116DC:   83CFC0EF
   116E0:   F40547E3
   116E4:   86D685AA
   116E8:   00007617
   116EC:   20060613
   116F0:   B0EF854E
   116F4:   07E3A79F
   116F8:   2683E005
   116FC:   470DE5C4
   11700:   E0D772E3
   11704:   6741411C
   11708:   F0070713
   1170C:   0187D61B
   11710:   0187959B
   11714:   0087969B
   11718:   06378DD1
   1171C:   8EF100FF
   11720:   0087D79B
   11724:   8FF98DD5
   11728:   25818DDD
   1172C:   B0EF854E
   11730:   4EE3FEBF
   11734:   85AAEE05
   11738:   854E8626
   1173C:   8B5FF0EF
   11740:   EE0517E3
   11744:   C0EF8526
   11748:   12E3FEFF
   1174C:   2783EE05
   11750:   99E3E704
   11754:   6703DA07
   11758:   6603E7C4
   1175C:   6683E744
   11760:   6783E784
   11764:   4585E804
   11768:   06E93823
   1176C:   04B92823
   11770:   04C93C23
   11774:   06D93023
   11778:   7363475D
   1177C:   E6EE02F7
   11780:   342317A1
   11784:   378306F9
   11788:   3C23E904
   1178C:   64FA06F9
   11790:   7BB67B56
   11794:   B9AD7C16
   11798:   051369BA
   1179C:   B34DC180
   117A0:   06F93423
   117A4:   B5615575
   117A8:   C1800513
   117AC:   3C238082
   117B0:   557502F9
   117B4:   CF63BDAD
   117B8:   715D0805
   117BC:   FC26E0A2
   117C0:   0880E486
   117C4:   C64184B2
   117C8:   89AAF44E
   117CC:   0713C141
   117D0:   0693FC84
   117D4:   4601FC04
   117D8:   892EF84A
   117DC:   E9DFE0EF
   117E0:   06054563
   117E4:   FC043783
   117E8:   3703C3AD
   117EC:   CF31FC84
   117F0:   0693E09C
   117F4:   7617FBC4
   117F8:   06130000
   117FC:   85CA1226
   11800:   B0EF854E
   11804:   2783969F
   11808:   5863FBC4
   1180C:   411802F0
   11810:   869366C1
   11814:   559BF006
   11818:   179B0187
   1181C:   161B0187
   11820:   8FCD0087
   11824:   00FF05B7
   11828:   571B8E6D
   1182C:   8FD10087
   11830:   8FD98F75
   11834:   93811782
   11838:   7942E49C
   1183C:   450179A2
   11840:   640660A6
   11844:   616174E2
   11848:   79428082
   1184C:   051379A2
   11850:   B7FDC180
   11854:   C1800513
   11858:   CA218082
   1185C:   E8221101
   11860:   EC06E426
   11864:   84AE1000
   11868:   E04ACD95
   1186C:   C51D892A
   11870:   C0EF55FD
   11874:   4D639BEF
   11878:   85AA0005
   1187C:   854A8626
   11880:   F37FF0EF
   11884:   60E26902
   11888:   64A26442
   1188C:   80826105
   11890:   644260E2
   11894:   64A26902
   11898:   80826105
   1189C:   05136902
   118A0:   B7D5C180
   118A4:   C1800513
   118A8:   0513BFF9
   118AC:   8082C180
   118B0:   E9227135
   118B4:   E14AE526
   118B8:   F8D2FCCE
   118BC:   F0DAF4D6
   118C0:   E8E2ECDE
   118C4:   1100ED06
   118C8:   892E84AA
   118CC:   8A3A89B6
   118D0:   8AC28BBE
   118D4:   4C1D8B46
   118D8:   4C0DE211
   118DC:   1E094F63
   118E0:   1E048D63
   118E4:   1E098B63
   118E8:   1E0A0963
   118EC:   1E0B0763
   118F0:   8463601C
   118F4:   E4E61E07
   118F8:   0C93E0EA
   118FC:   0D13F804
   11900:   876AF884
   11904:   460186E6
   11908:   852685CA
   1190C:   D6DFE0EF
   11910:   1C054763
   11914:   F8843783
   11918:   1C078363
   1191C:   F8043603
   11920:   86E6876A
   11924:   00C9B023
   11928:   00FA3023
   1192C:   85CA4605
   11930:   E0EF8526
   11934:   4863D47F
   11938:   37831405
   1193C:   8463F884
   11940:   86631407
   11944:   3783000B
   11948:   B023F804
   1194C:   866300FB
   11950:   3783000A
   11954:   B023F884
   11958:   601C00FA
   1195C:   000B2023
   11960:   F7840693
   11964:   0007A023
   11968:   00007617
   1196C:   BD060613
   11970:   852685CA
   11974:   FF6FB0EF
   11978:   10050D63
   1197C:   F7842783
   11980:   F863468D
   11984:   878910F6
   11988:   F6F42C23
   1198C:   D2634685
   11990:   6A4110F6
   11994:   3423FC6E
   11998:   8DAAF604
   1199C:   5CFD4B81
   119A0:   0AB74901
   119A4:   0A1300FF
   119A8:   0D13F00A
   119AC:   A783F7C4
   119B0:   8526000D
   119B4:   004DA983
   119B8:   0187D61B
   119BC:   0187959B
   119C0:   0087969B
   119C4:   F6B38DD1
   119C8:   D79B0156
   119CC:   8DD50087
   119D0:   0147F7B3
   119D4:   25818DDD
   119D8:   D41FB0EF
   119DC:   466385AA
   119E0:   85260405
   119E4:   C57FB0EF
   119E8:   406385AA
   119EC:   866A0405
   119F0:   F0EF8526
   119F4:   E9158F4F
   119F8:   F7C42683
   119FC:   07F00793
   11A00:   02D7E563
   11A04:   0189979B
   11A08:   0189D59B
   11A0C:   0089961B
   11A10:   76338FCD
   11A14:   D99B0156
   11A18:   8FD10089
   11A1C:   0149F9B3
   11A20:   0137E7B3
   11A24:   0A632781
   11A28:   268306FC
   11A2C:   2905F784
   11A30:   D79B0DA1
   11A34:   9FB501F6
   11A38:   4017D79B
   11A3C:   F6F949E3
   11A40:   059BE863
   11A44:   856357FD
   11A48:   370304FC
   11A4C:   2B85F684
   11A50:   419B87BB
   11A54:   019B2023
   11A58:   73638BBE
   11A5C:   8BBA00F7
   11A60:   4501601C
   11A64:   0177A023
   11A68:   6CA67DE2
   11A6C:   60EA6D06
   11A70:   64AA644A
   11A74:   79E6690A
   11A78:   7AA67A46
   11A7C:   6BE67B06
   11A80:   610D6C46
   11A84:   34238082
   11A88:   3023F804
   11A8C:   BD55F804
   11A90:   6CA67DE2
   11A94:   45016D06
   11A98:   87B6BFD9
   11A9C:   02DCE863
   11AA0:   00078C9B
   11AA4:   EA6387B6
   11AA8:   8B9B0176
   11AAC:   37830007
   11AB0:   2785F684
   11AB4:   F6F43423
   11AB8:   87DEBF8D
   11ABC:   00078B9B
   11AC0:   F6843783
   11AC4:   34232785
   11AC8:   B785F6F4
   11ACC:   8C9B87E6
   11AD0:   87B60007
   11AD4:   FD76FBE3
   11AD8:   5575B7CD
   11ADC:   6CA6BF49
   11AE0:   05136D06
   11AE4:   B761C180
   11AE8:   1605C963
   11AEC:   E1227175
   11AF0:   E506F8CA
   11AF4:   892A0900
   11AF8:   16050363
   11AFC:   89B2F4CE
   11B00:   16060563
   11B04:   8B3AE8DA
   11B08:   14070D63
   11B0C:   8A36F0D2
   11B10:   14068063
   11B14:   F8840713
   11B18:   F8040693
   11B1C:   FCA64601
   11B20:   E0EF84AE
   11B24:   4E63B57F
   11B28:   37831005
   11B2C:   F46EF804
   11B30:   F7840693
   11B34:   00F9B023
   11B38:   F8843783
   11B3C:   00007617
   11B40:   9FC60613
   11B44:   302385A6
   11B48:   854A00FA
   11B4C:   E1EFB0EF
   11B50:   C9798DAA
   11B54:   F7842783
   11B58:   7763470D
   11B5C:   87890CF7
   11B60:   2C23E0E2
   11B64:   4705F6F4
   11B68:   0CF75B63
   11B6C:   ECD66A41
   11B70:   FC66E4DE
   11B74:   4C01F86A
   11B78:   0AB74981
   11B7C:   0A1300FF
   11B80:   0B93F00A
   11B84:   0C93F7C4
   11B88:   4D1D07F0
   11B8C:   000DA783
   11B90:   A483854A
   11B94:   D69B004D
   11B98:   959B0187
   11B9C:   971B0187
   11BA0:   8DD50087
   11BA4:   01577733
   11BA8:   0087D79B
   11BAC:   F7B38DD9
   11BB0:   8DDD0147
   11BB4:   B0EF2581
   11BB8:   85AAB63F
   11BBC:   C363854A
   11BC0:   B0EF0405
   11BC4:   85AAA79F
   11BC8:   854A865E
   11BCC:   0205CC63
   11BD0:   F17FE0EF
   11BD4:   0184979B
   11BD8:   0184D69B
   11BDC:   0084971B
   11BE0:   77338FD5
   11BE4:   D49B0157
   11BE8:   8FD90084
   11BEC:   0144F4B3
   11BF0:   27818FC5
   11BF4:   2703E901
   11BF8:   E563F7C4
   11BFC:   936300EC
   11C00:   2C0501A7
   11C04:   F7842703
   11C08:   0DA12985
   11C0C:   01F7579B
   11C10:   D79B9FB9
   11C14:   CBE34017
   11C18:   6AE6F6F9
   11C1C:   7CE26BA6
   11C20:   20237D42
   11C24:   6C06018B
   11C28:   79A674E6
   11C2C:   6B467A06
   11C30:   45017DA2
   11C34:   640A60AA
   11C38:   61497946
   11C3C:   4C018082
   11C40:   74E6B7CD
   11C44:   7A0679A6
   11C48:   05136B46
   11C4C:   B7DDC180
   11C50:   7A0679A6
   11C54:   55756B46
   11C58:   5575BFF1
   11C5C:   55758082
   11C60:   79A6BFD1
   11C64:   55756B46
   11C68:   79A6B7F1
   11C6C:   B7D95575
   11C70:   1605C963
   11C74:   E1227175
   11C78:   E506F8CA
   11C7C:   892A0900
   11C80:   16050363
   11C84:   89B2F4CE
   11C88:   16060563
   11C8C:   8B3AE8DA
   11C90:   14070D63
   11C94:   8A36F0D2
   11C98:   14068063
   11C9C:   F8840713
   11CA0:   F8040693
   11CA4:   FCA64601
   11CA8:   E0EF84AE
   11CAC:   4E639CFF
   11CB0:   37831005
   11CB4:   F46EF804
   11CB8:   F7840693
   11CBC:   00F9B023
   11CC0:   F8843783
   11CC4:   00007617
   11CC8:   87460613
   11CCC:   302385A6
   11CD0:   854A00FA
   11CD4:   C96FB0EF
   11CD8:   C9798DAA
   11CDC:   F7842783
   11CE0:   7763470D
   11CE4:   87890CF7
   11CE8:   2C23E0E2
   11CEC:   4705F6F4
   11CF0:   0CF75B63
   11CF4:   ECD66A41
   11CF8:   FC66E4DE
   11CFC:   4C01F86A
   11D00:   0AB74981
   11D04:   0A1300FF
   11D08:   0B93F00A
   11D0C:   0C93F7C4
   11D10:   4D0D07F0
   11D14:   000DA783
   11D18:   A483854A
   11D1C:   D69B004D
   11D20:   959B0187
   11D24:   971B0187
   11D28:   8DD50087
   11D2C:   01577733
   11D30:   0087D79B
   11D34:   F7B38DD9
   11D38:   8DDD0147
   11D3C:   B0EF2581
   11D40:   85AA9DBF
   11D44:   C363854A
   11D48:   B0EF0405
   11D4C:   85AA8F1F
   11D50:   854A865E
   11D54:   0205CC63
   11D58:   D8FFE0EF
   11D5C:   0184979B
   11D60:   0184D69B
   11D64:   0084971B
   11D68:   77338FD5
   11D6C:   D49B0157
   11D70:   8FD90084
   11D74:   0144F4B3
   11D78:   27818FC5
   11D7C:   2703E901
   11D80:   E563F7C4
   11D84:   936300EC
   11D88:   2C0501A7
   11D8C:   F7842703
   11D90:   0DA12985
   11D94:   01F7579B
   11D98:   D79B9FB9
   11D9C:   CBE34017
   11DA0:   6AE6F6F9
   11DA4:   7CE26BA6
   11DA8:   20237D42
   11DAC:   6C06018B
   11DB0:   79A674E6
   11DB4:   6B467A06
   11DB8:   45017DA2
   11DBC:   640A60AA
   11DC0:   61497946
   11DC4:   4C018082
   11DC8:   74E6B7CD
   11DCC:   7A0679A6
   11DD0:   05136B46
   11DD4:   B7DDC180
   11DD8:   7A0679A6
   11DDC:   55756B46
   11DE0:   5575BFF1
   11DE4:   55758082
   11DE8:   79A6BFD1
   11DEC:   55756B46
   11DF0:   79A6B7F1
   11DF4:   B7D95575
   11DF8:   E8221101
   11DFC:   E04AE426
   11E00:   1000EC06
   11E04:   55FD84AE
   11E08:   B0EF892A
   11E0C:   4D63C27F
   11E10:   85AA0005
   11E14:   86A64701
   11E18:   854A4601
   11E1C:   85DFE0EF
   11E20:   00054A63
   11E24:   4501C881
   11E28:   644260E2
   11E2C:   690264A2
   11E30:   80826105
   11E34:   C1800513
   11E38:   711DBFC5
   11E3C:   E4A6E8A2
   11E40:   E0CA1080
   11E44:   F852FC4E
   11E48:   F05AF456
   11E4C:   EC5EEC86
   11E50:   89AE892A
   11E54:   EB174481
   11E58:   3B030002
   11E5C:   0A93B42B
   11E60:   0A13FA84
   11E64:   85A6FA04
   11E68:   854A864E
   11E6C:   BC5FB0EF
   11E70:   476384AA
   11E74:   27F30A05
   11E78:   9713F140
   11E7C:   57930207
   11E80:   97DA01D7
   11E84:   86D28756
   11E88:   85A64601
   11E8C:   BB83854A
   11E90:   E0EF0007
   11E94:   48E3FE6F
   11E98:   3583FC05
   11E9C:   D5E1FA04
   11EA0:   FA843783
   11EA4:   855E468D
   11EA8:   B603DFDD
   11EAC:   30EF080B
   11EB0:   F955A7EF
   11EB4:   00494603
   11EB8:   00594703
   11EBC:   00794683
   11EC0:   00694783
   11EC4:   0107171B
   11EC8:   0186161B
   11ECC:   979B8E59
   11ED0:   8E550087
   11ED4:   061B8E5D
   11ED8:   85CA0206
   11EDC:   30EF854A
   11EE0:   87AA7DE0
   11EE4:   00006517
   11EE8:   75450513
   11EEC:   F607CDE3
   11EF0:   8C3EE0EF
   11EF4:   0015071B
   11EF8:   669785A6
   11EFC:   86930000
   11F00:   661773E6
   11F04:   06130000
   11F08:   854A7466
   11F0C:   468030EF
   11F10:   864E85A6
   11F14:   B0EF854A
   11F18:   84AAB1BF
   11F1C:   F4055DE3
   11F20:   644660E6
   11F24:   690664A6
   11F28:   7A4279E2
   11F2C:   7B027AA2
   11F30:   61256BE2
   11F34:   71198082
   11F38:   F4A6F8A2
   11F3C:   ECCEF0CA
   11F40:   0100FC86
   11F44:   00454603
   11F48:   00554703
   11F4C:   00754683
   11F50:   00654783
   11F54:   0107171B
   11F58:   0186161B
   11F5C:   8E558E59
   11F60:   0087979B
   11F64:   89AE8E5D
   11F68:   4006061B
   11F6C:   84AA85AA
   11F70:   74C030EF
   11F74:   4463892A
   11F78:   05930405
   11F7C:   8526F844
   11F80:   AF4FB0EF
   11F84:   F8442783
   11F88:   2785892A
   11F8C:   F8F42223
   11F90:   02054763
   11F94:   00006597
   11F98:   9EC58593
   11F9C:   B0EF8526
   11FA0:   892A8A6F
   11FA4:   00054D63
   11FA8:   761785AA
   11FAC:   06130000
   11FB0:   852697E6
   11FB4:   CB7FA0EF
   11FB8:   00054B63
   11FBC:   70E64901
   11FC0:   74A67446
   11FC4:   854A69E6
   11FC8:   61097906
   11FCC:   76178082
   11FD0:   06130000
   11FD4:   85CA95A6
   11FD8:   F06A8526
   11FDC:   63A030EF
   11FE0:   49638D2A
   11FE4:   B6032C05
   11FE8:   08630009
   11FEC:   E4D62C06
   11FF0:   E0DA6AC1
   11FF4:   F862FC5E
   11FF8:   EC6EF466
   11FFC:   4C01E8D2

