'\\wsl.localhost\Ubuntu-22.04\root\chipyard\fpga'
用作为当前目录的以上路径启动了 CMD.EXE。
UNC 路径不受支持。默认值设为 Windows 目录。

==== check inputs ====
PAYLOAD_FILE=\\wsl.localhost\Ubuntu-22.04\root\chipyard\software\firemarshal\boards\default\firmware\opensbi\build\platform\generic\firmware\fw_payload.bin
PAYLOAD_SIZE_ALIGNED=0x1AD5000
BOOTADDR=0x80000000

==== connect and recover ====
attempting to launch hw_server

****** Xilinx hw_server v2021.2
  **** Build date : Oct 19 2021 at 03:13:30
    ** Copyright 1986-2021 Xilinx, Inc. All Rights Reserved.

INFO: hw_server application started
INFO: Use Ctrl-C to exit hw_server application



****** Xilinx hw_server v2021.2

  **** Build date : Oct 19 2021 at 03:13:30

    ** Copyright 1986-2021 Xilinx, Inc. All Rights Reserved.



INFO: hw_server application started

INFO: Use Ctrl-C to exit hw_server application




INFO: To connect to this hw_server instance use url: TCP:127.0.0.1:3121




==== psu init and fpga ====

==== payload download and bootaddr ====
POST_BOOTADDR_LO=1000:   80000000
POST_BOOTADDR_HI=1004:   00000000
POST_MSIP=2000000:   00000001

==== window compare ====
WINDOW_BASE=0x0
OFFSET_HYPOTHESIS=+0x2000
TARGET_WORDS=C7818BA1,17EA4785,37838CDD,8BC1F784,4785C781,8CDD17EE,F7843783,0207F793
PAYLOAD_SAME_WORDS=00050433,000584B3,00060933,55C000EF,00050833,00040533,000485B3,00090633
PAYLOAD_PLUS2000_WORDS=C7818BA1,17EA4785,37838CDD,8BC1F784,4785C781,8CDD17EE,F7843783,0207F793
WORD_0=target=C7818BA1 same=00050433 plus2000=C7818BA1 same_match=NO plus2000_match=YES
WORD_1=target=17EA4785 same=000584B3 plus2000=17EA4785 same_match=NO plus2000_match=YES
WORD_2=target=37838CDD same=00060933 plus2000=37838CDD same_match=NO plus2000_match=YES
WORD_3=target=8BC1F784 same=55C000EF plus2000=8BC1F784 same_match=NO plus2000_match=YES
WORD_4=target=4785C781 same=00050833 plus2000=4785C781 same_match=NO plus2000_match=YES
WORD_5=target=8CDD17EE same=00040533 plus2000=8CDD17EE same_match=NO plus2000_match=YES
WORD_6=target=F7843783 same=000485B3 plus2000=F7843783 same_match=NO plus2000_match=YES
WORD_7=target=0207F793 same=00090633 plus2000=0207F793 same_match=NO plus2000_match=YES
MATCH_SAME_OFFSET=0/8
MATCH_PLUS_2000=8/8
FULL_MATCH_SAME_OFFSET=NO
FULL_MATCH_PLUS_2000=YES
WINDOW_BASE=0x40
OFFSET_HYPOTHESIS=+0x2000
TARGET_WORDS=6B0A52D0,7C467BE6,7D067CA6,A8CD6DE6,F7843783,0017F713,20071363,F6843783
PAYLOAD_SAME_WORDS=FDC28293,00000317,FBC30313,0062B023,00040297,FD028293,0002B283,405303B3
PAYLOAD_PLUS2000_WORDS=6B0A52D0,7C467BE6,7D067CA6,A8CD6DE6,F7843783,0017F713,20071363,F6843783
WORD_0=target=6B0A52D0 same=FDC28293 plus2000=6B0A52D0 same_match=NO plus2000_match=YES
WORD_1=target=7C467BE6 same=00000317 plus2000=7C467BE6 same_match=NO plus2000_match=YES
WORD_2=target=7D067CA6 same=FBC30313 plus2000=7D067CA6 same_match=NO plus2000_match=YES
WORD_3=target=A8CD6DE6 same=0062B023 plus2000=A8CD6DE6 same_match=NO plus2000_match=YES
WORD_4=target=F7843783 same=00040297 plus2000=F7843783 same_match=NO plus2000_match=YES
WORD_5=target=0017F713 same=FD028293 plus2000=0017F713 same_match=NO plus2000_match=YES
WORD_6=target=20071363 same=0002B283 plus2000=20071363 same_match=NO plus2000_match=YES
WORD_7=target=F6843783 same=405303B3 plus2000=F6843783 same_match=NO plus2000_match=YES
MATCH_SAME_OFFSET=0/8
MATCH_PLUS_2000=8/8
FULL_MATCH_SAME_OFFSET=NO
FULL_MATCH_PLUS_2000=YES
WINDOW_BASE=0x80
OFFSET_HYPOTHESIS=+0x2000
TARGET_WORDS=23274B63,6C03F8E2,E15AF604,1A93F4E6,9AE2001C,4B17F0EA,0B130004,0A925C2B
PAYLOAD_SAME_WORDS=BF03A8A1,4E0DFF02,01CF1B63,FE82BE03,FF82BF03,9E1E9F1E,01EE3023,7E97A835
PAYLOAD_PLUS2000_WORDS=23274B63,6C03F8E2,E15AF604,1A93F4E6,9AE2001C,4B17F0EA,0B130004,0A925C2B
WORD_0=target=23274B63 same=BF03A8A1 plus2000=23274B63 same_match=NO plus2000_match=YES
WORD_1=target=6C03F8E2 same=4E0DFF02 plus2000=6C03F8E2 same_match=NO plus2000_match=YES
WORD_2=target=E15AF604 same=01CF1B63 plus2000=E15AF604 same_match=NO plus2000_match=YES
WORD_3=target=1A93F4E6 same=FE82BE03 plus2000=1A93F4E6 same_match=NO plus2000_match=YES
WORD_4=target=9AE2001C same=FF82BF03 plus2000=9AE2001C same_match=NO plus2000_match=YES
WORD_5=target=4B17F0EA same=9E1E9F1E plus2000=4B17F0EA same_match=NO plus2000_match=YES
WORD_6=target=0B130004 same=01EE3023 plus2000=0B130004 same_match=NO plus2000_match=YES
WORD_7=target=0A925C2B same=7E97A835 plus2000=0A925C2B same_match=NO plus2000_match=YES
MATCH_SAME_OFFSET=0/8
MATCH_PLUS_2000=8/8
FULL_MATCH_SAME_OFFSET=NO
FULL_MATCH_PLUS_2000=YES
WINDOW_BASE=0xC0
OFFSET_HYPOTHESIS=+0x2000
TARGET_WORDS=02C77263,85CE439C,40D7053B,01A79C63,F46347D5,37830D37,C3E1008A,CFD5779C
PAYLOAD_SAME_WORDS=8AB303EF,BF8301FE,BF03FF82,9F7E008A,9E1E9F1E,01EE3023,54E302E1,A011FA53
PAYLOAD_PLUS2000_WORDS=02C77263,85CE439C,40D7053B,01A79C63,F46347D5,37830D37,C3E1008A,CFD5779C
WORD_0=target=02C77263 same=8AB303EF plus2000=02C77263 same_match=NO plus2000_match=YES
WORD_1=target=85CE439C same=BF8301FE plus2000=85CE439C same_match=NO plus2000_match=YES
WORD_2=target=40D7053B same=BF03FF82 plus2000=40D7053B same_match=NO plus2000_match=YES
WORD_3=target=01A79C63 same=9F7E008A plus2000=01A79C63 same_match=NO plus2000_match=YES
WORD_4=target=F46347D5 same=9E1E9F1E plus2000=F46347D5 same_match=NO plus2000_match=YES
WORD_5=target=37830D37 same=01EE3023 plus2000=37830D37 same_match=NO plus2000_match=YES
WORD_6=target=C3E1008A same=54E302E1 plus2000=C3E1008A same_match=NO plus2000_match=YES
WORD_7=target=CFD5779C same=A011FA53 plus2000=CFD5779C same_match=NO plus2000_match=YES
MATCH_SAME_OFFSET=0/8
MATCH_PLUS_2000=8/8
FULL_MATCH_SAME_OFFSET=NO
FULL_MATCH_PLUS_2000=YES
WINDOW_BASE=0x100
OFFSET_HYPOTHESIS=+0x2000
TARGET_WORDS=7D067CA6,69EA6DE6,B3D95979,051B6505,4581B005,0125053B,453020EF,6B0AB539
PAYLOAD_SAME_WORDS=7A97F06A,8A930005,3023F76A,0A21000A,FF5A4DE3,00000A17,2F4A0A13,305A1073
PAYLOAD_PLUS2000_WORDS=7D067CA6,69EA6DE6,B3D95979,051B6505,4581B005,0125053B,453020EF,6B0AB539
WORD_0=target=7D067CA6 same=7A97F06A plus2000=7D067CA6 same_match=NO plus2000_match=YES
WORD_1=target=69EA6DE6 same=8A930005 plus2000=69EA6DE6 same_match=NO plus2000_match=YES
WORD_2=target=B3D95979 same=3023F76A plus2000=B3D95979 same_match=NO plus2000_match=YES
WORD_3=target=051B6505 same=0A21000A plus2000=051B6505 same_match=NO plus2000_match=YES
WORD_4=target=4581B005 same=FF5A4DE3 plus2000=4581B005 same_match=NO plus2000_match=YES
WORD_5=target=0125053B same=00000A17 plus2000=0125053B same_match=NO plus2000_match=YES
WORD_6=target=453020EF same=2F4A0A13 plus2000=453020EF same_match=NO plus2000_match=YES
WORD_7=target=6B0AB539 same=305A1073 plus2000=6B0AB539 same_match=NO plus2000_match=YES
MATCH_SAME_OFFSET=0/8
MATCH_PLUS_2000=8/8
FULL_MATCH_SAME_OFFSET=NO
FULL_MATCH_PLUS_2000=YES
WINDOW_BASE=0x140
OFFSET_HYPOTHESIS=+0x2000
TARGET_WORDS=F6046703,00171793,079297BA,471797CA,07130004,078A50A7,370397BA,C398F504
PAYLOAD_SAME_WORDS=00EF0007,053342E0,85B30004,06330004,86B30009,07330009,0433000A,84B30005
PAYLOAD_PLUS2000_WORDS=F6046703,00171793,079297BA,471797CA,07130004,078A50A7,370397BA,C398F504
WORD_0=target=F6046703 same=00EF0007 plus2000=F6046703 same_match=NO plus2000_match=YES
WORD_1=target=00171793 same=053342E0 plus2000=00171793 same_match=NO plus2000_match=YES
WORD_2=target=079297BA same=85B30004 plus2000=079297BA same_match=NO plus2000_match=YES
WORD_3=target=471797CA same=06330004 plus2000=471797CA same_match=NO plus2000_match=YES
WORD_4=target=07130004 same=86B30009 plus2000=07130004 same_match=NO plus2000_match=YES
WORD_5=target=078A50A7 same=07330009 plus2000=078A50A7 same_match=NO plus2000_match=YES
WORD_6=target=370397BA same=0433000A plus2000=370397BA same_match=NO plus2000_match=YES
WORD_7=target=C398F504 same=84B30005 plus2000=C398F504 same_match=NO plus2000_match=YES
MATCH_SAME_OFFSET=0/8
MATCH_PLUS_2000=8/8
FULL_MATCH_SAME_OFFSET=NO
FULL_MATCH_PLUS_2000=YES
WINDOW_BASE=0x180
OFFSET_HYPOTHESIS=+0x2000
TARGET_WORDS=F8EAF3E3,34234705,3023F404,83E3F404,BE59BAE4,F4043903,40E3B765,1793F609
PAYLOAD_SAME_WORDS=86B30009,07330009,85B3000A,07170002,07130004,6B830527,6C030507,82170547
PAYLOAD_PLUS2000_WORDS=F8EAF3E3,34234705,3023F404,83E3F404,BE59BAE4,F4043903,40E3B765,1793F609
WORD_0=target=F8EAF3E3 same=86B30009 plus2000=F8EAF3E3 same_match=NO plus2000_match=YES
WORD_1=target=34234705 same=07330009 plus2000=34234705 same_match=NO plus2000_match=YES
WORD_2=target=3023F404 same=85B3000A plus2000=3023F404 same_match=NO plus2000_match=YES
WORD_3=target=83E3F404 same=07170002 plus2000=83E3F404 same_match=NO plus2000_match=YES
WORD_4=target=BE59BAE4 same=07130004 plus2000=BE59BAE4 same_match=NO plus2000_match=YES
WORD_5=target=F4043903 same=6B830527 plus2000=F4043903 same_match=NO plus2000_match=YES
WORD_6=target=40E3B765 same=6C030507 plus2000=40E3B765 same_match=NO plus2000_match=YES
WORD_7=target=1793F609 same=82170547 plus2000=1793F609 same_match=NO plus2000_match=YES
MATCH_SAME_OFFSET=0/8
MATCH_PLUS_2000=8/8
FULL_MATCH_SAME_OFFSET=NO
FULL_MATCH_PLUS_2000=YES
WINDOW_BASE=0x1C0
OFFSET_HYPOTHESIS=+0x2000
TARGET_WORDS=8B89F784,2703C395,9793000A,073B004D,170240E9,97BA9301,0717078E,07130004
PAYLOAD_SAME_WORDS=02336785,071740F2,07130000,07B3E3A7,302340EE,342300E2,071700F2,07130004
PAYLOAD_PLUS2000_WORDS=8B89F784,2703C395,9793000A,073B004D,170240E9,97BA9301,0717078E,07130004
WORD_0=target=8B89F784 same=02336785 plus2000=8B89F784 same_match=NO plus2000_match=YES
WORD_1=target=2703C395 same=071740F2 plus2000=2703C395 same_match=NO plus2000_match=YES
WORD_2=target=9793000A same=07130000 plus2000=9793000A same_match=NO plus2000_match=YES
WORD_3=target=073B004D same=07B3E3A7 plus2000=073B004D same_match=NO plus2000_match=YES
WORD_4=target=170240E9 same=302340EE plus2000=170240E9 same_match=NO plus2000_match=YES
WORD_5=target=97BA9301 same=342300E2 plus2000=97BA9301 same_match=NO plus2000_match=YES
WORD_6=target=0717078E same=071700F2 plus2000=0717078E same_match=NO plus2000_match=YES
WORD_7=target=07130004 same=07130004 plus2000=07130004 same_match=YES plus2000_match=YES
MATCH_SAME_OFFSET=1/8
MATCH_PLUS_2000=8/8
FULL_MATCH_SAME_OFFSET=NO
FULL_MATCH_PLUS_2000=YES
WINDOW_BASE=0x200
OFFSET_HYPOTHESIS=+0x2000
TARGET_WORDS=008A3783,B883CF95,8B630387,873B0208,169340E4,92810207,004D9793,078E97B6
PAYLOAD_SAME_WORDS=000485B3,00090633,00050433,000584B3,00060933,36C000EF,02A23023,00040533
PAYLOAD_PLUS2000_WORDS=008A3783,B883CF95,8B630387,873B0208,169340E4,92810207,004D9793,078E97B6
WORD_0=target=008A3783 same=000485B3 plus2000=008A3783 same_match=NO plus2000_match=YES
WORD_1=target=B883CF95 same=00090633 plus2000=B883CF95 same_match=NO plus2000_match=YES
WORD_2=target=8B630387 same=00050433 plus2000=8B630387 same_match=NO plus2000_match=YES
WORD_3=target=873B0208 same=000584B3 plus2000=873B0208 same_match=NO plus2000_match=YES
WORD_4=target=169340E4 same=00060933 plus2000=169340E4 same_match=NO plus2000_match=YES
WORD_5=target=92810207 same=36C000EF plus2000=92810207 same_match=NO plus2000_match=YES
WORD_6=target=004D9793 same=02A23023 plus2000=004D9793 same_match=NO plus2000_match=YES
WORD_7=target=078E97B6 same=00040533 plus2000=078E97B6 same_match=NO plus2000_match=YES
MATCH_SAME_OFFSET=0/8
MATCH_PLUS_2000=8/8
FULL_MATCH_SAME_OFFSET=NO
FULL_MATCH_PLUS_2000=YES
WINDOW_BASE=0x240
OFFSET_HYPOTHESIS=+0x2000
TARGET_WORDS=000A2783,003D9713,6F149752,47859C9D,009797B3,EF1C8FD5,6DE669EA,6D83B995
PAYLOAD_SAME_WORDS=000485B3,00090633,00000717,10C70713,02E23823,00040717,F8C70713,02E23C23
PAYLOAD_PLUS2000_WORDS=000A2783,003D9713,6F149752,47859C9D,009797B3,EF1C8FD5,6DE669EA,6D83B995
WORD_0=target=000A2783 same=000485B3 plus2000=000A2783 same_match=NO plus2000_match=YES
WORD_1=target=003D9713 same=00090633 plus2000=003D9713 same_match=NO plus2000_match=YES
WORD_2=target=6F149752 same=00000717 plus2000=6F149752 same_match=NO plus2000_match=YES
WORD_3=target=47859C9D same=10C70713 plus2000=47859C9D same_match=NO plus2000_match=YES
WORD_4=target=009797B3 same=02E23823 plus2000=009797B3 same_match=NO plus2000_match=YES
WORD_5=target=EF1C8FD5 same=00040717 plus2000=EF1C8FD5 same_match=NO plus2000_match=YES
WORD_6=target=6DE669EA same=F8C70713 plus2000=6DE669EA same_match=NO plus2000_match=YES
WORD_7=target=6D83B995 same=02E23C23 plus2000=6D83B995 same_match=NO plus2000_match=YES
MATCH_SAME_OFFSET=0/8
MATCH_PLUS_2000=8/8
FULL_MATCH_SAME_OFFSET=NO
FULL_MATCH_PLUS_2000=YES
WINDOW_BASE=0x280
OFFSET_HYPOTHESIS=+0x2000
TARGET_WORDS=000A891B,3783BF2D,89E3F484,3423DD27,2973F804,26F3F140,67033400,3823000A
PAYLOAD_SAME_WORDS=000584B3,00060933,310000EF,04A23C23,00040533,000485B3,00090633,4BE3931E
PAYLOAD_PLUS2000_WORDS=000A891B,3783BF2D,89E3F484,3423DD27,2973F804,26F3F140,67033400,3823000A
WORD_0=target=000A891B same=000584B3 plus2000=000A891B same_match=NO plus2000_match=YES
WORD_1=target=3783BF2D same=00060933 plus2000=3783BF2D same_match=NO plus2000_match=YES
WORD_2=target=89E3F484 same=310000EF plus2000=89E3F484 same_match=NO plus2000_match=YES
WORD_3=target=3423DD27 same=04A23C23 plus2000=3423DD27 same_match=NO plus2000_match=YES
WORD_4=target=2973F804 same=00040533 plus2000=2973F804 same_match=NO plus2000_match=YES
WORD_5=target=26F3F140 same=000485B3 plus2000=26F3F140 same_match=NO plus2000_match=YES
WORD_6=target=67033400 same=00090633 plus2000=67033400 same_match=NO plus2000_match=YES
WORD_7=target=3823000A same=4BE3931E plus2000=3823000A same_match=NO plus2000_match=YES
MATCH_SAME_OFFSET=0/8
MATCH_PLUS_2000=8/8
FULL_MATCH_SAME_OFFSET=NO
FULL_MATCH_PLUS_2000=YES
WINDOW_BASE=0x2C0
OFFSET_HYPOTHESIS=+0x2000
TARGET_WORDS=27730800,1593F140,91810207,00040697,F7468693,00359793,6F9097B6,4501E609
PAYLOAD_SAME_WORDS=000485B3,00090633,06030063,04B30E63,000582B3,0042E383,00038E33,010E5E13
PAYLOAD_PLUS2000_WORDS=27730800,1593F140,91810207,00040697,F7468693,00359793,6F9097B6,4501E609
WORD_0=target=27730800 same=000485B3 plus2000=27730800 same_match=NO plus2000_match=YES
WORD_1=target=1593F140 same=00090633 plus2000=1593F140 same_match=NO plus2000_match=YES
WORD_2=target=91810207 same=06030063 plus2000=91810207 same_match=NO plus2000_match=YES
WORD_3=target=00040697 same=04B30E63 plus2000=00040697 same_match=NO plus2000_match=YES
WORD_4=target=F7468693 same=000582B3 plus2000=F7468693 same_match=NO plus2000_match=YES
WORD_5=target=00359793 same=0042E383 plus2000=00359793 same_match=NO plus2000_match=YES
WORD_6=target=6F9097B6 same=00038E33 plus2000=6F9097B6 same_match=NO plus2000_match=YES
WORD_7=target=4501E609 same=010E5E13 plus2000=4501E609 same_match=NO plus2000_match=YES
MATCH_SAME_OFFSET=0/8
MATCH_PLUS_2000=8/8
FULL_MATCH_SAME_OFFSET=NO
FULL_MATCH_PLUS_2000=YES
WINDOW_BASE=0x300
OFFSET_HYPOTHESIS=+0x2000
TARGET_WORDS=9381972E,973E0712,4797070A,87930004,083B34E7,68C14118,4681973E,A02118FD
PAYLOAD_SAME_WORDS=F3B30183,E3B300E3,E3B301C3,E3B301D3,939A01E3,00735A63,0002BE03,01C33023
PAYLOAD_PLUS2000_WORDS=9381972E,973E0712,4797070A,87930004,083B34E7,68C14118,4681973E,A02118FD
WORD_0=target=9381972E same=F3B30183 plus2000=9381972E same_match=NO plus2000_match=YES
WORD_1=target=973E0712 same=E3B300E3 plus2000=973E0712 same_match=NO plus2000_match=YES
WORD_2=target=4797070A same=E3B301C3 plus2000=4797070A same_match=NO plus2000_match=YES
WORD_3=target=87930004 same=E3B301D3 plus2000=87930004 same_match=NO plus2000_match=YES
WORD_4=target=083B34E7 same=939A01E3 plus2000=083B34E7 same_match=NO plus2000_match=YES
WORD_5=target=68C14118 same=00735A63 plus2000=68C14118 same_match=NO plus2000_match=YES
WORD_6=target=4681973E same=0002BE03 plus2000=4681973E same_match=NO plus2000_match=YES
WORD_7=target=A02118FD same=01C33023 plus2000=A02118FD same_match=NO plus2000_match=YES
MATCH_SAME_OFFSET=0/8
MATCH_PLUS_2000=8/8
FULL_MATCH_SAME_OFFSET=NO
FULL_MATCH_PLUS_2000=YES
WINDOW_BASE=0x340
OFFSET_HYPOTHESIS=+0x2000
TARGET_WORDS=97B60045,00040717,31470713,97BA078E,07056398,B761E398,B7595575,E4221141
PAYLOAD_SAME_WORDS=03130004,3303CD23,00010003,00010001,FE6296E3,00EF4081,10731D20,02933040
PAYLOAD_PLUS2000_WORDS=97B60045,00040717,31470713,97BA078E,07056398,B761E398,B7595575,E4221141
WORD_0=target=97B60045 same=03130004 plus2000=97B60045 same_match=NO plus2000_match=YES
WORD_1=target=00040717 same=3303CD23 plus2000=00040717 same_match=NO plus2000_match=YES
WORD_2=target=31470713 same=00010003 plus2000=31470713 same_match=NO plus2000_match=YES
WORD_3=target=97BA078E same=00010001 plus2000=97BA078E same_match=NO plus2000_match=YES
WORD_4=target=07056398 same=FE6296E3 plus2000=07056398 same_match=NO plus2000_match=YES
WORD_5=target=B761E398 same=00EF4081 plus2000=B761E398 same_match=NO plus2000_match=YES
WORD_6=target=B7595575 same=10731D20 plus2000=B7595575 same_match=NO plus2000_match=YES
WORD_7=target=E4221141 same=02933040 plus2000=E4221141 same_match=NO plus2000_match=YES
MATCH_SAME_OFFSET=0/8
MATCH_PLUS_2000=8/8
FULL_MATCH_SAME_OFFSET=NO
FULL_MATCH_PLUS_2000=YES
WINDOW_BASE=0x380
OFFSET_HYPOTHESIS=+0x2000
TARGET_WORDS=4BD8EC67,06E57263,0F634705,717904E5,F406F022,1800EC26,7663439C,648502F5
PAYLOAD_SAME_WORDS=4701000C,000CE783,01678763,07050C91,FF774AE3,0B33577D,57630007,8217077B
PAYLOAD_PLUS2000_WORDS=4BD8EC67,06E57263,0F634705,717904E5,F406F022,1800EC26,7663439C,648502F5
WORD_0=target=4BD8EC67 same=4701000C plus2000=4BD8EC67 same_match=NO plus2000_match=YES
WORD_1=target=06E57263 same=000CE783 plus2000=06E57263 same_match=NO plus2000_match=YES
WORD_2=target=0F634705 same=01678763 plus2000=0F634705 same_match=NO plus2000_match=YES
WORD_3=target=717904E5 same=07050C91 plus2000=717904E5 same_match=NO plus2000_match=YES
WORD_4=target=F406F022 same=FF774AE3 plus2000=F406F022 same_match=NO plus2000_match=YES
WORD_5=target=1800EC26 same=0B33577D plus2000=1800EC26 same_match=NO plus2000_match=YES
WORD_6=target=7663439C same=57630007 plus2000=7663439C same_match=NO plus2000_match=YES
WORD_7=target=648502F5 same=8217077B plus2000=648502F5 same_match=NO plus2000_match=YES
MATCH_SAME_OFFSET=0/8
MATCH_PLUS_2000=8/8
FULL_MATCH_SAME_OFFSET=NO
FULL_MATCH_PLUS_2000=YES
WINDOW_BASE=0x3C0
OFFSET_HYPOTHESIS=+0x2000
TARGET_WORDS=03F57513,54FDA029,051314FE,17B703F0,17FDFFFC,8CFD0532,E1848CC9,740270A2
PAYLOAD_SAME_WORDS=07170002,07130000,10730567,25733057,00EF3400,A80D1EA0,00040397,E0838393
PAYLOAD_PLUS2000_WORDS=03F57513,54FDA029,051314FE,17B703F0,17FDFFFC,8CFD0532,E1848CC9,740270A2
WORD_0=target=03F57513 same=07170002 plus2000=03F57513 same_match=NO plus2000_match=YES
WORD_1=target=54FDA029 same=07130000 plus2000=54FDA029 same_match=NO plus2000_match=YES
WORD_2=target=051314FE same=10730567 plus2000=051314FE same_match=NO plus2000_match=YES
WORD_3=target=17B703F0 same=25733057 plus2000=17B703F0 same_match=NO plus2000_match=YES
WORD_4=target=17FDFFFC same=00EF3400 plus2000=17FDFFFC same_match=NO plus2000_match=YES
WORD_5=target=8CFD0532 same=A80D1EA0 plus2000=8CFD0532 same_match=NO plus2000_match=YES
WORD_6=target=E1848CC9 same=00040397 plus2000=E1848CC9 same_match=NO plus2000_match=YES
WORD_7=target=740270A2 same=E0838393 plus2000=740270A2 same_match=NO plus2000_match=YES
MATCH_SAME_OFFSET=0/8
MATCH_PLUS_2000=8/8
FULL_MATCH_SAME_OFFSET=NO
FULL_MATCH_PLUS_2000=YES
WINDOW_BASE=0x800
OFFSET_HYPOTHESIS=+0x2000
TARGET_WORDS=01416422,64228082,01414501,11418082,0800E422,0005C783,872ACB89,00F70023
PAYLOAD_SAME_WORDS=000A8963,058AB783,C7816B9C,13E39782,4581E205,80EF8526,1DE325E0,4581E005
PAYLOAD_PLUS2000_WORDS=01416422,64228082,01414501,11418082,0800E422,0005C783,872ACB89,00F70023
WORD_0=target=01416422 same=000A8963 plus2000=01416422 same_match=NO plus2000_match=YES
WORD_1=target=64228082 same=058AB783 plus2000=64228082 same_match=NO plus2000_match=YES
WORD_2=target=01414501 same=C7816B9C plus2000=01414501 same_match=NO plus2000_match=YES
WORD_3=target=11418082 same=13E39782 plus2000=11418082 same_match=NO plus2000_match=YES
WORD_4=target=0800E422 same=4581E205 plus2000=0800E422 same_match=NO plus2000_match=YES
WORD_5=target=0005C783 same=80EF8526 plus2000=0005C783 same_match=NO plus2000_match=YES
WORD_6=target=872ACB89 same=1DE325E0 plus2000=872ACB89 same_match=NO plus2000_match=YES
WORD_7=target=00F70023 same=4581E005 plus2000=00F70023 same_match=NO plus2000_match=YES
MATCH_SAME_OFFSET=0/8
MATCH_PLUS_2000=8/8
FULL_MATCH_SAME_OFFSET=NO
FULL_MATCH_PLUS_2000=YES
WINDOW_BASE=0x2000
OFFSET_HYPOTHESIS=+0x2000
TARGET_WORDS=C7818BA1,17EA4785,37838CDD,8BC1F784,4785C781,8CDD17EE,F7843783,0207F793
PAYLOAD_SAME_WORDS=C7818BA1,17EA4785,37838CDD,8BC1F784,4785C781,8CDD17EE,F7843783,0207F793
PAYLOAD_PLUS2000_WORDS=CB997B9C,E0221141,0800E406,97826708,640260A2,80820141,B7178082,07130004
WORD_0=target=C7818BA1 same=C7818BA1 plus2000=CB997B9C same_match=YES plus2000_match=NO
WORD_1=target=17EA4785 same=17EA4785 plus2000=E0221141 same_match=YES plus2000_match=NO
WORD_2=target=37838CDD same=37838CDD plus2000=0800E406 same_match=YES plus2000_match=NO
WORD_3=target=8BC1F784 same=8BC1F784 plus2000=97826708 same_match=YES plus2000_match=NO
WORD_4=target=4785C781 same=4785C781 plus2000=640260A2 same_match=YES plus2000_match=NO
WORD_5=target=8CDD17EE same=8CDD17EE plus2000=80820141 same_match=YES plus2000_match=NO
WORD_6=target=F7843783 same=F7843783 plus2000=B7178082 same_match=YES plus2000_match=NO
WORD_7=target=0207F793 same=0207F793 plus2000=07130004 same_match=YES plus2000_match=NO
MATCH_SAME_OFFSET=8/8
MATCH_PLUS_2000=0/8
FULL_MATCH_SAME_OFFSET=YES
FULL_MATCH_PLUS_2000=NO

==== summary ====
FULL_MATCH_PLUS_2000_BASES=0x0,0x40,0x80,0xC0,0x100,0x140,0x180,0x1C0,0x200,0x240,0x280,0x2C0,0x300,0x340,0x380,0x3C0,0x800
PARTIAL_MATCH_PLUS_2000_BASES=
NO_MATCH_PLUS_2000_BASES=0x2000
FULL_MATCH_SAME_OFFSET_BASES=0x2000
IS_PLUS_2000_GLOBAL_ACROSS_SAMPLES=NO
PLUS_2000_MATCH_SCOPE=BROADER_THAN_SINGLE_WINDOW
