'\\wsl.localhost\Ubuntu-22.04\root\chipyard\fpga'
用作为当前目录的以上路径启动了 CMD.EXE。
UNC 路径不受支持。默认值设为 Windows 目录。
attempting to launch hw_server

****** Xilinx hw_server v2021.2
  **** Build date : Oct 19 2021 at 03:13:30
    ** Copyright 1986-2021 Xilinx, Inc. All Rights Reserved.

INFO: hw_server application started
INFO: Use Ctrl-C to exit hw_server application



****** Xilinx hw_server v2021.2

  **** Build date : Oct 19 2021 at 03:13:30

    ** Copyright 1986-2021 Xilinx, Inc. All Rights Reserved.



INFO: hw_server application started

INFO: Use Ctrl-C to exit hw_server application




INFO: To connect to this hw_server instance use url: TCP:127.0.0.1:3121



POR_ATOMIC_0200_HIT=NO
POR_ATOMIC_STEP_PC_1=pc: N/A
POR_ATOMIC_STEP_PC_2=pc: N/A
POR_ATOMIC_STEP_PC_3=pc: N/A
POR_ATOMIC_STEP_PC_4=pc: N/A
POR_ATOMIC_STEP_PC_5=pc: N/A
POR_ATOMIC_CPSR=cpsr: N/A
    n: N/A   z: N/A   c: N/A   v: N/A   q: N/A  it: N/A   j: N/A  ss: N/A
   il: N/A  ge: N/A   e: N/A   a: N/A   i: N/A   f: N/A   t: N/A   m: N/A
POR_ATOMIC_CURRENTEL=ERR:no register match: currentel
POR_ATOMIC_HAS_NA=YES
