LOG:/root/chipyard/fpga/scripts/../logs/runtime_debug_healthcheck_20260322_151648.log
CONNECT_OK=YES
CONNECT_VALUE=tcfchan#0
PSU_SELECT_OK=YES
PSU_SELECT_VALUE=
PSU_PROPS_OK=YES
PSU_PROPS_VALUE={target_ctx {JTAG-jsn-HW-Z1-ZCU104 FT4232H-07198A-5ba00477-0} target_id 4 level 0 name PSU parent_ctx {} parent {} state_reason {} is_current 1 bscan {} jtag_device_id 3 jtag_device_ctx {jsn-HW-Z1-ZCU104 FT4232H-07198A-5ba00477-0} jtag_cable_id 1 jtag_cable_ctx {jsn-HW-Z1-ZCU104 FT4232H-07198A} jtag_cable_name {Xilinx HW-Z1-ZCU104 FT4232H 07198A} jtag_device_index 1 jtag_cable_manufacturer Xilinx jtag_cable_product {HW-Z1-ZCU104 FT4232H} jtag_cable_serial 07198A}
PSU_MRD_0X1000_OK=YES
PSU_MRD_0X1000_VALUE=1000:   80000000
PSU_MRD_0X1004_OK=YES
PSU_MRD_0X1004_VALUE=1004:   00000000
PSU_MRD_0X2000000_OK=YES
PSU_MRD_0X2000000_VALUE=2000000:   00000001
APU_SELECT_OK=YES
APU_SELECT_VALUE=
APU_PROPS_OK=YES
APU_PROPS_VALUE={target_ctx {JTAG-jsn-HW-Z1-ZCU104 FT4232H-07198A-5ba00477-0A} target_id 8 level 1 name APU parent_ctx {JTAG-jsn-HW-Z1-ZCU104 FT4232H-07198A-5ba00477-0} parent PSU state_reason {} is_current 1 bscan {} jtag_device_id 3 jtag_device_ctx {jsn-HW-Z1-ZCU104 FT4232H-07198A-5ba00477-0} jtag_cable_id 1 jtag_cable_ctx {jsn-HW-Z1-ZCU104 FT4232H-07198A} jtag_cable_name {Xilinx HW-Z1-ZCU104 FT4232H 07198A} jtag_device_index 1 jtag_cable_manufacturer Xilinx jtag_cable_product {HW-Z1-ZCU104 FT4232H} jtag_cable_serial 07198A}
APU_REG_PC_OK=NO
APU_REG_PC_VALUE=no register match: pc
APU_REG_DBGDSCR_OK=NO
APU_REG_DBGDSCR_VALUE=no register match: dbgdscr
APU_MRD_0X1E0_OK=YES
APU_MRD_0X1E0_VALUE=1E0:   97BA47E7
APU_MRD_0X200_OK=YES
APU_MRD_0X200_VALUE=200:   008A3783
A53_0_SELECT_OK=YES
A53_0_SELECT_VALUE=
A53_0_PROPS_OK=YES
A53_0_PROPS_VALUE={target_ctx {JTAG-jsn-HW-Z1-ZCU104 FT4232H-07198A-5ba00477-0A0} target_id 9 level 2 name {Cortex-A53 #0} parent_ctx {JTAG-jsn-HW-Z1-ZCU104 FT4232H-07198A-5ba00477-0A} parent APU state_reason {Halting Step, EL3(S)/A64} is_current 1 bscan {} jtag_device_id 3 jtag_device_ctx {jsn-HW-Z1-ZCU104 FT4232H-07198A-5ba00477-0} jtag_cable_id 1 jtag_cable_ctx {jsn-HW-Z1-ZCU104 FT4232H-07198A} jtag_cable_name {Xilinx HW-Z1-ZCU104 FT4232H 07198A} jtag_device_index 1 jtag_cable_manufacturer Xilinx jtag_cable_product {HW-Z1-ZCU104 FT4232H} jtag_cable_serial 07198A suspended 1}
A53_0_REG_PC_OK=YES
A53_0_REG_PC_VALUE=pc: 0000000000000200
A53_0_REG_CPSR_OK=YES
A53_0_REG_CPSR_VALUE=cpsr: 000003cd
A53_0_REG_R0_OK=YES
A53_0_REG_R0_VALUE=r0: 0000000000c52838
A53_0_REG_SP_OK=YES
A53_0_REG_SP_VALUE=sp: d08609a221400281
A53_0_REG_LR_OK=NO
A53_0_REG_LR_VALUE=no register match: lr
A53_1_SELECT_OK=YES
A53_1_SELECT_VALUE=
A53_1_PROPS_OK=YES
A53_1_PROPS_VALUE={target_ctx {JTAG-jsn-HW-Z1-ZCU104 FT4232H-07198A-5ba00477-0A1} target_id 10 level 2 name {Cortex-A53 #1} parent_ctx {JTAG-jsn-HW-Z1-ZCU104 FT4232H-07198A-5ba00477-0A} parent APU state_reason {Power On Reset} is_current 1 bscan {} jtag_device_id 3 jtag_device_ctx {jsn-HW-Z1-ZCU104 FT4232H-07198A-5ba00477-0} jtag_cable_id 1 jtag_cable_ctx {jsn-HW-Z1-ZCU104 FT4232H-07198A} jtag_cable_name {Xilinx HW-Z1-ZCU104 FT4232H 07198A} jtag_device_index 1 jtag_cable_manufacturer Xilinx jtag_cable_product {HW-Z1-ZCU104 FT4232H} jtag_cable_serial 07198A suspended 0}
A53_1_REG_PC_OK=YES
A53_1_REG_PC_VALUE=pc: N/A
A53_1_REG_CPSR_OK=YES
A53_1_REG_CPSR_VALUE=cpsr: N/A
A53_1_REG_R0_OK=YES
A53_1_REG_R0_VALUE=r0: N/A
A53_1_REG_SP_OK=YES
A53_1_REG_SP_VALUE=sp: N/A
A53_1_REG_LR_OK=YES
A53_1_REG_LR_VALUE=lr: N/A
DISCONNECT_OK=YES
DISCONNECT_VALUE=
