'\\wsl.localhost\Ubuntu-22.04\root\chipyard\fpga'
用作为当前目录的以上路径启动了 CMD.EXE。
UNC 路径不受支持。默认值设为 Windows 目录。

==== connect and list targets ====
attempting to launch hw_server

****** Xilinx hw_server v2021.2
  **** Build date : Oct 19 2021 at 03:13:30
    ** Copyright 1986-2021 Xilinx, Inc. All Rights Reserved.

INFO: hw_server application started
INFO: Use Ctrl-C to exit hw_server application



****** Xilinx hw_server v2021.2

  **** Build date : Oct 19 2021 at 03:13:30

    ** Copyright 1986-2021 Xilinx, Inc. All Rights Reserved.



INFO: hw_server application started

INFO: Use Ctrl-C to exit hw_server application




INFO: To connect to this hw_server instance use url: TCP:127.0.0.1:3121




==== select a53#0 + rst-processor + stop + verify ====
WARNING: If the reset is being triggered after powering on the device,
          write bootloop at reset vector address (0xffff0000), or use
          -clear-registers option, to avoid unpredictable behavior.
          Further warnings will be suppressed

==== set reset bp and short run ====
AFTER_RST_BP_ID=0
AFTER_RST_PC_SAMPLE i=1 val=pc: N/A
AFTER_RST_PC_SAMPLE i=2 val=pc: N/A
AFTER_RST_PC_SAMPLE i=3 val=pc: N/A
AFTER_RST_PC_SAMPLE i=4 val=pc: N/A
AFTER_RST_PC_SAMPLE i=5 val=pc: N/A

==== basic reg read ====
AFTER_RST_BASIC_REG_RAW=cpsr: N/A
    n: N/A   z: N/A   c: N/A   v: N/A  ss: N/A  il: N/A   d: N/A   a: N/A
    i: N/A   f: N/A   m: N/A
AFTER_RST_RESET_BP_HIT=NO
AFTER_RST_RESET_BP_COUNT=0
AFTER_RST_RESET_FIRST_PC=
AFTER_RST_PC_READABLE=NO
AFTER_RST_PC_PROGRESS=NO
AFTER_RST_BASIC_REG_READ=YES
AFTER_RST_PC_UNIQ={pc: N/A}
