'\\wsl.localhost\Ubuntu-22.04\root\chipyard\fpga'
用作为当前目录的以上路径启动了 CMD.EXE。
UNC 路径不受支持。默认值设为 Windows 目录。

==== check inputs ====
PAYLOAD_FILE=\\wsl.localhost\Ubuntu-22.04\root\chipyard\software\firemarshal\boards\default\firmware\opensbi\build\platform\generic\firmware\fw_payload.bin
PAYLOAD_SIZE_ALIGNED=0x1AD5000
BOOTADDR=0x80000000

==== connect and recover ====
attempting to launch hw_server

****** Xilinx hw_server v2021.2
  **** Build date : Oct 19 2021 at 03:13:30
    ** Copyright 1986-2021 Xilinx, Inc. All Rights Reserved.

INFO: hw_server application started
INFO: Use Ctrl-C to exit hw_server application



****** Xilinx hw_server v2021.2

  **** Build date : Oct 19 2021 at 03:13:30

    ** Copyright 1986-2021 Xilinx, Inc. All Rights Reserved.



INFO: hw_server application started

INFO: Use Ctrl-C to exit hw_server application




INFO: To connect to this hw_server instance use url: TCP:127.0.0.1:3121




==== psu init and fpga ====

==== payload download and bootaddr ====
POST_BOOTADDR_LO=1000:   80000000
POST_BOOTADDR_HI=1004:   00000000
POST_MSIP=2000000:   00000001

==== window compare ====
STEP_ERR_LABEL=window compare
STEP_ERR_VALUE=invalid bareword "0x"
in expression "0x$value & 0xFFFFFFFF";
should be "$0x" or "{0x}" or "0x(...)" or ...
invalid bareword "0x"
in expression "0x$value & 0xFFFFFFFF";
should be "$0x" or "{0x}" or "0x(...)" or ...
    (parsing expression "0x$value & 0xFFFFFFFF")
    invoked from within
"expr {0x$value & 0xFFFFFFFF}"
    (procedure "normalize_word" line 2)
    invoked from within
"normalize_word $value"
    ("foreach" body line 3)
    invoked from within
"foreach line [split $raw "\n"] {
    if {[regexp {^\s*([0-9A-Fa-f]+):\s+([0-9A-Fa-f]+)} $line -> addr value]} {
      lappend out [normalize_word $val..."
    (procedure "target_window_words" line 6)
    invoked from within
"target_window_words $base $window_words"
    ("foreach" body line 2)
    invoked from within
"foreach base $sample_bases {
    set target_words [target_window_words $base $window_words]
    set same_words [file_window_words $fh $base $window_wo..."
    ("uplevel" body line 11)
    invoked from within
"uplevel 1 $body"
