'\\wsl.localhost\Ubuntu-22.04\root\chipyard\fpga'
用作为当前目录的以上路径启动了 CMD.EXE。
UNC 路径不受支持。默认值设为 Windows 目录。
attempting to launch hw_server

****** Xilinx hw_server v2021.2
  **** Build date : Oct 19 2021 at 03:13:30
    ** Copyright 1986-2021 Xilinx, Inc. All Rights Reserved.

INFO: hw_server application started
INFO: Use Ctrl-C to exit hw_server application



****** Xilinx hw_server v2021.2

  **** Build date : Oct 19 2021 at 03:13:30

    ** Copyright 1986-2021 Xilinx, Inc. All Rights Reserved.



INFO: hw_server application started

INFO: Use Ctrl-C to exit hw_server application




INFO: To connect to this hw_server instance use url: TCP:127.0.0.1:3121



PRE_BOOTADDR_LO=1000:   80002000
PRE_BOOTADDR_HI=1004:   00000000
PRE_MSIP=2000000:   00000001
PRE_MEM_01E0=1E0:   97BA47E7
     1E4:   0007B023
PRE_MEM_0200=200:   FEFEFEFE
     204:   EFEFEFEF
PRE_A53_PC=pc: N/A
PRE_A53_CPSR=cpsr: N/A
    n: N/A   z: N/A   c: N/A   v: N/A   q: N/A  it: N/A   j: N/A  ss: N/A
   il: N/A  ge: N/A   e: N/A   a: N/A   i: N/A   f: N/A   t: N/A   m: N/A
WARNING: If the reset is being triggered after powering on the device,
          write bootloop at reset vector address (0xffff0000), or use
          -clear-registers option, to avoid unpredictable behavior.
          Further warnings will be suppressed
POST_A53_PC=pc: 0000000000000200
POST_A53_CPSR=cpsr: 000003cd
    n (Bits [31]): 0   z (Bits [30]): 0   c (Bits [29]): 0   v (Bits [28]): 0
   ss (Bits [21]): 0  il (Bits [20]): 0    d (Bits [9]): 1    a (Bits [8]): 1
     i (Bits [7]): 1    f (Bits [6]): 1  m (Bits [4:0]): d
POST_A53_HIT_0200=YES
POST_MEM_0200=200:   FEFEFEFE
     204:   EFEFEFEF
