
==== check payload file ====
flat payload = \\wsl.localhost\Ubuntu-22.04\root\chipyard\software\firemarshal\boards\default\firmware\opensbi\build\platform\generic\firmware\fw_payload.bin
flat_size = 0x1ad4808 aligned = 0x1ad5000
payload_psddr_addr = 0x00000000
bootaddr = 0x80000000

==== connect hw_server ====
attempting to launch hw_server

****** Xilinx hw_server v2021.2
  **** Build date : Oct 19 2021 at 03:13:30
    ** Copyright 1986-2021 Xilinx, Inc. All Rights Reserved.

INFO: hw_server application started
INFO: Use Ctrl-C to exit hw_server application



****** Xilinx hw_server v2021.2

  **** Build date : Oct 19 2021 at 03:13:30

    ** Copyright 1986-2021 Xilinx, Inc. All Rights Reserved.



INFO: hw_server application started

INFO: Use Ctrl-C to exit hw_server application




INFO: To connect to this hw_server instance use url: TCP:127.0.0.1:3121




==== show targets ====
  1  PS TAP
     2  PMU
     3  PL
  4  DAP (AXI AP transaction error, DAP status 0x30000021)

==== force XSDB memory accesses ====

==== select APU target for PS DDR payload access ====
