'\\wsl.localhost\Ubuntu-22.04\root\chipyard\fpga'
用作为当前目录的以上路径启动了 CMD.EXE。
UNC 路径不受支持。默认值设为 Windows 目录。

==== check inputs ====
PSU_INIT=\\wsl.localhost\Ubuntu-22.04\root\chipyard\fpga\generated-src\chipyard.fpga.zcu104.ZCU104FPGATestHarness.RocketZCU104LinuxBringupConfig.pre_sentinel_20260322_153527\obj\ip\zcu104ps\psu_init.tcl
BIT_FILE=\\wsl.localhost\Ubuntu-22.04\root\chipyard\fpga\generated-src\chipyard.fpga.zcu104.ZCU104FPGATestHarness.RocketZCU104LinuxBringupConfig.pre_sentinel_20260322_153527\obj\ZCU104FPGATestHarness.bit
BASEADDR=0x10320
WORDS=16

==== connect and recover ====
attempting to launch hw_server

****** Xilinx hw_server v2021.2
  **** Build date : Oct 19 2021 at 03:13:30
    ** Copyright 1986-2021 Xilinx, Inc. All Rights Reserved.

INFO: hw_server application started
INFO: Use Ctrl-C to exit hw_server application



****** Xilinx hw_server v2021.2

  **** Build date : Oct 19 2021 at 03:13:30

    ** Copyright 1986-2021 Xilinx, Inc. All Rights Reserved.



INFO: hw_server application started

INFO: Use Ctrl-C to exit hw_server application




INFO: To connect to this hw_server instance use url: TCP:127.0.0.1:3121




==== psu init and fpga ====

==== read bootrom region ====
   10320:   1F1B0188
   10324:   5E9B0088
   10328:   5E1B0183
   1032C:   151B0186
   10330:   139B0183
   10334:   169B0083
   10338:   129B0186
   1033C:   FFB30086
   10340:   7F33013F
   10344:   E5B3013F
   10348:   D89B0175
   1034C:   67330088
   10350:   581B0167
   10354:   65330088
   10358:   F3B301D5
   1035C:   E6B30133

