'\\wsl.localhost\Ubuntu-22.04\root\chipyard\fpga'
用作为当前目录的以上路径启动了 CMD.EXE。
UNC 路径不受支持。默认值设为 Windows 目录。

==== connect ====
attempting to launch hw_server

****** Xilinx hw_server v2021.2
  **** Build date : Oct 19 2021 at 03:13:30
    ** Copyright 1986-2021 Xilinx, Inc. All Rights Reserved.

INFO: hw_server application started
INFO: Use Ctrl-C to exit hw_server application



****** Xilinx hw_server v2021.2

  **** Build date : Oct 19 2021 at 03:13:30

    ** Copyright 1986-2021 Xilinx, Inc. All Rights Reserved.



INFO: hw_server application started

INFO: Use Ctrl-C to exit hw_server application




INFO: To connect to this hw_server instance use url: TCP:127.0.0.1:3121



OK

==== targets ====
  1  PS TAP
     2  PMU
     3  PL
  4  DAP (AXI AP transaction error, DAP status 0x30000021)
OK

==== select PS TAP + mrd ====
  1* PS TAP
     2  PMU
     3  PL
  4  DAP (AXI AP transaction error, DAP status 0x30000021)
FAIL: Context does not support memory read. Unsupported command
Context does not support memory read. Unsupported command
    invoked from within
"::tcf::eval -progress {apply {{msg} {puts $msg}}} {tcf_send_command tcfchan#0 Memory get siiii {Bea{o{msg o{} A}}} {{JTAG-jsn-HW-Z1-ZCU104 FT4232H-07198A-14730093-0} 4284350976 4 4 7}}"
    (procedure "::tcf::send_command" line 4)
    invoked from within
"::tcf::send_command $chan Memory get "siiii" "Bea{o{msg o{} A}}" [list $ctx $start_addr $size $nbytes $mode]"
    (procedure "mrd" line 87)
    invoked from within
"mrd -force 0xFF5E0200"
    ("uplevel" body line 4)
    invoked from within
"uplevel 1 $body"

==== select DAP + mrd ====
  1  PS TAP
     2  PMU
     3  PL
  4* DAP (AXI AP transaction error, DAP status 0x30000021)
FAIL: Context does not support memory read. Unsupported command
Context does not support memory read. Unsupported command
    invoked from within
"::tcf::eval -progress {apply {{msg} {puts $msg}}} {tcf_send_command tcfchan#0 Memory get siiii {Bea{o{msg o{} A}}} {{JTAG-jsn-HW-Z1-ZCU104 FT4232H-07198A-5ba00477-0} 4284350976 4 4 7}}"
    (procedure "::tcf::send_command" line 4)
    invoked from within
"::tcf::send_command $chan Memory get "siiii" "Bea{o{msg o{} A}}" [list $ctx $start_addr $size $nbytes $mode]"
    (procedure "mrd" line 87)
    invoked from within
"mrd -force 0xFF5E0200"
    ("uplevel" body line 4)
    invoked from within
"uplevel 1 $body"

==== select PMU + mrd ====
  1  PS TAP
     2* PMU
     3  PL
  4  DAP (AXI AP transaction error, DAP status 0x30000021)
FAIL: Memory read error at 0xFF5E0200. MDM master access port not found
Memory read error at 0xFF5E0200. MDM master access port not found
    invoked from within
"::tcf::eval -progress {apply {{msg} {puts $msg}}} {tcf_send_command tcfchan#0 Memory get siiii {Bea{o{msg o{} A}}} {{JTAG-jsn-HW-Z1-ZCU104 FT4232H-07198A-14730093-0P} 4284350976 4 4 7}}"
    (procedure "::tcf::send_command" line 4)
    invoked from within
"::tcf::send_command $chan Memory get "siiii" "Bea{o{msg o{} A}}" [list $ctx $start_addr $size $nbytes $mode]"
    (procedure "mrd" line 87)
    invoked from within
"mrd -force 0xFF5E0200"
    ("uplevel" body line 4)
    invoked from within
"uplevel 1 $body"

==== disconnect ====
OK
