'\\wsl.localhost\Ubuntu-22.04\root\chipyard\fpga'
用作为当前目录的以上路径启动了 CMD.EXE。
UNC 路径不受支持。默认值设为 Windows 目录。
CRITICAL WARNING: [Common 17-183] Failed to open handle vivado.log. Please check access permission of directory 'C:\Windows'. You should restart the application from a writable working directory.

****** Vivado v2021.2 (64-bit)
  **** SW Build 3367213 on Tue Oct 19 02:48:09 MDT 2021
  **** IP Build 3369179 on Thu Oct 21 08:25:16 MDT 2021
    ** Copyright 1986-2021 Xilinx, Inc. All Rights Reserved.

source //wsl.localhost/Ubuntu-22.04/root/chipyard/fpga/fpga-shells/xilinx/common/tcl/write_cfgmem.tcl
# set script_program_dir [file dirname [info script]]
# source [file join $script_program_dir {boards.tcl}]
## namespace eval ::program::boards {}
## set ::program::boards::spec [dict create \
## 	arty            [dict create  iface spix4   size 16   bitaddr 0x0        memdev {n25q128-3.3v-spi-x1_x2_x4}] \
## 	arty_a7_100     [dict create  iface spix4   size 16   bitaddr 0x0        memdev {s25fl128sxxxxxx0-spi-x1_x2_x4}] \
## 	nexys_video     [dict create  iface spix4   size 32   bitaddr 0x0        memdev {s25fl256sxxxxxx0-spi-x1_x2_x4}] \
## 	vc707           [dict create  iface bpix16  size 128  bitaddr 0x3000000  ] \
## 	vcu118          [dict create  iface spix8   size 256  bitaddr 0x0        memdev {mt25qu01g-spi-x1_x2_x4_x8}]]
# if {$argc < 3 || $argc > 4} {
# 	puts $argc
# 	puts {Error: Invalid number of arguments}
# 	puts {Usage: write_cfgmem.tcl board mcsfile bitfile [datafile]}
# 	exit 1
# }
# lassign $argv board mcsfile bitfile datafile
# if {![dict exists $::program::boards::spec $board]} {
# 	puts {Unsupported board}
# 	exit 1
# }
# set board [dict get $::program::boards::spec $board]
# write_cfgmem -format mcs -interface [dict get $board iface] -size [dict get $board size] \
# 	-loadbit "up [dict get $board bitaddr] $bitfile" \
# 	-loaddata [expr {$datafile ne "" ? "up 0x400000 $datafile" : ""}] \
# 	-file $mcsfile -force
Command: write_cfgmem -format mcs -interface spix8 -size 256 -loadbit {up 0x0 //wsl.localhost/Ubuntu-22.04/root/chipyard/fpga/generated-src/chipyard.fpga.vcu118.VCU118FPGATestHarness.RocketVCU118Config/obj/VCU118FPGATestHarness.bit} -loaddata {} -file //wsl.localhost/Ubuntu-22.04/root/chipyard/fpga/generated-src/chipyard.fpga.vcu118.VCU118FPGATestHarness.RocketVCU118Config/obj/system.mcs -force
Creating config memory files...
Creating bitstream load up from address 0x00000000
Loading bitfile //wsl.localhost/Ubuntu-22.04/root/chipyard/fpga/generated-src/chipyard.fpga.vcu118.VCU118FPGATestHarness.RocketVCU118Config/obj/VCU118FPGATestHarness.bit
Writing file //wsl.localhost/Ubuntu-22.04/root/chipyard/fpga/generated-src/chipyard.fpga.vcu118.VCU118FPGATestHarness.RocketVCU118Config/obj/system_primary.mcs
Writing file //wsl.localhost/Ubuntu-22.04/root/chipyard/fpga/generated-src/chipyard.fpga.vcu118.VCU118FPGATestHarness.RocketVCU118Config/obj/system_secondary.mcs
Writing log file //wsl.localhost/Ubuntu-22.04/root/chipyard/fpga/generated-src/chipyard.fpga.vcu118.VCU118FPGATestHarness.RocketVCU118Config/obj/system_primary.prm
===================================
Configuration Memory information
===================================
File Format        MCS
Interface          SPIX8
Size               128M
Start Address      0x00000000
End Address        0x07FFFFFF

Addr1         Addr2         Date                    File(s)
0x00000000    0x00D5A601    Mar 15 22:48:09 2026    //wsl.localhost/Ubuntu-22.04/root/chipyard/fpga/generated-src/chipyard.fpga.vcu118.VCU118FPGATestHarness.RocketVCU118Config/obj/VCU118FPGATestHarness.bit
Writing log file //wsl.localhost/Ubuntu-22.04/root/chipyard/fpga/generated-src/chipyard.fpga.vcu118.VCU118FPGATestHarness.RocketVCU118Config/obj/system_secondary.prm
===================================
Configuration Memory information
===================================
File Format        MCS
Interface          SPIX8
Size               128M
Start Address      0x00000000
End Address        0x07FFFFFF

Addr1         Addr2         Date                    File(s)
0x00000000    0x00D5A601    Mar 15 22:48:09 2026    //wsl.localhost/Ubuntu-22.04/root/chipyard/fpga/generated-src/chipyard.fpga.vcu118.VCU118FPGATestHarness.RocketVCU118Config/obj/VCU118FPGATestHarness.bit
0 Infos, 0 Warnings, 0 Critical Warnings and 0 Errors encountered.
write_cfgmem completed successfully
write_cfgmem: Time (s): cpu = 00:00:19 ; elapsed = 00:00:32 . Memory (MB): peak = 1603.137 ; gain = 0.000
INFO: [Common 17-206] Exiting Vivado at Mon Mar 16 20:33:52 2026...
