'\\wsl.localhost\Ubuntu-22.04\root\chipyard\fpga'
用作为当前目录的以上路径启动了 CMD.EXE。
UNC 路径不受支持。默认值设为 Windows 目录。
CRITICAL WARNING: [Common 17-183] Failed to open handle vivado.log. Please check access permission of directory 'C:\Windows'. You should restart the application from a writable working directory.

****** Vivado v2021.2 (64-bit)
  **** SW Build 3367213 on Tue Oct 19 02:48:09 MDT 2021
  **** IP Build 3369179 on Thu Oct 21 08:25:16 MDT 2021
    ** Copyright 1986-2021 Xilinx, Inc. All Rights Reserved.

source //wsl.localhost/Ubuntu-22.04/root/chipyard/fpga/scripts/write_cfgmem_generic.tcl
# if {$argc < 4 || $argc > 5} {
#   puts {Error: Invalid number of arguments}
#   puts {Usage: write_cfgmem_generic.tcl iface size mcsfile bitfile [datafile]}
#   exit 1
# }
# lassign $argv iface size mcsfile bitfile datafile
# set load_data_arg [expr {$datafile ne "" ? "-loaddata up 0x400000 $datafile" : ""}]
# set cmd [list write_cfgmem -format mcs -interface $iface -size $size -loadbit "up 0x0 $bitfile" -file $mcsfile -force]
# if {$datafile ne ""} {
#   lappend cmd -loaddata "up 0x400000 $datafile"
# }
# puts "Running: $cmd"
Running: write_cfgmem -format mcs -interface spix8 -size 256 -loadbit {up 0x0 //wsl.localhost/Ubuntu-22.04/root/chipyard/fpga/generated-src/chipyard.fpga.vcu118.VCU118FPGATestHarness.RocketVCU118Config/obj/VCU118FPGATestHarness.bit} -file //wsl.localhost/Ubuntu-22.04/root/chipyard/fpga/generated-src/chipyard.fpga.vcu118.VCU118FPGATestHarness.RocketVCU118Config/obj/system.mcs -force
# eval $cmd
Command: write_cfgmem -format mcs -interface spix8 -size 256 -loadbit {up 0x0 //wsl.localhost/Ubuntu-22.04/root/chipyard/fpga/generated-src/chipyard.fpga.vcu118.VCU118FPGATestHarness.RocketVCU118Config/obj/VCU118FPGATestHarness.bit} -file //wsl.localhost/Ubuntu-22.04/root/chipyard/fpga/generated-src/chipyard.fpga.vcu118.VCU118FPGATestHarness.RocketVCU118Config/obj/system.mcs -force
Creating config memory files...
Creating bitstream load up from address 0x00000000
Loading bitfile //wsl.localhost/Ubuntu-22.04/root/chipyard/fpga/generated-src/chipyard.fpga.vcu118.VCU118FPGATestHarness.RocketVCU118Config/obj/VCU118FPGATestHarness.bit
Writing file //wsl.localhost/Ubuntu-22.04/root/chipyard/fpga/generated-src/chipyard.fpga.vcu118.VCU118FPGATestHarness.RocketVCU118Config/obj/system_primary.mcs
Writing file //wsl.localhost/Ubuntu-22.04/root/chipyard/fpga/generated-src/chipyard.fpga.vcu118.VCU118FPGATestHarness.RocketVCU118Config/obj/system_secondary.mcs
Writing log file //wsl.localhost/Ubuntu-22.04/root/chipyard/fpga/generated-src/chipyard.fpga.vcu118.VCU118FPGATestHarness.RocketVCU118Config/obj/system_primary.prm
===================================
Configuration Memory information
===================================
File Format        MCS
Interface          SPIX8
Size               128M
Start Address      0x00000000
End Address        0x07FFFFFF

Addr1         Addr2         Date                    File(s)
0x00000000    0x00D5A601    Mar 15 22:48:09 2026    //wsl.localhost/Ubuntu-22.04/root/chipyard/fpga/generated-src/chipyard.fpga.vcu118.VCU118FPGATestHarness.RocketVCU118Config/obj/VCU118FPGATestHarness.bit
Writing log file //wsl.localhost/Ubuntu-22.04/root/chipyard/fpga/generated-src/chipyard.fpga.vcu118.VCU118FPGATestHarness.RocketVCU118Config/obj/system_secondary.prm
===================================
Configuration Memory information
===================================
File Format        MCS
Interface          SPIX8
Size               128M
Start Address      0x00000000
End Address        0x07FFFFFF

Addr1         Addr2         Date                    File(s)
0x00000000    0x00D5A601    Mar 15 22:48:09 2026    //wsl.localhost/Ubuntu-22.04/root/chipyard/fpga/generated-src/chipyard.fpga.vcu118.VCU118FPGATestHarness.RocketVCU118Config/obj/VCU118FPGATestHarness.bit
0 Infos, 0 Warnings, 0 Critical Warnings and 0 Errors encountered.
write_cfgmem completed successfully
write_cfgmem: Time (s): cpu = 00:00:16 ; elapsed = 00:00:29 . Memory (MB): peak = 1603.332 ; gain = 0.000
INFO: [Common 17-206] Exiting Vivado at Mon Mar 16 20:45:59 2026...
