'\\wsl.localhost\Ubuntu-22.04\root\chipyard\fpga'
用作为当前目录的以上路径启动了 CMD.EXE。
UNC 路径不受支持。默认值设为 Windows 目录。
attempting to launch hw_server

****** Xilinx hw_server v2021.2
  **** Build date : Oct 19 2021 at 03:13:30
    ** Copyright 1986-2021 Xilinx, Inc. All Rights Reserved.

INFO: hw_server application started
INFO: Use Ctrl-C to exit hw_server application



****** Xilinx hw_server v2021.2

  **** Build date : Oct 19 2021 at 03:13:30

    ** Copyright 1986-2021 Xilinx, Inc. All Rights Reserved.



INFO: hw_server application started

INFO: Use Ctrl-C to exit hw_server application




INFO: To connect to this hw_server instance use url: TCP:127.0.0.1:3121



==== selected jtag arm_dap ====
  1  Xilinx HW-Z1-ZCU104 FT4232H 07198A
     2  xczu7 (idcode 14730093 irlen 12 fpga)
     3* arm_dap (idcode 5ba00477 irlen 4)
SEQ=::jtagseq#0
==== irshift register IDCODE + drshift 32 ====
ERR=unknown or ambiguous register name "IDCODE": must be init_done_check, init_done_check_mask
unknown or ambiguous register name "IDCODE": must be init_done_check, init_done_check_mask
    while executing
"error "unknown or ambiguous register name \"$name\": must be [join $l {, }]""
    (procedure "::xsdb::jtag::sequence::fmt_cmds_data" line 37)
    invoked from within
"::xsdb::jtag::sequence::fmt_cmds_data $name $irlen $devprops"
    (body of "dict with")
    invoked from within
"dict with sequences {
	    switch -- $cmd {
		state {
		    if { [llength $args] < 1 || [llength $args] > 2 } {
			error "wrong # args: should be \"st..."
    (procedure "::xsdb::jtag::_sequence_dispatch" line 21)
    invoked from within
"$seq run -hex"
    ("uplevel" body line 5)
    invoked from within
"uplevel 1 $body"
==== irshift register DPACC ====
ERR=unknown or ambiguous register name "DPACC": must be init_done_check, init_done_check_mask
unknown or ambiguous register name "DPACC": must be init_done_check, init_done_check_mask
    while executing
"error "unknown or ambiguous register name \"$name\": must be [join $l {, }]""
    (procedure "::xsdb::jtag::sequence::fmt_cmds_data" line 37)
    invoked from within
"::xsdb::jtag::sequence::fmt_cmds_data $name $irlen $devprops"
    (body of "dict with")
    invoked from within
"dict with sequences {
	    switch -- $cmd {
		state {
		    if { [llength $args] < 1 || [llength $args] > 2 } {
			error "wrong # args: should be \"st..."
    (procedure "::xsdb::jtag::_sequence_dispatch" line 21)
    invoked from within
"$seq run -hex"
    ("uplevel" body line 5)
    invoked from within
"uplevel 1 $body"
==== irshift register APACC ====
ERR=unknown or ambiguous register name "APACC": must be init_done_check, init_done_check_mask
unknown or ambiguous register name "APACC": must be init_done_check, init_done_check_mask
    while executing
"error "unknown or ambiguous register name \"$name\": must be [join $l {, }]""
    (procedure "::xsdb::jtag::sequence::fmt_cmds_data" line 37)
    invoked from within
"::xsdb::jtag::sequence::fmt_cmds_data $name $irlen $devprops"
    (body of "dict with")
    invoked from within
"dict with sequences {
	    switch -- $cmd {
		state {
		    if { [llength $args] < 1 || [llength $args] > 2 } {
			error "wrong # args: should be \"st..."
    (procedure "::xsdb::jtag::_sequence_dispatch" line 21)
    invoked from within
"$seq run -hex"
    ("uplevel" body line 5)
    invoked from within
"uplevel 1 $body"
==== irshift register ABORT ====
ERR=unknown or ambiguous register name "ABORT": must be init_done_check, init_done_check_mask
unknown or ambiguous register name "ABORT": must be init_done_check, init_done_check_mask
    while executing
"error "unknown or ambiguous register name \"$name\": must be [join $l {, }]""
    (procedure "::xsdb::jtag::sequence::fmt_cmds_data" line 37)
    invoked from within
"::xsdb::jtag::sequence::fmt_cmds_data $name $irlen $devprops"
    (body of "dict with")
    invoked from within
"dict with sequences {
	    switch -- $cmd {
		state {
		    if { [llength $args] < 1 || [llength $args] > 2 } {
			error "wrong # args: should be \"st..."
    (procedure "::xsdb::jtag::_sequence_dispatch" line 21)
    invoked from within
"$seq run -hex"
    ("uplevel" body line 5)
    invoked from within
"uplevel 1 $body"
==== raw irshift 4 bits integer 0xE ====
01 7704a05b
