'\\wsl.localhost\Ubuntu-22.04\root\chipyard\fpga'
用作为当前目录的以上路径启动了 CMD.EXE。
UNC 路径不受支持。默认值设为 Windows 目录。
attempting to launch hw_server

****** Xilinx hw_server v2021.2
  **** Build date : Oct 19 2021 at 03:13:30
    ** Copyright 1986-2021 Xilinx, Inc. All Rights Reserved.

INFO: hw_server application started
INFO: Use Ctrl-C to exit hw_server application



****** Xilinx hw_server v2021.2

  **** Build date : Oct 19 2021 at 03:13:30

    ** Copyright 1986-2021 Xilinx, Inc. All Rights Reserved.



INFO: hw_server application started

INFO: Use Ctrl-C to exit hw_server application




INFO: To connect to this hw_server instance use url: TCP:127.0.0.1:3121



==== try dotted sys forms ====
REG_sys.0_ERR=no register match: sys.0
REG_sys.1_ERR=no register match: sys.1
REG_sys.2_ERR=no register match: sys.2
REG_sys.3_ERR=no register match: sys.3
REG_sys.4_ERR=no register match: sys.4
REG_sys.5_ERR=no register match: sys.5
REG_sys.6_ERR=no register match: sys.6
REG_sys.7_ERR=no register match: sys.7
REG_sys.9_ERR=no register match: sys.9
REG_sys.10_ERR=no register match: sys.10
REG_sys.12_ERR=no register match: sys.12
REG_sys.13_ERR=no register match: sys.13
REG_sys.14_ERR=no register match: sys.14
