'\\wsl.localhost\Ubuntu-22.04\root\chipyard\fpga'
用作为当前目录的以上路径启动了 CMD.EXE。
UNC 路径不受支持。默认值设为 Windows 目录。
attempting to launch hw_server

****** Xilinx hw_server v2021.2
  **** Build date : Oct 19 2021 at 03:13:30
    ** Copyright 1986-2021 Xilinx, Inc. All Rights Reserved.

INFO: hw_server application started
INFO: Use Ctrl-C to exit hw_server application



****** Xilinx hw_server v2021.2

  **** Build date : Oct 19 2021 at 03:13:30

    ** Copyright 1986-2021 Xilinx, Inc. All Rights Reserved.



INFO: hw_server application started

INFO: Use Ctrl-C to exit hw_server application




INFO: To connect to this hw_server instance use url: TCP:127.0.0.1:3121



==== jtag targets ====
  1  Xilinx HW-Z1-ZCU104 FT4232H 07198A
     2  xczu7 (idcode 14730093 irlen 12 fpga)
     3  arm_dap (idcode 5ba00477 irlen 4)
==== device_properties dap ====
idcode 195036279 mask 268435455 irlen 4 name arm_dap irlen_detect_off 0 frame_count 0 debug_node_id 0 reg.init_done_check 0 reg.init_done_check_mask 0
==== create sequence ====
SEQ=::jtagseq#0
==== run sequence hex ====
Invalid target. Use "jtag targets" command to select a target
    while executing
"error "Invalid target. Use \"jtag targets\" command to select a target""
    (procedure "getcurnode" line 4)
    invoked from within
"getcurnode"
    (body of "dict with")
    invoked from within
"dict with sequences {
	    switch -- $cmd {
		state {
		    if { [llength $args] < 1 || [llength $args] > 2 } {
			error "wrong # args: should be \"st..."
    (procedure "::xsdb::jtag::_sequence_dispatch" line 21)
    invoked from within
"$seq run -hex"
    invoked from within
"puts [$seq run -hex]"
    (file "\\wsl.localhost\Ubuntu-22.04\tmp\xsdb_roundD_jtag_probe.tcl" line 12)
