'\\wsl.localhost\Ubuntu-22.04\root\chipyard\fpga'
用作为当前目录的以上路径启动了 CMD.EXE。
UNC 路径不受支持。默认值设为 Windows 目录。
=== help rst ===
NAME
    rst - Target Reset.

SYNOPSIS
    rst [options]
        Reset the active target.

OPTIONS
    -processor
        Reset the active processor target.

    -cores
        Reset the active processor group. This reset type is supported only on
        Zynq, ZynqMP, and Versal devices. A processor group is defined as a set
        of processor cores and on-chip peripherals like OCM.

    -system
        Reset the active System. The is the default reset.

    -srst
        Generate system reset for active target.  With JTAG this is
        done by generating a pulse on the SRST pin on the JTAG cable
        assocated with the active target.

    -por
        Generate power on reset for active target.  With JTAG this is
        done by generating a pulse on the POR pin on the JTAG cable
        assocated with the active target.

    -ps
        Generate PS only reset on Zynq MP. This is supported only through
        MicroBlaze PMU target.

    -stop
        Suspend cores after reset. If this option is not specified, debugger
        choses the default action, which is to resume the cores for -system,
        and suspend the cores for -processor, and -cores. This option is only
        supported with -processor, -cores, and -system options.

    -start
        Resume the cores after reset. See description of -stop option for more
        details.

    -endianness <value>
        Set the data endianness to <value>. The following values are supported.
        le - Little endian
        be - Big endian
        This option is supported with APU, RPU, A9, A53, and A72 targets. If
        this option is not specified, the current configuration is not changed.

    -code-endianness <value>
        Set the instruction endianness to <value>. The following values are
        supported.
        le - Little endian
        be - Big endian
        This option is supported with APU, RPU, A9, A53, and A72 targets. If
        this option is not specified, the current configuration is not changed.

    -isa <isa-name>
        Set ISA to <isa-name>. Supported isa-names are ARM/A32, A64, and Thumb.
        This option is supported with APU, RPU, A9, A53, and A72 targets. If
        this option is not specified, the current configuration is not changed.

    -clear-registers
        Clear CPU registers after a reset is triggered. This option is useful
        while triggerring a reset after the device is powered up. Otherwise,
        debugger can end up reading invalid system addresses based on the
        register contents. Clearing the registers will avoid unpredictable
        behavior.
        This option is supported for ARM targets, when used with -processor and
        -cores.

    -type <reset type>
        The following reset types are supported.
        pmc-por, pmc-srst, ps-por, ps-srst, pl-por and pl-srst
        This option is supported only for Versal devices.

NOTE
    For Versal devices, default subsystem is activated thru IPI channel 5,
    before triggering the processor reset. This is needed since PLM doesn't
    activate the subsystem when PS elfs are not part of the PDI. If IPI channel
    is not enabled in Vivado design, subsystem cannot be activated. This will
    cause runtime issues if PM API are used.

RETURNS
    Nothing, if reset if successful.
    Error string, if reset is unsupported.


=== help targets ===
NAME
    targets - List targets or switch between targets.

SYNOPSIS
    targets [options]
        List available targets.

    targets <target id>
        Select <target id> as active target.

OPTIONS
    -set
        Set current target to entry single entry in list.  This is
        useful in comibination with -filter option.  An error will be
        generate if list is empty or contains more than one entry.
    -regexp
        Use regexp for filter matching
    -nocase
        Use case insensitive filter matching
    -filter <filter-expression>
        Specify filter expression to control which targets are
        included in list based on its properties.  Filter expressions
        are similar to Tcl expr syntax.  Target properties are
        references by name, while Tcl variables are accessed using the
        $ syntax, string must be quoted.  Operators ==, !=, <=, >=, <,
        >, && and || are supported as well as ().  There operators
        behave like Tcl expr operators.  String matching operator =~
        and !~ match lhs string with rhs pattern using either regexp
        or string match.
    -target-properties
        Returns a Tcl list of dict's containing target properties.
    -index <index>
        Include targets based on jtag scan chain position.  This is
        identical to specifying -filter {jtag_device_index==<index>}.
    -timeout <sec>
        Poll until the targets specified by filter option are found
        on the scan chain, or until timeout. This option is valid only
        with filter option.
        The timeout value is in seconds. Default timeout is 3 seconds


EXAMPLE
    targets
        List all targets.

    targets -filter {name =~ "ARM*#1"}
        List targets with name starting with "ARM" and ending with "#1".

    targets 2
        Set target with id 2 as the current target.

    targets -set -filter {name =~ "ARM*#1"}
        Set current target to target with name starting with "ARM" and
        ending with "#1".

    targets -set -filter {name =~ "MicroBlaze*"} -index 0
        Set current target to target with name starting with "MicroBlaze"
        and which is on 1st Jtag Device.

RETURNS
    The return value depends on the options used.

    <none>
        Targets list when no options are used.

    -filter
        Filtered targets list.

    -target-properties
        Tcl list consisting of target properties.

    An error is returned when target selection fails.


