mkdir -p /root/chipyard/.classpath_cache/
cd /root/chipyard && java -jar /root/chipyard/scripts/sbt-launch.jar -Dsbt.ivy.home=/root/chipyard/.ivy2 -Dsbt.global.base=/root/chipyard/.sbt -Dsbt.boot.directory=/root/chipyard/.sbt/boot/ -Dsbt.color=always -Dsbt.supershell=false -Dsbt.server.forcestart=true ";project chipyard_fpga; set assembly / assemblyOutputPath := file(\"/root/chipyard/.classpath_cache/chipyard_fpga.jar\"); assembly" && touch /root/chipyard/.classpath_cache/chipyard_fpga.jar
Picked up JAVA_TOOL_OPTIONS: -Xmx8G -Xss8M -Djava.io.tmpdir=/root/chipyard/.java_tmp
[0m[[0m[0minfo[0m] [0m[0mwelcome to sbt 1.8.2 (Ubuntu Java 11.0.30)[0m
[0m[[0m[0minfo[0m] [0m[0mloading settings for project chipyard-build from plugins.sbt ...[0m
[0m[[0m[0minfo[0m] [0m[0mloading project definition from /root/chipyard/project[0m
[0m[[0m[33mwarn[0m] [0m[0mMultiple resolvers having different access mechanism configured with same name 'sbt-plugin-releases'. To avoid conflict, Remove duplicate project resolvers (`resolvers`) or rename publishing resolver (`publishTo`).[0m
[0m[[0m[33mwarn[0m] [0m[0mMultiple resolvers having different access mechanism configured with same name 'sbt-plugin-releases'. To avoid conflict, Remove duplicate project resolvers (`resolvers`) or rename publishing resolver (`publishTo`).[0m
[0m[[0m[33mwarn[0m] [0m[0mMultiple resolvers having different access mechanism configured with same name 'sbt-plugin-releases'. To avoid conflict, Remove duplicate project resolvers (`resolvers`) or rename publishing resolver (`publishTo`).[0m
[0m[[0m[0minfo[0m] [0m[0mloading settings for project chipyardRoot from build.sbt ...[0m
[0m[[0m[0minfo[0m] [0m[0mloading settings for project barf from build.sbt ...[0m
[0m[[0m[0minfo[0m] [0m[0mloading settings for project constellation from build.sbt ...[0m
[0m[[0m[0minfo[0m] [0m[0mloading settings for project icenet from build.sbt ...[0m
[0m[[0m[0minfo[0m] [0m[0mloading settings for project cva6 from build.sbt ...[0m
[0m[[0m[0minfo[0m] [0m[0mloading settings for project ibex from build.sbt ...[0m
[0m[[0m[0minfo[0m] [0m[0mloading settings for project sodor from build.sbt ...[0m
[0m[[0m[0minfo[0m] [0m[0mloading settings for project radiance from build.sbt ...[0m
[0m[[0m[0minfo[0m] [0m[0mloading settings for project midas_target_utils from build.sbt ...[0m
[0m[[0m[0minfo[0m] [0m[0mresolving key references (48737 settings) ...[0m
[0m[[0m[0minfo[0m] [0m[0mset current project to chipyardRoot (in build file:/root/chipyard/)[0m
[0m[[0m[0minfo[0m] [0m[0mset current project to chipyard_fpga (in build file:/root/chipyard/)[0m
[0m[[0m[0minfo[0m] [0m[0mDefining assembly / assemblyOutputPath[0m
[0m[[0m[0minfo[0m] [0m[0mThe new value will be used by assembly[0m
[0m[[0m[0minfo[0m] [0m[0mReapplying settings...[0m
[0m[[0m[0minfo[0m] [0m[0mset current project to chipyard_fpga (in build file:/root/chipyard/)[0m
Warning: Tried to extract the base path for relative glob tools/stage/src/main/scala/**/*.{java,scala}. To disable this warning, re-run the program with java option, -Dsbt.io.implicit.relative.glob.conversion=allow
Warning: Tried to extract the base path for relative glob tools/firrtl2/src/main/java/**/*.{java,scala}. To disable this warning, re-run the program with java option, -Dsbt.io.implicit.relative.glob.conversion=allow
Warning: Tried to extract the base path for relative glob tools/firrtl2/src/main/java/**/*.{java,scala}. To disable this warning, re-run the program with java option, -Dsbt.io.implicit.relative.glob.conversion=allow
Warning: Tried to extract the base path for relative glob tools/stage/src/main/scala/**/*.{java,scala}. To disable this warning, re-run the program with java option, -Dsbt.io.implicit.relative.glob.conversion=allow
[0m[[0m[33mwarn[0m] [0m[0mmultiple main classes detected: run 'show discoveredMainClasses' to see the list[0m
[0m[[0m[0minfo[0m] [0m[0mAssembly jar up to date: /root/chipyard/.classpath_cache/chipyard_fpga.jar[0m
[0m[[0m[32msuccess[0m] [0m[0mTotal time: 3 s, completed Mar 18, 2026, 4:32:05 PM[0m
[0Jmkdir -p /root/chipyard/fpga/generated-src/chipyard.fpga.zcu104.ZCU104FPGATestHarness.RocketZCU104Config
(set -o pipefail && 	cd /root/chipyard && java -cp /root/chipyard/.classpath_cache/chipyard_fpga.jar chipyard.Generator  --target-dir /root/chipyard/fpga/generated-src/chipyard.fpga.zcu104.ZCU104FPGATestHarness.RocketZCU104Config --name chipyard.fpga.zcu104.ZCU104FPGATestHarness.RocketZCU104Config --top-module chipyard.fpga.zcu104.ZCU104FPGATestHarness --legacy-configs chipyard.fpga.zcu104:RocketZCU104Config   | tee /root/chipyard/fpga/generated-src/chipyard.fpga.zcu104.ZCU104FPGATestHarness.RocketZCU104Config/chipyard.fpga.zcu104.ZCU104FPGATestHarness.RocketZCU104Config.chisel.log)
Picked up JAVA_TOOL_OPTIONS: -Xmx8G -Xss8M -Djava.io.tmpdir=/root/chipyard/.java_tmp
echo "$mfc_extra_anno_contents" > /root/chipyard/fpga/generated-src/chipyard.fpga.zcu104.ZCU104FPGATestHarness.RocketZCU104Config/chipyard.fpga.zcu104.ZCU104FPGATestHarness.RocketZCU104Config.extrafirtool.anno.json
jq -s '[.[][]]' /root/chipyard/fpga/generated-src/chipyard.fpga.zcu104.ZCU104FPGATestHarness.RocketZCU104Config/chipyard.fpga.zcu104.ZCU104FPGATestHarness.RocketZCU104Config.anno.json /root/chipyard/fpga/generated-src/chipyard.fpga.zcu104.ZCU104FPGATestHarness.RocketZCU104Config/chipyard.fpga.zcu104.ZCU104FPGATestHarness.RocketZCU104Config.extrafirtool.anno.json > /root/chipyard/fpga/generated-src/chipyard.fpga.zcu104.ZCU104FPGATestHarness.RocketZCU104Config/chipyard.fpga.zcu104.ZCU104FPGATestHarness.RocketZCU104Config.appended.anno.json
mkdir -p /root/chipyard/fpga/generated-src/chipyard.fpga.zcu104.ZCU104FPGATestHarness.RocketZCU104Config/
echo "emittedLineLength=2048,noAlwaysComb,disallowLocalVariables,verifLabels,disallowPortDeclSharing,locationInfoStyle=wrapInAtSquareBracket" > /root/chipyard/fpga/generated-src/chipyard.fpga.zcu104.ZCU104FPGATestHarness.RocketZCU104Config/.mfc_lowering_options
rm -rf /root/chipyard/fpga/generated-src/chipyard.fpga.zcu104.ZCU104FPGATestHarness.RocketZCU104Config/gen-collateral
(set -o pipefail && firtool \
		--format=fir \
		--export-module-hierarchy \
		--verify-each=true \
		--warn-on-unprocessed-annotations \
		--disable-annotation-classless \
		--disable-annotation-unknown \
		--mlir-timing \
		--lowering-options=emittedLineLength=2048,noAlwaysComb,disallowLocalVariables,verifLabels,disallowPortDeclSharing,locationInfoStyle=wrapInAtSquareBracket \
		--repl-seq-mem \
		--repl-seq-mem-file=/root/chipyard/fpga/generated-src/chipyard.fpga.zcu104.ZCU104FPGATestHarness.RocketZCU104Config/chipyard.fpga.zcu104.ZCU104FPGATestHarness.RocketZCU104Config.mems.conf \
		--annotation-file=/root/chipyard/fpga/generated-src/chipyard.fpga.zcu104.ZCU104FPGATestHarness.RocketZCU104Config/chipyard.fpga.zcu104.ZCU104FPGATestHarness.RocketZCU104Config.appended.anno.json \
		--split-verilog \
		 \
		-o /root/chipyard/fpga/generated-src/chipyard.fpga.zcu104.ZCU104FPGATestHarness.RocketZCU104Config/gen-collateral \
		/root/chipyard/fpga/generated-src/chipyard.fpga.zcu104.ZCU104FPGATestHarness.RocketZCU104Config/chipyard.fpga.zcu104.ZCU104FPGATestHarness.RocketZCU104Config.fir |& tee /root/chipyard/fpga/generated-src/chipyard.fpga.zcu104.ZCU104FPGATestHarness.RocketZCU104Config/chipyard.fpga.zcu104.ZCU104FPGATestHarness.RocketZCU104Config.firtool.log)
/root/chipyard/fpga/generated-src/chipyard.fpga.zcu104.ZCU104FPGATestHarness.RocketZCU104Config/chipyard.fpga.zcu104.ZCU104FPGATestHarness.RocketZCU104Config.fir:2:1: error: module doesn't exist 'ChipTop'
circuit ZCU104FPGATestHarness :%[[
^
/root/chipyard/fpga/generated-src/chipyard.fpga.zcu104.ZCU104FPGATestHarness.RocketZCU104Config/chipyard.fpga.zcu104.ZCU104FPGATestHarness.RocketZCU104Config.fir:2:1: error: Unable to resolve target of annotation: {class = "sifive.enterprise.firrtl.MarkDUTAnnotation", target = "~ZCU104FPGATestHarness|ChipTop"}
circuit ZCU104FPGATestHarness :%[[
^
===-------------------------------------------------------------------------===
                         ... Execution time report ...
===-------------------------------------------------------------------------===
  Total Execution Time: 0.0139 seconds

  ----Wall Time----  ----Name----
    0.0035 ( 25.2%)  FIR Parser
    0.0004 (  3.0%)    Parse annotations
    0.0000 (  0.0%)    Parse OMIR
    0.0019 ( 14.0%)    Parse modules
    0.0007 (  5.1%)    Verify circuit
    0.0014 (  9.7%)  'firrtl.circuit' Pipeline
    0.0002 (  1.4%)    LowerOpenAggs
    0.0010 (  6.8%)    ResolvePaths
    0.0004 (  3.2%)      (A) circt::firrtl::InstanceGraph
    0.0002 (  1.5%)    LowerFIRRTLAnnotations
    0.0088 ( 63.1%)  Rest
    0.0139 (100.0%)  Total
make: *** [/root/chipyard/common.mk:221: /root/chipyard/fpga/generated-src/chipyard.fpga.zcu104.ZCU104FPGATestHarness.RocketZCU104Config/model_module_hierarchy.json] Error 1
