SUB_PROJECT=zcu104
CONFIG=RocketZCU104LinuxBringupDebugConfig
LOG=/root/chipyard/fpga/logs/zcu104_linuxbringup_make_bitstream_20260328_160903.log
FIRTOOL_BIN=/root/chipyard/.oclaw-env/bin/firtool
PATH_HEAD=/root/chipyard/fpga/scripts/toolwrap
mkdir -p /root/chipyard/fpga/generated-src/chipyard.fpga.zcu104.ZCU104FPGATestHarness.RocketZCU104LinuxBringupDebugConfig
(set -o pipefail && 	cd /root/chipyard && java -cp /root/chipyard/.classpath_cache/chipyard_fpga.jar chipyard.Generator  --target-dir /root/chipyard/fpga/generated-src/chipyard.fpga.zcu104.ZCU104FPGATestHarness.RocketZCU104LinuxBringupDebugConfig --name chipyard.fpga.zcu104.ZCU104FPGATestHarness.RocketZCU104LinuxBringupDebugConfig --top-module chipyard.fpga.zcu104.ZCU104FPGATestHarness --legacy-configs chipyard.fpga.zcu104:RocketZCU104LinuxBringupDebugConfig   | tee /root/chipyard/fpga/generated-src/chipyard.fpga.zcu104.ZCU104FPGATestHarness.RocketZCU104LinuxBringupDebugConfig/chipyard.fpga.zcu104.ZCU104FPGATestHarness.RocketZCU104LinuxBringupDebugConfig.chisel.log)
Picked up JAVA_TOOL_OPTIONS: -Xmx8G -Xss8M -Djava.io.tmpdir=/root/chipyard/.java_tmp
ZCU104 FPGA Base Clock Freq: 50 MHz
mem AXI4-ID <= TL-Source mapping:
	[ 0, 16) <= [ 0, 16) "chip_ddr"

make[1]: Entering directory '/root/chipyard/fpga/src/main/resources/zcu104/sdboot'
make[1]: Nothing to be done for 'bin'.
make[1]: Leaving directory '/root/chipyard/fpga/src/main/resources/zcu104/sdboot'
make[1]: Entering directory '/root/chipyard/fpga/src/main/resources/zcu104/sdboot-linux'
mkdir -p /root/chipyard/fpga/src/main/resources/zcu104/sdboot-linux//build
/root/chipyard/.oclaw-env/riscv-tools/bin/riscv64-unknown-elf-gcc -march=rv64ima_zicsr_zifencei -mcmodel=medany -O2 -std=gnu11 -Wall -nostartfiles -fno-common -g -DENTROPY=0 -mabi=lp64 -DNONSMP_HART=0 -I /root/chipyard/fpga/src/main/resources/zcu104/sdboot/include -I /root/chipyard/fpga/src/main/resources/zcu104/sdboot -I /root/chipyard/fpga/src/main/resources/zcu104/sdboot-linux/ -DTL_CLK="50UL" -static -nostdlib -L /root/chipyard/fpga/src/main/resources/zcu104/sdboot/linker -T /root/chipyard/fpga/src/main/resources/zcu104/sdboot/linker/sdboot.elf.lds -o /root/chipyard/fpga/src/main/resources/zcu104/sdboot-linux//build/sdboot.elf head.S linux_handoff.c /root/chipyard/fpga/src/main/resources/zcu104/sdboot/kprintf.c
/root/chipyard/.oclaw-env/riscv-tools/bin/../lib/gcc/riscv64-unknown-elf/14.2.0/../../../../riscv64-unknown-elf/bin/ld: warning: cannot find entry symbol _prog_start; defaulting to 0000000000010000
mkdir -p /root/chipyard/fpga/src/main/resources/zcu104/sdboot-linux//build
/root/chipyard/.oclaw-env/riscv-tools/bin/riscv64-unknown-elf-objcopy -O binary --change-addresses=-0x10000 /root/chipyard/fpga/src/main/resources/zcu104/sdboot-linux//build/sdboot.elf /root/chipyard/fpga/src/main/resources/zcu104/sdboot-linux//build/sdboot.bin
make[1]: Leaving directory '/root/chipyard/fpga/src/main/resources/zcu104/sdboot-linux'
L2 InclusiveCache Client Map:
	0 <= debug
	1 <= Core 0 DCache
	2 <= Core 0 ICache

Interrupt map (2 harts 6 interrupts):
  [1, 1] => uart_0
  [2, 5] => gpio_0
  [6, 6] => spi_0

<stdin>:79.18-84.5: Warning (simple_bus_reg): /soc/cbus_clock: missing or empty reg/ranges property
<stdin>:106.18-111.5: Warning (simple_bus_reg): /soc/fbus_clock: missing or empty reg/ranges property
<stdin>:134.19-139.5: Warning (simple_bus_reg): /soc/mbus_clock: missing or empty reg/ranges property
<stdin>:140.18-145.5: Warning (simple_bus_reg): /soc/pbus_clock: missing or empty reg/ranges property
<stdin>:151.18-156.5: Warning (simple_bus_reg): /soc/sbus_clock: missing or empty reg/ranges property
<stdin>:42.30-46.6: Warning (interrupt_provider): /cpus/cpu@0/interrupt-controller: Missing #address-cells in interrupt provider
<stdin>:112.22-123.5: Warning (interrupt_provider): /soc/gpio@64002000: Missing #address-cells in interrupt provider
<stdin>:124.37-133.5: Warning (interrupt_provider): /soc/interrupt-controller@c000000: Missing #address-cells in interrupt provider
Clock sbus_0: using diplomatically specified frequency of 50.0.
Clock pbus_0: using diplomatically specified frequency of 50.0.
Clock fbus_0: using diplomatically specified frequency of 50.0.
Clock mbus_0: using diplomatically specified frequency of 50.0.
Clock cbus_0: using diplomatically specified frequency of 50.0.
Leaving clock group uncore with synchronous reset
/dts-v1/;

/ {
	#address-cells = <1>;
	#size-cells = <1>;
	compatible = "ucb-bar,chipyard-dev";
	model = "ucb-bar,chipyard";
	L3: aliases {
		serial0 = &L27;
	};
	L19: chosen {
		stdout-path = &L27;
	};
	L2: cpus {
		#address-cells = <1>;
		#size-cells = <0>;
		timebase-frequency = <1000000>;
		L14: cpu@0 {
			clock-frequency = <0>;
			compatible = "sifive,rocket0", "riscv";
			d-cache-block-size = <64>;
			d-cache-sets = <64>;
			d-cache-size = <32768>;
			d-tlb-sets = <1>;
			d-tlb-size = <32>;
			device_type = "cpu";
			hardware-exec-breakpoint-count = <1>;
			i-cache-block-size = <64>;
			i-cache-sets = <64>;
			i-cache-size = <32768>;
			i-tlb-sets = <1>;
			i-tlb-size = <32>;
			mmu-type = "riscv,sv39";
			next-level-cache = <&L11>;
			reg = <0x0>;
			riscv,isa = "rv64imafdcbzicsr_zifencei_zihpm_zfh_zba_zbb_zbs_xrocket";
			riscv,pmpgranularity = <4>;
			riscv,pmpregions = <8>;
			status = "okay";
			timebase-frequency = <1000000>;
			tlb-split;
			L12: interrupt-controller {
				#interrupt-cells = <1>;
				compatible = "riscv,cpu-intc";
				interrupt-controller;
			};
		};
	};
	L25: memory@8000000 {
		device_type = "memory";
		reg = <0x8000000 0x10000>;
		status = "disabled";
	};
	L21: memory@80000000 {
		device_type = "memory";
		reg = <0x80000000 0x80000000>;
	};
	L1: soc {
		#address-cells = <1>;
		#size-cells = <1>;
		compatible = "ucb-bar,chipyard-soc", "simple-bus";
		ranges;
		L26: boot-address-reg@1000 {
			reg = <0x1000 0x1000>;
			reg-names = "control";
		};
		L11: cache-controller@2010000 {
			cache-block-size = <64>;
			cache-level = <2>;
			cache-sets = <1024>;
			cache-size = <524288>;
			cache-unified;
			compatible = "sifive,inclusivecache0", "cache";
			next-level-cache = <&L21 &L25>;
			reg = <0x2010000 0x1000>;
			reg-names = "control";
			sifive,mshr-count = <7>;
		};
		L8: cbus_clock {
			#clock-cells = <0>;
			clock-frequency = <50000000>;
			clock-output-names = "cbus_clock";
			compatible = "fixed-clock";
		};
		L15: clint@2000000 {
			compatible = "riscv,clint0";
			interrupts-extended = <&L12 3 &L12 7>;
			reg = <0x2000000 0x10000>;
			reg-names = "control";
		};
		L30: clock-gater@100000 {
			reg = <0x100000 0x1000>;
			reg-names = "control";
		};
		L17: debug-controller@0 {
			compatible = "sifive,debug-013", "riscv,debug-013";
			debug-attach = "jtag";
			interrupts-extended = <&L12 65535>;
			reg = <0x0 0x1000>;
			reg-names = "control";
		};
		L9: error-device@3000 {
			compatible = "sifive,error0";
			reg = <0x3000 0x1000>;
		};
		L7: fbus_clock {
			#clock-cells = <0>;
			clock-frequency = <50000000>;
			clock-output-names = "fbus_clock";
			compatible = "fixed-clock";
		};
		L28: gpio@64002000 {
			#gpio-cells = <2>;
			#interrupt-cells = <2>;
			clocks = <&L6>;
			compatible = "sifive,gpio0", "sifive,gpio1";
			gpio-controller;
			interrupt-controller;
			interrupt-parent = <&L16>;
			interrupts = <2 3 4 5>;
			reg = <0x64002000 0x1000>;
			reg-names = "control";
		};
		L16: interrupt-controller@c000000 {
			#interrupt-cells = <1>;
			compatible = "riscv,plic0";
			interrupt-controller;
			interrupts-extended = <&L12 11 &L12 9>;
			reg = <0xc000000 0x4000000>;
			reg-names = "control";
			riscv,max-priority = <7>;
			riscv,ndev = <6>;
		};
		L10: mbus_clock {
			#clock-cells = <0>;
			clock-frequency = <50000000>;
			clock-output-names = "mbus_clock";
			compatible = "fixed-clock";
		};
		L6: pbus_clock {
			#clock-cells = <0>;
			clock-frequency = <50000000>;
			clock-output-names = "pbus_clock";
			compatible = "fixed-clock";
		};
		L24: rom@10000 {
			compatible = "sifive,rom0";
			reg = <0x10000 0x10000>;
			reg-names = "mem";
		};
		L5: sbus_clock {
			#clock-cells = <0>;
			clock-frequency = <50000000>;
			clock-output-names = "sbus_clock";
			compatible = "fixed-clock";
		};
		L27: serial@64000000 {
			clocks = <&L6>;
			compatible = "sifive,uart0";
			interrupt-parent = <&L16>;
			interrupts = <1>;
			reg = <0x64000000 0x1000>;
			reg-names = "control";
		};
		L29: spi@64001000 {
			#address-cells = <1>;
			#size-cells = <0>;
			clocks = <&L6>;
			compatible = "sifive,spi0";
			interrupt-parent = <&L16>;
			interrupts = <6>;
			reg = <0x64001000 0x1000>;
			reg-names = "control";
			L32: mmc@0 {
				compatible = "mmc-spi-slot";
				disable-wp;
				reg = <0x0>;
				spi-max-frequency = <1000000>;
				voltage-ranges = <3300 3300>;
			};
		};
		L31: tile-reset-setter@110000 {
			reg = <0x110000 0x1000>;
			reg-names = "control";
		};
	};
};

Generated Address Map
	       0 -     1000 ARWX  debug-controller@0
	    1000 -     2000 ARW   boot-address-reg@1000
	    3000 -     4000 ARWX  error-device@3000
	   10000 -    20000  R X  rom@10000
	  100000 -   101000 ARW   clock-gater@100000
	  110000 -   111000 ARW   tile-reset-setter@110000
	 2000000 -  2010000 ARW   clint@2000000
	 2010000 -  2011000 ARW   cache-controller@2010000
	 8000000 -  8010000 ARWXC memory@8000000
	 c000000 - 10000000 ARW   interrupt-controller@c000000
	64000000 - 64001000 ARW   serial@64000000
	64001000 - 64002000 ARW   spi@64001000
	64002000 - 64003000 ARW   gpio@64002000
	80000000 - 100000000 ARWXC memory@80000000

IOCells generated by IOBinders:
  IOBinder for interface sifive.blocks.devices.uart.HasPeripheryUART generated:
    1 X GenericDigitalInIOCell
    1 X GenericDigitalOutIOCell
  IOBinder for interface testchipip.boot.CanHavePeripheryCustomBootPin generated:
    1 X GenericDigitalInIOCell
  IOBinder for interface freechips.rocketchip.devices.debug.HasPeripheryDebug generated:
    4 X GenericDigitalInIOCell
    1 X GenericDigitalOutIOCell
  IOBinder for interface chipyard.clocking.CanHaveClockTap generated:
    1 X GenericDigitalOutIOCell

  Total generated 9 IOCells:
    6 X GenericDigitalInIOCell
    3 X GenericDigitalOutIOCell
Harness binder clock is 50.0
[warn] generators/rocket-chip/src/main/scala/tilelink/FIFOFixer.scala 80:43: [W004] Dynamic index with width 1 is too wide for Vec of size 1 (expected index width 0).
[warn]       when (a_first && in.a.fire) { flight(in.a.bits.source) := !a_notFIFO }
[warn]                                           ^
[warn] generators/rocket-chip/src/main/scala/tilelink/FIFOFixer.scala 81:43: [W004] Dynamic index with width 1 is too wide for Vec of size 1 (expected index width 0).
[warn]       when (d_first && in.d.fire) { flight(in.d.bits.source) := false.B }
[warn]                                           ^
[warn] There were 2 warning(s) during hardware elaboration.
echo "$mfc_extra_anno_contents" > /root/chipyard/fpga/generated-src/chipyard.fpga.zcu104.ZCU104FPGATestHarness.RocketZCU104LinuxBringupDebugConfig/chipyard.fpga.zcu104.ZCU104FPGATestHarness.RocketZCU104LinuxBringupDebugConfig.extrafirtool.anno.json
jq -s '[.[][]]' /root/chipyard/fpga/generated-src/chipyard.fpga.zcu104.ZCU104FPGATestHarness.RocketZCU104LinuxBringupDebugConfig/chipyard.fpga.zcu104.ZCU104FPGATestHarness.RocketZCU104LinuxBringupDebugConfig.anno.json /root/chipyard/fpga/generated-src/chipyard.fpga.zcu104.ZCU104FPGATestHarness.RocketZCU104LinuxBringupDebugConfig/chipyard.fpga.zcu104.ZCU104FPGATestHarness.RocketZCU104LinuxBringupDebugConfig.extrafirtool.anno.json > /root/chipyard/fpga/generated-src/chipyard.fpga.zcu104.ZCU104FPGATestHarness.RocketZCU104LinuxBringupDebugConfig/chipyard.fpga.zcu104.ZCU104FPGATestHarness.RocketZCU104LinuxBringupDebugConfig.appended.anno.json
rm -rf /root/chipyard/fpga/generated-src/chipyard.fpga.zcu104.ZCU104FPGATestHarness.RocketZCU104LinuxBringupDebugConfig/gen-collateral
(set -o pipefail && /root/chipyard/.oclaw-env/bin/firtool \
		--format=fir \
		--export-module-hierarchy \
		--verify-each=true \
		--warn-on-unprocessed-annotations \
		--disable-annotation-classless \
		--disable-annotation-unknown \
		--mlir-timing \
		--lowering-options=emittedLineLength=2048,noAlwaysComb,disallowLocalVariables,verifLabels,disallowPortDeclSharing,locationInfoStyle=wrapInAtSquareBracket \
		--repl-seq-mem \
		--repl-seq-mem-file=/root/chipyard/fpga/generated-src/chipyard.fpga.zcu104.ZCU104FPGATestHarness.RocketZCU104LinuxBringupDebugConfig/chipyard.fpga.zcu104.ZCU104FPGATestHarness.RocketZCU104LinuxBringupDebugConfig.mems.conf \
		--annotation-file=/root/chipyard/fpga/generated-src/chipyard.fpga.zcu104.ZCU104FPGATestHarness.RocketZCU104LinuxBringupDebugConfig/chipyard.fpga.zcu104.ZCU104FPGATestHarness.RocketZCU104LinuxBringupDebugConfig.appended.anno.json \
		--split-verilog \
		 \
		-o /root/chipyard/fpga/generated-src/chipyard.fpga.zcu104.ZCU104FPGATestHarness.RocketZCU104LinuxBringupDebugConfig/gen-collateral \
		/root/chipyard/fpga/generated-src/chipyard.fpga.zcu104.ZCU104FPGATestHarness.RocketZCU104LinuxBringupDebugConfig/chipyard.fpga.zcu104.ZCU104FPGATestHarness.RocketZCU104LinuxBringupDebugConfig.fir |& tee /root/chipyard/fpga/generated-src/chipyard.fpga.zcu104.ZCU104FPGATestHarness.RocketZCU104LinuxBringupDebugConfig/chipyard.fpga.zcu104.ZCU104FPGATestHarness.RocketZCU104LinuxBringupDebugConfig.firtool.log)
generators/rocket-chip/src/main/scala/tilelink/ToAXI4.scala:103:9: warning: module contains 32 printf-encoded verification operation(s), which are deprecated and will be removed in the future
generators/rocket-chip/src/main/scala/tilelink/ToAXI4.scala:280:16: note: example printf here, will just be a printf in the future
generators/rocket-chip/src/main/scala/tilelink/ToAXI4.scala:103:9: note: For more information, see https://github.com/llvm/circt/issues/6970
generators/rocket-chip/src/main/scala/amba/axi4/Deinterleaver.scala:48:9: warning: module contains 80 printf-encoded verification operation(s), which are deprecated and will be removed in the future
generators/rocket-chip/src/main/scala/amba/axi4/Deinterleaver.scala:80:19: note: example printf here, will just be a printf in the future
generators/rocket-chip/src/main/scala/amba/axi4/Deinterleaver.scala:48:9: note: For more information, see https://github.com/llvm/circt/issues/6970
generators/rocket-chip/src/main/scala/amba/axi4/UserYanker.scala:36:9: warning: module contains 2 printf-encoded verification operation(s), which are deprecated and will be removed in the future
generators/rocket-chip/src/main/scala/amba/axi4/UserYanker.scala:69:14: note: example printf here, will just be a printf in the future
generators/rocket-chip/src/main/scala/amba/axi4/UserYanker.scala:36:9: note: For more information, see https://github.com/llvm/circt/issues/6970
generators/rocket-chip/src/main/scala/tilelink/Xbar.scala:74:9: warning: module contains 12 printf-encoded verification operation(s), which are deprecated and will be removed in the future
generators/rocket-chip/src/main/scala/tilelink/Arbiter.scala:22:12: note: example printf here, will just be a printf in the future
generators/rocket-chip/src/main/scala/tilelink/Xbar.scala:74:9: note: For more information, see https://github.com/llvm/circt/issues/6970
generators/rocket-chip/src/main/scala/tilelink/Xbar.scala:74:9: warning: module contains 3 printf-encoded verification operation(s), which are deprecated and will be removed in the future
generators/rocket-chip/src/main/scala/tilelink/Arbiter.scala:22:12: note: example printf here, will just be a printf in the future
generators/rocket-chip/src/main/scala/tilelink/Xbar.scala:74:9: note: For more information, see https://github.com/llvm/circt/issues/6970
generators/rocket-chip/src/main/scala/tilelink/AtomicAutomata.scala:36:9: warning: module contains 2 printf-encoded verification operation(s), which are deprecated and will be removed in the future
generators/rocket-chip/src/main/scala/tilelink/Arbiter.scala:77:13: note: example printf here, will just be a printf in the future
generators/rocket-chip/src/main/scala/tilelink/AtomicAutomata.scala:36:9: note: For more information, see https://github.com/llvm/circt/issues/6970
generators/rocket-chip/src/main/scala/tilelink/Fragmenter.scala:92:9: warning: module contains 3 printf-encoded verification operation(s), which are deprecated and will be removed in the future
generators/rocket-chip/src/main/scala/tilelink/Fragmenter.scala:214:16: note: example printf here, will just be a printf in the future
generators/rocket-chip/src/main/scala/tilelink/Fragmenter.scala:92:9: note: For more information, see https://github.com/llvm/circt/issues/6970
generators/rocket-chip/src/main/scala/tilelink/Fragmenter.scala:92:9: warning: module contains 3 printf-encoded verification operation(s), which are deprecated and will be removed in the future
generators/rocket-chip/src/main/scala/tilelink/Fragmenter.scala:214:16: note: example printf here, will just be a printf in the future
generators/rocket-chip/src/main/scala/tilelink/Fragmenter.scala:92:9: note: For more information, see https://github.com/llvm/circt/issues/6970
generators/rocket-chip/src/main/scala/tilelink/Fragmenter.scala:92:9: warning: module contains 3 printf-encoded verification operation(s), which are deprecated and will be removed in the future
generators/rocket-chip/src/main/scala/tilelink/Fragmenter.scala:214:16: note: example printf here, will just be a printf in the future
generators/rocket-chip/src/main/scala/tilelink/Fragmenter.scala:92:9: note: For more information, see https://github.com/llvm/circt/issues/6970
generators/rocket-chip/src/main/scala/tilelink/Fragmenter.scala:92:9: warning: module contains 3 printf-encoded verification operation(s), which are deprecated and will be removed in the future
generators/rocket-chip/src/main/scala/tilelink/Fragmenter.scala:214:16: note: example printf here, will just be a printf in the future
generators/rocket-chip/src/main/scala/tilelink/Fragmenter.scala:92:9: note: For more information, see https://github.com/llvm/circt/issues/6970
generators/rocket-chip/src/main/scala/tilelink/Xbar.scala:74:9: warning: module contains 3 printf-encoded verification operation(s), which are deprecated and will be removed in the future
generators/rocket-chip/src/main/scala/tilelink/Arbiter.scala:22:12: note: example printf here, will just be a printf in the future
generators/rocket-chip/src/main/scala/tilelink/Xbar.scala:74:9: note: For more information, see https://github.com/llvm/circt/issues/6970
generators/rocket-chip/src/main/scala/tilelink/Xbar.scala:74:9: warning: module contains 3 printf-encoded verification operation(s), which are deprecated and will be removed in the future
generators/rocket-chip/src/main/scala/tilelink/Arbiter.scala:22:12: note: example printf here, will just be a printf in the future
generators/rocket-chip/src/main/scala/tilelink/Xbar.scala:74:9: note: For more information, see https://github.com/llvm/circt/issues/6970
generators/rocket-chip/src/main/scala/tilelink/AtomicAutomata.scala:36:9: warning: module contains 2 printf-encoded verification operation(s), which are deprecated and will be removed in the future
generators/rocket-chip/src/main/scala/tilelink/Arbiter.scala:77:13: note: example printf here, will just be a printf in the future
generators/rocket-chip/src/main/scala/tilelink/AtomicAutomata.scala:36:9: note: For more information, see https://github.com/llvm/circt/issues/6970
generators/rocket-chip/src/main/scala/devices/tilelink/Error.scala:21:9: warning: module contains 1 printf-encoded verification operation(s), which are deprecated and will be removed in the future
generators/rocket-chip/src/main/scala/devices/tilelink/Error.scala:34:12: note: example printf here, will just be a printf in the future
generators/rocket-chip/src/main/scala/devices/tilelink/Error.scala:21:9: note: For more information, see https://github.com/llvm/circt/issues/6970
generators/rocket-chip/src/main/scala/tilelink/Fragmenter.scala:92:9: warning: module contains 3 printf-encoded verification operation(s), which are deprecated and will be removed in the future
generators/rocket-chip/src/main/scala/tilelink/Fragmenter.scala:214:16: note: example printf here, will just be a printf in the future
generators/rocket-chip/src/main/scala/tilelink/Fragmenter.scala:92:9: note: For more information, see https://github.com/llvm/circt/issues/6970
generators/rocket-chip/src/main/scala/tilelink/Fragmenter.scala:92:9: warning: module contains 3 printf-encoded verification operation(s), which are deprecated and will be removed in the future
generators/rocket-chip/src/main/scala/tilelink/Fragmenter.scala:214:16: note: example printf here, will just be a printf in the future
generators/rocket-chip/src/main/scala/tilelink/Fragmenter.scala:92:9: note: For more information, see https://github.com/llvm/circt/issues/6970
generators/rocket-chip/src/main/scala/tilelink/Fragmenter.scala:92:9: warning: module contains 3 printf-encoded verification operation(s), which are deprecated and will be removed in the future
generators/rocket-chip/src/main/scala/tilelink/Fragmenter.scala:214:16: note: example printf here, will just be a printf in the future
generators/rocket-chip/src/main/scala/tilelink/Fragmenter.scala:92:9: note: For more information, see https://github.com/llvm/circt/issues/6970
generators/rocket-chip/src/main/scala/tilelink/Fragmenter.scala:92:9: warning: module contains 3 printf-encoded verification operation(s), which are deprecated and will be removed in the future
generators/rocket-chip/src/main/scala/tilelink/Fragmenter.scala:214:16: note: example printf here, will just be a printf in the future
generators/rocket-chip/src/main/scala/tilelink/Fragmenter.scala:92:9: note: For more information, see https://github.com/llvm/circt/issues/6970
generators/rocket-chip/src/main/scala/tilelink/Fragmenter.scala:92:9: warning: module contains 3 printf-encoded verification operation(s), which are deprecated and will be removed in the future
generators/rocket-chip/src/main/scala/tilelink/Fragmenter.scala:214:16: note: example printf here, will just be a printf in the future
generators/rocket-chip/src/main/scala/tilelink/Fragmenter.scala:92:9: note: For more information, see https://github.com/llvm/circt/issues/6970
generators/rocket-chip/src/main/scala/tilelink/Xbar.scala:74:9: warning: module contains 3 printf-encoded verification operation(s), which are deprecated and will be removed in the future
generators/rocket-chip/src/main/scala/tilelink/Arbiter.scala:22:12: note: example printf here, will just be a printf in the future
generators/rocket-chip/src/main/scala/tilelink/Xbar.scala:74:9: note: For more information, see https://github.com/llvm/circt/issues/6970
generators/rocket-chip-inclusive-cache/design/craft/inclusivecache/src/SourceA.scala:33:7: warning: module contains 3 printf-encoded verification operation(s), which are deprecated and will be removed in the future
generators/rocket-chip-inclusive-cache/design/craft/inclusivecache/src/Parameters.scala:222:12: note: example printf here, will just be a printf in the future
generators/rocket-chip-inclusive-cache/design/craft/inclusivecache/src/SourceA.scala:33:7: note: For more information, see https://github.com/llvm/circt/issues/6970
generators/rocket-chip-inclusive-cache/design/craft/inclusivecache/src/SourceB.scala:33:7: warning: module contains 4 printf-encoded verification operation(s), which are deprecated and will be removed in the future
generators/rocket-chip-inclusive-cache/design/craft/inclusivecache/src/SourceB.scala:59:12: note: example printf here, will just be a printf in the future
generators/rocket-chip-inclusive-cache/design/craft/inclusivecache/src/SourceB.scala:33:7: note: For more information, see https://github.com/llvm/circt/issues/6970
generators/rocket-chip-inclusive-cache/design/craft/inclusivecache/src/SourceC.scala:35:7: warning: module contains 5 printf-encoded verification operation(s), which are deprecated and will be removed in the future
generators/rocket-chip-inclusive-cache/design/craft/inclusivecache/src/SourceC.scala:64:10: note: example printf here, will just be a printf in the future
generators/rocket-chip-inclusive-cache/design/craft/inclusivecache/src/SourceC.scala:35:7: note: For more information, see https://github.com/llvm/circt/issues/6970
generators/rocket-chip-inclusive-cache/design/craft/inclusivecache/src/SourceD.scala:48:7: warning: module contains 3 printf-encoded verification operation(s), which are deprecated and will be removed in the future
generators/rocket-chip-inclusive-cache/design/craft/inclusivecache/src/SourceD.scala:123:10: note: example printf here, will just be a printf in the future
generators/rocket-chip-inclusive-cache/design/craft/inclusivecache/src/SourceD.scala:48:7: note: For more information, see https://github.com/llvm/circt/issues/6970
generators/rocket-chip-inclusive-cache/design/craft/inclusivecache/src/ListBuffer.scala:36:7: warning: module contains 1 printf-encoded verification operation(s), which are deprecated and will be removed in the future
generators/rocket-chip-inclusive-cache/design/craft/inclusivecache/src/ListBuffer.scala:86:10: note: example printf here, will just be a printf in the future
generators/rocket-chip-inclusive-cache/design/craft/inclusivecache/src/ListBuffer.scala:36:7: note: For more information, see https://github.com/llvm/circt/issues/6970
generators/rocket-chip-inclusive-cache/design/craft/inclusivecache/src/ListBuffer.scala:36:7: warning: module contains 1 printf-encoded verification operation(s), which are deprecated and will be removed in the future
generators/rocket-chip-inclusive-cache/design/craft/inclusivecache/src/ListBuffer.scala:86:10: note: example printf here, will just be a printf in the future
generators/rocket-chip-inclusive-cache/design/craft/inclusivecache/src/ListBuffer.scala:36:7: note: For more information, see https://github.com/llvm/circt/issues/6970
generators/rocket-chip-inclusive-cache/design/craft/inclusivecache/src/SinkC.scala:41:7: warning: module contains 1 printf-encoded verification operation(s), which are deprecated and will be removed in the future
generators/rocket-chip-inclusive-cache/design/craft/inclusivecache/src/SinkC.scala:90:12: note: example printf here, will just be a printf in the future
generators/rocket-chip-inclusive-cache/design/craft/inclusivecache/src/SinkC.scala:41:7: note: For more information, see https://github.com/llvm/circt/issues/6970
generators/rocket-chip-inclusive-cache/design/craft/inclusivecache/src/SinkD.scala:34:7: warning: module contains 1 printf-encoded verification operation(s), which are deprecated and will be removed in the future
generators/rocket-chip-inclusive-cache/design/craft/inclusivecache/src/SinkD.scala:82:10: note: example printf here, will just be a printf in the future
generators/rocket-chip-inclusive-cache/design/craft/inclusivecache/src/SinkD.scala:34:7: note: For more information, see https://github.com/llvm/circt/issues/6970
generators/rocket-chip-inclusive-cache/design/craft/inclusivecache/src/Directory.scala:56:7: warning: module contains 5 printf-encoded verification operation(s), which are deprecated and will be removed in the future
generators/rocket-chip-inclusive-cache/design/craft/inclusivecache/src/Directory.scala:86:10: note: example printf here, will just be a printf in the future
generators/rocket-chip-inclusive-cache/design/craft/inclusivecache/src/Directory.scala:56:7: note: For more information, see https://github.com/llvm/circt/issues/6970
generators/rocket-chip-inclusive-cache/design/craft/inclusivecache/src/ListBuffer.scala:36:7: warning: module contains 1 printf-encoded verification operation(s), which are deprecated and will be removed in the future
generators/rocket-chip-inclusive-cache/design/craft/inclusivecache/src/ListBuffer.scala:86:10: note: example printf here, will just be a printf in the future
generators/rocket-chip-inclusive-cache/design/craft/inclusivecache/src/ListBuffer.scala:36:7: note: For more information, see https://github.com/llvm/circt/issues/6970
generators/rocket-chip-inclusive-cache/design/craft/inclusivecache/src/MSHR.scala:84:7: warning: module contains 70 printf-encoded verification operation(s), which are deprecated and will be removed in the future
generators/rocket-chip-inclusive-cache/design/craft/inclusivecache/src/MSHR.scala:105:14: note: example printf here, will just be a printf in the future
generators/rocket-chip-inclusive-cache/design/craft/inclusivecache/src/MSHR.scala:84:7: note: For more information, see https://github.com/llvm/circt/issues/6970
generators/rocket-chip-inclusive-cache/design/craft/inclusivecache/src/MSHR.scala:84:7: warning: module contains 70 printf-encoded verification operation(s), which are deprecated and will be removed in the future
generators/rocket-chip-inclusive-cache/design/craft/inclusivecache/src/MSHR.scala:105:14: note: example printf here, will just be a printf in the future
generators/rocket-chip-inclusive-cache/design/craft/inclusivecache/src/MSHR.scala:84:7: note: For more information, see https://github.com/llvm/circt/issues/6970
generators/rocket-chip-inclusive-cache/design/craft/inclusivecache/src/MSHR.scala:84:7: warning: module contains 70 printf-encoded verification operation(s), which are deprecated and will be removed in the future
generators/rocket-chip-inclusive-cache/design/craft/inclusivecache/src/MSHR.scala:105:14: note: example printf here, will just be a printf in the future
generators/rocket-chip-inclusive-cache/design/craft/inclusivecache/src/MSHR.scala:84:7: note: For more information, see https://github.com/llvm/circt/issues/6970
generators/rocket-chip-inclusive-cache/design/craft/inclusivecache/src/MSHR.scala:84:7: warning: module contains 70 printf-encoded verification operation(s), which are deprecated and will be removed in the future
generators/rocket-chip-inclusive-cache/design/craft/inclusivecache/src/MSHR.scala:105:14: note: example printf here, will just be a printf in the future
generators/rocket-chip-inclusive-cache/design/craft/inclusivecache/src/MSHR.scala:84:7: note: For more information, see https://github.com/llvm/circt/issues/6970
generators/rocket-chip-inclusive-cache/design/craft/inclusivecache/src/MSHR.scala:84:7: warning: module contains 70 printf-encoded verification operation(s), which are deprecated and will be removed in the future
generators/rocket-chip-inclusive-cache/design/craft/inclusivecache/src/MSHR.scala:105:14: note: example printf here, will just be a printf in the future
generators/rocket-chip-inclusive-cache/design/craft/inclusivecache/src/MSHR.scala:84:7: note: For more information, see https://github.com/llvm/circt/issues/6970
generators/rocket-chip-inclusive-cache/design/craft/inclusivecache/src/MSHR.scala:84:7: warning: module contains 70 printf-encoded verification operation(s), which are deprecated and will be removed in the future
generators/rocket-chip-inclusive-cache/design/craft/inclusivecache/src/MSHR.scala:105:14: note: example printf here, will just be a printf in the future
generators/rocket-chip-inclusive-cache/design/craft/inclusivecache/src/MSHR.scala:84:7: note: For more information, see https://github.com/llvm/circt/issues/6970
generators/rocket-chip-inclusive-cache/design/craft/inclusivecache/src/MSHR.scala:84:7: warning: module contains 70 printf-encoded verification operation(s), which are deprecated and will be removed in the future
generators/rocket-chip-inclusive-cache/design/craft/inclusivecache/src/MSHR.scala:105:14: note: example printf here, will just be a printf in the future
generators/rocket-chip-inclusive-cache/design/craft/inclusivecache/src/MSHR.scala:84:7: note: For more information, see https://github.com/llvm/circt/issues/6970
generators/rocket-chip-inclusive-cache/design/craft/inclusivecache/src/Scheduler.scala:27:7: warning: module contains 3 printf-encoded verification operation(s), which are deprecated and will be removed in the future
generators/rocket-chip-inclusive-cache/design/craft/inclusivecache/src/Scheduler.scala:291:12: note: example printf here, will just be a printf in the future
generators/rocket-chip-inclusive-cache/design/craft/inclusivecache/src/Scheduler.scala:27:7: note: For more information, see https://github.com/llvm/circt/issues/6970
generators/rocket-chip/src/main/scala/util/IDPool.scala:8:7: warning: module contains 3 printf-encoded verification operation(s), which are deprecated and will be removed in the future
generators/rocket-chip/src/main/scala/util/IDPool.scala:44:10: note: example printf here, will just be a printf in the future
generators/rocket-chip/src/main/scala/util/IDPool.scala:8:7: note: For more information, see https://github.com/llvm/circt/issues/6970
generators/rocket-chip/src/main/scala/tilelink/CacheCork.scala:42:9: warning: module contains 6 printf-encoded verification operation(s), which are deprecated and will be removed in the future
generators/rocket-chip/src/main/scala/tilelink/CacheCork.scala:116:16: note: example printf here, will just be a printf in the future
generators/rocket-chip/src/main/scala/tilelink/CacheCork.scala:42:9: note: For more information, see https://github.com/llvm/circt/issues/6970
generators/rocket-chip/src/main/scala/tilelink/Xbar.scala:74:9: warning: module contains 3 printf-encoded verification operation(s), which are deprecated and will be removed in the future
generators/rocket-chip/src/main/scala/tilelink/Arbiter.scala:22:12: note: example printf here, will just be a printf in the future
generators/rocket-chip/src/main/scala/tilelink/Xbar.scala:74:9: note: For more information, see https://github.com/llvm/circt/issues/6970
generators/rocket-chip/src/main/scala/rocket/TLB.scala:318:7: warning: module contains 1 printf-encoded verification operation(s), which are deprecated and will be removed in the future
generators/rocket-chip/src/main/scala/rocket/TLB.scala:719:13: note: example printf here, will just be a printf in the future
generators/rocket-chip/src/main/scala/rocket/TLB.scala:318:7: note: For more information, see https://github.com/llvm/circt/issues/6970
generators/rocket-chip/src/main/scala/rocket/DCache.scala:118:32: warning: module contains 1 printf-encoded verification operation(s), which are deprecated and will be removed in the future
generators/rocket-chip/src/main/scala/rocket/TLB.scala:719:13: note: example printf here, will just be a printf in the future
generators/rocket-chip/src/main/scala/rocket/DCache.scala:118:32: note: For more information, see https://github.com/llvm/circt/issues/6970
generators/rocket-chip/src/main/scala/rocket/DCache.scala:99:7: warning: module contains 10 printf-encoded verification operation(s), which are deprecated and will be removed in the future
generators/rocket-chip/src/main/scala/rocket/DCache.scala:1184:11: note: example printf here, will just be a printf in the future
generators/rocket-chip/src/main/scala/rocket/DCache.scala:99:7: note: For more information, see https://github.com/llvm/circt/issues/6970
generators/rocket-chip/src/main/scala/rocket/ICache.scala:251:7: warning: module contains 3 printf-encoded verification operation(s), which are deprecated and will be removed in the future
generators/rocket-chip/src/main/scala/rocket/ICache.scala:413:11: note: example printf here, will just be a printf in the future
generators/rocket-chip/src/main/scala/rocket/ICache.scala:251:7: note: For more information, see https://github.com/llvm/circt/issues/6970
generators/rocket-chip/src/main/scala/rocket/TLB.scala:318:7: warning: module contains 1 printf-encoded verification operation(s), which are deprecated and will be removed in the future
generators/rocket-chip/src/main/scala/rocket/TLB.scala:719:13: note: example printf here, will just be a printf in the future
generators/rocket-chip/src/main/scala/rocket/TLB.scala:318:7: note: For more information, see https://github.com/llvm/circt/issues/6970
generators/rocket-chip/src/main/scala/rocket/Frontend.scala:82:7: warning: module contains 3 printf-encoded verification operation(s), which are deprecated and will be removed in the future
generators/rocket-chip/src/main/scala/rocket/Frontend.scala:96:9: note: example printf here, will just be a printf in the future
generators/rocket-chip/src/main/scala/rocket/Frontend.scala:82:7: note: For more information, see https://github.com/llvm/circt/issues/6970
generators/rocket-chip/src/main/scala/tile/FPU.scala:735:7: warning: module contains 3 printf-encoded verification operation(s), which are deprecated and will be removed in the future
generators/rocket-chip/src/main/scala/tile/FPU.scala:823:11: note: example printf here, will just be a printf in the future
generators/rocket-chip/src/main/scala/tile/FPU.scala:735:7: note: For more information, see https://github.com/llvm/circt/issues/6970
generators/rocket-chip/src/main/scala/rocket/PTW.scala:219:7: warning: module contains 5 printf-encoded verification operation(s), which are deprecated and will be removed in the future
generators/rocket-chip/src/main/scala/rocket/PTW.scala:395:9: note: example printf here, will just be a printf in the future
generators/rocket-chip/src/main/scala/rocket/PTW.scala:219:7: note: For more information, see https://github.com/llvm/circt/issues/6970
generators/rocket-chip/src/main/scala/rocket/IBuf.scala:21:7: warning: module contains 1 printf-encoded verification operation(s), which are deprecated and will be removed in the future
generators/rocket-chip/src/main/scala/rocket/IBuf.scala:79:9: note: example printf here, will just be a printf in the future
generators/rocket-chip/src/main/scala/rocket/IBuf.scala:21:7: note: For more information, see https://github.com/llvm/circt/issues/6970
generators/rocket-chip/src/main/scala/rocket/CSR.scala:377:7: warning: module contains 3 printf-encoded verification operation(s), which are deprecated and will be removed in the future
generators/rocket-chip/src/main/scala/rocket/CSR.scala:1022:9: note: example printf here, will just be a printf in the future
generators/rocket-chip/src/main/scala/rocket/CSR.scala:377:7: note: For more information, see https://github.com/llvm/circt/issues/6970
generators/rocket-chip/src/main/scala/util/PlusArg.scala:58:7: warning: module contains 1 printf-encoded verification operation(s), which are deprecated and will be removed in the future
generators/rocket-chip/src/main/scala/util/PlusArg.scala:64:12: note: example printf here, will just be a printf in the future
generators/rocket-chip/src/main/scala/util/PlusArg.scala:58:7: note: For more information, see https://github.com/llvm/circt/issues/6970
generators/rocket-chip/src/main/scala/rocket/RocketCore.scala:158:7: warning: module contains 1 printf-encoded verification operation(s), which are deprecated and will be removed in the future
generators/rocket-chip/src/main/scala/rocket/RocketCore.scala:884:11: note: example printf here, will just be a printf in the future
generators/rocket-chip/src/main/scala/rocket/RocketCore.scala:158:7: note: For more information, see https://github.com/llvm/circt/issues/6970
generators/rocket-chip/src/main/scala/devices/tilelink/Plic.scala:132:9: warning: module contains 4 printf-encoded verification operation(s), which are deprecated and will be removed in the future
generators/rocket-chip/src/main/scala/devices/tilelink/Plic.scala:249:11: note: example printf here, will just be a printf in the future
generators/rocket-chip/src/main/scala/devices/tilelink/Plic.scala:132:9: note: For more information, see https://github.com/llvm/circt/issues/6970
generators/rocket-chip/src/main/scala/tilelink/Xbar.scala:74:9: warning: module contains 3 printf-encoded verification operation(s), which are deprecated and will be removed in the future
generators/rocket-chip/src/main/scala/tilelink/Arbiter.scala:22:12: note: example printf here, will just be a printf in the future
generators/rocket-chip/src/main/scala/tilelink/Xbar.scala:74:9: note: For more information, see https://github.com/llvm/circt/issues/6970
generators/rocket-chip/src/main/scala/devices/tilelink/Error.scala:21:9: warning: module contains 3 printf-encoded verification operation(s), which are deprecated and will be removed in the future
generators/rocket-chip/src/main/scala/devices/tilelink/Error.scala:34:12: note: example printf here, will just be a printf in the future
generators/rocket-chip/src/main/scala/devices/tilelink/Error.scala:21:9: note: For more information, see https://github.com/llvm/circt/issues/6970
generators/rocket-chip/src/main/scala/devices/debug/SBA.scala:273:9: warning: module contains 1 printf-encoded verification operation(s), which are deprecated and will be removed in the future
generators/rocket-chip/src/main/scala/devices/debug/SBA.scala:373:12: note: example printf here, will just be a printf in the future
generators/rocket-chip/src/main/scala/devices/debug/SBA.scala:273:9: note: For more information, see https://github.com/llvm/circt/issues/6970
generators/rocket-chip/src/main/scala/devices/debug/Debug.scala:790:9: warning: module contains 5 printf-encoded verification operation(s), which are deprecated and will be removed in the future
generators/rocket-chip/src/main/scala/devices/debug/Debug.scala:1505:15: note: example printf here, will just be a printf in the future
generators/rocket-chip/src/main/scala/devices/debug/Debug.scala:790:9: note: For more information, see https://github.com/llvm/circt/issues/6970
generators/rocket-chip/src/main/scala/tilelink/SRAM.scala:63:9: warning: module contains 1 printf-encoded verification operation(s), which are deprecated and will be removed in the future
generators/rocket-chip/src/main/scala/tilelink/SRAM.scala:231:12: note: example printf here, will just be a printf in the future
generators/rocket-chip/src/main/scala/tilelink/SRAM.scala:63:9: note: For more information, see https://github.com/llvm/circt/issues/6970
generators/rocket-chip/src/main/scala/tilelink/Fragmenter.scala:92:9: warning: module contains 3 printf-encoded verification operation(s), which are deprecated and will be removed in the future
generators/rocket-chip/src/main/scala/tilelink/Fragmenter.scala:214:16: note: example printf here, will just be a printf in the future
generators/rocket-chip/src/main/scala/tilelink/Fragmenter.scala:92:9: note: For more information, see https://github.com/llvm/circt/issues/6970
generators/rocket-chip/src/main/scala/tilelink/Xbar.scala:74:9: warning: module contains 3 printf-encoded verification operation(s), which are deprecated and will be removed in the future
generators/rocket-chip/src/main/scala/tilelink/Arbiter.scala:22:12: note: example printf here, will just be a printf in the future
generators/rocket-chip/src/main/scala/tilelink/Xbar.scala:74:9: note: For more information, see https://github.com/llvm/circt/issues/6970
generators/rocket-chip/src/main/scala/tilelink/Fragmenter.scala:92:9: warning: module contains 3 printf-encoded verification operation(s), which are deprecated and will be removed in the future
generators/rocket-chip/src/main/scala/tilelink/Fragmenter.scala:214:16: note: example printf here, will just be a printf in the future
generators/rocket-chip/src/main/scala/tilelink/Fragmenter.scala:92:9: note: For more information, see https://github.com/llvm/circt/issues/6970
generators/rocket-chip/src/main/scala/tilelink/Fragmenter.scala:92:9: warning: module contains 3 printf-encoded verification operation(s), which are deprecated and will be removed in the future
generators/rocket-chip/src/main/scala/tilelink/Fragmenter.scala:214:16: note: example printf here, will just be a printf in the future
generators/rocket-chip/src/main/scala/tilelink/Fragmenter.scala:92:9: note: For more information, see https://github.com/llvm/circt/issues/6970
generators/rocket-chip/src/main/scala/jtag/JtagShifter.scala:137:7: warning: module contains 1 printf-encoded verification operation(s), which are deprecated and will be removed in the future
generators/rocket-chip/src/main/scala/jtag/JtagShifter.scala:185:9: note: example printf here, will just be a printf in the future
generators/rocket-chip/src/main/scala/jtag/JtagShifter.scala:137:7: note: For more information, see https://github.com/llvm/circt/issues/6970
generators/rocket-chip/src/main/scala/jtag/JtagShifter.scala:137:7: warning: module contains 1 printf-encoded verification operation(s), which are deprecated and will be removed in the future
generators/rocket-chip/src/main/scala/jtag/JtagShifter.scala:185:9: note: example printf here, will just be a printf in the future
generators/rocket-chip/src/main/scala/jtag/JtagShifter.scala:137:7: note: For more information, see https://github.com/llvm/circt/issues/6970
generators/rocket-chip/src/main/scala/jtag/JtagShifter.scala:89:7: warning: module contains 1 printf-encoded verification operation(s), which are deprecated and will be removed in the future
generators/rocket-chip/src/main/scala/jtag/JtagShifter.scala:118:9: note: example printf here, will just be a printf in the future
generators/rocket-chip/src/main/scala/jtag/JtagShifter.scala:89:7: note: For more information, see https://github.com/llvm/circt/issues/6970
generators/rocket-chip/src/main/scala/jtag/JtagShifter.scala:137:7: warning: module contains 1 printf-encoded verification operation(s), which are deprecated and will be removed in the future
generators/rocket-chip/src/main/scala/jtag/JtagShifter.scala:185:9: note: example printf here, will just be a printf in the future
generators/rocket-chip/src/main/scala/jtag/JtagShifter.scala:137:7: note: For more information, see https://github.com/llvm/circt/issues/6970
generators/rocket-chip/src/main/scala/jtag/JtagShifter.scala:56:7: warning: module contains 1 printf-encoded verification operation(s), which are deprecated and will be removed in the future
generators/rocket-chip/src/main/scala/jtag/JtagShifter.scala:72:9: note: example printf here, will just be a printf in the future
generators/rocket-chip/src/main/scala/jtag/JtagShifter.scala:56:7: note: For more information, see https://github.com/llvm/circt/issues/6970
generators/rocket-chip/src/main/scala/devices/debug/DebugTransport.scala:73:7: warning: module contains 3 printf-encoded verification operation(s), which are deprecated and will be removed in the future
generators/rocket-chip/src/main/scala/devices/debug/DebugTransport.scala:203:9: note: example printf here, will just be a printf in the future
generators/rocket-chip/src/main/scala/devices/debug/DebugTransport.scala:73:7: note: For more information, see https://github.com/llvm/circt/issues/6970
===-------------------------------------------------------------------------===
                         ... Execution time report ...
===-------------------------------------------------------------------------===
  Total Execution Time: 4.9239 seconds

  ----User Time----  ----Wall Time----  ----Name----
    0.6214 (  3.6%)    0.6214 ( 12.6%)  FIR Parser
    0.0075 (  0.0%)    0.0075 (  0.2%)    Parse annotations
    0.0000 (  0.0%)    0.0000 (  0.0%)    Parse OMIR
    0.5143 (  3.0%)    0.5143 ( 10.4%)    Parse modules
    0.0877 (  0.5%)    0.0877 (  1.8%)    Verify circuit
   12.5173 ( 73.4%)    2.9605 ( 60.1%)  'firrtl.circuit' Pipeline
    0.0063 (  0.0%)    0.0063 (  0.1%)    LowerOpenAggs
    0.0998 (  0.6%)    0.0998 (  2.0%)    ResolvePaths
    0.0053 (  0.0%)    0.0053 (  0.1%)      (A) circt::firrtl::InstanceGraph
    0.0802 (  0.5%)    0.0802 (  1.6%)    LowerFIRRTLAnnotations
    0.0046 (  0.0%)    0.0046 (  0.1%)    LowerIntmodules
    0.0046 (  0.0%)    0.0046 (  0.1%)      (A) circt::firrtl::InstanceGraph
    0.1792 (  1.1%)    0.0123 (  0.2%)    'firrtl.module' Pipeline
    0.1040 (  0.6%)    0.0108 (  0.2%)      LowerIntrinsics
    0.1035 (  0.6%)    0.1035 (  2.1%)    LowerSignatures
    0.0000 (  0.0%)    0.0000 (  0.0%)    InjectDUTHierarchy
    3.9816 ( 23.4%)    0.3110 (  6.3%)    'firrtl.module' Pipeline
    0.2541 (  1.5%)    0.0537 (  1.1%)      PassiveWires
    3.1150 ( 18.3%)    0.1685 (  3.4%)      DropName
    0.3042 (  1.8%)    0.0514 (  1.0%)      CSE
    0.0127 (  0.1%)    0.0011 (  0.0%)        (A) DominanceInfo
    0.0636 (  0.4%)    0.0064 (  0.1%)      LowerCHIRRTLPass
    0.1668 (  1.0%)    0.0305 (  0.6%)      LowerMatches
    0.1603 (  0.9%)    0.1603 (  3.3%)    InferWidths
    0.0000 (  0.0%)    0.0000 (  0.0%)      (A) SymbolTable
    0.0058 (  0.0%)    0.0058 (  0.1%)      (A) circt::hw::InnerSymbolTableCollection
    0.0795 (  0.5%)    0.0795 (  1.6%)    MemToRegOfVec
    0.1117 (  0.7%)    0.1117 (  2.3%)    InferResets
    0.0056 (  0.0%)    0.0056 (  0.1%)      (A) circt::firrtl::InstanceGraph
    0.0808 (  0.5%)    0.0808 (  1.6%)    DropConst
    0.0007 (  0.0%)    0.0007 (  0.0%)    HoistPassthrough
    0.1333 (  0.8%)    0.1333 (  2.7%)    Dedup
    0.0001 (  0.0%)    0.0001 (  0.0%)      (A) circt::firrtl::NLATable
    0.0000 (  0.0%)    0.0000 (  0.0%)      (A) SymbolTable
    0.2287 (  1.3%)    0.0413 (  0.8%)    'firrtl.module' Pipeline
    0.2124 (  1.2%)    0.0411 (  0.8%)      FlattenMemory
    0.2512 (  1.5%)    0.2512 (  5.1%)    LowerFIRRTLTypes
    0.0000 (  0.0%)    0.0000 (  0.0%)      (A) SymbolTable
    0.3409 (  2.0%)    0.0525 (  1.1%)    'any' Pipeline
    0.3299 (  1.9%)    0.0524 (  1.1%)      ExpandWhens
    0.6609 (  3.9%)    0.1112 (  2.3%)    'firrtl.module' Pipeline
    0.2838 (  1.7%)    0.0504 (  1.0%)      SFCCompat
    0.1781 (  1.0%)    0.0303 (  0.6%)      LayerMerge
    0.1827 (  1.1%)    0.0301 (  0.6%)      LayerSink
    0.0031 (  0.0%)    0.0004 (  0.0%)        (A) DominanceInfo
    0.1460 (  0.9%)    0.1460 (  3.0%)    LowerLayers
    0.1892 (  1.1%)    0.1892 (  3.8%)    Inliner
    0.0000 (  0.0%)    0.0000 (  0.0%)      (A) SymbolTable
    0.3355 (  2.0%)    0.0457 (  0.9%)    'firrtl.module' Pipeline
    0.3297 (  1.9%)    0.0456 (  0.9%)      RandomizeRegisterInit
    0.1191 (  0.7%)    0.1191 (  2.4%)    CheckCombLoops
    0.0048 (  0.0%)    0.0048 (  0.1%)      (A) circt::firrtl::InstanceGraph
    3.8300 ( 22.5%)    0.2308 (  4.7%)    'firrtl.module' Pipeline
    3.7526 ( 22.0%)    0.2244 (  4.6%)      Canonicalizer
    0.0741 (  0.4%)    0.0110 (  0.2%)      InferReadWrite
    0.0809 (  0.5%)    0.0809 (  1.6%)    LowerMemory
    0.0024 (  0.0%)    0.0024 (  0.0%)      (A) circt::firrtl::InstanceGraph
    0.0000 (  0.0%)    0.0000 (  0.0%)      (A) SymbolTable
    0.0359 (  0.2%)    0.0359 (  0.7%)    PrefixModules
    0.0024 (  0.0%)    0.0024 (  0.0%)      (A) circt::firrtl::InstanceGraph
    0.0000 (  0.0%)    0.0000 (  0.0%)      (A) circt::firrtl::NLATable
    0.2012 (  1.2%)    0.2012 (  4.1%)    IMConstProp
    0.0031 (  0.0%)    0.0031 (  0.1%)    HoistPassthrough
    0.0021 (  0.0%)    0.0021 (  0.0%)      (A) circt::firrtl::InstanceGraph
    0.1578 (  0.9%)    0.1578 (  3.2%)  IMDeadCodeElim
    0.0025 (  0.0%)    0.0025 (  0.0%)    (A) circt::firrtl::InstanceGraph
    0.0000 (  0.0%)    0.0000 (  0.0%)    (A) SymbolTable
    0.0023 (  0.0%)    0.0023 (  0.0%)    (A) circt::hw::InnerSymbolTableCollection
    0.0017 (  0.0%)    0.0017 (  0.0%)  'firrtl.circuit' Pipeline
    0.0017 (  0.0%)    0.0017 (  0.0%)    AddSeqMemPorts
    0.0016 (  0.0%)    0.0016 (  0.0%)      (A) circt::firrtl::InstanceGraph
    0.0295 (  0.2%)    0.0295 (  0.6%)  CreateSiFiveMetadata
    0.0011 (  0.0%)    0.0011 (  0.0%)    (A) circt::firrtl::InstanceGraph
    0.1059 (  0.6%)    0.1059 (  2.2%)  'firrtl.circuit' Pipeline
    0.0100 (  0.1%)    0.0100 (  0.2%)    ExtractInstances
    0.0013 (  0.0%)    0.0013 (  0.0%)      (A) circt::firrtl::InstanceGraph
    0.0000 (  0.0%)    0.0000 (  0.0%)      (A) circt::firrtl::NLATable
    0.0000 (  0.0%)    0.0000 (  0.0%)    GrandCentral
    0.0272 (  0.2%)    0.0272 (  0.6%)    BlackBoxReader
    0.0687 (  0.4%)    0.0687 (  1.4%)    SymbolDCE
    0.0532 (  0.3%)    0.0532 (  1.1%)  InnerSymbolDCE
    0.4247 (  2.5%)    0.1690 (  3.4%)  'firrtl.circuit' Pipeline
    0.2557 (  1.5%)    0.0196 (  0.4%)    'firrtl.module' Pipeline
    0.1981 (  1.2%)    0.0188 (  0.4%)      Canonicalizer
    0.0475 (  0.3%)    0.0029 (  0.1%)      RegisterOptimizer
    0.1307 (  0.8%)    0.1307 (  2.7%)    IMConstProp
    0.0019 (  0.0%)    0.0019 (  0.0%)      (A) circt::firrtl::InstanceGraph
    0.1164 (  0.7%)    0.1164 (  2.4%)  IMDeadCodeElim
    0.0014 (  0.0%)    0.0014 (  0.0%)    (A) circt::firrtl::InstanceGraph
    0.0000 (  0.0%)    0.0000 (  0.0%)    (A) SymbolTable
    0.0014 (  0.0%)    0.0014 (  0.0%)    (A) circt::hw::InnerSymbolTableCollection
    0.4022 (  2.4%)    0.1549 (  3.1%)  'firrtl.circuit' Pipeline
    0.0000 (  0.0%)    0.0000 (  0.0%)    EmitOMIR
    0.1873 (  1.1%)    0.0147 (  0.3%)    'firrtl.module' Pipeline
    0.0194 (  0.1%)    0.0014 (  0.0%)      MergeConnections
    0.1553 (  0.9%)    0.0135 (  0.3%)      Vectorization
    0.0083 (  0.0%)    0.0083 (  0.2%)    ResolveTraces
    0.0000 (  0.0%)    0.0000 (  0.0%)      (A) circt::firrtl::NLATable
    0.0014 (  0.0%)    0.0014 (  0.0%)      (A) circt::hw::InnerSymbolTableCollection
    0.0356 (  0.2%)    0.0356 (  0.7%)    LowerXMR
    0.0014 (  0.0%)    0.0014 (  0.0%)      (A) circt::firrtl::InstanceGraph
    0.0526 (  0.3%)    0.0526 (  1.1%)    LowerClasses
    0.0015 (  0.0%)    0.0015 (  0.0%)      (A) circt::firrtl::InstanceGraph
    0.0000 (  0.0%)    0.0000 (  0.0%)      (A) SymbolTable
    0.0046 (  0.0%)    0.0046 (  0.1%)    VerifyObjectFields
    0.0000 (  0.0%)    0.0000 (  0.0%)      (A) SymbolTable
    0.0600 (  0.4%)    0.0025 (  0.1%)    'firrtl.module' Pipeline
    0.0303 (  0.2%)    0.0018 (  0.0%)      Lint
    0.1740 (  1.0%)    0.1740 (  3.5%)  LowerFIRRTLToHW
    0.0016 (  0.0%)    0.0016 (  0.0%)    (A) circt::firrtl::InstanceGraph
    0.0001 (  0.0%)    0.0001 (  0.0%)    (A) circt::firrtl::NLATable
    1.2297 (  7.2%)    0.0496 (  1.0%)  'hw.module' Pipeline
    0.0898 (  0.5%)    0.0133 (  0.3%)    CSE
    0.0026 (  0.0%)    0.0004 (  0.0%)      (A) DominanceInfo
    1.1349 (  6.7%)    0.0426 (  0.9%)    Canonicalizer
    0.0023 (  0.0%)    0.0023 (  0.0%)  VerifyInnerRefNamespace
    0.0022 (  0.0%)    0.0022 (  0.0%)  VerifyObjectFields
    0.0000 (  0.0%)    0.0000 (  0.0%)    (A) SymbolTable
    0.0019 (  0.0%)    0.0019 (  0.0%)  ExternalizeClockGate
    0.0072 (  0.0%)    0.0072 (  0.1%)  LowerSimToSV
    0.0448 (  0.3%)    0.0448 (  0.9%)  LowerSeqToSV
    0.0842 (  0.5%)    0.0047 (  0.1%)  'hw.module' Pipeline
    0.0657 (  0.4%)    0.0038 (  0.1%)    LowerVerifToSV
    0.0126 (  0.1%)    0.0126 (  0.3%)  HWMemSimImpl
    0.3113 (  1.8%)    0.0180 (  0.4%)  'hw.module' Pipeline
    0.1006 (  0.6%)    0.0061 (  0.1%)    CSE
    0.0095 (  0.1%)    0.0006 (  0.0%)      (A) DominanceInfo
    0.0960 (  0.6%)    0.0054 (  0.1%)    Canonicalizer
    0.0464 (  0.3%)    0.0039 (  0.1%)    CSE
    0.0052 (  0.0%)    0.0006 (  0.0%)      (A) DominanceInfo
    0.0211 (  0.1%)    0.0014 (  0.0%)    HWCleanup
    0.0025 (  0.0%)    0.0025 (  0.1%)  VerifyInnerRefNamespace
    0.0036 (  0.0%)    0.0036 (  0.1%)  VerifyObjectFields
    0.0000 (  0.0%)    0.0000 (  0.0%)    (A) SymbolTable
    0.0994 (  0.6%)    0.0057 (  0.1%)  'hw.module' Pipeline
    0.0157 (  0.1%)    0.0010 (  0.0%)    HWLegalizeModules
    0.0541 (  0.3%)    0.0039 (  0.1%)    PrettifyVerilog
    0.0133 (  0.1%)    0.0133 (  0.3%)  StripDebugInfoWithPred
    0.0105 (  0.1%)    0.0105 (  0.2%)  HWExportModuleHierarchy
    0.0000 (  0.0%)    0.0000 (  0.0%)    (A) SymbolTable
    0.0027 (  0.0%)    0.0027 (  0.1%)  VerifyInnerRefNamespace
    0.0055 (  0.0%)    0.0055 (  0.1%)  VerifyObjectFields
    0.1388 (  0.8%)    0.1388 (  2.8%)  ExportSplitVerilog
    0.3887 (  2.3%)    0.0485 (  1.0%)  'builtin.module' Pipeline
    0.0146 (  0.1%)    0.0146 (  0.3%)    HWLowerInstanceChoices
    0.3401 (  2.0%)    0.0198 (  0.4%)    'hw.module' Pipeline
    0.3322 (  1.9%)    0.0195 (  0.4%)      PrepareForEmission
   -0.0310 ( -0.2%)   -0.0310 ( -0.6%)  Rest
   17.0484 (100.0%)    4.9239 (100.0%)  Total
sed -i 's/.*/& /' /root/chipyard/fpga/generated-src/chipyard.fpga.zcu104.ZCU104FPGATestHarness.RocketZCU104LinuxBringupDebugConfig/chipyard.fpga.zcu104.ZCU104FPGATestHarness.RocketZCU104LinuxBringupDebugConfig.mems.conf # need trailing space for SFC macrocompiler
# If there are no BB's then the file might not be generated; ensure it exists
touch /root/chipyard/fpga/generated-src/chipyard.fpga.zcu104.ZCU104FPGATestHarness.RocketZCU104LinuxBringupDebugConfig/gen-collateral/firrtl_black_box_resource_files.f
/root/chipyard/scripts/uniquify-module-names.py \
	--model-hier-json /root/chipyard/fpga/generated-src/chipyard.fpga.zcu104.ZCU104FPGATestHarness.RocketZCU104LinuxBringupDebugConfig/model_module_hierarchy.json \
	--top-hier-json /root/chipyard/fpga/generated-src/chipyard.fpga.zcu104.ZCU104FPGATestHarness.RocketZCU104LinuxBringupDebugConfig/top_module_hierarchy.json \
	--in-all-filelist /root/chipyard/fpga/generated-src/chipyard.fpga.zcu104.ZCU104FPGATestHarness.RocketZCU104LinuxBringupDebugConfig/gen-collateral/filelist.f \
	--in-bb-filelist /root/chipyard/fpga/generated-src/chipyard.fpga.zcu104.ZCU104FPGATestHarness.RocketZCU104LinuxBringupDebugConfig/gen-collateral/firrtl_black_box_resource_files.f \
	--dut ChipTop \
	--model ZCU104FPGATestHarness \
	--target-dir /root/chipyard/fpga/generated-src/chipyard.fpga.zcu104.ZCU104FPGATestHarness.RocketZCU104LinuxBringupDebugConfig/gen-collateral \
	--out-dut-filelist /root/chipyard/fpga/generated-src/chipyard.fpga.zcu104.ZCU104FPGATestHarness.RocketZCU104LinuxBringupDebugConfig/chipyard.fpga.zcu104.ZCU104FPGATestHarness.RocketZCU104LinuxBringupDebugConfig.top.f \
	--out-model-filelist /root/chipyard/fpga/generated-src/chipyard.fpga.zcu104.ZCU104FPGATestHarness.RocketZCU104LinuxBringupDebugConfig/chipyard.fpga.zcu104.ZCU104FPGATestHarness.RocketZCU104LinuxBringupDebugConfig.model.f \
	--out-model-hier-json /root/chipyard/fpga/generated-src/chipyard.fpga.zcu104.ZCU104FPGATestHarness.RocketZCU104LinuxBringupDebugConfig/model_module_hierarchy.uniquified.json \
	--gcpath /root/chipyard/fpga/generated-src/chipyard.fpga.zcu104.ZCU104FPGATestHarness.RocketZCU104LinuxBringupDebugConfig/gen-collateral
sed -e 's;^;/root/chipyard/fpga/generated-src/chipyard.fpga.zcu104.ZCU104FPGATestHarness.RocketZCU104LinuxBringupDebugConfig/gen-collateral/;' /root/chipyard/fpga/generated-src/chipyard.fpga.zcu104.ZCU104FPGATestHarness.RocketZCU104LinuxBringupDebugConfig/gen-collateral/firrtl_black_box_resource_files.f > /root/chipyard/fpga/generated-src/chipyard.fpga.zcu104.ZCU104FPGATestHarness.RocketZCU104LinuxBringupDebugConfig/chipyard.fpga.zcu104.ZCU104FPGATestHarness.RocketZCU104LinuxBringupDebugConfig.bb.f
sed -i 's/\.\///' /root/chipyard/fpga/generated-src/chipyard.fpga.zcu104.ZCU104FPGATestHarness.RocketZCU104LinuxBringupDebugConfig/chipyard.fpga.zcu104.ZCU104FPGATestHarness.RocketZCU104LinuxBringupDebugConfig.top.f
sed -i 's/\.\///' /root/chipyard/fpga/generated-src/chipyard.fpga.zcu104.ZCU104FPGATestHarness.RocketZCU104LinuxBringupDebugConfig/chipyard.fpga.zcu104.ZCU104FPGATestHarness.RocketZCU104LinuxBringupDebugConfig.model.f
sed -i 's/\.\///' /root/chipyard/fpga/generated-src/chipyard.fpga.zcu104.ZCU104FPGATestHarness.RocketZCU104LinuxBringupDebugConfig/chipyard.fpga.zcu104.ZCU104FPGATestHarness.RocketZCU104LinuxBringupDebugConfig.bb.f
sort -u /root/chipyard/fpga/generated-src/chipyard.fpga.zcu104.ZCU104FPGATestHarness.RocketZCU104LinuxBringupDebugConfig/chipyard.fpga.zcu104.ZCU104FPGATestHarness.RocketZCU104LinuxBringupDebugConfig.top.f /root/chipyard/fpga/generated-src/chipyard.fpga.zcu104.ZCU104FPGATestHarness.RocketZCU104LinuxBringupDebugConfig/chipyard.fpga.zcu104.ZCU104FPGATestHarness.RocketZCU104LinuxBringupDebugConfig.model.f /root/chipyard/fpga/generated-src/chipyard.fpga.zcu104.ZCU104FPGATestHarness.RocketZCU104LinuxBringupDebugConfig/chipyard.fpga.zcu104.ZCU104FPGATestHarness.RocketZCU104LinuxBringupDebugConfig.bb.f > /root/chipyard/fpga/generated-src/chipyard.fpga.zcu104.ZCU104FPGATestHarness.RocketZCU104LinuxBringupDebugConfig/chipyard.fpga.zcu104.ZCU104FPGATestHarness.RocketZCU104LinuxBringupDebugConfig.all.f
cp -f  /root/chipyard/fpga/generated-src/chipyard.fpga.zcu104.ZCU104FPGATestHarness.RocketZCU104LinuxBringupDebugConfig/gen-collateral
cp: missing destination file operand after '/root/chipyard/fpga/generated-src/chipyard.fpga.zcu104.ZCU104FPGATestHarness.RocketZCU104LinuxBringupDebugConfig/gen-collateral'
Try 'cp --help' for more information.
make: [Makefile:152: /root/chipyard/fpga/generated-src/chipyard.fpga.zcu104.ZCU104FPGATestHarness.RocketZCU104LinuxBringupDebugConfig/sim_files.f] Error 1 (ignored)
touch /root/chipyard/fpga/generated-src/chipyard.fpga.zcu104.ZCU104FPGATestHarness.RocketZCU104LinuxBringupDebugConfig/sim_files.f
/root/chipyard/scripts/split-mems-conf.py \
	--in-smems-conf /root/chipyard/fpga/generated-src/chipyard.fpga.zcu104.ZCU104FPGATestHarness.RocketZCU104LinuxBringupDebugConfig/chipyard.fpga.zcu104.ZCU104FPGATestHarness.RocketZCU104LinuxBringupDebugConfig.mems.conf \
	--in-model-hrchy-json /root/chipyard/fpga/generated-src/chipyard.fpga.zcu104.ZCU104FPGATestHarness.RocketZCU104LinuxBringupDebugConfig/model_module_hierarchy.uniquified.json \
	--dut-module-name ChipTop \
	--model-module-name ZCU104FPGATestHarness \
	--out-dut-smems-conf /root/chipyard/fpga/generated-src/chipyard.fpga.zcu104.ZCU104FPGATestHarness.RocketZCU104LinuxBringupDebugConfig/chipyard.fpga.zcu104.ZCU104FPGATestHarness.RocketZCU104LinuxBringupDebugConfig.top.mems.conf \
	--out-model-smems-conf /root/chipyard/fpga/generated-src/chipyard.fpga.zcu104.ZCU104FPGATestHarness.RocketZCU104LinuxBringupDebugConfig/chipyard.fpga.zcu104.ZCU104FPGATestHarness.RocketZCU104LinuxBringupDebugConfig.model.mems.conf
[ -f /root/chipyard/fpga/generated-src/chipyard.fpga.zcu104.ZCU104FPGATestHarness.RocketZCU104LinuxBringupDebugConfig/gen-collateral/custom.mems.conf ] && cat /root/chipyard/fpga/generated-src/chipyard.fpga.zcu104.ZCU104FPGATestHarness.RocketZCU104LinuxBringupDebugConfig/gen-collateral/custom.mems.conf >> /root/chipyard/fpga/generated-src/chipyard.fpga.zcu104.ZCU104FPGATestHarness.RocketZCU104LinuxBringupDebugConfig/chipyard.fpga.zcu104.ZCU104FPGATestHarness.RocketZCU104LinuxBringupDebugConfig.top.mems.conf
make: [/root/chipyard/common.mk:283: /root/chipyard/fpga/generated-src/chipyard.fpga.zcu104.ZCU104FPGATestHarness.RocketZCU104LinuxBringupDebugConfig/chipyard.fpga.zcu104.ZCU104FPGATestHarness.RocketZCU104LinuxBringupDebugConfig.top.mems.conf] Error 1 (ignored)
cd /root/chipyard && java -cp /root/chipyard/.classpath_cache/tapeout.jar tapeout.macros.MacroCompiler -n /root/chipyard/fpga/generated-src/chipyard.fpga.zcu104.ZCU104FPGATestHarness.RocketZCU104LinuxBringupDebugConfig/chipyard.fpga.zcu104.ZCU104FPGATestHarness.RocketZCU104LinuxBringupDebugConfig.top.mems.conf -v /root/chipyard/fpga/generated-src/chipyard.fpga.zcu104.ZCU104FPGATestHarness.RocketZCU104LinuxBringupDebugConfig/gen-collateral/chipyard.fpga.zcu104.ZCU104FPGATestHarness.RocketZCU104LinuxBringupDebugConfig.top.mems.v -f /root/chipyard/fpga/generated-src/chipyard.fpga.zcu104.ZCU104FPGATestHarness.RocketZCU104LinuxBringupDebugConfig/chipyard.fpga.zcu104.ZCU104FPGATestHarness.RocketZCU104LinuxBringupDebugConfig.top.mems.fir --mode synflops
Picked up JAVA_TOOL_OPTIONS: -Xmx8G -Xss8M -Djava.io.tmpdir=/root/chipyard/.java_tmp
touch /root/chipyard/fpga/generated-src/chipyard.fpga.zcu104.ZCU104FPGATestHarness.RocketZCU104LinuxBringupDebugConfig/gen-collateral/chipyard.fpga.zcu104.ZCU104FPGATestHarness.RocketZCU104LinuxBringupDebugConfig.top.mems.v /root/chipyard/fpga/generated-src/chipyard.fpga.zcu104.ZCU104FPGATestHarness.RocketZCU104LinuxBringupDebugConfig/chipyard.fpga.zcu104.ZCU104FPGATestHarness.RocketZCU104LinuxBringupDebugConfig.top.mems.fir
cd /root/chipyard && java -cp /root/chipyard/.classpath_cache/tapeout.jar tapeout.macros.MacroCompiler  -n /root/chipyard/fpga/generated-src/chipyard.fpga.zcu104.ZCU104FPGATestHarness.RocketZCU104LinuxBringupDebugConfig/chipyard.fpga.zcu104.ZCU104FPGATestHarness.RocketZCU104LinuxBringupDebugConfig.model.mems.conf -v /root/chipyard/fpga/generated-src/chipyard.fpga.zcu104.ZCU104FPGATestHarness.RocketZCU104LinuxBringupDebugConfig/gen-collateral/chipyard.fpga.zcu104.ZCU104FPGATestHarness.RocketZCU104LinuxBringupDebugConfig.model.mems.v -f /root/chipyard/fpga/generated-src/chipyard.fpga.zcu104.ZCU104FPGATestHarness.RocketZCU104LinuxBringupDebugConfig/chipyard.fpga.zcu104.ZCU104FPGATestHarness.RocketZCU104LinuxBringupDebugConfig.model.mems.fir --mode synflops
Picked up JAVA_TOOL_OPTIONS: -Xmx8G -Xss8M -Djava.io.tmpdir=/root/chipyard/.java_tmp
WARNING: Empty *.mems.conf file. No memories generated.
touch /root/chipyard/fpga/generated-src/chipyard.fpga.zcu104.ZCU104FPGATestHarness.RocketZCU104LinuxBringupDebugConfig/gen-collateral/chipyard.fpga.zcu104.ZCU104FPGATestHarness.RocketZCU104LinuxBringupDebugConfig.model.mems.v /root/chipyard/fpga/generated-src/chipyard.fpga.zcu104.ZCU104FPGATestHarness.RocketZCU104LinuxBringupDebugConfig/chipyard.fpga.zcu104.ZCU104FPGATestHarness.RocketZCU104LinuxBringupDebugConfig.model.mems.fir
rm -f /root/chipyard/fpga/generated-src/chipyard.fpga.zcu104.ZCU104FPGATestHarness.RocketZCU104LinuxBringupDebugConfig/sim_files.common.f
sort -u /root/chipyard/fpga/generated-src/chipyard.fpga.zcu104.ZCU104FPGATestHarness.RocketZCU104LinuxBringupDebugConfig/sim_files.f /root/chipyard/fpga/generated-src/chipyard.fpga.zcu104.ZCU104FPGATestHarness.RocketZCU104LinuxBringupDebugConfig/chipyard.fpga.zcu104.ZCU104FPGATestHarness.RocketZCU104LinuxBringupDebugConfig.all.f | grep -v '.*\.\(svh\|h\|conf\)$' >> /root/chipyard/fpga/generated-src/chipyard.fpga.zcu104.ZCU104FPGATestHarness.RocketZCU104LinuxBringupDebugConfig/sim_files.common.f
echo "/root/chipyard/fpga/generated-src/chipyard.fpga.zcu104.ZCU104FPGATestHarness.RocketZCU104LinuxBringupDebugConfig/gen-collateral/chipyard.fpga.zcu104.ZCU104FPGATestHarness.RocketZCU104LinuxBringupDebugConfig.top.mems.v" >> /root/chipyard/fpga/generated-src/chipyard.fpga.zcu104.ZCU104FPGATestHarness.RocketZCU104LinuxBringupDebugConfig/sim_files.common.f
echo "/root/chipyard/fpga/generated-src/chipyard.fpga.zcu104.ZCU104FPGATestHarness.RocketZCU104LinuxBringupDebugConfig/gen-collateral/chipyard.fpga.zcu104.ZCU104FPGATestHarness.RocketZCU104LinuxBringupDebugConfig.model.mems.v" >> /root/chipyard/fpga/generated-src/chipyard.fpga.zcu104.ZCU104FPGATestHarness.RocketZCU104LinuxBringupDebugConfig/sim_files.common.f
rm -f /root/chipyard/fpga/generated-src/chipyard.fpga.zcu104.ZCU104FPGATestHarness.RocketZCU104LinuxBringupDebugConfig/chipyard.fpga.zcu104.ZCU104FPGATestHarness.RocketZCU104LinuxBringupDebugConfig.vsrcs.f
echo "/root/chipyard/generators/rocket-chip-blocks/vsrc/SRLatch.v" >> /root/chipyard/fpga/generated-src/chipyard.fpga.zcu104.ZCU104FPGATestHarness.RocketZCU104LinuxBringupDebugConfig/chipyard.fpga.zcu104.ZCU104FPGATestHarness.RocketZCU104LinuxBringupDebugConfig.vsrcs.f;
cat /root/chipyard/fpga/generated-src/chipyard.fpga.zcu104.ZCU104FPGATestHarness.RocketZCU104LinuxBringupDebugConfig/sim_files.common.f >> /root/chipyard/fpga/generated-src/chipyard.fpga.zcu104.ZCU104FPGATestHarness.RocketZCU104LinuxBringupDebugConfig/chipyard.fpga.zcu104.ZCU104FPGATestHarness.RocketZCU104LinuxBringupDebugConfig.vsrcs.f
cd /root/chipyard/fpga/generated-src/chipyard.fpga.zcu104.ZCU104FPGATestHarness.RocketZCU104LinuxBringupDebugConfig; vivado \
	-nojournal -mode batch \
	-source /root/chipyard/fpga/fpga-shells/xilinx/common/tcl/vivado.tcl \
	-tclargs \
		-top-module "ZCU104FPGATestHarness" \
		-F "/root/chipyard/fpga/generated-src/chipyard.fpga.zcu104.ZCU104FPGATestHarness.RocketZCU104LinuxBringupDebugConfig/chipyard.fpga.zcu104.ZCU104FPGATestHarness.RocketZCU104LinuxBringupDebugConfig.vsrcs.f" \
		-board "zcu104" \
		-ip-vivado-tcls "/root/chipyard/fpga/generated-src/chipyard.fpga.zcu104.ZCU104FPGATestHarness.RocketZCU104LinuxBringupDebugConfig/chipyard.fpga.zcu104.ZCU104FPGATestHarness.RocketZCU104LinuxBringupDebugConfig.harnessSysPLL.vivado.tcl /root/chipyard/fpga/generated-src/chipyard.fpga.zcu104.ZCU104FPGATestHarness.RocketZCU104LinuxBringupDebugConfig/chipyard.fpga.zcu104.ZCU104FPGATestHarness.RocketZCU104LinuxBringupDebugConfig.shell.vivado.tcl /root/chipyard/fpga/generated-src/chipyard.fpga.zcu104.ZCU104FPGATestHarness.RocketZCU104LinuxBringupDebugConfig/chipyard.fpga.zcu104.ZCU104FPGATestHarness.RocketZCU104LinuxBringupDebugConfig.zcu104ps.vivado.tcl"
'\\wsl.localhost\Ubuntu-22.04\root\chipyard\fpga\generated-src\chipyard.fpga.zcu104.ZCU104FPGATestHarness.RocketZCU104LinuxBringupDebugConfig'
用作为当前目录的以上路径启动了 CMD.EXE。
UNC 路径不受支持。默认值设为 Windows 目录。

****** Vivado v2021.2 (64-bit)
  **** SW Build 3367213 on Tue Oct 19 02:48:09 MDT 2021
  **** IP Build 3369179 on Thu Oct 21 08:25:16 MDT 2021
    ** Copyright 1986-2021 Xilinx, Inc. All Rights Reserved.

source /root/chipyard/fpga/fpga-shells/xilinx/common/tcl/vivado.tcl
# set scriptdir [file dirname [info script]]
# source [file join $scriptdir "prologue.tcl"]
## set ip_vivado_tcls {}
## while {[llength $argv]} {
##   set argv [lassign $argv[set argv {}] flag]
##   switch -glob $flag {
##     -top-module {
##       set argv [lassign $argv[set argv {}] top]
##     }
##     -F {
##       # This should be a simple file format with one filepath per line
##       set argv [lassign $argv[set argv {}] vsrc_manifest]
##     }
##     -board {
##       set argv [lassign $argv[set argv {}] board]
##     }
##     -ip-vivado-tcls {
##       set argv [lassign $argv[set argv {}] ip_vivado_tcls]
##     }
##     -pre-impl-debug-tcl {
##       set argv [lassign $argv[set argv {}] pre_impl_debug_tcl]
##     }
##     -post-impl-debug-tcl {
##       set argv [lassign $argv[set argv {}] post_impl_debug_tcl]
##     }
##     -env-var-srcs {
##       set argv [lassign $argv[set argv {}] env_var_srcs]
##     }
##     default {
##       return -code error [list {unknown option} $flag]
##     }
##   }
## }
## if {![info exists top]} {
##   return -code error [list {--top-module option is required}]
## }
## if {![info exists vsrc_manifest]} {
##   return -code error [list {-F option is required}]
## }
## if {![info exists board]} {
##   return -code error [list {--board option is required}]
## }
## set commondir [file dirname $scriptdir]
## set boarddir [file join [file dirname $commondir] $board]
## source [file join $boarddir tcl board.tcl]
### set name {zcu104}
### set part_fpga {xczu7ev-ffvc1156-2-e}
### set part_board {xilinx.com:zcu104:part0:1.1}
## set constraintsdir [file join $boarddir constraints]
## set srcdir [file join $commondir vsrc]
## set wrkdir [file join [pwd] obj]
## set ipdir [file join $wrkdir ip]
## create_project -part $part_fpga -force $top
ERROR: [Project 1-161] Failed to remove the directory 'Z:/root/chipyard/fpga/generated-src/chipyard.fpga.zcu104.ZCU104FPGATestHarness.RocketZCU104LinuxBringupDebugConfig/ZCU104FPGATestHarness.cache'. The directory might be in use by some other process.

    while executing
"source [file join $scriptdir "prologue.tcl"]"
    (file "/root/chipyard/fpga/fpga-shells/xilinx/common/tcl/vivado.tcl" line 7)
INFO: [Common 17-206] Exiting Vivado at Sat Mar 28 16:09:23 2026...
