mkdir -p /root/chipyard/.classpath_cache/
cd /root/chipyard && java -jar /root/chipyard/scripts/sbt-launch.jar -Dsbt.ivy.home=/root/chipyard/.ivy2 -Dsbt.global.base=/root/chipyard/.sbt -Dsbt.boot.directory=/root/chipyard/.sbt/boot/ -Dsbt.color=always -Dsbt.supershell=false -Dsbt.server.forcestart=true ";project chipyard_fpga; set assembly / assemblyOutputPath := file(\"/root/chipyard/.classpath_cache/chipyard_fpga.jar\"); assembly" && touch /root/chipyard/.classpath_cache/chipyard_fpga.jar
Picked up JAVA_TOOL_OPTIONS: -Xmx8G -Xss8M -Djava.io.tmpdir=/root/chipyard/.java_tmp
[0m[[0m[0minfo[0m] [0m[0mwelcome to sbt 1.8.2 (Ubuntu Java 11.0.30)[0m
[0m[[0m[0minfo[0m] [0m[0mloading settings for project chipyard-build from plugins.sbt ...[0m
[0m[[0m[0minfo[0m] [0m[0mloading project definition from /root/chipyard/project[0m
[0m[[0m[33mwarn[0m] [0m[0mMultiple resolvers having different access mechanism configured with same name 'sbt-plugin-releases'. To avoid conflict, Remove duplicate project resolvers (`resolvers`) or rename publishing resolver (`publishTo`).[0m
[0m[[0m[33mwarn[0m] [0m[0mMultiple resolvers having different access mechanism configured with same name 'sbt-plugin-releases'. To avoid conflict, Remove duplicate project resolvers (`resolvers`) or rename publishing resolver (`publishTo`).[0m
[0m[[0m[33mwarn[0m] [0m[0mMultiple resolvers having different access mechanism configured with same name 'sbt-plugin-releases'. To avoid conflict, Remove duplicate project resolvers (`resolvers`) or rename publishing resolver (`publishTo`).[0m
[0m[[0m[0minfo[0m] [0m[0mloading settings for project chipyardRoot from build.sbt ...[0m
[0m[[0m[0minfo[0m] [0m[0mloading settings for project barf from build.sbt ...[0m
[0m[[0m[0minfo[0m] [0m[0mloading settings for project constellation from build.sbt ...[0m
[0m[[0m[0minfo[0m] [0m[0mloading settings for project icenet from build.sbt ...[0m
[0m[[0m[0minfo[0m] [0m[0mloading settings for project cva6 from build.sbt ...[0m
[0m[[0m[0minfo[0m] [0m[0mloading settings for project ibex from build.sbt ...[0m
[0m[[0m[0minfo[0m] [0m[0mloading settings for project sodor from build.sbt ...[0m
[0m[[0m[0minfo[0m] [0m[0mloading settings for project radiance from build.sbt ...[0m
[0m[[0m[0minfo[0m] [0m[0mloading settings for project midas_target_utils from build.sbt ...[0m
[0m[[0m[0minfo[0m] [0m[0mresolving key references (48737 settings) ...[0m
[0m[[0m[0minfo[0m] [0m[0mset current project to chipyardRoot (in build file:/root/chipyard/)[0m
[0m[[0m[0minfo[0m] [0m[0mset current project to chipyard_fpga (in build file:/root/chipyard/)[0m
[0m[[0m[0minfo[0m] [0m[0mDefining assembly / assemblyOutputPath[0m
[0m[[0m[0minfo[0m] [0m[0mThe new value will be used by assembly[0m
[0m[[0m[0minfo[0m] [0m[0mReapplying settings...[0m
[0m[[0m[0minfo[0m] [0m[0mset current project to chipyard_fpga (in build file:/root/chipyard/)[0m
Warning: Tried to extract the base path for relative glob tools/firrtl2/src/main/java/**/*.{java,scala}. To disable this warning, re-run the program with java option, -Dsbt.io.implicit.relative.glob.conversion=allow
Warning: Tried to extract the base path for relative glob tools/stage/src/main/scala/**/*.{java,scala}. To disable this warning, re-run the program with java option, -Dsbt.io.implicit.relative.glob.conversion=allow
Warning: Tried to extract the base path for relative glob tools/firrtl2/src/main/java/**/*.{java,scala}. To disable this warning, re-run the program with java option, -Dsbt.io.implicit.relative.glob.conversion=allow
Warning: Tried to extract the base path for relative glob tools/stage/src/main/scala/**/*.{java,scala}. To disable this warning, re-run the program with java option, -Dsbt.io.implicit.relative.glob.conversion=allow
[0m[[0m[0minfo[0m] [0m[0mcompiling 1 Scala source to /root/chipyard/fpga/fpga-shells/target/scala-2.13/classes ...[0m
[0m[[0m[33mwarn[0m] [0m[0mmultiple main classes detected: run 'show discoveredMainClasses' to see the list[0m
[0m[[0m[33mwarn[0m] [0m[0m/root/chipyard/fpga/fpga-shells/src/main/scala/shell/xilinx/ZCU102NewShell.scala:410:48: procedure syntax is deprecated: instead, add `: Unit =` to explicitly declare `bind`'s return type [quickfixable][0m
[0m[[0m[33mwarn[0m] [0m[0m    def bind(io: Seq[IOPin], pad: Seq[String]) {[0m
[0m[[0m[33mwarn[0m] [0m[0m                                               ^[0m
[0m[[0m[33mwarn[0m] [0m[0m/root/chipyard/fpga/fpga-shells/src/main/scala/shell/xilinx/ZCU102NewShell.scala:457:48: procedure syntax is deprecated: instead, add `: Unit =` to explicitly declare `bind`'s return type [quickfixable][0m
[0m[[0m[33mwarn[0m] [0m[0m    def bind(io: Seq[IOPin], pad: Seq[String]) {[0m
[0m[[0m[33mwarn[0m] [0m[0m                                               ^[0m
[0m[[0m[33mwarn[0m] [0m[0m/root/chipyard/fpga/fpga-shells/src/main/scala/shell/xilinx/ZCU102NewShell.scala:143:42: Auto-application to `()` is deprecated. Supply the empty argument list `()` explicitly to invoke method get,[0m
[0m[[0m[33mwarn[0m] [0m[0mor remove the empty argument list from its definition (Java-defined methods are exempt).[0m
[0m[[0m[33mwarn[0m] [0m[0mIn Scala 3, an unapplied method like this will be eta-expanded into a function. [quickfixable][0m
[0m[[0m[33mwarn[0m] [0m[0m    dclkSource.bundle := shell.ref_clock.get.get.overlayOutput.node.out(0)._1.clock[0m
[0m[[0m[33mwarn[0m] [0m[0m                                         ^[0m
[0m[[0m[33mwarn[0m] [0m[0m/root/chipyard/fpga/fpga-shells/src/main/scala/shell/xilinx/ZCU102NewShell.scala:344:30: Auto-application to `()` is deprecated. Supply the empty argument list `()` explicitly to invoke method get,[0m
[0m[[0m[33mwarn[0m] [0m[0mor remove the empty argument list from its definition (Java-defined methods are exempt).[0m
[0m[[0m[33mwarn[0m] [0m[0mIn Scala 3, an unapplied method like this will be eta-expanded into a function. [quickfixable][0m
[0m[[0m[33mwarn[0m] [0m[0m    require (shell.sys_clock.get.isDefined, "Use of DDRZCU102Overlay depends on SysClockZCU102Overlay")[0m
[0m[[0m[33mwarn[0m] [0m[0m                             ^[0m
[0m[[0m[33mwarn[0m] [0m[0m/root/chipyard/fpga/fpga-shells/src/main/scala/shell/xilinx/ZCU102NewShell.scala:345:36: Auto-application to `()` is deprecated. Supply the empty argument list `()` explicitly to invoke method get,[0m
[0m[[0m[33mwarn[0m] [0m[0mor remove the empty argument list from its definition (Java-defined methods are exempt).[0m
[0m[[0m[33mwarn[0m] [0m[0mIn Scala 3, an unapplied method like this will be eta-expanded into a function. [quickfixable][0m
[0m[[0m[33mwarn[0m] [0m[0m    val (sys, _) = shell.sys_clock.get.get.overlayOutput.node.out(0)[0m
[0m[[0m[33mwarn[0m] [0m[0m                                   ^[0m
[0m[[0m[33mwarn[0m] [0m[0m/root/chipyard/fpga/fpga-shells/src/main/scala/shell/xilinx/ZCU102NewShell.scala:22:68: method ValName in package diplomacy is deprecated (since rocketchip 2.0.0): Diplomacy has been split to a standalone library[0m
[0m[[0m[33mwarn[0m] [0m[0m  val node = shell { ClockSourceNode(freqMHz = 300, jitterPS = 50)(ValName(name)) }[0m
[0m[[0m[33mwarn[0m] [0m[0m                                                                   ^[0m
[0m[[0m[33mwarn[0m] [0m[0m/root/chipyard/fpga/fpga-shells/src/main/scala/shell/xilinx/ZCU102NewShell.scala:23:11: value InModuleBody in package diplomacy is deprecated (since rocketchip 2.0.0): Diplomacy has been split to a standalone library[0m
[0m[[0m[33mwarn[0m] [0m[0m  shell { InModuleBody {[0m
[0m[[0m[33mwarn[0m] [0m[0m          ^[0m
[0m[[0m[33mwarn[0m] [0m[0m/root/chipyard/fpga/fpga-shells/src/main/scala/shell/xilinx/ZCU102NewShell.scala:24:29: method moduleValue in package diplomacy is deprecated (since rocketchip 2.0.0): Diplomacy has been split to a standalone library[0m
[0m[[0m[33mwarn[0m] [0m[0m    shell.xdc.addPackagePin(io.p, "AL8")[0m
[0m[[0m[33mwarn[0m] [0m[0m                            ^[0m
[0m[[0m[33mwarn[0m] [0m[0m/root/chipyard/fpga/fpga-shells/src/main/scala/shell/xilinx/ZCU102NewShell.scala:25:29: method moduleValue in package diplomacy is deprecated (since rocketchip 2.0.0): Diplomacy has been split to a standalone library[0m
[0m[[0m[33mwarn[0m] [0m[0m    shell.xdc.addPackagePin(io.n, "AL7")[0m
[0m[[0m[33mwarn[0m] [0m[0m                            ^[0m
[0m[[0m[33mwarn[0m] [0m[0m/root/chipyard/fpga/fpga-shells/src/main/scala/shell/xilinx/ZCU102NewShell.scala:26:29: method moduleValue in package diplomacy is deprecated (since rocketchip 2.0.0): Diplomacy has been split to a standalone library[0m
[0m[[0m[33mwarn[0m] [0m[0m    shell.xdc.addIOStandard(io.p, "DIFF_SSTL12")[0m
[0m[[0m[33mwarn[0m] [0m[0m                            ^[0m
[0m[[0m[33mwarn[0m] [0m[0m/root/chipyard/fpga/fpga-shells/src/main/scala/shell/xilinx/ZCU102NewShell.scala:27:29: method moduleValue in package diplomacy is deprecated (since rocketchip 2.0.0): Diplomacy has been split to a standalone library[0m
[0m[[0m[33mwarn[0m] [0m[0m    shell.xdc.addIOStandard(io.n, "DIFF_SSTL12")[0m
[0m[[0m[33mwarn[0m] [0m[0m                            ^[0m
[0m[[0m[33mwarn[0m] [0m[0m/root/chipyard/fpga/fpga-shells/src/main/scala/shell/xilinx/ZCU102NewShell.scala:30:126: type ValName in package diplomacy is deprecated (since rocketchip 2.0.0): Diplomacy has been split to a standalone library[0m
[0m[[0m[33mwarn[0m] [0m[0mclass SysClockZCU102ShellPlacer(shell: ZCU102ShellBasicOverlays, val shellInput: ClockInputShellInput)(implicit val valName: ValName)[0m
[0m[[0m[33mwarn[0m] [0m[0m                                                                                                                             ^[0m
[0m[[0m[33mwarn[0m] [0m[0m/root/chipyard/fpga/fpga-shells/src/main/scala/shell/xilinx/ZCU102NewShell.scala:33:100: method name in class SourcecodeNameExt is deprecated (since diplomacy 1.0.0): Name method has been removed in transition to sourcecode library.[0m
[0m[[0m[33mwarn[0m] [0m[0m    def place(designInput: ClockInputDesignInput) = new SysClockZCU102PlacedOverlay(shell, valName.name, designInput, shellInput)[0m
[0m[[0m[33mwarn[0m] [0m[0m                                                                                                   ^[0m
[0m[[0m[33mwarn[0m] [0m[0m/root/chipyard/fpga/fpga-shells/src/main/scala/shell/xilinx/ZCU102NewShell.scala:33:92: method SourcecodeNameExt in package diplomacy is deprecated (since rocketchip 2.0.0): Diplomacy has been split to a standalone library[0m
[0m[[0m[33mwarn[0m] [0m[0m    def place(designInput: ClockInputDesignInput) = new SysClockZCU102PlacedOverlay(shell, valName.name, designInput, shellInput)[0m
[0m[[0m[33mwarn[0m] [0m[0m                                                                                           ^[0m
[0m[[0m[33mwarn[0m] [0m[0m/root/chipyard/fpga/fpga-shells/src/main/scala/shell/xilinx/ZCU102NewShell.scala:40:68: method ValName in package diplomacy is deprecated (since rocketchip 2.0.0): Diplomacy has been split to a standalone library[0m
[0m[[0m[33mwarn[0m] [0m[0m  val node = shell { ClockSourceNode(freqMHz = 125, jitterPS = 50)(ValName(name)) }[0m
[0m[[0m[33mwarn[0m] [0m[0m                                                                   ^[0m
[0m[[0m[33mwarn[0m] [0m[0m/root/chipyard/fpga/fpga-shells/src/main/scala/shell/xilinx/ZCU102NewShell.scala:42:11: value InModuleBody in package diplomacy is deprecated (since rocketchip 2.0.0): Diplomacy has been split to a standalone library[0m
[0m[[0m[33mwarn[0m] [0m[0m  shell { InModuleBody {[0m
[0m[[0m[33mwarn[0m] [0m[0m          ^[0m
[0m[[0m[33mwarn[0m] [0m[0m/root/chipyard/fpga/fpga-shells/src/main/scala/shell/xilinx/ZCU102NewShell.scala:43:29: method moduleValue in package diplomacy is deprecated (since rocketchip 2.0.0): Diplomacy has been split to a standalone library[0m
[0m[[0m[33mwarn[0m] [0m[0m    shell.xdc.addPackagePin(io.p, "H9")[0m
[0m[[0m[33mwarn[0m] [0m[0m                            ^[0m
[0m[[0m[33mwarn[0m] [0m[0m/root/chipyard/fpga/fpga-shells/src/main/scala/shell/xilinx/ZCU102NewShell.scala:44:29: method moduleValue in package diplomacy is deprecated (since rocketchip 2.0.0): Diplomacy has been split to a standalone library[0m
[0m[[0m[33mwarn[0m] [0m[0m    shell.xdc.addPackagePin(io.n, "G9")[0m
[0m[[0m[33mwarn[0m] [0m[0m                            ^[0m
[0m[[0m[33mwarn[0m] [0m[0m/root/chipyard/fpga/fpga-shells/src/main/scala/shell/xilinx/ZCU102NewShell.scala:45:29: method moduleValue in package diplomacy is deprecated (since rocketchip 2.0.0): Diplomacy has been split to a standalone library[0m
[0m[[0m[33mwarn[0m] [0m[0m    shell.xdc.addIOStandard(io.p, "LVDS")[0m
[0m[[0m[33mwarn[0m] [0m[0m                            ^[0m
[0m[[0m[33mwarn[0m] [0m[0m/root/chipyard/fpga/fpga-shells/src/main/scala/shell/xilinx/ZCU102NewShell.scala:46:29: method moduleValue in package diplomacy is deprecated (since rocketchip 2.0.0): Diplomacy has been split to a standalone library[0m
[0m[[0m[33mwarn[0m] [0m[0m    shell.xdc.addIOStandard(io.n, "LVDS")[0m
[0m[[0m[33mwarn[0m] [0m[0m                            ^[0m
[0m[[0m[33mwarn[0m] [0m[0m/root/chipyard/fpga/fpga-shells/src/main/scala/shell/xilinx/ZCU102NewShell.scala:49:126: type ValName in package diplomacy is deprecated (since rocketchip 2.0.0): Diplomacy has been split to a standalone library[0m
[0m[[0m[33mwarn[0m] [0m[0mclass RefClockZCU102ShellPlacer(shell: ZCU102ShellBasicOverlays, val shellInput: ClockInputShellInput)(implicit val valName: ValName)[0m
[0m[[0m[33mwarn[0m] [0m[0m                                                                                                                             ^[0m
[0m[[0m[33mwarn[0m] [0m[0m/root/chipyard/fpga/fpga-shells/src/main/scala/shell/xilinx/ZCU102NewShell.scala:51:98: method name in class SourcecodeNameExt is deprecated (since diplomacy 1.0.0): Name method has been removed in transition to sourcecode library.[0m
[0m[[0m[33mwarn[0m] [0m[0m  def place(designInput: ClockInputDesignInput) = new RefClockZCU102PlacedOverlay(shell, valName.name, designInput, shellInput)[0m
[0m[[0m[33mwarn[0m] [0m[0m                                                                                                 ^[0m
[0m[[0m[33mwarn[0m] [0m[0m/root/chipyard/fpga/fpga-shells/src/main/scala/shell/xilinx/ZCU102NewShell.scala:51:90: method SourcecodeNameExt in package diplomacy is deprecated (since rocketchip 2.0.0): Diplomacy has been split to a standalone library[0m
[0m[[0m[33mwarn[0m] [0m[0m  def place(designInput: ClockInputDesignInput) = new RefClockZCU102PlacedOverlay(shell, valName.name, designInput, shellInput)[0m
[0m[[0m[33mwarn[0m] [0m[0m                                                                                         ^[0m
[0m[[0m[33mwarn[0m] [0m[0m/root/chipyard/fpga/fpga-shells/src/main/scala/shell/xilinx/ZCU102NewShell.scala:58:11: value InModuleBody in package diplomacy is deprecated (since rocketchip 2.0.0): Diplomacy has been split to a standalone library[0m
[0m[[0m[33mwarn[0m] [0m[0m  shell { InModuleBody {[0m
[0m[[0m[33mwarn[0m] [0m[0m          ^[0m
[0m[[0m[33mwarn[0m] [0m[0m/root/chipyard/fpga/fpga-shells/src/main/scala/shell/xilinx/ZCU102NewShell.scala:59:55: method moduleValue in package diplomacy is deprecated (since rocketchip 2.0.0): Diplomacy has been split to a standalone library[0m
[0m[[0m[33mwarn[0m] [0m[0m    val packagePinsWithPackageIOs = Seq(("A21", IOPin(io.spi_clk)),      //PMOD0_3[0m
[0m[[0m[33mwarn[0m] [0m[0m                                                      ^[0m
[0m[[0m[33mwarn[0m] [0m[0m/root/chipyard/fpga/fpga-shells/src/main/scala/shell/xilinx/ZCU102NewShell.scala:60:55: method moduleValue in package diplomacy is deprecated (since rocketchip 2.0.0): Diplomacy has been split to a standalone library[0m
[0m[[0m[33mwarn[0m] [0m[0m                                        ("B20", IOPin(io.spi_cs)),       //PMOD0_1[0m
[0m[[0m[33mwarn[0m] [0m[0m                                                      ^[0m
[0m[[0m[33mwarn[0m] [0m[0m/root/chipyard/fpga/fpga-shells/src/main/scala/shell/xilinx/ZCU102NewShell.scala:61:55: method moduleValue in package diplomacy is deprecated (since rocketchip 2.0.0): Diplomacy has been split to a standalone library[0m
[0m[[0m[33mwarn[0m] [0m[0m                                        ("A22", IOPin(io.spi_dat(0))),   //PMOD0_2[0m
[0m[[0m[33mwarn[0m] [0m[0m                                                      ^[0m
[0m[[0m[33mwarn[0m] [0m[0m/root/chipyard/fpga/fpga-shells/src/main/scala/shell/xilinx/ZCU102NewShell.scala:62:55: method moduleValue in package diplomacy is deprecated (since rocketchip 2.0.0): Diplomacy has been split to a standalone library[0m
[0m[[0m[33mwarn[0m] [0m[0m                                        ("B21", IOPin(io.spi_dat(1))),   //PMOD0_4[0m
[0m[[0m[33mwarn[0m] [0m[0m                                                      ^[0m
[0m[[0m[33mwarn[0m] [0m[0m/root/chipyard/fpga/fpga-shells/src/main/scala/shell/xilinx/ZCU102NewShell.scala:63:55: method moduleValue in package diplomacy is deprecated (since rocketchip 2.0.0): Diplomacy has been split to a standalone library[0m
[0m[[0m[33mwarn[0m] [0m[0m                                        ("C21", IOPin(io.spi_dat(2))),   //PMOD0_5[0m
[0m[[0m[33mwarn[0m] [0m[0m                                                      ^[0m
[0m[[0m[33mwarn[0m] [0m[0m/root/chipyard/fpga/fpga-shells/src/main/scala/shell/xilinx/ZCU102NewShell.scala:64:55: method moduleValue in package diplomacy is deprecated (since rocketchip 2.0.0): Diplomacy has been split to a standalone library[0m
[0m[[0m[33mwarn[0m] [0m[0m                                        ("G8",  IOPin(io.spi_dat(3))))   //PMOD0_0[0m
[0m[[0m[33mwarn[0m] [0m[0m                                                      ^[0m
[0m[[0m[33mwarn[0m] [0m[0m/root/chipyard/fpga/fpga-shells/src/main/scala/shell/xilinx/ZCU102NewShell.scala:76:115: type ValName in package diplomacy is deprecated (since rocketchip 2.0.0): Diplomacy has been split to a standalone library[0m
[0m[[0m[33mwarn[0m] [0m[0mclass SDIOZCU102ShellPlacer(shell: ZCU102ShellBasicOverlays, val shellInput: SPIShellInput)(implicit val valName: ValName)[0m
[0m[[0m[33mwarn[0m] [0m[0m                                                                                                                  ^[0m
[0m[[0m[33mwarn[0m] [0m[0m/root/chipyard/fpga/fpga-shells/src/main/scala/shell/xilinx/ZCU102NewShell.scala:78:87: method name in class SourcecodeNameExt is deprecated (since diplomacy 1.0.0): Name method has been removed in transition to sourcecode library.[0m
[0m[[0m[33mwarn[0m] [0m[0m  def place(designInput: SPIDesignInput) = new SDIOZCU102PlacedOverlay(shell, valName.name, designInput, shellInput)[0m
[0m[[0m[33mwarn[0m] [0m[0m                                                                                      ^[0m
[0m[[0m[33mwarn[0m] [0m[0m/root/chipyard/fpga/fpga-shells/src/main/scala/shell/xilinx/ZCU102NewShell.scala:78:79: method SourcecodeNameExt in package diplomacy is deprecated (since rocketchip 2.0.0): Diplomacy has been split to a standalone library[0m
[0m[[0m[33mwarn[0m] [0m[0m  def place(designInput: SPIDesignInput) = new SDIOZCU102PlacedOverlay(shell, valName.name, designInput, shellInput)[0m
[0m[[0m[33mwarn[0m] [0m[0m                                                                              ^[0m
[0m[[0m[33mwarn[0m] [0m[0m/root/chipyard/fpga/fpga-shells/src/main/scala/shell/xilinx/ZCU102NewShell.scala:85:11: value InModuleBody in package diplomacy is deprecated (since rocketchip 2.0.0): Diplomacy has been split to a standalone library[0m
[0m[[0m[33mwarn[0m] [0m[0m  shell { InModuleBody {[0m
[0m[[0m[33mwarn[0m] [0m[0m          ^[0m
[0m[[0m[33mwarn[0m] [0m[0m/root/chipyard/fpga/fpga-shells/src/main/scala/shell/xilinx/ZCU102NewShell.scala:105:124: type ValName in package diplomacy is deprecated (since rocketchip 2.0.0): Diplomacy has been split to a standalone library[0m
[0m[[0m[33mwarn[0m] [0m[0mclass SPIFlashZCU102ShellPlacer(shell: ZCU102ShellBasicOverlays, val shellInput: SPIFlashShellInput)(implicit val valName: ValName)[0m
[0m[[0m[33mwarn[0m] [0m[0m                                                                                                                           ^[0m
[0m[[0m[33mwarn[0m] [0m[0m/root/chipyard/fpga/fpga-shells/src/main/scala/shell/xilinx/ZCU102NewShell.scala:107:96: method name in class SourcecodeNameExt is deprecated (since diplomacy 1.0.0): Name method has been removed in transition to sourcecode library.[0m
[0m[[0m[33mwarn[0m] [0m[0m  def place(designInput: SPIFlashDesignInput) = new SPIFlashZCU102PlacedOverlay(shell, valName.name, designInput, shellInput)[0m
[0m[[0m[33mwarn[0m] [0m[0m                                                                                               ^[0m
[0m[[0m[33mwarn[0m] [0m[0m/root/chipyard/fpga/fpga-shells/src/main/scala/shell/xilinx/ZCU102NewShell.scala:107:88: method SourcecodeNameExt in package diplomacy is deprecated (since rocketchip 2.0.0): Diplomacy has been split to a standalone library[0m
[0m[[0m[33mwarn[0m] [0m[0m  def place(designInput: SPIFlashDesignInput) = new SPIFlashZCU102PlacedOverlay(shell, valName.name, designInput, shellInput)[0m
[0m[[0m[33mwarn[0m] [0m[0m                                                                                       ^[0m
[0m[[0m[33mwarn[0m] [0m[0m/root/chipyard/fpga/fpga-shells/src/main/scala/shell/xilinx/ZCU102NewShell.scala:115:11: value InModuleBody in package diplomacy is deprecated (since rocketchip 2.0.0): Diplomacy has been split to a standalone library[0m
[0m[[0m[33mwarn[0m] [0m[0m  shell { InModuleBody {  [0m
[0m[[0m[33mwarn[0m] [0m[0m          ^[0m
[0m[[0m[33mwarn[0m] [0m[0m/root/chipyard/fpga/fpga-shells/src/main/scala/shell/xilinx/ZCU102NewShell.scala:116:55: method moduleValue in package diplomacy is deprecated (since rocketchip 2.0.0): Diplomacy has been split to a standalone library[0m
[0m[[0m[33mwarn[0m] [0m[0m    val packagePinsWithPackageIOs = Seq(("D12", IOPin(io.ctsn.get)),[0m
[0m[[0m[33mwarn[0m] [0m[0m                                                      ^[0m
[0m[[0m[33mwarn[0m] [0m[0m/root/chipyard/fpga/fpga-shells/src/main/scala/shell/xilinx/ZCU102NewShell.scala:117:55: method moduleValue in package diplomacy is deprecated (since rocketchip 2.0.0): Diplomacy has been split to a standalone library[0m
[0m[[0m[33mwarn[0m] [0m[0m                                        ("E12", IOPin(io.rtsn.get)),[0m
[0m[[0m[33mwarn[0m] [0m[0m                                                      ^[0m
[0m[[0m[33mwarn[0m] [0m[0m/root/chipyard/fpga/fpga-shells/src/main/scala/shell/xilinx/ZCU102NewShell.scala:118:55: method moduleValue in package diplomacy is deprecated (since rocketchip 2.0.0): Diplomacy has been split to a standalone library[0m
[0m[[0m[33mwarn[0m] [0m[0m                                        ("E13", IOPin(io.rxd)),[0m
[0m[[0m[33mwarn[0m] [0m[0m                                                      ^[0m
[0m[[0m[33mwarn[0m] [0m[0m/root/chipyard/fpga/fpga-shells/src/main/scala/shell/xilinx/ZCU102NewShell.scala:119:55: method moduleValue in package diplomacy is deprecated (since rocketchip 2.0.0): Diplomacy has been split to a standalone library[0m
[0m[[0m[33mwarn[0m] [0m[0m                                        ("F13", IOPin(io.txd)))[0m
[0m[[0m[33mwarn[0m] [0m[0m                                                      ^[0m
[0m[[0m[33mwarn[0m] [0m[0m/root/chipyard/fpga/fpga-shells/src/main/scala/shell/xilinx/ZCU102NewShell.scala:128:116: type ValName in package diplomacy is deprecated (since rocketchip 2.0.0): Diplomacy has been split to a standalone library[0m
[0m[[0m[33mwarn[0m] [0m[0mclass UARTZCU102ShellPlacer(shell: ZCU102ShellBasicOverlays, val shellInput: UARTShellInput)(implicit val valName: ValName)[0m
[0m[[0m[33mwarn[0m] [0m[0m                                                                                                                   ^[0m
[0m[[0m[33mwarn[0m] [0m[0m/root/chipyard/fpga/fpga-shells/src/main/scala/shell/xilinx/ZCU102NewShell.scala:130:88: method name in class SourcecodeNameExt is deprecated (since diplomacy 1.0.0): Name method has been removed in transition to sourcecode library.[0m
[0m[[0m[33mwarn[0m] [0m[0m  def place(designInput: UARTDesignInput) = new UARTZCU102PlacedOverlay(shell, valName.name, designInput, shellInput)[0m
[0m[[0m[33mwarn[0m] [0m[0m                                                                                       ^[0m
[0m[[0m[33mwarn[0m] [0m[0m/root/chipyard/fpga/fpga-shells/src/main/scala/shell/xilinx/ZCU102NewShell.scala:130:80: method SourcecodeNameExt in package diplomacy is deprecated (since rocketchip 2.0.0): Diplomacy has been split to a standalone library[0m
[0m[[0m[33mwarn[0m] [0m[0m  def place(designInput: UARTDesignInput) = new UARTZCU102PlacedOverlay(shell, valName.name, designInput, shellInput)[0m
[0m[[0m[33mwarn[0m] [0m[0m                                                                               ^[0m
[0m[[0m[33mwarn[0m] [0m[0m/root/chipyard/fpga/fpga-shells/src/main/scala/shell/xilinx/ZCU102NewShell.scala:137:28: value BundleBridgeSource in package diplomacy is deprecated (since rocketchip 2.0.0): Diplomacy has been split to a standalone library[0m
[0m[[0m[33mwarn[0m] [0m[0m  val dclkSource = shell { BundleBridgeSource(() => Clock()) }[0m
[0m[[0m[33mwarn[0m] [0m[0m                           ^[0m
[0m[[0m[33mwarn[0m] [0m[0m/root/chipyard/fpga/fpga-shells/src/main/scala/shell/xilinx/ZCU102NewShell.scala:139:3: value InModuleBody in package diplomacy is deprecated (since rocketchip 2.0.0): Diplomacy has been split to a standalone library[0m
[0m[[0m[33mwarn[0m] [0m[0m  InModuleBody {[0m
[0m[[0m[33mwarn[0m] [0m[0m  ^[0m
[0m[[0m[33mwarn[0m] [0m[0m/root/chipyard/fpga/fpga-shells/src/main/scala/shell/xilinx/ZCU102NewShell.scala:140:5: method moduleValue in package diplomacy is deprecated (since rocketchip 2.0.0): Diplomacy has been split to a standalone library[0m
[0m[[0m[33mwarn[0m] [0m[0m    dclk := dclkSink.bundle[0m
[0m[[0m[33mwarn[0m] [0m[0m    ^[0m
[0m[[0m[33mwarn[0m] [0m[0m/root/chipyard/fpga/fpga-shells/src/main/scala/shell/xilinx/ZCU102NewShell.scala:142:11: value InModuleBody in package diplomacy is deprecated (since rocketchip 2.0.0): Diplomacy has been split to a standalone library[0m
[0m[[0m[33mwarn[0m] [0m[0m  shell { InModuleBody {[0m
[0m[[0m[33mwarn[0m] [0m[0m          ^[0m
[0m[[0m[33mwarn[0m] [0m[0m/root/chipyard/fpga/fpga-shells/src/main/scala/shell/xilinx/ZCU102NewShell.scala:144:29: method moduleValue in package diplomacy is deprecated (since rocketchip 2.0.0): Diplomacy has been split to a standalone library[0m
[0m[[0m[33mwarn[0m] [0m[0m    shell.xdc.addPackagePin(io.tx_p, "E4")[0m
[0m[[0m[33mwarn[0m] [0m[0m                            ^[0m
[0m[[0m[33mwarn[0m] [0m[0m/root/chipyard/fpga/fpga-shells/src/main/scala/shell/xilinx/ZCU102NewShell.scala:145:29: method moduleValue in package diplomacy is deprecated (since rocketchip 2.0.0): Diplomacy has been split to a standalone library[0m
[0m[[0m[33mwarn[0m] [0m[0m    shell.xdc.addPackagePin(io.tx_n, "E3")[0m
[0m[[0m[33mwarn[0m] [0m[0m                            ^[0m
[0m[[0m[33mwarn[0m] [0m[0m/root/chipyard/fpga/fpga-shells/src/main/scala/shell/xilinx/ZCU102NewShell.scala:146:29: method moduleValue in package diplomacy is deprecated (since rocketchip 2.0.0): Diplomacy has been split to a standalone library[0m
[0m[[0m[33mwarn[0m] [0m[0m    shell.xdc.addPackagePin(io.rx_p, "D2")[0m
[0m[[0m[33mwarn[0m] [0m[0m                            ^[0m
[0m[[0m[33mwarn[0m] [0m[0m/root/chipyard/fpga/fpga-shells/src/main/scala/shell/xilinx/ZCU102NewShell.scala:147:29: method moduleValue in package diplomacy is deprecated (since rocketchip 2.0.0): Diplomacy has been split to a standalone library[0m
[0m[[0m[33mwarn[0m] [0m[0m    shell.xdc.addPackagePin(io.rx_n, "D1")[0m
[0m[[0m[33mwarn[0m] [0m[0m                            ^[0m
[0m[[0m[33mwarn[0m] [0m[0m/root/chipyard/fpga/fpga-shells/src/main/scala/shell/xilinx/ZCU102NewShell.scala:148:29: method moduleValue in package diplomacy is deprecated (since rocketchip 2.0.0): Diplomacy has been split to a standalone library[0m
[0m[[0m[33mwarn[0m] [0m[0m    shell.xdc.addPackagePin(io.refclk_p, "R10")[0m
[0m[[0m[33mwarn[0m] [0m[0m                            ^[0m
[0m[[0m[33mwarn[0m] [0m[0m/root/chipyard/fpga/fpga-shells/src/main/scala/shell/xilinx/ZCU102NewShell.scala:149:29: method moduleValue in package diplomacy is deprecated (since rocketchip 2.0.0): Diplomacy has been split to a standalone library[0m
[0m[[0m[33mwarn[0m] [0m[0m    shell.xdc.addPackagePin(io.refclk_n, "R9")[0m
[0m[[0m[33mwarn[0m] [0m[0m                            ^[0m
[0m[[0m[33mwarn[0m] [0m[0m/root/chipyard/fpga/fpga-shells/src/main/scala/shell/xilinx/ZCU102NewShell.scala:152:121: type ValName in package diplomacy is deprecated (since rocketchip 2.0.0): Diplomacy has been split to a standalone library[0m
[0m[[0m[33mwarn[0m] [0m[0mclass QSFP1ZCU102ShellPlacer(shell: ZCU102ShellBasicOverlays, val shellInput: EthernetShellInput)(implicit val valName: ValName)[0m
[0m[[0m[33mwarn[0m] [0m[0m                                                                                                                        ^[0m
[0m[[0m[33mwarn[0m] [0m[0m/root/chipyard/fpga/fpga-shells/src/main/scala/shell/xilinx/ZCU102NewShell.scala:154:93: method name in class SourcecodeNameExt is deprecated (since diplomacy 1.0.0): Name method has been removed in transition to sourcecode library.[0m
[0m[[0m[33mwarn[0m] [0m[0m  def place(designInput: EthernetDesignInput) = new QSFP1ZCU102PlacedOverlay(shell, valName.name, designInput, shellInput)[0m
[0m[[0m[33mwarn[0m] [0m[0m                                                                                            ^[0m
[0m[[0m[33mwarn[0m] [0m[0m/root/chipyard/fpga/fpga-shells/src/main/scala/shell/xilinx/ZCU102NewShell.scala:154:85: method SourcecodeNameExt in package diplomacy is deprecated (since rocketchip 2.0.0): Diplomacy has been split to a standalone library[0m
[0m[[0m[33mwarn[0m] [0m[0m  def place(designInput: EthernetDesignInput) = new QSFP1ZCU102PlacedOverlay(shell, valName.name, designInput, shellInput)[0m
[0m[[0m[33mwarn[0m] [0m[0m                                                                                    ^[0m
[0m[[0m[33mwarn[0m] [0m[0m/root/chipyard/fpga/fpga-shells/src/main/scala/shell/xilinx/ZCU102NewShell.scala:163:114: type ValName in package diplomacy is deprecated (since rocketchip 2.0.0): Diplomacy has been split to a standalone library[0m
[0m[[0m[33mwarn[0m] [0m[0mclass LEDZCU102ShellPlacer(shell: ZCU102ShellBasicOverlays, val shellInput: LEDShellInput)(implicit val valName: ValName)[0m
[0m[[0m[33mwarn[0m] [0m[0m                                                                                                                 ^[0m
[0m[[0m[33mwarn[0m] [0m[0m/root/chipyard/fpga/fpga-shells/src/main/scala/shell/xilinx/ZCU102NewShell.scala:165:86: method name in class SourcecodeNameExt is deprecated (since diplomacy 1.0.0): Name method has been removed in transition to sourcecode library.[0m
[0m[[0m[33mwarn[0m] [0m[0m  def place(designInput: LEDDesignInput) = new LEDZCU102PlacedOverlay(shell, valName.name, designInput, shellInput)[0m
[0m[[0m[33mwarn[0m] [0m[0m                                                                                     ^[0m
[0m[[0m[33mwarn[0m] [0m[0m/root/chipyard/fpga/fpga-shells/src/main/scala/shell/xilinx/ZCU102NewShell.scala:165:78: method SourcecodeNameExt in package diplomacy is deprecated (since rocketchip 2.0.0): Diplomacy has been split to a standalone library[0m
[0m[[0m[33mwarn[0m] [0m[0m  def place(designInput: LEDDesignInput) = new LEDZCU102PlacedOverlay(shell, valName.name, designInput, shellInput)[0m
[0m[[0m[33mwarn[0m] [0m[0m                                                                             ^[0m
[0m[[0m[33mwarn[0m] [0m[0m/root/chipyard/fpga/fpga-shells/src/main/scala/shell/xilinx/ZCU102NewShell.scala:174:120: type ValName in package diplomacy is deprecated (since rocketchip 2.0.0): Diplomacy has been split to a standalone library[0m
[0m[[0m[33mwarn[0m] [0m[0mclass ButtonZCU102ShellPlacer(shell: ZCU102ShellBasicOverlays, val shellInput: ButtonShellInput)(implicit val valName: ValName)[0m
[0m[[0m[33mwarn[0m] [0m[0m                                                                                                                       ^[0m
[0m[[0m[33mwarn[0m] [0m[0m/root/chipyard/fpga/fpga-shells/src/main/scala/shell/xilinx/ZCU102NewShell.scala:176:92: method name in class SourcecodeNameExt is deprecated (since diplomacy 1.0.0): Name method has been removed in transition to sourcecode library.[0m
[0m[[0m[33mwarn[0m] [0m[0m  def place(designInput: ButtonDesignInput) = new ButtonZCU102PlacedOverlay(shell, valName.name, designInput, shellInput)[0m
[0m[[0m[33mwarn[0m] [0m[0m                                                                                           ^[0m
[0m[[0m[33mwarn[0m] [0m[0m/root/chipyard/fpga/fpga-shells/src/main/scala/shell/xilinx/ZCU102NewShell.scala:176:84: method SourcecodeNameExt in package diplomacy is deprecated (since rocketchip 2.0.0): Diplomacy has been split to a standalone library[0m
[0m[[0m[33mwarn[0m] [0m[0m  def place(designInput: ButtonDesignInput) = new ButtonZCU102PlacedOverlay(shell, valName.name, designInput, shellInput)[0m
[0m[[0m[33mwarn[0m] [0m[0m                                                                                   ^[0m
[0m[[0m[33mwarn[0m] [0m[0m/root/chipyard/fpga/fpga-shells/src/main/scala/shell/xilinx/ZCU102NewShell.scala:185:120: type ValName in package diplomacy is deprecated (since rocketchip 2.0.0): Diplomacy has been split to a standalone library[0m
[0m[[0m[33mwarn[0m] [0m[0mclass SwitchZCU102ShellPlacer(shell: ZCU102ShellBasicOverlays, val shellInput: SwitchShellInput)(implicit val valName: ValName)[0m
[0m[[0m[33mwarn[0m] [0m[0m                                                                                                                       ^[0m
[0m[[0m[33mwarn[0m] [0m[0m/root/chipyard/fpga/fpga-shells/src/main/scala/shell/xilinx/ZCU102NewShell.scala:187:92: method name in class SourcecodeNameExt is deprecated (since diplomacy 1.0.0): Name method has been removed in transition to sourcecode library.[0m
[0m[[0m[33mwarn[0m] [0m[0m  def place(designInput: SwitchDesignInput) = new SwitchZCU102PlacedOverlay(shell, valName.name, designInput, shellInput)[0m
[0m[[0m[33mwarn[0m] [0m[0m                                                                                           ^[0m
[0m[[0m[33mwarn[0m] [0m[0m/root/chipyard/fpga/fpga-shells/src/main/scala/shell/xilinx/ZCU102NewShell.scala:187:84: method SourcecodeNameExt in package diplomacy is deprecated (since rocketchip 2.0.0): Diplomacy has been split to a standalone library[0m
[0m[[0m[33mwarn[0m] [0m[0m  def place(designInput: SwitchDesignInput) = new SwitchZCU102PlacedOverlay(shell, valName.name, designInput, shellInput)[0m
[0m[[0m[33mwarn[0m] [0m[0m                                                                                   ^[0m
[0m[[0m[33mwarn[0m] [0m[0m/root/chipyard/fpga/fpga-shells/src/main/scala/shell/xilinx/ZCU102NewShell.scala:193:26: value InModuleBody in package diplomacy is deprecated (since rocketchip 2.0.0): Diplomacy has been split to a standalone library[0m
[0m[[0m[33mwarn[0m] [0m[0m  val ereset_n = shell { InModuleBody {[0m
[0m[[0m[33mwarn[0m] [0m[0m                         ^[0m
[0m[[0m[33mwarn[0m] [0m[0m/root/chipyard/fpga/fpga-shells/src/main/scala/shell/xilinx/ZCU102NewShell.scala:213:11: value InModuleBody in package diplomacy is deprecated (since rocketchip 2.0.0): Diplomacy has been split to a standalone library[0m
[0m[[0m[33mwarn[0m] [0m[0m  shell { InModuleBody {[0m
[0m[[0m[33mwarn[0m] [0m[0m          ^[0m
[0m[[0m[33mwarn[0m] [0m[0m/root/chipyard/fpga/fpga-shells/src/main/scala/shell/xilinx/ZCU102NewShell.scala:250:15: method moduleValue in package diplomacy is deprecated (since rocketchip 2.0.0): Diplomacy has been split to a standalone library[0m
[0m[[0m[33mwarn[0m] [0m[0m    (IOPin.of(io.b2c) zip dir1) foreach { case (io, pin) => shell.xdc.addPackagePin(io, pin) }[0m
[0m[[0m[33mwarn[0m] [0m[0m              ^[0m
[0m[[0m[33mwarn[0m] [0m[0m/root/chipyard/fpga/fpga-shells/src/main/scala/shell/xilinx/ZCU102NewShell.scala:251:15: method moduleValue in package diplomacy is deprecated (since rocketchip 2.0.0): Diplomacy has been split to a standalone library[0m
[0m[[0m[33mwarn[0m] [0m[0m    (IOPin.of(io.c2b) zip dir2) foreach { case (io, pin) => shell.xdc.addPackagePin(io, pin) }[0m
[0m[[0m[33mwarn[0m] [0m[0m              ^[0m
[0m[[0m[33mwarn[0m] [0m[0m/root/chipyard/fpga/fpga-shells/src/main/scala/shell/xilinx/ZCU102NewShell.scala:254:124: type ValName in package diplomacy is deprecated (since rocketchip 2.0.0): Diplomacy has been split to a standalone library[0m
[0m[[0m[33mwarn[0m] [0m[0mclass ChipLinkZCU102ShellPlacer(shell: ZCU102ShellBasicOverlays, val shellInput: ChipLinkShellInput)(implicit val valName: ValName)[0m
[0m[[0m[33mwarn[0m] [0m[0m                                                                                                                           ^[0m
[0m[[0m[33mwarn[0m] [0m[0m/root/chipyard/fpga/fpga-shells/src/main/scala/shell/xilinx/ZCU102NewShell.scala:256:96: method name in class SourcecodeNameExt is deprecated (since diplomacy 1.0.0): Name method has been removed in transition to sourcecode library.[0m
[0m[[0m[33mwarn[0m] [0m[0m  def place(designInput: ChipLinkDesignInput) = new ChipLinkZCU102PlacedOverlay(shell, valName.name, designInput, shellInput)[0m
[0m[[0m[33mwarn[0m] [0m[0m                                                                                               ^[0m
[0m[[0m[33mwarn[0m] [0m[0m/root/chipyard/fpga/fpga-shells/src/main/scala/shell/xilinx/ZCU102NewShell.scala:256:88: method SourcecodeNameExt in package diplomacy is deprecated (since rocketchip 2.0.0): Diplomacy has been split to a standalone library[0m
[0m[[0m[33mwarn[0m] [0m[0m  def place(designInput: ChipLinkDesignInput) = new ChipLinkZCU102PlacedOverlay(shell, valName.name, designInput, shellInput)[0m
[0m[[0m[33mwarn[0m] [0m[0m                                                                                       ^[0m
[0m[[0m[33mwarn[0m] [0m[0m/root/chipyard/fpga/fpga-shells/src/main/scala/shell/xilinx/ZCU102NewShell.scala:263:11: value InModuleBody in package diplomacy is deprecated (since rocketchip 2.0.0): Diplomacy has been split to a standalone library[0m
[0m[[0m[33mwarn[0m] [0m[0m  shell { InModuleBody {[0m
[0m[[0m[33mwarn[0m] [0m[0m          ^[0m
[0m[[0m[33mwarn[0m] [0m[0m/root/chipyard/fpga/fpga-shells/src/main/scala/shell/xilinx/ZCU102NewShell.scala:272:25: method moduleValue in package diplomacy is deprecated (since rocketchip 2.0.0): Diplomacy has been split to a standalone library[0m
[0m[[0m[33mwarn[0m] [0m[0m    val pins      = Seq(io.jtag_TCK, io.jtag_TMS, io.jtag_TDI, io.jtag_TDO, io.srst_n)[0m
[0m[[0m[33mwarn[0m] [0m[0m                        ^[0m
[0m[[0m[33mwarn[0m] [0m[0m/root/chipyard/fpga/fpga-shells/src/main/scala/shell/xilinx/ZCU102NewShell.scala:272:38: method moduleValue in package diplomacy is deprecated (since rocketchip 2.0.0): Diplomacy has been split to a standalone library[0m
[0m[[0m[33mwarn[0m] [0m[0m    val pins      = Seq(io.jtag_TCK, io.jtag_TMS, io.jtag_TDI, io.jtag_TDO, io.srst_n)[0m
[0m[[0m[33mwarn[0m] [0m[0m                                     ^[0m
[0m[[0m[33mwarn[0m] [0m[0m/root/chipyard/fpga/fpga-shells/src/main/scala/shell/xilinx/ZCU102NewShell.scala:272:51: method moduleValue in package diplomacy is deprecated (since rocketchip 2.0.0): Diplomacy has been split to a standalone library[0m
[0m[[0m[33mwarn[0m] [0m[0m    val pins      = Seq(io.jtag_TCK, io.jtag_TMS, io.jtag_TDI, io.jtag_TDO, io.srst_n)[0m
[0m[[0m[33mwarn[0m] [0m[0m                                                  ^[0m
[0m[[0m[33mwarn[0m] [0m[0m/root/chipyard/fpga/fpga-shells/src/main/scala/shell/xilinx/ZCU102NewShell.scala:272:64: method moduleValue in package diplomacy is deprecated (since rocketchip 2.0.0): Diplomacy has been split to a standalone library[0m
[0m[[0m[33mwarn[0m] [0m[0m    val pins      = Seq(io.jtag_TCK, io.jtag_TMS, io.jtag_TDI, io.jtag_TDO, io.srst_n)[0m
[0m[[0m[33mwarn[0m] [0m[0m                                                               ^[0m
[0m[[0m[33mwarn[0m] [0m[0m/root/chipyard/fpga/fpga-shells/src/main/scala/shell/xilinx/ZCU102NewShell.scala:272:77: method moduleValue in package diplomacy is deprecated (since rocketchip 2.0.0): Diplomacy has been split to a standalone library[0m
[0m[[0m[33mwarn[0m] [0m[0m    val pins      = Seq(io.jtag_TCK, io.jtag_TMS, io.jtag_TDI, io.jtag_TDO, io.srst_n)[0m
[0m[[0m[33mwarn[0m] [0m[0m                                                                            ^[0m
[0m[[0m[33mwarn[0m] [0m[0m/root/chipyard/fpga/fpga-shells/src/main/scala/shell/xilinx/ZCU102NewShell.scala:274:38: method moduleValue in package diplomacy is deprecated (since rocketchip 2.0.0): Diplomacy has been split to a standalone library[0m
[0m[[0m[33mwarn[0m] [0m[0m    shell.sdc.addClock("JTCK", IOPin(io.jtag_TCK), 10)[0m
[0m[[0m[33mwarn[0m] [0m[0m                                     ^[0m
[0m[[0m[33mwarn[0m] [0m[0m/root/chipyard/fpga/fpga-shells/src/main/scala/shell/xilinx/ZCU102NewShell.scala:276:46: method moduleValue in package diplomacy is deprecated (since rocketchip 2.0.0): Diplomacy has been split to a standalone library[0m
[0m[[0m[33mwarn[0m] [0m[0m    shell.xdc.clockDedicatedRouteFalse(IOPin(io.jtag_TCK))[0m
[0m[[0m[33mwarn[0m] [0m[0m                                             ^[0m
[0m[[0m[33mwarn[0m] [0m[0m/root/chipyard/fpga/fpga-shells/src/main/scala/shell/xilinx/ZCU102NewShell.scala:289:126: type ValName in package diplomacy is deprecated (since rocketchip 2.0.0): Diplomacy has been split to a standalone library[0m
[0m[[0m[33mwarn[0m] [0m[0mclass JTAGDebugZCU102ShellPlacer(shell: ZCU102ShellBasicOverlays, val shellInput: JTAGDebugShellInput)(implicit val valName: ValName)[0m
[0m[[0m[33mwarn[0m] [0m[0m                                                                                                                             ^[0m
[0m[[0m[33mwarn[0m] [0m[0m/root/chipyard/fpga/fpga-shells/src/main/scala/shell/xilinx/ZCU102NewShell.scala:291:98: method name in class SourcecodeNameExt is deprecated (since diplomacy 1.0.0): Name method has been removed in transition to sourcecode library.[0m
[0m[[0m[33mwarn[0m] [0m[0m  def place(designInput: JTAGDebugDesignInput) = new JTAGDebugZCU102PlacedOverlay(shell, valName.name, designInput, shellInput)[0m
[0m[[0m[33mwarn[0m] [0m[0m                                                                                                 ^[0m
[0m[[0m[33mwarn[0m] [0m[0m/root/chipyard/fpga/fpga-shells/src/main/scala/shell/xilinx/ZCU102NewShell.scala:291:90: method SourcecodeNameExt in package diplomacy is deprecated (since rocketchip 2.0.0): Diplomacy has been split to a standalone library[0m
[0m[[0m[33mwarn[0m] [0m[0m  def place(designInput: JTAGDebugDesignInput) = new JTAGDebugZCU102PlacedOverlay(shell, valName.name, designInput, shellInput)[0m
[0m[[0m[33mwarn[0m] [0m[0m                                                                                         ^[0m
[0m[[0m[33mwarn[0m] [0m[0m/root/chipyard/fpga/fpga-shells/src/main/scala/shell/xilinx/ZCU102NewShell.scala:297:11: value InModuleBody in package diplomacy is deprecated (since rocketchip 2.0.0): Diplomacy has been split to a standalone library[0m
[0m[[0m[33mwarn[0m] [0m[0m  shell { InModuleBody {[0m
[0m[[0m[33mwarn[0m] [0m[0m          ^[0m
[0m[[0m[33mwarn[0m] [0m[0m/root/chipyard/fpga/fpga-shells/src/main/scala/shell/xilinx/ZCU102NewShell.scala:298:39: method moduleValue in package diplomacy is deprecated (since rocketchip 2.0.0): Diplomacy has been split to a standalone library[0m
[0m[[0m[33mwarn[0m] [0m[0m    shell.sdc.addClock("JTCKC", IOPin(io.cjtag_TCKC), 10)[0m
[0m[[0m[33mwarn[0m] [0m[0m                                      ^[0m
[0m[[0m[33mwarn[0m] [0m[0m/root/chipyard/fpga/fpga-shells/src/main/scala/shell/xilinx/ZCU102NewShell.scala:300:46: method moduleValue in package diplomacy is deprecated (since rocketchip 2.0.0): Diplomacy has been split to a standalone library[0m
[0m[[0m[33mwarn[0m] [0m[0m    shell.xdc.clockDedicatedRouteFalse(IOPin(io.cjtag_TCKC))[0m
[0m[[0m[33mwarn[0m] [0m[0m                                             ^[0m
[0m[[0m[33mwarn[0m] [0m[0m/root/chipyard/fpga/fpga-shells/src/main/scala/shell/xilinx/ZCU102NewShell.scala:301:55: method moduleValue in package diplomacy is deprecated (since rocketchip 2.0.0): Diplomacy has been split to a standalone library[0m
[0m[[0m[33mwarn[0m] [0m[0m    val packagePinsWithPackageIOs = Seq(("N13", IOPin(io.cjtag_TCKC)), //VCU118 J2 FMC HPC 1 pg 99: FMC_HPC1_LA20_P; ZCU102 pg 108 FMC_HPC0_LA20_P[0m
[0m[[0m[33mwarn[0m] [0m[0m                                                      ^[0m
[0m[[0m[33mwarn[0m] [0m[0m/root/chipyard/fpga/fpga-shells/src/main/scala/shell/xilinx/ZCU102NewShell.scala:302:56: method moduleValue in package diplomacy is deprecated (since rocketchip 2.0.0): Diplomacy has been split to a standalone library[0m
[0m[[0m[33mwarn[0m] [0m[0m                                        ("L12",  IOPin(io.cjtag_TMSC)), //VCU118 J2 FMC HPC 1 pg 99: FMC_HPC1_LA24_P; ZCU102 pg 108 FMC_HPC0_LA24_P[0m
[0m[[0m[33mwarn[0m] [0m[0m                                                       ^[0m
[0m[[0m[33mwarn[0m] [0m[0m/root/chipyard/fpga/fpga-shells/src/main/scala/shell/xilinx/ZCU102NewShell.scala:303:55: method moduleValue in package diplomacy is deprecated (since rocketchip 2.0.0): Diplomacy has been split to a standalone library[0m
[0m[[0m[33mwarn[0m] [0m[0m                                        ("M13", IOPin(io.srst_n)))     //VCU118 J2 FMC HPC 1 pg 99: FMC_HPC1_LA20_N; ZCU102 pg 108 FMC_HPC0_LA20_N[0m
[0m[[0m[33mwarn[0m] [0m[0m                                                      ^[0m
[0m[[0m[33mwarn[0m] [0m[0m/root/chipyard/fpga/fpga-shells/src/main/scala/shell/xilinx/ZCU102NewShell.scala:309:33: method moduleValue in package diplomacy is deprecated (since rocketchip 2.0.0): Diplomacy has been split to a standalone library[0m
[0m[[0m[33mwarn[0m] [0m[0m      shell.xdc.addPullup(IOPin(io.cjtag_TCKC))[0m
[0m[[0m[33mwarn[0m] [0m[0m                                ^[0m
[0m[[0m[33mwarn[0m] [0m[0m/root/chipyard/fpga/fpga-shells/src/main/scala/shell/xilinx/ZCU102NewShell.scala:310:33: method moduleValue in package diplomacy is deprecated (since rocketchip 2.0.0): Diplomacy has been split to a standalone library[0m
[0m[[0m[33mwarn[0m] [0m[0m      shell.xdc.addPullup(IOPin(io.srst_n))[0m
[0m[[0m[33mwarn[0m] [0m[0m                                ^[0m
[0m[[0m[33mwarn[0m] [0m[0m/root/chipyard/fpga/fpga-shells/src/main/scala/shell/xilinx/ZCU102NewShell.scala:313:128: type ValName in package diplomacy is deprecated (since rocketchip 2.0.0): Diplomacy has been split to a standalone library[0m
[0m[[0m[33mwarn[0m] [0m[0mclass cJTAGDebugZCU102ShellPlacer(shell: ZCU102ShellBasicOverlays, val shellInput: cJTAGDebugShellInput)(implicit val valName: ValName)[0m
[0m[[0m[33mwarn[0m] [0m[0m                                                                                                                               ^[0m
[0m[[0m[33mwarn[0m] [0m[0m/root/chipyard/fpga/fpga-shells/src/main/scala/shell/xilinx/ZCU102NewShell.scala:315:100: method name in class SourcecodeNameExt is deprecated (since diplomacy 1.0.0): Name method has been removed in transition to sourcecode library.[0m
[0m[[0m[33mwarn[0m] [0m[0m  def place(designInput: cJTAGDebugDesignInput) = new cJTAGDebugZCU102PlacedOverlay(shell, valName.name, designInput, shellInput)[0m
[0m[[0m[33mwarn[0m] [0m[0m                                                                                                   ^[0m
[0m[[0m[33mwarn[0m] [0m[0m/root/chipyard/fpga/fpga-shells/src/main/scala/shell/xilinx/ZCU102NewShell.scala:315:92: method SourcecodeNameExt in package diplomacy is deprecated (since rocketchip 2.0.0): Diplomacy has been split to a standalone library[0m
[0m[[0m[33mwarn[0m] [0m[0m  def place(designInput: cJTAGDebugDesignInput) = new cJTAGDebugZCU102PlacedOverlay(shell, valName.name, designInput, shellInput)[0m
[0m[[0m[33mwarn[0m] [0m[0m                                                                                           ^[0m
[0m[[0m[33mwarn[0m] [0m[0m/root/chipyard/fpga/fpga-shells/src/main/scala/shell/xilinx/ZCU102NewShell.scala:320:140: type ValName in package diplomacy is deprecated (since rocketchip 2.0.0): Diplomacy has been split to a standalone library[0m
[0m[[0m[33mwarn[0m] [0m[0mclass JTAGDebugBScanZCU102ShellPlacer(val shell: ZCU102ShellBasicOverlays, val shellInput: JTAGDebugBScanShellInput)(implicit val valName: ValName)[0m
[0m[[0m[33mwarn[0m] [0m[0m                                                                                                                                           ^[0m
[0m[[0m[33mwarn[0m] [0m[0m/root/chipyard/fpga/fpga-shells/src/main/scala/shell/xilinx/ZCU102NewShell.scala:322:108: method name in class SourcecodeNameExt is deprecated (since diplomacy 1.0.0): Name method has been removed in transition to sourcecode library.[0m
[0m[[0m[33mwarn[0m] [0m[0m  def place(designInput: JTAGDebugBScanDesignInput) = new JTAGDebugBScanZCU102PlacedOverlay(shell, valName.name, designInput, shellInput)[0m
[0m[[0m[33mwarn[0m] [0m[0m                                                                                                           ^[0m
[0m[[0m[33mwarn[0m] [0m[0m/root/chipyard/fpga/fpga-shells/src/main/scala/shell/xilinx/ZCU102NewShell.scala:322:100: method SourcecodeNameExt in package diplomacy is deprecated (since rocketchip 2.0.0): Diplomacy has been split to a standalone library[0m
[0m[[0m[33mwarn[0m] [0m[0m  def place(designInput: JTAGDebugBScanDesignInput) = new JTAGDebugBScanZCU102PlacedOverlay(shell, valName.name, designInput, shellInput)[0m
[0m[[0m[33mwarn[0m] [0m[0m                                                                                                   ^[0m
[0m[[0m[33mwarn[0m] [0m[0m/root/chipyard/fpga/fpga-shells/src/main/scala/shell/xilinx/ZCU102NewShell.scala:332:13: value LazyModule in package diplomacy is deprecated (since rocketchip 2.0.0): Diplomacy has been split to a standalone library[0m
[0m[[0m[33mwarn[0m] [0m[0m  val mig = LazyModule(new XilinxZCU102MIG(migParams))[0m
[0m[[0m[33mwarn[0m] [0m[0m            ^[0m
[0m[[0m[33mwarn[0m] [0m[0m100 warnings found[0m
[0m[[0m[0minfo[0m] [0m[0mdone compiling[0m
[0m[[0m[0minfo[0m] [0m[0m26 file(s) merged using strategy 'Rename' (Run the task at debug level to see the details)[0m
[0m[[0m[0minfo[0m] [0m[0m68 file(s) merged using strategy 'Rename (Custom)' (Run the task at debug level to see the details)[0m
[0m[[0m[0minfo[0m] [0m[0m391 file(s) merged using strategy 'Discard' (Run the task at debug level to see the details)[0m
[0m[[0m[0minfo[0m] [0m[0mBuilt: /root/chipyard/.classpath_cache/chipyard_fpga.jar[0m
[0m[[0m[0minfo[0m] [0m[0mJar hash: 4d96410fbe1b9ba88eae391fbd8e4141a753fc0a[0m
[0m[[0m[32msuccess[0m] [0m[0mTotal time: 21 s, completed Mar 17, 2026, 1:16:51 PM[0m
[0Jmkdir -p /root/chipyard/fpga/generated-src/chipyard.fpga.zcu102.ZCU102FPGATestHarness.RocketZCU102Config
(set -o pipefail && 	cd /root/chipyard && java -cp /root/chipyard/.classpath_cache/chipyard_fpga.jar chipyard.Generator  --target-dir /root/chipyard/fpga/generated-src/chipyard.fpga.zcu102.ZCU102FPGATestHarness.RocketZCU102Config --name chipyard.fpga.zcu102.ZCU102FPGATestHarness.RocketZCU102Config --top-module chipyard.fpga.zcu102.ZCU102FPGATestHarness --legacy-configs chipyard.fpga.zcu102:RocketZCU102Config   | tee /root/chipyard/fpga/generated-src/chipyard.fpga.zcu102.ZCU102FPGATestHarness.RocketZCU102Config/chipyard.fpga.zcu102.ZCU102FPGATestHarness.RocketZCU102Config.chisel.log)
Picked up JAVA_TOOL_OPTIONS: -Xmx8G -Xss8M -Djava.io.tmpdir=/root/chipyard/.java_tmp
ZCU102 FPGA Base Clock Freq: 50 MHz
make[1]: Entering directory '/root/chipyard/fpga/src/main/resources/zcu102/sdboot'
make[1]: Nothing to be done for 'bin'.
make[1]: Leaving directory '/root/chipyard/fpga/src/main/resources/zcu102/sdboot'
L2 InclusiveCache Client Map:
	0 <= debug
	1 <= Core 0 DCache
	2 <= Core 0 ICache

Interrupt map (2 harts 2 interrupts):
  [1, 1] => uart_0
  [2, 2] => spi_0

<stdin>:79.18-84.5: Warning (simple_bus_reg): /soc/cbus_clock: missing or empty reg/ranges property
<stdin>:106.18-111.5: Warning (simple_bus_reg): /soc/fbus_clock: missing or empty reg/ranges property
<stdin>:122.18-127.5: Warning (simple_bus_reg): /soc/mbus_clock: missing or empty reg/ranges property
<stdin>:128.18-133.5: Warning (simple_bus_reg): /soc/pbus_clock: missing or empty reg/ranges property
<stdin>:139.18-144.5: Warning (simple_bus_reg): /soc/sbus_clock: missing or empty reg/ranges property
<stdin>:42.30-46.6: Warning (interrupt_provider): /cpus/cpu@0/interrupt-controller: Missing #address-cells in interrupt provider
<stdin>:112.37-121.5: Warning (interrupt_provider): /soc/interrupt-controller@c000000: Missing #address-cells in interrupt provider
Clock sbus_0: using diplomatically specified frequency of 50.0.
Clock pbus_0: using diplomatically specified frequency of 50.0.
Clock fbus_0: using diplomatically specified frequency of 50.0.
Clock mbus_0: using diplomatically specified frequency of 50.0.
Clock cbus_0: using diplomatically specified frequency of 50.0.
Leaving clock group uncore with synchronous reset
/dts-v1/;

/ {
	#address-cells = <1>;
	#size-cells = <1>;
	compatible = "ucb-bar,chipyard-dev";
	model = "ucb-bar,chipyard";
	L3: aliases {
		serial0 = &L26;
	};
	L18: chosen {
		stdout-path = &L26;
	};
	L2: cpus {
		#address-cells = <1>;
		#size-cells = <0>;
		timebase-frequency = <50000>;
		L13: cpu@0 {
			clock-frequency = <0>;
			compatible = "sifive,rocket0", "riscv";
			d-cache-block-size = <64>;
			d-cache-sets = <64>;
			d-cache-size = <32768>;
			d-tlb-sets = <1>;
			d-tlb-size = <32>;
			device_type = "cpu";
			hardware-exec-breakpoint-count = <1>;
			i-cache-block-size = <64>;
			i-cache-sets = <64>;
			i-cache-size = <32768>;
			i-tlb-sets = <1>;
			i-tlb-size = <32>;
			mmu-type = "riscv,sv39";
			next-level-cache = <&L10>;
			reg = <0x0>;
			riscv,isa = "rv64imafdcbzicsr_zifencei_zihpm_zfh_zba_zbb_zbs_xrocket";
			riscv,pmpgranularity = <4>;
			riscv,pmpregions = <8>;
			status = "okay";
			timebase-frequency = <50000>;
			tlb-split;
			L11: interrupt-controller {
				#interrupt-cells = <1>;
				compatible = "riscv,cpu-intc";
				interrupt-controller;
			};
		};
	};
	L24: memory@8000000 {
		device_type = "memory";
		reg = <0x8000000 0x10000>;
		status = "disabled";
	};
	L21: memory@80000000 {
		device_type = "memory";
		reg = <0x80000000 0x10000000>;
	};
	L1: soc {
		#address-cells = <1>;
		#size-cells = <1>;
		compatible = "ucb-bar,chipyard-soc", "simple-bus";
		ranges;
		L25: boot-address-reg@1000 {
			reg = <0x1000 0x1000>;
			reg-names = "control";
		};
		L10: cache-controller@2010000 {
			cache-block-size = <64>;
			cache-level = <2>;
			cache-sets = <1024>;
			cache-size = <524288>;
			cache-unified;
			compatible = "sifive,inclusivecache0", "cache";
			next-level-cache = <&L21 &L24>;
			reg = <0x2010000 0x1000>;
			reg-names = "control";
			sifive,mshr-count = <7>;
		};
		L7: cbus_clock {
			#clock-cells = <0>;
			clock-frequency = <50000000>;
			clock-output-names = "cbus_clock";
			compatible = "fixed-clock";
		};
		L14: clint@2000000 {
			compatible = "riscv,clint0";
			interrupts-extended = <&L11 3 &L11 7>;
			reg = <0x2000000 0x10000>;
			reg-names = "control";
		};
		L28: clock-gater@100000 {
			reg = <0x100000 0x1000>;
			reg-names = "control";
		};
		L16: debug-controller@0 {
			compatible = "sifive,debug-013", "riscv,debug-013";
			debug-attach = "jtag";
			interrupts-extended = <&L11 65535>;
			reg = <0x0 0x1000>;
			reg-names = "control";
		};
		L8: error-device@3000 {
			compatible = "sifive,error0";
			reg = <0x3000 0x1000>;
		};
		L6: fbus_clock {
			#clock-cells = <0>;
			clock-frequency = <50000000>;
			clock-output-names = "fbus_clock";
			compatible = "fixed-clock";
		};
		L15: interrupt-controller@c000000 {
			#interrupt-cells = <1>;
			compatible = "riscv,plic0";
			interrupt-controller;
			interrupts-extended = <&L11 11 &L11 9>;
			reg = <0xc000000 0x4000000>;
			reg-names = "control";
			riscv,max-priority = <3>;
			riscv,ndev = <2>;
		};
		L9: mbus_clock {
			#clock-cells = <0>;
			clock-frequency = <50000000>;
			clock-output-names = "mbus_clock";
			compatible = "fixed-clock";
		};
		L5: pbus_clock {
			#clock-cells = <0>;
			clock-frequency = <50000000>;
			clock-output-names = "pbus_clock";
			compatible = "fixed-clock";
		};
		L23: rom@10000 {
			compatible = "sifive,rom0";
			reg = <0x10000 0x10000>;
			reg-names = "mem";
		};
		L4: sbus_clock {
			#clock-cells = <0>;
			clock-frequency = <50000000>;
			clock-output-names = "sbus_clock";
			compatible = "fixed-clock";
		};
		L26: serial@64000000 {
			clocks = <&L5>;
			compatible = "sifive,uart0";
			interrupt-parent = <&L15>;
			interrupts = <1>;
			reg = <0x64000000 0x1000>;
			reg-names = "control";
		};
		L27: spi@64001000 {
			#address-cells = <1>;
			#size-cells = <0>;
			clocks = <&L5>;
			compatible = "sifive,spi0";
			interrupt-parent = <&L15>;
			interrupts = <2>;
			reg = <0x64001000 0x1000>;
			reg-names = "control";
			L30: mmc@0 {
				compatible = "mmc-spi-slot";
				disable-wp;
				reg = <0x0>;
				spi-max-frequency = <1000000>;
				voltage-ranges = <3300 3300>;
			};
		};
		L29: tile-reset-setter@110000 {
			reg = <0x110000 0x1000>;
			reg-names = "control";
		};
	};
};

Generated Address Map
	       0 -     1000 ARWX  debug-controller@0
	    1000 -     2000 ARW   boot-address-reg@1000
	    3000 -     4000 ARWX  error-device@3000
	   10000 -    20000  R X  rom@10000
	  100000 -   101000 ARW   clock-gater@100000
	  110000 -   111000 ARW   tile-reset-setter@110000
	 2000000 -  2010000 ARW   clint@2000000
	 2010000 -  2011000 ARW   cache-controller@2010000
	 8000000 -  8010000 ARWXC memory@8000000
	 c000000 - 10000000 ARW   interrupt-controller@c000000
	64000000 - 64001000 ARW   serial@64000000
	64001000 - 64002000 ARW   spi@64001000
	80000000 - 90000000 ARWXC memory@80000000

IOCells generated by IOBinders:
  IOBinder for interface sifive.blocks.devices.uart.HasPeripheryUART generated:
    1 X GenericDigitalInIOCell
    1 X GenericDigitalOutIOCell
  IOBinder for interface testchipip.boot.CanHavePeripheryCustomBootPin generated:
    1 X GenericDigitalInIOCell
  IOBinder for interface freechips.rocketchip.devices.debug.HasPeripheryDebug generated:
    4 X GenericDigitalInIOCell
    1 X GenericDigitalOutIOCell
  IOBinder for interface chipyard.clocking.CanHaveClockTap generated:
    1 X GenericDigitalOutIOCell

  Total generated 9 IOCells:
    6 X GenericDigitalInIOCell
    3 X GenericDigitalOutIOCell
Harness binder clock is 50.0
[warn] generators/rocket-chip/src/main/scala/tilelink/FIFOFixer.scala 80:43: [W004] Dynamic index with width 1 is too wide for Vec of size 1 (expected index width 0).
[warn]       when (a_first && in.a.fire) { flight(in.a.bits.source) := !a_notFIFO }
[warn]                                           ^
[warn] generators/rocket-chip/src/main/scala/tilelink/FIFOFixer.scala 81:43: [W004] Dynamic index with width 1 is too wide for Vec of size 1 (expected index width 0).
[warn]       when (d_first && in.d.fire) { flight(in.d.bits.source) := false.B }
[warn]                                           ^
[warn] There were 2 warning(s) during hardware elaboration.
echo "$mfc_extra_anno_contents" > /root/chipyard/fpga/generated-src/chipyard.fpga.zcu102.ZCU102FPGATestHarness.RocketZCU102Config/chipyard.fpga.zcu102.ZCU102FPGATestHarness.RocketZCU102Config.extrafirtool.anno.json
jq -s '[.[][]]' /root/chipyard/fpga/generated-src/chipyard.fpga.zcu102.ZCU102FPGATestHarness.RocketZCU102Config/chipyard.fpga.zcu102.ZCU102FPGATestHarness.RocketZCU102Config.anno.json /root/chipyard/fpga/generated-src/chipyard.fpga.zcu102.ZCU102FPGATestHarness.RocketZCU102Config/chipyard.fpga.zcu102.ZCU102FPGATestHarness.RocketZCU102Config.extrafirtool.anno.json > /root/chipyard/fpga/generated-src/chipyard.fpga.zcu102.ZCU102FPGATestHarness.RocketZCU102Config/chipyard.fpga.zcu102.ZCU102FPGATestHarness.RocketZCU102Config.appended.anno.json
mkdir -p /root/chipyard/fpga/generated-src/chipyard.fpga.zcu102.ZCU102FPGATestHarness.RocketZCU102Config/
echo "emittedLineLength=2048,noAlwaysComb,disallowLocalVariables,verifLabels,disallowPortDeclSharing,locationInfoStyle=wrapInAtSquareBracket" > /root/chipyard/fpga/generated-src/chipyard.fpga.zcu102.ZCU102FPGATestHarness.RocketZCU102Config/.mfc_lowering_options
Error: firtool not found in PATH. Set up your tool environment before building this target.
make: *** [/root/chipyard/common.mk:218: /root/chipyard/fpga/generated-src/chipyard.fpga.zcu102.ZCU102FPGATestHarness.RocketZCU102Config/model_module_hierarchy.json] Error 1
