SUB_PROJECT=zcu104
CONFIG=RocketZCU104LinuxBringupConfig
LOG=/root/chipyard/fpga/logs/zcu104_linuxbringup_make_bitstream_20260326_173444.log
mkdir -p /root/chipyard/.classpath_cache/
cd /root/chipyard && java -jar /root/chipyard/scripts/sbt-launch.jar -Dsbt.ivy.home=/root/chipyard/.ivy2 -Dsbt.global.base=/root/chipyard/.sbt -Dsbt.boot.directory=/root/chipyard/.sbt/boot/ -Dsbt.color=always -Dsbt.supershell=false -Dsbt.server.forcestart=true ";project chipyard_fpga; set assembly / assemblyOutputPath := file(\"/root/chipyard/.classpath_cache/chipyard_fpga.jar\"); assembly" && touch /root/chipyard/.classpath_cache/chipyard_fpga.jar
Picked up JAVA_TOOL_OPTIONS: -Xmx8G -Xss8M -Djava.io.tmpdir=/root/chipyard/.java_tmp
[0m[[0m[0minfo[0m] [0m[0mwelcome to sbt 1.8.2 (Ubuntu Java 11.0.30)[0m
[0m[[0m[0minfo[0m] [0m[0mloading settings for project chipyard-build from plugins.sbt ...[0m
[0m[[0m[0minfo[0m] [0m[0mloading project definition from /root/chipyard/project[0m
[0m[[0m[33mwarn[0m] [0m[0mMultiple resolvers having different access mechanism configured with same name 'sbt-plugin-releases'. To avoid conflict, Remove duplicate project resolvers (`resolvers`) or rename publishing resolver (`publishTo`).[0m
[0m[[0m[33mwarn[0m] [0m[0mMultiple resolvers having different access mechanism configured with same name 'sbt-plugin-releases'. To avoid conflict, Remove duplicate project resolvers (`resolvers`) or rename publishing resolver (`publishTo`).[0m
[0m[[0m[33mwarn[0m] [0m[0mMultiple resolvers having different access mechanism configured with same name 'sbt-plugin-releases'. To avoid conflict, Remove duplicate project resolvers (`resolvers`) or rename publishing resolver (`publishTo`).[0m
[0m[[0m[0minfo[0m] [0m[0mloading settings for project chipyardRoot from build.sbt ...[0m
[0m[[0m[0minfo[0m] [0m[0mloading settings for project barf from build.sbt ...[0m
[0m[[0m[0minfo[0m] [0m[0mloading settings for project constellation from build.sbt ...[0m
[0m[[0m[0minfo[0m] [0m[0mloading settings for project icenet from build.sbt ...[0m
[0m[[0m[0minfo[0m] [0m[0mloading settings for project cva6 from build.sbt ...[0m
[0m[[0m[0minfo[0m] [0m[0mloading settings for project ibex from build.sbt ...[0m
[0m[[0m[0minfo[0m] [0m[0mloading settings for project sodor from build.sbt ...[0m
[0m[[0m[0minfo[0m] [0m[0mloading settings for project radiance from build.sbt ...[0m
[0m[[0m[0minfo[0m] [0m[0mloading settings for project midas_target_utils from build.sbt ...[0m
[0m[[0m[0minfo[0m] [0m[0mresolving key references (48737 settings) ...[0m
[0m[[0m[0minfo[0m] [0m[0mset current project to chipyardRoot (in build file:/root/chipyard/)[0m
[0m[[0m[0minfo[0m] [0m[0mset current project to chipyard_fpga (in build file:/root/chipyard/)[0m
[0m[[0m[0minfo[0m] [0m[0mDefining assembly / assemblyOutputPath[0m
[0m[[0m[0minfo[0m] [0m[0mThe new value will be used by assembly[0m
[0m[[0m[0minfo[0m] [0m[0mReapplying settings...[0m
[0m[[0m[0minfo[0m] [0m[0mset current project to chipyard_fpga (in build file:/root/chipyard/)[0m
Warning: Tried to extract the base path for relative glob tools/stage/src/main/scala/**/*.{java,scala}. To disable this warning, re-run the program with java option, -Dsbt.io.implicit.relative.glob.conversion=allow
Warning: Tried to extract the base path for relative glob tools/firrtl2/src/main/java/**/*.{java,scala}. To disable this warning, re-run the program with java option, -Dsbt.io.implicit.relative.glob.conversion=allow
Warning: Tried to extract the base path for relative glob tools/firrtl2/src/main/java/**/*.{java,scala}. To disable this warning, re-run the program with java option, -Dsbt.io.implicit.relative.glob.conversion=allow
Warning: Tried to extract the base path for relative glob tools/stage/src/main/scala/**/*.{java,scala}. To disable this warning, re-run the program with java option, -Dsbt.io.implicit.relative.glob.conversion=allow
[0m[[0m[0minfo[0m] [0m[0mcompiling 1 Scala source to /root/chipyard/fpga/fpga-shells/target/scala-2.13/classes ...[0m
[0m[[0m[33mwarn[0m] [0m[0mmultiple main classes detected: run 'show discoveredMainClasses' to see the list[0m
[0m[[0m[33mwarn[0m] [0m[0m/root/chipyard/fpga/fpga-shells/src/main/scala/shell/xilinx/ZCU104NewShell.scala:23:68: method ValName in package diplomacy is deprecated (since rocketchip 2.0.0): Diplomacy has been split to a standalone library[0m
[0m[[0m[33mwarn[0m] [0m[0m  val node = shell { ClockSourceNode(freqMHz = 125, jitterPS = 50)(ValName(name)) }[0m
[0m[[0m[33mwarn[0m] [0m[0m                                                                   ^[0m
[0m[[0m[33mwarn[0m] [0m[0m/root/chipyard/fpga/fpga-shells/src/main/scala/shell/xilinx/ZCU104NewShell.scala:24:11: value InModuleBody in package diplomacy is deprecated (since rocketchip 2.0.0): Diplomacy has been split to a standalone library[0m
[0m[[0m[33mwarn[0m] [0m[0m  shell { InModuleBody {[0m
[0m[[0m[33mwarn[0m] [0m[0m          ^[0m
[0m[[0m[33mwarn[0m] [0m[0m/root/chipyard/fpga/fpga-shells/src/main/scala/shell/xilinx/ZCU104NewShell.scala:25:29: method moduleValue in package diplomacy is deprecated (since rocketchip 2.0.0): Diplomacy has been split to a standalone library[0m
[0m[[0m[33mwarn[0m] [0m[0m    shell.xdc.addPackagePin(io.p, "F23")[0m
[0m[[0m[33mwarn[0m] [0m[0m                            ^[0m
[0m[[0m[33mwarn[0m] [0m[0m/root/chipyard/fpga/fpga-shells/src/main/scala/shell/xilinx/ZCU104NewShell.scala:26:29: method moduleValue in package diplomacy is deprecated (since rocketchip 2.0.0): Diplomacy has been split to a standalone library[0m
[0m[[0m[33mwarn[0m] [0m[0m    shell.xdc.addPackagePin(io.n, "E23")[0m
[0m[[0m[33mwarn[0m] [0m[0m                            ^[0m
[0m[[0m[33mwarn[0m] [0m[0m/root/chipyard/fpga/fpga-shells/src/main/scala/shell/xilinx/ZCU104NewShell.scala:27:29: method moduleValue in package diplomacy is deprecated (since rocketchip 2.0.0): Diplomacy has been split to a standalone library[0m
[0m[[0m[33mwarn[0m] [0m[0m    shell.xdc.addIOStandard(io.p, "LVDS")[0m
[0m[[0m[33mwarn[0m] [0m[0m                            ^[0m
[0m[[0m[33mwarn[0m] [0m[0m/root/chipyard/fpga/fpga-shells/src/main/scala/shell/xilinx/ZCU104NewShell.scala:28:29: method moduleValue in package diplomacy is deprecated (since rocketchip 2.0.0): Diplomacy has been split to a standalone library[0m
[0m[[0m[33mwarn[0m] [0m[0m    shell.xdc.addIOStandard(io.n, "LVDS")[0m
[0m[[0m[33mwarn[0m] [0m[0m                            ^[0m
[0m[[0m[33mwarn[0m] [0m[0m/root/chipyard/fpga/fpga-shells/src/main/scala/shell/xilinx/ZCU104NewShell.scala:31:126: type ValName in package diplomacy is deprecated (since rocketchip 2.0.0): Diplomacy has been split to a standalone library[0m
[0m[[0m[33mwarn[0m] [0m[0mclass SysClockZCU104ShellPlacer(shell: ZCU104ShellBasicOverlays, val shellInput: ClockInputShellInput)(implicit val valName: ValName)[0m
[0m[[0m[33mwarn[0m] [0m[0m                                                                                                                             ^[0m
[0m[[0m[33mwarn[0m] [0m[0m/root/chipyard/fpga/fpga-shells/src/main/scala/shell/xilinx/ZCU104NewShell.scala:34:98: method name in class SourcecodeNameExt is deprecated (since diplomacy 1.0.0): Name method has been removed in transition to sourcecode library.[0m
[0m[[0m[33mwarn[0m] [0m[0m  def place(designInput: ClockInputDesignInput) = new SysClockZCU104PlacedOverlay(shell, valName.name, designInput, shellInput)[0m
[0m[[0m[33mwarn[0m] [0m[0m                                                                                                 ^[0m
[0m[[0m[33mwarn[0m] [0m[0m/root/chipyard/fpga/fpga-shells/src/main/scala/shell/xilinx/ZCU104NewShell.scala:34:90: method SourcecodeNameExt in package diplomacy is deprecated (since rocketchip 2.0.0): Diplomacy has been split to a standalone library[0m
[0m[[0m[33mwarn[0m] [0m[0m  def place(designInput: ClockInputDesignInput) = new SysClockZCU104PlacedOverlay(shell, valName.name, designInput, shellInput)[0m
[0m[[0m[33mwarn[0m] [0m[0m                                                                                         ^[0m
[0m[[0m[33mwarn[0m] [0m[0m/root/chipyard/fpga/fpga-shells/src/main/scala/shell/xilinx/ZCU104NewShell.scala:42:11: value InModuleBody in package diplomacy is deprecated (since rocketchip 2.0.0): Diplomacy has been split to a standalone library[0m
[0m[[0m[33mwarn[0m] [0m[0m  shell { InModuleBody {[0m
[0m[[0m[33mwarn[0m] [0m[0m          ^[0m
[0m[[0m[33mwarn[0m] [0m[0m/root/chipyard/fpga/fpga-shells/src/main/scala/shell/xilinx/ZCU104NewShell.scala:45:21: method moduleValue in package diplomacy is deprecated (since rocketchip 2.0.0): Diplomacy has been split to a standalone library[0m
[0m[[0m[33mwarn[0m] [0m[0m      ("C19", IOPin(io.rxd)),[0m
[0m[[0m[33mwarn[0m] [0m[0m                    ^[0m
[0m[[0m[33mwarn[0m] [0m[0m/root/chipyard/fpga/fpga-shells/src/main/scala/shell/xilinx/ZCU104NewShell.scala:46:21: method moduleValue in package diplomacy is deprecated (since rocketchip 2.0.0): Diplomacy has been split to a standalone library[0m
[0m[[0m[33mwarn[0m] [0m[0m      ("A20", IOPin(io.txd)))[0m
[0m[[0m[33mwarn[0m] [0m[0m                    ^[0m
[0m[[0m[33mwarn[0m] [0m[0m/root/chipyard/fpga/fpga-shells/src/main/scala/shell/xilinx/ZCU104NewShell.scala:53:116: type ValName in package diplomacy is deprecated (since rocketchip 2.0.0): Diplomacy has been split to a standalone library[0m
[0m[[0m[33mwarn[0m] [0m[0mclass UARTZCU104ShellPlacer(shell: ZCU104ShellBasicOverlays, val shellInput: UARTShellInput)(implicit val valName: ValName)[0m
[0m[[0m[33mwarn[0m] [0m[0m                                                                                                                   ^[0m
[0m[[0m[33mwarn[0m] [0m[0m/root/chipyard/fpga/fpga-shells/src/main/scala/shell/xilinx/ZCU104NewShell.scala:56:88: method name in class SourcecodeNameExt is deprecated (since diplomacy 1.0.0): Name method has been removed in transition to sourcecode library.[0m
[0m[[0m[33mwarn[0m] [0m[0m  def place(designInput: UARTDesignInput) = new UARTZCU104PlacedOverlay(shell, valName.name, designInput, shellInput)[0m
[0m[[0m[33mwarn[0m] [0m[0m                                                                                       ^[0m
[0m[[0m[33mwarn[0m] [0m[0m/root/chipyard/fpga/fpga-shells/src/main/scala/shell/xilinx/ZCU104NewShell.scala:56:80: method SourcecodeNameExt in package diplomacy is deprecated (since rocketchip 2.0.0): Diplomacy has been split to a standalone library[0m
[0m[[0m[33mwarn[0m] [0m[0m  def place(designInput: UARTDesignInput) = new UARTZCU104PlacedOverlay(shell, valName.name, designInput, shellInput)[0m
[0m[[0m[33mwarn[0m] [0m[0m                                                                               ^[0m
[0m[[0m[33mwarn[0m] [0m[0m/root/chipyard/fpga/fpga-shells/src/main/scala/shell/xilinx/ZCU104NewShell.scala:65:11: value InModuleBody in package diplomacy is deprecated (since rocketchip 2.0.0): Diplomacy has been split to a standalone library[0m
[0m[[0m[33mwarn[0m] [0m[0m  shell { InModuleBody {[0m
[0m[[0m[33mwarn[0m] [0m[0m          ^[0m
[0m[[0m[33mwarn[0m] [0m[0m/root/chipyard/fpga/fpga-shells/src/main/scala/shell/xilinx/ZCU104NewShell.scala:68:21: method moduleValue in package diplomacy is deprecated (since rocketchip 2.0.0): Diplomacy has been split to a standalone library[0m
[0m[[0m[33mwarn[0m] [0m[0m      ("E12", IOPin(io.spi_clk)),[0m
[0m[[0m[33mwarn[0m] [0m[0m                    ^[0m
[0m[[0m[33mwarn[0m] [0m[0m/root/chipyard/fpga/fpga-shells/src/main/scala/shell/xilinx/ZCU104NewShell.scala:69:21: method moduleValue in package diplomacy is deprecated (since rocketchip 2.0.0): Diplomacy has been split to a standalone library[0m
[0m[[0m[33mwarn[0m] [0m[0m      ("F11", IOPin(io.spi_cs)),[0m
[0m[[0m[33mwarn[0m] [0m[0m                    ^[0m
[0m[[0m[33mwarn[0m] [0m[0m/root/chipyard/fpga/fpga-shells/src/main/scala/shell/xilinx/ZCU104NewShell.scala:70:21: method moduleValue in package diplomacy is deprecated (since rocketchip 2.0.0): Diplomacy has been split to a standalone library[0m
[0m[[0m[33mwarn[0m] [0m[0m      ("D12", IOPin(io.spi_dat(0))),[0m
[0m[[0m[33mwarn[0m] [0m[0m                    ^[0m
[0m[[0m[33mwarn[0m] [0m[0m/root/chipyard/fpga/fpga-shells/src/main/scala/shell/xilinx/ZCU104NewShell.scala:71:21: method moduleValue in package diplomacy is deprecated (since rocketchip 2.0.0): Diplomacy has been split to a standalone library[0m
[0m[[0m[33mwarn[0m] [0m[0m      ("C12", IOPin(io.spi_dat(1))),[0m
[0m[[0m[33mwarn[0m] [0m[0m                    ^[0m
[0m[[0m[33mwarn[0m] [0m[0m/root/chipyard/fpga/fpga-shells/src/main/scala/shell/xilinx/ZCU104NewShell.scala:72:21: method moduleValue in package diplomacy is deprecated (since rocketchip 2.0.0): Diplomacy has been split to a standalone library[0m
[0m[[0m[33mwarn[0m] [0m[0m      ("B12", IOPin(io.spi_dat(2))),[0m
[0m[[0m[33mwarn[0m] [0m[0m                    ^[0m
[0m[[0m[33mwarn[0m] [0m[0m/root/chipyard/fpga/fpga-shells/src/main/scala/shell/xilinx/ZCU104NewShell.scala:73:21: method moduleValue in package diplomacy is deprecated (since rocketchip 2.0.0): Diplomacy has been split to a standalone library[0m
[0m[[0m[33mwarn[0m] [0m[0m      ("A12", IOPin(io.spi_dat(3))))[0m
[0m[[0m[33mwarn[0m] [0m[0m                    ^[0m
[0m[[0m[33mwarn[0m] [0m[0m/root/chipyard/fpga/fpga-shells/src/main/scala/shell/xilinx/ZCU104NewShell.scala:84:115: type ValName in package diplomacy is deprecated (since rocketchip 2.0.0): Diplomacy has been split to a standalone library[0m
[0m[[0m[33mwarn[0m] [0m[0mclass SDIOZCU104ShellPlacer(shell: ZCU104ShellBasicOverlays, val shellInput: SPIShellInput)(implicit val valName: ValName)[0m
[0m[[0m[33mwarn[0m] [0m[0m                                                                                                                  ^[0m
[0m[[0m[33mwarn[0m] [0m[0m/root/chipyard/fpga/fpga-shells/src/main/scala/shell/xilinx/ZCU104NewShell.scala:87:87: method name in class SourcecodeNameExt is deprecated (since diplomacy 1.0.0): Name method has been removed in transition to sourcecode library.[0m
[0m[[0m[33mwarn[0m] [0m[0m  def place(designInput: SPIDesignInput) = new SDIOZCU104PlacedOverlay(shell, valName.name, designInput, shellInput)[0m
[0m[[0m[33mwarn[0m] [0m[0m                                                                                      ^[0m
[0m[[0m[33mwarn[0m] [0m[0m/root/chipyard/fpga/fpga-shells/src/main/scala/shell/xilinx/ZCU104NewShell.scala:87:79: method SourcecodeNameExt in package diplomacy is deprecated (since rocketchip 2.0.0): Diplomacy has been split to a standalone library[0m
[0m[[0m[33mwarn[0m] [0m[0m  def place(designInput: SPIDesignInput) = new SDIOZCU104PlacedOverlay(shell, valName.name, designInput, shellInput)[0m
[0m[[0m[33mwarn[0m] [0m[0m                                                                              ^[0m
[0m[[0m[33mwarn[0m] [0m[0m/root/chipyard/fpga/fpga-shells/src/main/scala/shell/xilinx/ZCU104NewShell.scala:95:11: value InModuleBody in package diplomacy is deprecated (since rocketchip 2.0.0): Diplomacy has been split to a standalone library[0m
[0m[[0m[33mwarn[0m] [0m[0m  shell { InModuleBody {[0m
[0m[[0m[33mwarn[0m] [0m[0m          ^[0m
[0m[[0m[33mwarn[0m] [0m[0m/root/chipyard/fpga/fpga-shells/src/main/scala/shell/xilinx/ZCU104NewShell.scala:96:35: method moduleValue in package diplomacy is deprecated (since rocketchip 2.0.0): Diplomacy has been split to a standalone library[0m
[0m[[0m[33mwarn[0m] [0m[0m    shell.xdc.addPackagePin(IOPin(io.jtag_TCK), "H12")[0m
[0m[[0m[33mwarn[0m] [0m[0m                                  ^[0m
[0m[[0m[33mwarn[0m] [0m[0m/root/chipyard/fpga/fpga-shells/src/main/scala/shell/xilinx/ZCU104NewShell.scala:97:35: method moduleValue in package diplomacy is deprecated (since rocketchip 2.0.0): Diplomacy has been split to a standalone library[0m
[0m[[0m[33mwarn[0m] [0m[0m    shell.xdc.addIOStandard(IOPin(io.jtag_TCK), "LVCMOS18")[0m
[0m[[0m[33mwarn[0m] [0m[0m                                  ^[0m
[0m[[0m[33mwarn[0m] [0m[0m/root/chipyard/fpga/fpga-shells/src/main/scala/shell/xilinx/ZCU104NewShell.scala:98:46: method moduleValue in package diplomacy is deprecated (since rocketchip 2.0.0): Diplomacy has been split to a standalone library[0m
[0m[[0m[33mwarn[0m] [0m[0m    shell.xdc.clockDedicatedRouteFalse(IOPin(io.jtag_TCK)) // prevent JTAG TCK from using dedicated clock routing[0m
[0m[[0m[33mwarn[0m] [0m[0m                                             ^[0m
[0m[[0m[33mwarn[0m] [0m[0m/root/chipyard/fpga/fpga-shells/src/main/scala/shell/xilinx/ZCU104NewShell.scala:99:35: method moduleValue in package diplomacy is deprecated (since rocketchip 2.0.0): Diplomacy has been split to a standalone library[0m
[0m[[0m[33mwarn[0m] [0m[0m    shell.xdc.addPackagePin(IOPin(io.jtag_TMS), "E10")[0m
[0m[[0m[33mwarn[0m] [0m[0m                                  ^[0m
[0m[[0m[33mwarn[0m] [0m[0m/root/chipyard/fpga/fpga-shells/src/main/scala/shell/xilinx/ZCU104NewShell.scala:100:35: method moduleValue in package diplomacy is deprecated (since rocketchip 2.0.0): Diplomacy has been split to a standalone library[0m
[0m[[0m[33mwarn[0m] [0m[0m    shell.xdc.addIOStandard(IOPin(io.jtag_TMS), "LVCMOS18")[0m
[0m[[0m[33mwarn[0m] [0m[0m                                  ^[0m
[0m[[0m[33mwarn[0m] [0m[0m/root/chipyard/fpga/fpga-shells/src/main/scala/shell/xilinx/ZCU104NewShell.scala:101:35: method moduleValue in package diplomacy is deprecated (since rocketchip 2.0.0): Diplomacy has been split to a standalone library[0m
[0m[[0m[33mwarn[0m] [0m[0m    shell.xdc.addPackagePin(IOPin(io.jtag_TDO), "D10")[0m
[0m[[0m[33mwarn[0m] [0m[0m                                  ^[0m
[0m[[0m[33mwarn[0m] [0m[0m/root/chipyard/fpga/fpga-shells/src/main/scala/shell/xilinx/ZCU104NewShell.scala:102:35: method moduleValue in package diplomacy is deprecated (since rocketchip 2.0.0): Diplomacy has been split to a standalone library[0m
[0m[[0m[33mwarn[0m] [0m[0m    shell.xdc.addIOStandard(IOPin(io.jtag_TDO), "LVCMOS18")[0m
[0m[[0m[33mwarn[0m] [0m[0m                                  ^[0m
[0m[[0m[33mwarn[0m] [0m[0m/root/chipyard/fpga/fpga-shells/src/main/scala/shell/xilinx/ZCU104NewShell.scala:103:35: method moduleValue in package diplomacy is deprecated (since rocketchip 2.0.0): Diplomacy has been split to a standalone library[0m
[0m[[0m[33mwarn[0m] [0m[0m    shell.xdc.addPackagePin(IOPin(io.jtag_TDI), "C11")[0m
[0m[[0m[33mwarn[0m] [0m[0m                                  ^[0m
[0m[[0m[33mwarn[0m] [0m[0m/root/chipyard/fpga/fpga-shells/src/main/scala/shell/xilinx/ZCU104NewShell.scala:104:35: method moduleValue in package diplomacy is deprecated (since rocketchip 2.0.0): Diplomacy has been split to a standalone library[0m
[0m[[0m[33mwarn[0m] [0m[0m    shell.xdc.addIOStandard(IOPin(io.jtag_TDI), "LVCMOS18")[0m
[0m[[0m[33mwarn[0m] [0m[0m                                  ^[0m
[0m[[0m[33mwarn[0m] [0m[0m/root/chipyard/fpga/fpga-shells/src/main/scala/shell/xilinx/ZCU104NewShell.scala:107:126: type ValName in package diplomacy is deprecated (since rocketchip 2.0.0): Diplomacy has been split to a standalone library[0m
[0m[[0m[33mwarn[0m] [0m[0mclass JTAGDebugZCU104ShellPlacer(shell: ZCU104ShellBasicOverlays, val shellInput: JTAGDebugShellInput)(implicit val valName: ValName)[0m
[0m[[0m[33mwarn[0m] [0m[0m                                                                                                                             ^[0m
[0m[[0m[33mwarn[0m] [0m[0m/root/chipyard/fpga/fpga-shells/src/main/scala/shell/xilinx/ZCU104NewShell.scala:110:98: method name in class SourcecodeNameExt is deprecated (since diplomacy 1.0.0): Name method has been removed in transition to sourcecode library.[0m
[0m[[0m[33mwarn[0m] [0m[0m  def place(designInput: JTAGDebugDesignInput) = new JTAGDebugZCU104PlacedOverlay(shell, valName.name, designInput, shellInput)[0m
[0m[[0m[33mwarn[0m] [0m[0m                                                                                                 ^[0m
[0m[[0m[33mwarn[0m] [0m[0m/root/chipyard/fpga/fpga-shells/src/main/scala/shell/xilinx/ZCU104NewShell.scala:110:90: method SourcecodeNameExt in package diplomacy is deprecated (since rocketchip 2.0.0): Diplomacy has been split to a standalone library[0m
[0m[[0m[33mwarn[0m] [0m[0m  def place(designInput: JTAGDebugDesignInput) = new JTAGDebugZCU104PlacedOverlay(shell, valName.name, designInput, shellInput)[0m
[0m[[0m[33mwarn[0m] [0m[0m                                                                                         ^[0m
[0m[[0m[33mwarn[0m] [0m[0m/root/chipyard/fpga/fpga-shells/src/main/scala/shell/xilinx/ZCU104NewShell.scala:122:67: type ValName in package diplomacy is deprecated (since rocketchip 2.0.0): Diplomacy has been split to a standalone library[0m
[0m[[0m[33mwarn[0m] [0m[0m  val shellInput: JTAGDebugBScanShellInput)(implicit val valName: ValName)[0m
[0m[[0m[33mwarn[0m] [0m[0m                                                                  ^[0m
[0m[[0m[33mwarn[0m] [0m[0m/root/chipyard/fpga/fpga-shells/src/main/scala/shell/xilinx/ZCU104NewShell.scala:126:58: method name in class SourcecodeNameExt is deprecated (since diplomacy 1.0.0): Name method has been removed in transition to sourcecode library.[0m
[0m[[0m[33mwarn[0m] [0m[0m    new JTAGDebugBScanZCU104PlacedOverlay(shell, valName.name, designInput, shellInput)[0m
[0m[[0m[33mwarn[0m] [0m[0m                                                         ^[0m
[0m[[0m[33mwarn[0m] [0m[0m/root/chipyard/fpga/fpga-shells/src/main/scala/shell/xilinx/ZCU104NewShell.scala:126:50: method SourcecodeNameExt in package diplomacy is deprecated (since rocketchip 2.0.0): Diplomacy has been split to a standalone library[0m
[0m[[0m[33mwarn[0m] [0m[0m    new JTAGDebugBScanZCU104PlacedOverlay(shell, valName.name, designInput, shellInput)[0m
[0m[[0m[33mwarn[0m] [0m[0m                                                 ^[0m
[0m[[0m[33mwarn[0m] [0m[0m/root/chipyard/fpga/fpga-shells/src/main/scala/shell/xilinx/ZCU104NewShell.scala:134:114: type ValName in package diplomacy is deprecated (since rocketchip 2.0.0): Diplomacy has been split to a standalone library[0m
[0m[[0m[33mwarn[0m] [0m[0mclass DDRZCU104ShellPlacer(shell: ZCU104ShellBasicOverlays, val shellInput: DDRShellInput)(implicit val valName: ValName)[0m
[0m[[0m[33mwarn[0m] [0m[0m                                                                                                                 ^[0m
[0m[[0m[33mwarn[0m] [0m[0m/root/chipyard/fpga/fpga-shells/src/main/scala/shell/xilinx/ZCU104NewShell.scala:142:17: type ModuleValue in package diplomacy is deprecated (since rocketchip 2.0.0): Diplomacy has been split to a standalone library[0m
[0m[[0m[33mwarn[0m] [0m[0m  val pllReset: ModuleValue[Bool][0m
[0m[[0m[33mwarn[0m] [0m[0m                ^[0m
[0m[[0m[33mwarn[0m] [0m[0m/root/chipyard/fpga/fpga-shells/src/main/scala/shell/xilinx/ZCU104NewShell.scala:162:18: value InModuleBody in package diplomacy is deprecated (since rocketchip 2.0.0): Diplomacy has been split to a standalone library[0m
[0m[[0m[33mwarn[0m] [0m[0m  val pllReset = InModuleBody { Wire(Bool()) }[0m
[0m[[0m[33mwarn[0m] [0m[0m                 ^[0m
[0m[[0m[33mwarn[0m] [0m[0m44 warnings found[0m
[0m[[0m[0minfo[0m] [0m[0mdone compiling[0m
[0m[[0m[0minfo[0m] [0m[0m26 file(s) merged using strategy 'Rename' (Run the task at debug level to see the details)[0m
[0m[[0m[0minfo[0m] [0m[0m68 file(s) merged using strategy 'Rename (Custom)' (Run the task at debug level to see the details)[0m
[0m[[0m[0minfo[0m] [0m[0m391 file(s) merged using strategy 'Discard' (Run the task at debug level to see the details)[0m
[0m[[0m[0minfo[0m] [0m[0mBuilt: /root/chipyard/.classpath_cache/chipyard_fpga.jar[0m
[0m[[0m[0minfo[0m] [0m[0mJar hash: 37198bed7405b0504e7dbe13278012eb0135e712[0m
[0m[[0m[32msuccess[0m] [0m[0mTotal time: 20 s, completed Mar 26, 2026, 5:35:14 PM[0m
[0Jmkdir -p /root/chipyard/fpga/generated-src/chipyard.fpga.zcu104.ZCU104FPGATestHarness.RocketZCU104LinuxBringupConfig
(set -o pipefail && 	cd /root/chipyard && java -cp /root/chipyard/.classpath_cache/chipyard_fpga.jar chipyard.Generator  --target-dir /root/chipyard/fpga/generated-src/chipyard.fpga.zcu104.ZCU104FPGATestHarness.RocketZCU104LinuxBringupConfig --name chipyard.fpga.zcu104.ZCU104FPGATestHarness.RocketZCU104LinuxBringupConfig --top-module chipyard.fpga.zcu104.ZCU104FPGATestHarness --legacy-configs chipyard.fpga.zcu104:RocketZCU104LinuxBringupConfig   | tee /root/chipyard/fpga/generated-src/chipyard.fpga.zcu104.ZCU104FPGATestHarness.RocketZCU104LinuxBringupConfig/chipyard.fpga.zcu104.ZCU104FPGATestHarness.RocketZCU104LinuxBringupConfig.chisel.log)
Picked up JAVA_TOOL_OPTIONS: -Xmx8G -Xss8M -Djava.io.tmpdir=/root/chipyard/.java_tmp
ZCU104 FPGA Base Clock Freq: 50 MHz
mem AXI4-ID <= TL-Source mapping:
	[ 0, 16) <= [ 0, 16) "chip_ddr"

make[1]: Entering directory '/root/chipyard/fpga/src/main/resources/zcu104/sdboot'
make[1]: Nothing to be done for 'bin'.
make[1]: Leaving directory '/root/chipyard/fpga/src/main/resources/zcu104/sdboot'
make[1]: Entering directory '/root/chipyard/fpga/src/main/resources/zcu104/sdboot-linux'
make[1]: Nothing to be done for 'bin'.
make[1]: Leaving directory '/root/chipyard/fpga/src/main/resources/zcu104/sdboot-linux'
L2 InclusiveCache Client Map:
	0 <= Core 0 DCache
	1 <= Core 0 ICache

Interrupt map (2 harts 3 interrupts):
  [1, 1] => uart_0
  [2, 2] => gpio_0
  [3, 3] => spi_0

<stdin>:79.18-84.5: Warning (simple_bus_reg): /soc/cbus_clock: missing or empty reg/ranges property
<stdin>:99.18-104.5: Warning (simple_bus_reg): /soc/fbus_clock: missing or empty reg/ranges property
<stdin>:127.19-132.5: Warning (simple_bus_reg): /soc/mbus_clock: missing or empty reg/ranges property
<stdin>:133.18-138.5: Warning (simple_bus_reg): /soc/pbus_clock: missing or empty reg/ranges property
<stdin>:144.18-149.5: Warning (simple_bus_reg): /soc/sbus_clock: missing or empty reg/ranges property
<stdin>:42.30-46.6: Warning (interrupt_provider): /cpus/cpu@0/interrupt-controller: Missing #address-cells in interrupt provider
<stdin>:105.22-116.5: Warning (interrupt_provider): /soc/gpio@64002000: Missing #address-cells in interrupt provider
<stdin>:117.37-126.5: Warning (interrupt_provider): /soc/interrupt-controller@c000000: Missing #address-cells in interrupt provider
Clock sbus_0: using diplomatically specified frequency of 50.0.
Clock pbus_0: using diplomatically specified frequency of 50.0.
Clock fbus_0: using diplomatically specified frequency of 50.0.
Clock mbus_0: using diplomatically specified frequency of 50.0.
Clock cbus_0: using diplomatically specified frequency of 50.0.
Leaving clock group uncore with synchronous reset
/dts-v1/;

/ {
	#address-cells = <1>;
	#size-cells = <1>;
	compatible = "ucb-bar,chipyard-dev";
	model = "ucb-bar,chipyard";
	L3: aliases {
		serial0 = &L25;
	};
	L17: chosen {
		stdout-path = &L25;
	};
	L2: cpus {
		#address-cells = <1>;
		#size-cells = <0>;
		timebase-frequency = <1000000>;
		L14: cpu@0 {
			clock-frequency = <0>;
			compatible = "sifive,rocket0", "riscv";
			d-cache-block-size = <64>;
			d-cache-sets = <64>;
			d-cache-size = <32768>;
			d-tlb-sets = <1>;
			d-tlb-size = <32>;
			device_type = "cpu";
			hardware-exec-breakpoint-count = <1>;
			i-cache-block-size = <64>;
			i-cache-sets = <64>;
			i-cache-size = <32768>;
			i-tlb-sets = <1>;
			i-tlb-size = <32>;
			mmu-type = "riscv,sv39";
			next-level-cache = <&L11>;
			reg = <0x0>;
			riscv,isa = "rv64imafdcbzicsr_zifencei_zihpm_zfh_zba_zbb_zbs_xrocket";
			riscv,pmpgranularity = <4>;
			riscv,pmpregions = <8>;
			status = "okay";
			timebase-frequency = <1000000>;
			tlb-split;
			L12: interrupt-controller {
				#interrupt-cells = <1>;
				compatible = "riscv,cpu-intc";
				interrupt-controller;
			};
		};
	};
	L23: memory@8000000 {
		device_type = "memory";
		reg = <0x8000000 0x10000>;
		status = "disabled";
	};
	L19: memory@80000000 {
		device_type = "memory";
		reg = <0x80000000 0x80000000>;
	};
	L1: soc {
		#address-cells = <1>;
		#size-cells = <1>;
		compatible = "ucb-bar,chipyard-soc", "simple-bus";
		ranges;
		L24: boot-address-reg@1000 {
			reg = <0x1000 0x1000>;
			reg-names = "control";
		};
		L11: cache-controller@2010000 {
			cache-block-size = <64>;
			cache-level = <2>;
			cache-sets = <1024>;
			cache-size = <524288>;
			cache-unified;
			compatible = "sifive,inclusivecache0", "cache";
			next-level-cache = <&L19 &L23>;
			reg = <0x2010000 0x1000>;
			reg-names = "control";
			sifive,mshr-count = <7>;
		};
		L8: cbus_clock {
			#clock-cells = <0>;
			clock-frequency = <50000000>;
			clock-output-names = "cbus_clock";
			compatible = "fixed-clock";
		};
		L15: clint@2000000 {
			compatible = "riscv,clint0";
			interrupts-extended = <&L12 3 &L12 7>;
			reg = <0x2000000 0x10000>;
			reg-names = "control";
		};
		L28: clock-gater@100000 {
			reg = <0x100000 0x1000>;
			reg-names = "control";
		};
		L9: error-device@3000 {
			compatible = "sifive,error0";
			reg = <0x3000 0x1000>;
		};
		L7: fbus_clock {
			#clock-cells = <0>;
			clock-frequency = <50000000>;
			clock-output-names = "fbus_clock";
			compatible = "fixed-clock";
		};
		L26: gpio@64002000 {
			#gpio-cells = <2>;
			#interrupt-cells = <2>;
			clocks = <&L6>;
			compatible = "sifive,gpio0", "sifive,gpio1";
			gpio-controller;
			interrupt-controller;
			interrupt-parent = <&L16>;
			interrupts = <2>;
			reg = <0x64002000 0x1000>;
			reg-names = "control";
		};
		L16: interrupt-controller@c000000 {
			#interrupt-cells = <1>;
			compatible = "riscv,plic0";
			interrupt-controller;
			interrupts-extended = <&L12 11 &L12 9>;
			reg = <0xc000000 0x4000000>;
			reg-names = "control";
			riscv,max-priority = <3>;
			riscv,ndev = <3>;
		};
		L10: mbus_clock {
			#clock-cells = <0>;
			clock-frequency = <50000000>;
			clock-output-names = "mbus_clock";
			compatible = "fixed-clock";
		};
		L6: pbus_clock {
			#clock-cells = <0>;
			clock-frequency = <50000000>;
			clock-output-names = "pbus_clock";
			compatible = "fixed-clock";
		};
		L22: rom@10000 {
			compatible = "sifive,rom0";
			reg = <0x10000 0x10000>;
			reg-names = "mem";
		};
		L5: sbus_clock {
			#clock-cells = <0>;
			clock-frequency = <50000000>;
			clock-output-names = "sbus_clock";
			compatible = "fixed-clock";
		};
		L25: serial@64000000 {
			clocks = <&L6>;
			compatible = "sifive,uart0";
			interrupt-parent = <&L16>;
			interrupts = <1>;
			reg = <0x64000000 0x1000>;
			reg-names = "control";
		};
		L27: spi@64001000 {
			#address-cells = <1>;
			#size-cells = <0>;
			clocks = <&L6>;
			compatible = "sifive,spi0";
			interrupt-parent = <&L16>;
			interrupts = <3>;
			reg = <0x64001000 0x1000>;
			reg-names = "control";
			L30: mmc@0 {
				compatible = "mmc-spi-slot";
				disable-wp;
				reg = <0x0>;
				spi-max-frequency = <1000000>;
				voltage-ranges = <3300 3300>;
			};
		};
		L29: tile-reset-setter@110000 {
			reg = <0x110000 0x1000>;
			reg-names = "control";
		};
	};
};

Generated Address Map
	    1000 -     2000 ARW   boot-address-reg@1000
	    3000 -     4000 ARWX  error-device@3000
	   10000 -    20000  R X  rom@10000
	  100000 -   101000 ARW   clock-gater@100000
	  110000 -   111000 ARW   tile-reset-setter@110000
	 2000000 -  2010000 ARW   clint@2000000
	 2010000 -  2011000 ARW   cache-controller@2010000
	 8000000 -  8010000 ARWXC memory@8000000
	 c000000 - 10000000 ARW   interrupt-controller@c000000
	64000000 - 64001000 ARW   serial@64000000
	64001000 - 64002000 ARW   spi@64001000
	64002000 - 64003000 ARW   gpio@64002000
	80000000 - 100000000 ARWXC memory@80000000

IOCells generated by IOBinders:
  IOBinder for interface sifive.blocks.devices.uart.HasPeripheryUART generated:
    1 X GenericDigitalInIOCell
    1 X GenericDigitalOutIOCell
  IOBinder for interface testchipip.boot.CanHavePeripheryCustomBootPin generated:
    1 X GenericDigitalInIOCell
  IOBinder for interface chipyard.clocking.CanHaveClockTap generated:
    1 X GenericDigitalOutIOCell

  Total generated 4 IOCells:
    2 X GenericDigitalInIOCell
    2 X GenericDigitalOutIOCell
Harness binder clock is 50.0
echo "$mfc_extra_anno_contents" > /root/chipyard/fpga/generated-src/chipyard.fpga.zcu104.ZCU104FPGATestHarness.RocketZCU104LinuxBringupConfig/chipyard.fpga.zcu104.ZCU104FPGATestHarness.RocketZCU104LinuxBringupConfig.extrafirtool.anno.json
jq -s '[.[][]]' /root/chipyard/fpga/generated-src/chipyard.fpga.zcu104.ZCU104FPGATestHarness.RocketZCU104LinuxBringupConfig/chipyard.fpga.zcu104.ZCU104FPGATestHarness.RocketZCU104LinuxBringupConfig.anno.json /root/chipyard/fpga/generated-src/chipyard.fpga.zcu104.ZCU104FPGATestHarness.RocketZCU104LinuxBringupConfig/chipyard.fpga.zcu104.ZCU104FPGATestHarness.RocketZCU104LinuxBringupConfig.extrafirtool.anno.json > /root/chipyard/fpga/generated-src/chipyard.fpga.zcu104.ZCU104FPGATestHarness.RocketZCU104LinuxBringupConfig/chipyard.fpga.zcu104.ZCU104FPGATestHarness.RocketZCU104LinuxBringupConfig.appended.anno.json
Error: firtool not found in PATH. Set up your tool environment before building this target.
make: *** [/root/chipyard/common.mk:218: /root/chipyard/fpga/generated-src/chipyard.fpga.zcu104.ZCU104FPGATestHarness.RocketZCU104LinuxBringupConfig/model_module_hierarchy.json] Error 1
