mkdir -p /root/chipyard/.classpath_cache/
cd /root/chipyard && java -jar /root/chipyard/scripts/sbt-launch.jar -Dsbt.ivy.home=/root/chipyard/.ivy2 -Dsbt.global.base=/root/chipyard/.sbt -Dsbt.boot.directory=/root/chipyard/.sbt/boot/ -Dsbt.color=always -Dsbt.supershell=false -Dsbt.server.forcestart=true ";project chipyard_fpga; set assembly / assemblyOutputPath := file(\"/root/chipyard/.classpath_cache/chipyard_fpga.jar\"); assembly" && touch /root/chipyard/.classpath_cache/chipyard_fpga.jar
Picked up JAVA_TOOL_OPTIONS: -Xmx8G -Xss8M -Djava.io.tmpdir=/root/chipyard/.java_tmp
[0m[[0m[0minfo[0m] [0m[0mwelcome to sbt 1.8.2 (Ubuntu Java 11.0.30)[0m
[0m[[0m[0minfo[0m] [0m[0mloading settings for project chipyard-build from plugins.sbt ...[0m
[0m[[0m[0minfo[0m] [0m[0mloading project definition from /root/chipyard/project[0m
[0m[[0m[33mwarn[0m] [0m[0mMultiple resolvers having different access mechanism configured with same name 'sbt-plugin-releases'. To avoid conflict, Remove duplicate project resolvers (`resolvers`) or rename publishing resolver (`publishTo`).[0m
[0m[[0m[33mwarn[0m] [0m[0mMultiple resolvers having different access mechanism configured with same name 'sbt-plugin-releases'. To avoid conflict, Remove duplicate project resolvers (`resolvers`) or rename publishing resolver (`publishTo`).[0m
[0m[[0m[33mwarn[0m] [0m[0mMultiple resolvers having different access mechanism configured with same name 'sbt-plugin-releases'. To avoid conflict, Remove duplicate project resolvers (`resolvers`) or rename publishing resolver (`publishTo`).[0m
[0m[[0m[0minfo[0m] [0m[0mloading settings for project chipyardRoot from build.sbt ...[0m
[0m[[0m[0minfo[0m] [0m[0mloading settings for project barf from build.sbt ...[0m
[0m[[0m[0minfo[0m] [0m[0mloading settings for project constellation from build.sbt ...[0m
[0m[[0m[0minfo[0m] [0m[0mloading settings for project icenet from build.sbt ...[0m
[0m[[0m[0minfo[0m] [0m[0mloading settings for project cva6 from build.sbt ...[0m
[0m[[0m[0minfo[0m] [0m[0mloading settings for project ibex from build.sbt ...[0m
[0m[[0m[0minfo[0m] [0m[0mloading settings for project sodor from build.sbt ...[0m
[0m[[0m[0minfo[0m] [0m[0mloading settings for project radiance from build.sbt ...[0m
[0m[[0m[0minfo[0m] [0m[0mloading settings for project midas_target_utils from build.sbt ...[0m
[0m[[0m[0minfo[0m] [0m[0mresolving key references (48737 settings) ...[0m
[0m[[0m[0minfo[0m] [0m[0mset current project to chipyardRoot (in build file:/root/chipyard/)[0m
[0m[[0m[0minfo[0m] [0m[0mset current project to chipyard_fpga (in build file:/root/chipyard/)[0m
[0m[[0m[0minfo[0m] [0m[0mDefining assembly / assemblyOutputPath[0m
[0m[[0m[0minfo[0m] [0m[0mThe new value will be used by assembly[0m
[0m[[0m[0minfo[0m] [0m[0mReapplying settings...[0m
[0m[[0m[0minfo[0m] [0m[0mset current project to chipyard_fpga (in build file:/root/chipyard/)[0m
Warning: Tried to extract the base path for relative glob tools/stage/src/main/scala/**/*.{java,scala}. To disable this warning, re-run the program with java option, -Dsbt.io.implicit.relative.glob.conversion=allow
Warning: Tried to extract the base path for relative glob tools/firrtl2/src/main/java/**/*.{java,scala}. To disable this warning, re-run the program with java option, -Dsbt.io.implicit.relative.glob.conversion=allow
Warning: Tried to extract the base path for relative glob tools/firrtl2/src/main/java/**/*.{java,scala}. To disable this warning, re-run the program with java option, -Dsbt.io.implicit.relative.glob.conversion=allow
Warning: Tried to extract the base path for relative glob tools/stage/src/main/scala/**/*.{java,scala}. To disable this warning, re-run the program with java option, -Dsbt.io.implicit.relative.glob.conversion=allow
[0m[[0m[33mwarn[0m] [0m[0mmultiple main classes detected: run 'show discoveredMainClasses' to see the list[0m
[0m[[0m[0minfo[0m] [0m[0mcompiling 1 Scala source to /root/chipyard/fpga/target/scala-2.13/classes ...[0m
[0m[[0m[33mwarn[0m] [0m[0m/root/chipyard/fpga/src/main/scala/zcu104/TestHarness.scala:66:18: value InModuleBody in package diplomacy is deprecated (since rocketchip 2.0.0): Diplomacy has been split to a standalone library[0m
[0m[[0m[33mwarn[0m] [0m[0m  val pllReset = InModuleBody { Wire(Bool()) }[0m
[0m[[0m[33mwarn[0m] [0m[0m                 ^[0m
[0m[[0m[33mwarn[0m] [0m[0m/root/chipyard/fpga/src/main/scala/zcu104/TestHarness.scala:76:71: type LazyRawModuleImp in package diplomacy is deprecated (since rocketchip 2.0.0): Diplomacy has been split to a standalone library[0m
[0m[[0m[33mwarn[0m] [0m[0mclass ZCU104FPGATestHarnessImp(_outer: ZCU104FPGATestHarness) extends LazyRawModuleImp(_outer) {[0m
[0m[[0m[33mwarn[0m] [0m[0m                                                                      ^[0m
[0m[[0m[33mwarn[0m] [0m[0mtwo warnings found[0m
[0m[[0m[0minfo[0m] [0m[0mdone compiling[0m
[0m[[0m[0minfo[0m] [0m[0m26 file(s) merged using strategy 'Rename' (Run the task at debug level to see the details)[0m
[0m[[0m[0minfo[0m] [0m[0m68 file(s) merged using strategy 'Rename (Custom)' (Run the task at debug level to see the details)[0m
[0m[[0m[0minfo[0m] [0m[0m391 file(s) merged using strategy 'Discard' (Run the task at debug level to see the details)[0m
[0m[[0m[0minfo[0m] [0m[0mBuilt: /root/chipyard/.classpath_cache/chipyard_fpga.jar[0m
[0m[[0m[0minfo[0m] [0m[0mJar hash: 6b238a388a2c7a95b1f0d51cddcedd6f9755a4a1[0m
[0m[[0m[32msuccess[0m] [0m[0mTotal time: 16 s, completed Mar 18, 2026, 4:33:27 PM[0m
[0Jmkdir -p /root/chipyard/fpga/generated-src/chipyard.fpga.zcu104.ZCU104FPGATestHarness.RocketZCU104Config
(set -o pipefail && 	cd /root/chipyard && java -cp /root/chipyard/.classpath_cache/chipyard_fpga.jar chipyard.Generator  --target-dir /root/chipyard/fpga/generated-src/chipyard.fpga.zcu104.ZCU104FPGATestHarness.RocketZCU104Config --name chipyard.fpga.zcu104.ZCU104FPGATestHarness.RocketZCU104Config --top-module chipyard.fpga.zcu104.ZCU104FPGATestHarness --legacy-configs chipyard.fpga.zcu104:RocketZCU104Config   | tee /root/chipyard/fpga/generated-src/chipyard.fpga.zcu104.ZCU104FPGATestHarness.RocketZCU104Config/chipyard.fpga.zcu104.ZCU104FPGATestHarness.RocketZCU104Config.chisel.log)
Picked up JAVA_TOOL_OPTIONS: -Xmx8G -Xss8M -Djava.io.tmpdir=/root/chipyard/.java_tmp
echo "$mfc_extra_anno_contents" > /root/chipyard/fpga/generated-src/chipyard.fpga.zcu104.ZCU104FPGATestHarness.RocketZCU104Config/chipyard.fpga.zcu104.ZCU104FPGATestHarness.RocketZCU104Config.extrafirtool.anno.json
jq -s '[.[][]]' /root/chipyard/fpga/generated-src/chipyard.fpga.zcu104.ZCU104FPGATestHarness.RocketZCU104Config/chipyard.fpga.zcu104.ZCU104FPGATestHarness.RocketZCU104Config.anno.json /root/chipyard/fpga/generated-src/chipyard.fpga.zcu104.ZCU104FPGATestHarness.RocketZCU104Config/chipyard.fpga.zcu104.ZCU104FPGATestHarness.RocketZCU104Config.extrafirtool.anno.json > /root/chipyard/fpga/generated-src/chipyard.fpga.zcu104.ZCU104FPGATestHarness.RocketZCU104Config/chipyard.fpga.zcu104.ZCU104FPGATestHarness.RocketZCU104Config.appended.anno.json
mkdir -p /root/chipyard/fpga/generated-src/chipyard.fpga.zcu104.ZCU104FPGATestHarness.RocketZCU104Config/
echo "emittedLineLength=2048,noAlwaysComb,disallowLocalVariables,verifLabels,disallowPortDeclSharing,locationInfoStyle=wrapInAtSquareBracket" > /root/chipyard/fpga/generated-src/chipyard.fpga.zcu104.ZCU104FPGATestHarness.RocketZCU104Config/.mfc_lowering_options
rm -rf /root/chipyard/fpga/generated-src/chipyard.fpga.zcu104.ZCU104FPGATestHarness.RocketZCU104Config/gen-collateral
(set -o pipefail && firtool \
		--format=fir \
		--export-module-hierarchy \
		--verify-each=true \
		--warn-on-unprocessed-annotations \
		--disable-annotation-classless \
		--disable-annotation-unknown \
		--mlir-timing \
		--lowering-options=emittedLineLength=2048,noAlwaysComb,disallowLocalVariables,verifLabels,disallowPortDeclSharing,locationInfoStyle=wrapInAtSquareBracket \
		--repl-seq-mem \
		--repl-seq-mem-file=/root/chipyard/fpga/generated-src/chipyard.fpga.zcu104.ZCU104FPGATestHarness.RocketZCU104Config/chipyard.fpga.zcu104.ZCU104FPGATestHarness.RocketZCU104Config.mems.conf \
		--annotation-file=/root/chipyard/fpga/generated-src/chipyard.fpga.zcu104.ZCU104FPGATestHarness.RocketZCU104Config/chipyard.fpga.zcu104.ZCU104FPGATestHarness.RocketZCU104Config.appended.anno.json \
		--split-verilog \
		 \
		-o /root/chipyard/fpga/generated-src/chipyard.fpga.zcu104.ZCU104FPGATestHarness.RocketZCU104Config/gen-collateral \
		/root/chipyard/fpga/generated-src/chipyard.fpga.zcu104.ZCU104FPGATestHarness.RocketZCU104Config/chipyard.fpga.zcu104.ZCU104FPGATestHarness.RocketZCU104Config.fir |& tee /root/chipyard/fpga/generated-src/chipyard.fpga.zcu104.ZCU104FPGATestHarness.RocketZCU104Config/chipyard.fpga.zcu104.ZCU104FPGATestHarness.RocketZCU104Config.firtool.log)
fpga/src/main/scala/zcu104/TestHarness.scala:41:25: error: register "REG_3" has an async reset, but its reset value is not driven with a constant value through wires, nodes, or connects
fpga/src/main/scala/zcu104/TestHarness.scala:41:30: note: reset driver is here
===-------------------------------------------------------------------------===
                         ... Execution time report ...
===-------------------------------------------------------------------------===
  Total Execution Time: 0.0303 seconds

  ----User Time----  ----Wall Time----  ----Name----
    0.0017 (  4.6%)    0.0017 (  5.6%)  FIR Parser
    0.0001 (  0.2%)    0.0001 (  0.2%)    Parse annotations
    0.0000 (  0.0%)    0.0000 (  0.0%)    Parse OMIR
    0.0007 (  1.8%)    0.0007 (  2.2%)    Parse modules
    0.0009 (  2.4%)    0.0009 (  3.0%)    Verify circuit
    0.0332 ( 89.2%)    0.0263 ( 86.7%)  'firrtl.circuit' Pipeline
    0.0003 (  0.9%)    0.0003 (  1.1%)    LowerOpenAggs
    0.0016 (  4.2%)    0.0016 (  5.2%)    ResolvePaths
    0.0002 (  0.6%)    0.0002 (  0.8%)      (A) circt::firrtl::InstanceGraph
    0.0014 (  3.8%)    0.0014 (  4.6%)    LowerFIRRTLAnnotations
    0.0006 (  1.6%)    0.0006 (  2.0%)    LowerIntmodules
    0.0006 (  1.6%)    0.0006 (  2.0%)      (A) circt::firrtl::InstanceGraph
    0.0059 ( 15.8%)    0.0020 (  6.6%)    'firrtl.module' Pipeline
    0.0059 ( 15.8%)    0.0020 (  6.6%)      LowerIntrinsics
    0.0027 (  7.3%)    0.0027 (  8.9%)    LowerSignatures
    0.0000 (  0.0%)    0.0000 (  0.0%)    InjectDUTHierarchy
    0.0004 (  1.2%)    0.0003 (  1.0%)    'firrtl.module' Pipeline
    0.0001 (  0.3%)    0.0001 (  0.2%)      PassiveWires
    0.0001 (  0.4%)    0.0001 (  0.3%)      DropName
    0.0001 (  0.4%)    0.0001 (  0.3%)      CSE
    0.0000 (  0.0%)    0.0000 (  0.0%)        (A) DominanceInfo
    0.0000 (  0.0%)    0.0000 (  0.0%)      LowerCHIRRTLPass
    0.0000 (  0.1%)    0.0000 (  0.1%)      LowerMatches
    0.0027 (  7.2%)    0.0027 (  8.8%)    InferWidths
    0.0000 (  0.0%)    0.0000 (  0.0%)      (A) SymbolTable
    0.0009 (  2.4%)    0.0009 (  3.0%)      (A) circt::hw::InnerSymbolTableCollection
    0.0009 (  2.3%)    0.0009 (  2.8%)    MemToRegOfVec
    0.0037 (  9.8%)    0.0037 ( 12.1%)    InferResets
    0.0007 (  1.8%)    0.0007 (  2.2%)      (A) circt::firrtl::InstanceGraph
    0.0013 (  3.5%)    0.0013 (  4.4%)    DropConst
    0.0001 (  0.2%)    0.0001 (  0.3%)    HoistPassthrough
    0.0006 (  1.5%)    0.0006 (  1.9%)    Dedup
    0.0000 (  0.0%)    0.0000 (  0.0%)      (A) circt::firrtl::NLATable
    0.0000 (  0.0%)    0.0000 (  0.0%)      (A) SymbolTable
    0.0001 (  0.2%)    0.0001 (  0.2%)    'firrtl.module' Pipeline
    0.0001 (  0.2%)    0.0001 (  0.2%)      FlattenMemory
    0.0015 (  4.0%)    0.0015 (  4.9%)    LowerFIRRTLTypes
    0.0000 (  0.0%)    0.0000 (  0.0%)      (A) SymbolTable
    0.0001 (  0.4%)    0.0001 (  0.3%)    'any' Pipeline
    0.0001 (  0.4%)    0.0001 (  0.2%)      ExpandWhens
    0.0003 (  0.9%)    0.0003 (  1.1%)    'firrtl.module' Pipeline
    0.0000 (  0.0%)    0.0000 (  0.0%)      SFCCompat
    0.0000 (  0.0%)    0.0000 (  0.0%)      LayerMerge
    0.0000 (  0.0%)    0.0000 (  0.0%)      LayerSink
    0.0000 (  0.0%)    0.0000 (  0.0%)        (A) DominanceInfo
    0.0020 (  5.4%)    0.0020 (  6.7%)  Rest
    0.0372 (100.0%)    0.0303 (100.0%)  Total
make: *** [/root/chipyard/common.mk:221: /root/chipyard/fpga/generated-src/chipyard.fpga.zcu104.ZCU104FPGATestHarness.RocketZCU104Config/model_module_hierarchy.json] Error 1
