'\\wsl.localhost\Ubuntu-22.04\root\chipyard\fpga'
用作为当前目录的以上路径启动了 CMD.EXE。
UNC 路径不受支持。默认值设为 Windows 目录。

****** Vivado v2021.2 (64-bit)
  **** SW Build 3367213 on Tue Oct 19 02:48:09 MDT 2021
  **** IP Build 3369179 on Thu Oct 21 08:25:16 MDT 2021
    ** Copyright 1986-2021 Xilinx, Inc. All Rights Reserved.

source scripts/insert_ila_heartbeat_zcu104.tcl
# if { $argc < 2 } {
#   puts "Usage: vivado -mode batch -source scripts/insert_ila_heartbeat_zcu104.tcl -tclargs <in_post_route_dcp> <out_dir>"
#   exit 2
# }
# set in_dcp [lindex $argv 0]
# set out_dir [lindex $argv 1]
# file mkdir $out_dir
# open_checkpoint $in_dcp
Command: open_checkpoint generated-src/chipyard.fpga.zcu104.ZCU104FPGATestHarness.RocketZCU104Config/obj/post_route.dcp

Starting open_checkpoint Task

Time (s): cpu = 00:00:00 ; elapsed = 00:00:00.020 . Memory (MB): peak = 1604.719 ; gain = 0.000
INFO: [Device 21-403] Loading part xczu7ev-ffvc1156-2-e
Netlist sorting complete. Time (s): cpu = 00:00:01 ; elapsed = 00:00:00.520 . Memory (MB): peak = 1907.914 ; gain = 1.617
INFO: [Netlist 29-17] Analyzing 3563 Unisim elements for replacement
INFO: [Netlist 29-28] Unisim Transformation completed in 1 CPU seconds
INFO: [Project 1-479] Netlist was created with Vivado 2021.2
INFO: [Project 1-570] Preparing netlist for logic optimization
INFO: [Timing 38-478] Restoring timing data from binary archive.
INFO: [Timing 38-479] Binary timing data restore complete.
INFO: [Project 1-856] Restoring constraints from binary archive.
INFO: [Project 1-853] Binary constraint restore complete.
Reading XDEF placement.
Reading placer database...
Reading XDEF routing.
Read XDEF File: Time (s): cpu = 00:00:04 ; elapsed = 00:00:06 . Memory (MB): peak = 2691.891 ; gain = 95.328
Restored from archive | CPU: 5.000000 secs | Memory: 0.000000 MB |
Finished XDEF File Restore: Time (s): cpu = 00:00:04 ; elapsed = 00:00:06 . Memory (MB): peak = 2691.891 ; gain = 95.328
Netlist sorting complete. Time (s): cpu = 00:00:00 ; elapsed = 00:00:00.012 . Memory (MB): peak = 3160.355 ; gain = 0.000
INFO: [Project 1-111] Unisim Transformation Summary:
  A total of 529 instances were transformed.
  DSP48E2 => DSP48E2 (DSP_ALU, DSP_A_B_DATA, DSP_C_DATA, DSP_MULTIPLIER, DSP_M_DATA, DSP_OUTPUT, DSP_PREADD, DSP_PREADD_DATA): 25 instances
  IBUF => IBUF (IBUFCTRL, INBUF): 5 instances
  IBUFDS => IBUFDS (DIFFINBUF, IBUFCTRL): 1 instance 
  RAM16X1D => RAM32X1D (RAMD32(x2)): 22 instances
  RAM256X1D => RAM256X1D (MUXF7(x4), MUXF8(x2), RAMD64E(x8)): 2 instances
  RAM32M => RAM32M (RAMD32(x6), RAMS32(x2)): 28 instances
  RAM32M16 => RAM32M16 (RAMD32(x14), RAMS32(x2)): 362 instances
  RAM32X1D => RAM32X1D (RAMD32(x2)): 8 instances
  RAM64M => RAM64M (RAMD64E(x4)): 2 instances
  RAM64M8 => RAM64M8 (RAMD64E(x8)): 66 instances
  RAM64X1D => RAM64X1D (RAMD64E(x2)): 8 instances

INFO: [Project 1-604] Checkpoint was created with Vivado v2021.2 (64-bit) build 3367213
open_checkpoint: Time (s): cpu = 00:00:26 ; elapsed = 00:00:36 . Memory (MB): peak = 3160.355 ; gain = 1555.637
# set clk_net       [get_nets -quiet _dutWrangler_auto_out_clock]
# set rst_net       [get_nets -quiet _dutWrangler_auto_out_reset]
# set reg25_net     [get_nets -quiet heartbeat_out_OBUF]
# set hb_port_net   [get_nets -quiet heartbeat_out]
# set pll_lock_net  [get_nets -quiet harnessSysPLL/inst/locked]
# set reg_lo8_nets [list \
#   [get_nets -quiet REG_reg_n_0_\[0\]] \
#   [get_nets -quiet REG_reg_n_0_\[1\]] \
#   [get_nets -quiet REG_reg_n_0_\[2\]] \
#   [get_nets -quiet REG_reg_n_0_\[3\]] \
#   [get_nets -quiet REG_reg_n_0_\[4\]] \
#   [get_nets -quiet REG_reg_n_0_\[5\]] \
#   [get_nets -quiet REG_reg_n_0_\[6\]] \
#   [get_nets -quiet REG_reg_n_0_\[7\]] \
# ]
# set missing {}
# foreach {name netobj} [list \
#   clk_net $clk_net \
#   rst_net $rst_net \
#   reg25_net $reg25_net \
#   hb_port_net $hb_port_net \
#   pll_lock_net $pll_lock_net \
# ] {
#   if { $netobj eq "" } { lappend missing $name }
# }
# for {set i 0} {$i < 8} {incr i} {
#   if { [lindex $reg_lo8_nets $i] eq "" } { lappend missing "reg_lo8_$i" }
# }
# if { [llength $missing] > 0 } {
#   puts "ERROR: missing required nets: $missing"
#   exit 3
# }
# create_debug_core u_ila_heartbeat ila
# set dbg [get_debug_cores u_ila_heartbeat]
# set_property C_DATA_DEPTH 4096 $dbg
# set_property C_INPUT_PIPE_STAGES 0 $dbg
# create_debug_port u_ila_heartbeat probe
# create_debug_port u_ila_heartbeat probe
# create_debug_port u_ila_heartbeat probe
# create_debug_port u_ila_heartbeat probe
# create_debug_port u_ila_heartbeat probe
# set_property port_width 8 [get_debug_ports u_ila_heartbeat/probe0]
# set_property port_width 1 [get_debug_ports u_ila_heartbeat/probe1]
# set_property port_width 1 [get_debug_ports u_ila_heartbeat/probe2]
# set_property port_width 1 [get_debug_ports u_ila_heartbeat/probe3]
# set_property port_width 1 [get_debug_ports u_ila_heartbeat/probe4]
# connect_debug_port u_ila_heartbeat/clk $clk_net
# connect_debug_port u_ila_heartbeat/probe0 $reg_lo8_nets
# connect_debug_port u_ila_heartbeat/probe1 $reg25_net
# connect_debug_port u_ila_heartbeat/probe2 $hb_port_net
CRITICAL WARNING: [Chipscope 16-3] Cannot debug net 'heartbeat_out'; it is not accessible from the fabric routing.
# connect_debug_port u_ila_heartbeat/probe3 $rst_net
# connect_debug_port u_ila_heartbeat/probe4 $pll_lock_net
# implement_debug_core
INFO: [Chipscope 16-329] Generating Script for core instance : dbg_hub 
INFO: [IP_Flow 19-234] Refreshing IP repositories
INFO: [IP_Flow 19-1704] No user IP repositories specified
INFO: [IP_Flow 19-2313] Loaded Vivado IP repository 'E:/PRO_APP/xilinx/Vivado/2021.2/data/ip'.
INFO: [IP_Flow 19-3806] Processing IP xilinx.com:ip:xsdbm:3.0 for cell dbg_hub_CV.
INFO: [Chipscope 16-329] Generating Script for core instance : u_ila_heartbeat 
INFO: [IP_Flow 19-3806] Processing IP xilinx.com:ip:ila:6.2 for cell u_ila_heartbeat_CV.
INFO: [Chipscope 16-78] labtools_xsdbm_v3 netlist file is 'z:/root/chipyard/fpga/.Xil/Vivado-38132-YXY/dbg_hub_CV.0/out/dcp/dbg_hub_0.edf'.
INFO: [Chipscope 16-78] labtools_ila_v6 netlist file is 'z:/root/chipyard/fpga/.Xil/Vivado-38132-YXY/u_ila_heartbeat_CV.0/out/dcp/u_ila_heartbeat_1.edf'.
implement_debug_core: Time (s): cpu = 00:00:09 ; elapsed = 00:02:22 . Memory (MB): peak = 3233.242 ; gain = 72.887
# set out_dcp "$out_dir/post_route_ila.dcp"
# set out_ltx "$out_dir/heartbeat_ila.ltx"
# set out_bit "$out_dir/ZCU104FPGATestHarness_ila.bit"
# write_checkpoint -force $out_dcp
INFO: [Timing 38-480] Writing timing data to binary archive.
Writing placer database...
Writing XDEF routing.
Writing XDEF routing logical nets.
Writing XDEF routing special nets.
Write XDEF Complete: Time (s): cpu = 00:00:18 ; elapsed = 00:00:21 . Memory (MB): peak = 3292.207 ; gain = 58.965
report_design_analysis: Time (s): cpu = 00:00:08 ; elapsed = 00:00:07 . Memory (MB): peak = 3405.336 ; gain = 113.129
INFO: [Common 17-1381] The checkpoint 'Z:/root/chipyard/fpga/generated-src/chipyard.fpga.zcu104.ZCU104FPGATestHarness.RocketZCU104Config/obj/ila_20260317_134456/post_route_ila.dcp' has been generated.
write_checkpoint: Time (s): cpu = 00:00:29 ; elapsed = 00:00:46 . Memory (MB): peak = 3405.336 ; gain = 172.094
# write_debug_probes -force $out_ltx
WARNING: [Chipscope 16-155] Port probe2[0] on debug core u_ila_heartbeat is unconnected
WARNING: [Chipscope 16-155] Port probe5[0] on debug core u_ila_heartbeat is unconnected
# write_bitstream -force $out_bit
Command: write_bitstream -force generated-src/chipyard.fpga.zcu104.ZCU104FPGATestHarness.RocketZCU104Config/obj/ila_20260317_134456/ZCU104FPGATestHarness_ila.bit
Attempting to get a license for feature 'Implementation' and/or device 'xczu7ev'
INFO: [Common 17-349] Got license for feature 'Implementation' and/or device 'xczu7ev'
Running DRC as a precondition to command write_bitstream
INFO: [IP_Flow 19-1839] IP Catalog is up to date.
INFO: [DRC 23-27] Running DRC with 2 threads
ERROR: [DRC AVAL-245] Independent_clock_check: The RAMB36E2 cell u_ila_heartbeat/inst/ila_core_inst/ila_trace_memory_inst/SUBCORE_RAM_BLK_MEM_1.trace_block_memory/inst_blk_mem_gen/gnbram.gnativebmg.native_blk_mem_gen/valid.cstr/ramloop[0].ram.r/prim_noinit.ram/DEVICE_8SERIES.NO_BMM_INFO.SDP.SIMPLE_PRIM36.ram has CLOCK_DOMAINS=INDEPENDENT. However the two clock pins, CLKARDCLK and CLKBWRCLK, are driven by the same driver. The expected property value for CLOCK_DOMAINS for this clocking connectivity is COMMON. Improperly setting this attribute can impact simulation, optimization, and timing for the RAM resulting in incorrect simulation behavior, potential loss of performance, and increase in power.
ERROR: [DRC AVAL-245] Independent_clock_check: The RAMB36E2 cell u_ila_heartbeat/inst/ila_core_inst/ila_trace_memory_inst/SUBCORE_RAM_BLK_MEM_1.trace_block_memory/inst_blk_mem_gen/gnbram.gnativebmg.native_blk_mem_gen/valid.cstr/ramloop[1].ram.r/prim_noinit.ram/DEVICE_8SERIES.NO_BMM_INFO.SDP.SIMPLE_PRIM36.ram has CLOCK_DOMAINS=INDEPENDENT. However the two clock pins, CLKARDCLK and CLKBWRCLK, are driven by the same driver. The expected property value for CLOCK_DOMAINS for this clocking connectivity is COMMON. Improperly setting this attribute can impact simulation, optimization, and timing for the RAM resulting in incorrect simulation behavior, potential loss of performance, and increase in power.
ERROR: [DRC RTSTAT-2] Partially routed nets: 12 net(s) are partially routed. The problem bus(es) and/or net(s) are REG_reg[0]_i_1_n_8, REG_reg[0]_i_1_n_9, REG_reg[0]_i_1_n_10, REG_reg[0]_i_1_n_11, REG_reg[0]_i_1_n_12, REG_reg[0]_i_1_n_13, REG_reg[0]_i_1_n_14, REG_reg[0]_i_1_n_15, REG_reg[24]_i_1_n_14, harnessSysPLL/inst/clk_out1, heartbeat_out_OBUF, and dutWrangler/nodeOut_reset_catcher/io_sync_reset_chain/output_chain/sync_0.
ERROR: [DRC RTSTAT-5] Partial antennas: 17 net(s) have a partial antenna. The problem bus(es) and/or net(s) are REG_reg_n_0_[0], REG_reg_n_0_[1], REG_reg_n_0_[2], REG_reg_n_0_[3], REG_reg_n_0_[4], REG_reg_n_0_[5], REG_reg_n_0_[6], REG_reg_n_0_[7], _sys_clock_ibufds_O_BUFG, harnessSysPLL/inst/clk_out1, harnessSysPLL/inst/clk_out1_harnessSysPLL, heartbeat_out_OBUF, harnessSysPLL/inst/locked, fpga_power_on/power_on_reset, dutWrangler/deglitched_deglitch/reg_0... and (the first 15 of 17 listed).
ERROR: [DRC UNPL-1] Unplaced Cell: REG_reg[0] is not placed. Every cell must be placed in order to generate a valid bitstream. Please run tcl command place_design 
ERROR: [DRC UNPL-1] Unplaced Cell: REG_reg[1] is not placed. Every cell must be placed in order to generate a valid bitstream. Please run tcl command place_design 
ERROR: [DRC UNPL-1] Unplaced Cell: REG_reg[25] is not placed. Every cell must be placed in order to generate a valid bitstream. Please run tcl command place_design 
ERROR: [DRC UNPL-1] Unplaced Cell: REG_reg[2] is not placed. Every cell must be placed in order to generate a valid bitstream. Please run tcl command place_design 
ERROR: [DRC UNPL-1] Unplaced Cell: REG_reg[3] is not placed. Every cell must be placed in order to generate a valid bitstream. Please run tcl command place_design 
ERROR: [DRC UNPL-1] Unplaced Cell: REG_reg[4] is not placed. Every cell must be placed in order to generate a valid bitstream. Please run tcl command place_design 
ERROR: [DRC UNPL-1] Unplaced Cell: REG_reg[5] is not placed. Every cell must be placed in order to generate a valid bitstream. Please run tcl command place_design 
ERROR: [DRC UNPL-1] Unplaced Cell: REG_reg[6] is not placed. Every cell must be placed in order to generate a valid bitstream. Please run tcl command place_design 
ERROR: [DRC UNPL-1] Unplaced Cell: REG_reg[7] is not placed. Every cell must be placed in order to generate a valid bitstream. Please run tcl command place_design 
ERROR: [DRC UNPL-1] Unplaced Cell: dbg_hub/inst/BSCANID.u_xsdbm_id/CORE_XSDB.UUT_MASTER/U_ICON_INTERFACE/U_CMD1/ctl_reg[1]_i_1 is not placed. Every cell must be placed in order to generate a valid bitstream. Please run tcl command place_design 
ERROR: [DRC UNPL-1] Unplaced Cell: dbg_hub/inst/BSCANID.u_xsdbm_id/CORE_XSDB.UUT_MASTER/U_ICON_INTERFACE/U_CMD1/ctl_reg_en_1_reg[0] is not placed. Every cell must be placed in order to generate a valid bitstream. Please run tcl command place_design 
ERROR: [DRC UNPL-1] Unplaced Cell: dbg_hub/inst/BSCANID.u_xsdbm_id/CORE_XSDB.UUT_MASTER/U_ICON_INTERFACE/U_CMD1/ctl_reg_en_1_reg[1] is not placed. Every cell must be placed in order to generate a valid bitstream. Please run tcl command place_design 
ERROR: [DRC UNPL-1] Unplaced Cell: dbg_hub/inst/BSCANID.u_xsdbm_id/CORE_XSDB.UUT_MASTER/U_ICON_INTERFACE/U_CMD1/ctl_reg_en_2_reg[0] is not placed. Every cell must be placed in order to generate a valid bitstream. Please run tcl command place_design 
ERROR: [DRC UNPL-1] Unplaced Cell: dbg_hub/inst/BSCANID.u_xsdbm_id/CORE_XSDB.UUT_MASTER/U_ICON_INTERFACE/U_CMD1/ctl_reg_en_2_reg[1] is not placed. Every cell must be placed in order to generate a valid bitstream. Please run tcl command place_design 
ERROR: [DRC UNPL-1] Unplaced Cell: dbg_hub/inst/BSCANID.u_xsdbm_id/CORE_XSDB.UUT_MASTER/U_ICON_INTERFACE/U_CMD1/ctl_reg_en_temp_inferred_i_1 is not placed. Every cell must be placed in order to generate a valid bitstream. Please run tcl command place_design 
ERROR: [DRC UNPL-1] Unplaced Cell: dbg_hub/inst/BSCANID.u_xsdbm_id/CORE_XSDB.UUT_MASTER/U_ICON_INTERFACE/U_CMD1/ctl_reg_reg[0] is not placed. Every cell must be placed in order to generate a valid bitstream. Please run tcl command place_design 
ERROR: [DRC UNPL-1] Unplaced Cell: dbg_hub/inst/BSCANID.u_xsdbm_id/CORE_XSDB.UUT_MASTER/U_ICON_INTERFACE/U_CMD1/ctl_reg_reg[1] is not placed. Every cell must be placed in order to generate a valid bitstream. Please run tcl command place_design 
ERROR: [DRC UNPL-1] Unplaced Cell: dbg_hub/inst/BSCANID.u_xsdbm_id/CORE_XSDB.UUT_MASTER/U_ICON_INTERFACE/U_CMD1/icn_cmd_din_temp_reg is not placed. Every cell must be placed in order to generate a valid bitstream. Please run tcl command place_design 
ERROR: [DRC UNPL-1] Unplaced Cell: dbg_hub/inst/BSCANID.u_xsdbm_id/CORE_XSDB.UUT_MASTER/U_ICON_INTERFACE/U_CMD1/icn_cmd_en_temp_reg is not placed. Every cell must be placed in order to generate a valid bitstream. Please run tcl command place_design 
ERROR: [DRC UNPL-1] Unplaced Cell: dbg_hub/inst/BSCANID.u_xsdbm_id/CORE_XSDB.UUT_MASTER/U_ICON_INTERFACE/U_CMD1/shift_reg_in_reg[0] is not placed. Every cell must be placed in order to generate a valid bitstream. Please run tcl command place_design 
ERROR: [DRC UNPL-1] Unplaced Cell: dbg_hub/inst/BSCANID.u_xsdbm_id/CORE_XSDB.UUT_MASTER/U_ICON_INTERFACE/U_CMD1/shift_reg_in_reg[1] is not placed. Every cell must be placed in order to generate a valid bitstream. Please run tcl command place_design 
ERROR: [DRC UNPL-1] Unplaced Cell: dbg_hub/inst/BSCANID.u_xsdbm_id/CORE_XSDB.UUT_MASTER/U_ICON_INTERFACE/U_CMD1/sl_rst_r[0]_i_2 is not placed. Every cell must be placed in order to generate a valid bitstream. Please run tcl command place_design 
ERROR: [DRC UNPL-1] Unplaced Cell: dbg_hub/inst/BSCANID.u_xsdbm_id/CORE_XSDB.UUT_MASTER/U_ICON_INTERFACE/U_CMD2/iTDO_i_12 is not placed. Every cell must be placed in order to generate a valid bitstream. Please run tcl command place_design 
ERROR: [DRC UNPL-1] Unplaced Cell: dbg_hub/inst/BSCANID.u_xsdbm_id/CORE_XSDB.UUT_MASTER/U_ICON_INTERFACE/U_CMD2/icn_cmd_din_temp_reg is not placed. Every cell must be placed in order to generate a valid bitstream. Please run tcl command place_design 
ERROR: [DRC UNPL-1] Unplaced Cell: dbg_hub/inst/BSCANID.u_xsdbm_id/CORE_XSDB.UUT_MASTER/U_ICON_INTERFACE/U_CMD2/icn_cmd_en_temp_reg is not placed. Every cell must be placed in order to generate a valid bitstream. Please run tcl command place_design 
ERROR: [DRC UNPL-1] Unplaced Cell: dbg_hub/inst/BSCANID.u_xsdbm_id/CORE_XSDB.UUT_MASTER/U_ICON_INTERFACE/U_CMD2/shift_en_reg is not placed. Every cell must be placed in order to generate a valid bitstream. Please run tcl command place_design 
ERROR: [DRC UNPL-1] Unplaced Cell: dbg_hub/inst/BSCANID.u_xsdbm_id/CORE_XSDB.UUT_MASTER/U_ICON_INTERFACE/U_CMD2/shift_reg_in[0]_i_1 is not placed. Every cell must be placed in order to generate a valid bitstream. Please run tcl command place_design 
ERROR: [DRC UNPL-1] Unplaced Cell: dbg_hub/inst/BSCANID.u_xsdbm_id/CORE_XSDB.UUT_MASTER/U_ICON_INTERFACE/U_CMD2/shift_reg_in[1]_i_1 is not placed. Every cell must be placed in order to generate a valid bitstream. Please run tcl command place_design 
ERROR: [DRC UNPL-1] Unplaced Cell: dbg_hub/inst/BSCANID.u_xsdbm_id/CORE_XSDB.UUT_MASTER/U_ICON_INTERFACE/U_CMD2/shift_reg_in[2]_i_1 is not placed. Every cell must be placed in order to generate a valid bitstream. Please run tcl command place_design 
ERROR: [DRC UNPL-1] Unplaced Cell: dbg_hub/inst/BSCANID.u_xsdbm_id/CORE_XSDB.UUT_MASTER/U_ICON_INTERFACE/U_CMD2/shift_reg_in_reg[0] is not placed. Every cell must be placed in order to generate a valid bitstream. Please run tcl command place_design 
ERROR: [DRC UNPL-1] Unplaced Cell: dbg_hub/inst/BSCANID.u_xsdbm_id/CORE_XSDB.UUT_MASTER/U_ICON_INTERFACE/U_CMD2/shift_reg_in_reg[1] is not placed. Every cell must be placed in order to generate a valid bitstream. Please run tcl command place_design 
ERROR: [DRC UNPL-1] Unplaced Cell: dbg_hub/inst/BSCANID.u_xsdbm_id/CORE_XSDB.UUT_MASTER/U_ICON_INTERFACE/U_CMD2/shift_reg_in_reg[2] is not placed. Every cell must be placed in order to generate a valid bitstream. Please run tcl command place_design 
ERROR: [DRC UNPL-1] Unplaced Cell: dbg_hub/inst/BSCANID.u_xsdbm_id/CORE_XSDB.UUT_MASTER/U_ICON_INTERFACE/U_CMD2/shift_reg_in_reg[3] is not placed. Every cell must be placed in order to generate a valid bitstream. Please run tcl command place_design 
ERROR: [DRC UNPL-1] Unplaced Cell: dbg_hub/inst/BSCANID.u_xsdbm_id/CORE_XSDB.UUT_MASTER/U_ICON_INTERFACE/U_CMD2/stat_reg_1_reg[0] is not placed. Every cell must be placed in order to generate a valid bitstream. Please run tcl command place_design 
ERROR: [DRC UNPL-1] Unplaced Cell: dbg_hub/inst/BSCANID.u_xsdbm_id/CORE_XSDB.UUT_MASTER/U_ICON_INTERFACE/U_CMD2/stat_reg_1_reg[1] is not placed. Every cell must be placed in order to generate a valid bitstream. Please run tcl command place_design 
ERROR: [DRC UNPL-1] Unplaced Cell: dbg_hub/inst/BSCANID.u_xsdbm_id/CORE_XSDB.UUT_MASTER/U_ICON_INTERFACE/U_CMD2/stat_reg_1_reg[2] is not placed. Every cell must be placed in order to generate a valid bitstream. Please run tcl command place_design 
ERROR: [DRC UNPL-1] Unplaced Cell: dbg_hub/inst/BSCANID.u_xsdbm_id/CORE_XSDB.UUT_MASTER/U_ICON_INTERFACE/U_CMD2/stat_reg_1_reg[3] is not placed. Every cell must be placed in order to generate a valid bitstream. Please run tcl command place_design 
ERROR: [DRC UNPL-1] Unplaced Cell: dbg_hub/inst/BSCANID.u_xsdbm_id/CORE_XSDB.UUT_MASTER/U_ICON_INTERFACE/U_CMD2/stat_reg_2_reg[0] is not placed. Every cell must be placed in order to generate a valid bitstream. Please run tcl command place_design 
ERROR: [DRC UNPL-1] Unplaced Cell: dbg_hub/inst/BSCANID.u_xsdbm_id/CORE_XSDB.UUT_MASTER/U_ICON_INTERFACE/U_CMD2/stat_reg_2_reg[1] is not placed. Every cell must be placed in order to generate a valid bitstream. Please run tcl command place_design 
ERROR: [DRC UNPL-1] Unplaced Cell: dbg_hub/inst/BSCANID.u_xsdbm_id/CORE_XSDB.UUT_MASTER/U_ICON_INTERFACE/U_CMD2/stat_reg_2_reg[2] is not placed. Every cell must be placed in order to generate a valid bitstream. Please run tcl command place_design 
ERROR: [DRC UNPL-1] Unplaced Cell: dbg_hub/inst/BSCANID.u_xsdbm_id/CORE_XSDB.UUT_MASTER/U_ICON_INTERFACE/U_CMD2/stat_reg_2_reg[3] is not placed. Every cell must be placed in order to generate a valid bitstream. Please run tcl command place_design 
ERROR: [DRC UNPL-1] Unplaced Cell: dbg_hub/inst/BSCANID.u_xsdbm_id/CORE_XSDB.UUT_MASTER/U_ICON_INTERFACE/U_CMD2/stat_reg_ld_reg[0] is not placed. Every cell must be placed in order to generate a valid bitstream. Please run tcl command place_design 
ERROR: [DRC UNPL-1] Unplaced Cell: dbg_hub/inst/BSCANID.u_xsdbm_id/CORE_XSDB.UUT_MASTER/U_ICON_INTERFACE/U_CMD2/stat_reg_ld_reg[1] is not placed. Every cell must be placed in order to generate a valid bitstream. Please run tcl command place_design 
ERROR: [DRC UNPL-1] Unplaced Cell: dbg_hub/inst/BSCANID.u_xsdbm_id/CORE_XSDB.UUT_MASTER/U_ICON_INTERFACE/U_CMD2/stat_reg_ld_temp_1_i_1 is not placed. Every cell must be placed in order to generate a valid bitstream. Please run tcl command place_design 
ERROR: [DRC UNPL-1] Unplaced Cell: dbg_hub/inst/BSCANID.u_xsdbm_id/CORE_XSDB.UUT_MASTER/U_ICON_INTERFACE/U_CMD2/stat_reg_ld_temp_1_reg is not placed. Every cell must be placed in order to generate a valid bitstream. Please run tcl command place_design 
ERROR: [DRC UNPL-1] Unplaced Cell: dbg_hub/inst/BSCANID.u_xsdbm_id/CORE_XSDB.UUT_MASTER/U_ICON_INTERFACE/U_CMD2/stat_reg_reg[0] is not placed. Every cell must be placed in order to generate a valid bitstream. Please run tcl command place_design 
ERROR: [DRC UNPL-1] Unplaced Cell: dbg_hub/inst/BSCANID.u_xsdbm_id/CORE_XSDB.UUT_MASTER/U_ICON_INTERFACE/U_CMD2/stat_reg_reg[1] is not placed. Every cell must be placed in order to generate a valid bitstream. Please run tcl command place_design 
ERROR: [DRC UNPL-1] Unplaced Cell: dbg_hub/inst/BSCANID.u_xsdbm_id/CORE_XSDB.UUT_MASTER/U_ICON_INTERFACE/U_CMD2/stat_reg_reg[2] is not placed. Every cell must be placed in order to generate a valid bitstream. Please run tcl command place_design 
ERROR: [DRC UNPL-1] Unplaced Cell: dbg_hub/inst/BSCANID.u_xsdbm_id/CORE_XSDB.UUT_MASTER/U_ICON_INTERFACE/U_CMD2/stat_reg_reg[3] is not placed. Every cell must be placed in order to generate a valid bitstream. Please run tcl command place_design 
ERROR: [DRC UNPL-1] Unplaced Cell: dbg_hub/inst/BSCANID.u_xsdbm_id/CORE_XSDB.UUT_MASTER/U_ICON_INTERFACE/U_CMD3/iTDO_i_7 is not placed. Every cell must be placed in order to generate a valid bitstream. Please run tcl command place_design 
ERROR: [DRC UNPL-1] Unplaced Cell: dbg_hub/inst/BSCANID.u_xsdbm_id/CORE_XSDB.UUT_MASTER/U_ICON_INTERFACE/U_CMD3/icn_cmd_din_temp_reg is not placed. Every cell must be placed in order to generate a valid bitstream. Please run tcl command place_design 
ERROR: [DRC UNPL-1] Unplaced Cell: dbg_hub/inst/BSCANID.u_xsdbm_id/CORE_XSDB.UUT_MASTER/U_ICON_INTERFACE/U_CMD3/icn_cmd_en_temp_reg is not placed. Every cell must be placed in order to generate a valid bitstream. Please run tcl command place_design 
ERROR: [DRC UNPL-1] Unplaced Cell: dbg_hub/inst/BSCANID.u_xsdbm_id/CORE_XSDB.UUT_MASTER/U_ICON_INTERFACE/U_CMD3/shift_en_reg is not placed. Every cell must be placed in order to generate a valid bitstream. Please run tcl command place_design 
ERROR: [DRC UNPL-1] Unplaced Cell: dbg_hub/inst/BSCANID.u_xsdbm_id/CORE_XSDB.UUT_MASTER/U_ICON_INTERFACE/U_CMD3/shift_reg_in[0]_i_1__0 is not placed. Every cell must be placed in order to generate a valid bitstream. Please run tcl command place_design 
ERROR: [DRC UNPL-1] Unplaced Cell: dbg_hub/inst/BSCANID.u_xsdbm_id/CORE_XSDB.UUT_MASTER/U_ICON_INTERFACE/U_CMD3/shift_reg_in[1]_i_1__0 is not placed. Every cell must be placed in order to generate a valid bitstream. Please run tcl command place_design 
ERROR: [DRC UNPL-1] Unplaced Cell: dbg_hub/inst/BSCANID.u_xsdbm_id/CORE_XSDB.UUT_MASTER/U_ICON_INTERFACE/U_CMD3/shift_reg_in_reg[0] is not placed. Every cell must be placed in order to generate a valid bitstream. Please run tcl command place_design 
ERROR: [DRC UNPL-1] Unplaced Cell: dbg_hub/inst/BSCANID.u_xsdbm_id/CORE_XSDB.UUT_MASTER/U_ICON_INTERFACE/U_CMD3/shift_reg_in_reg[1] is not placed. Every cell must be placed in order to generate a valid bitstream. Please run tcl command place_design 
ERROR: [DRC UNPL-1] Unplaced Cell: dbg_hub/inst/BSCANID.u_xsdbm_id/CORE_XSDB.UUT_MASTER/U_ICON_INTERFACE/U_CMD3/shift_reg_in_reg[2] is not placed. Every cell must be placed in order to generate a valid bitstream. Please run tcl command place_design 
ERROR: [DRC UNPL-1] Unplaced Cell: dbg_hub/inst/BSCANID.u_xsdbm_id/CORE_XSDB.UUT_MASTER/U_ICON_INTERFACE/U_CMD3/stat_reg_1_reg[0] is not placed. Every cell must be placed in order to generate a valid bitstream. Please run tcl command place_design 
ERROR: [DRC UNPL-1] Unplaced Cell: dbg_hub/inst/BSCANID.u_xsdbm_id/CORE_XSDB.UUT_MASTER/U_ICON_INTERFACE/U_CMD3/stat_reg_1_reg[1] is not placed. Every cell must be placed in order to generate a valid bitstream. Please run tcl command place_design 
ERROR: [DRC UNPL-1] Unplaced Cell: dbg_hub/inst/BSCANID.u_xsdbm_id/CORE_XSDB.UUT_MASTER/U_ICON_INTERFACE/U_CMD3/stat_reg_1_reg[2] is not placed. Every cell must be placed in order to generate a valid bitstream. Please run tcl command place_design 
ERROR: [DRC UNPL-1] Unplaced Cell: dbg_hub/inst/BSCANID.u_xsdbm_id/CORE_XSDB.UUT_MASTER/U_ICON_INTERFACE/U_CMD3/stat_reg_2_reg[0] is not placed. Every cell must be placed in order to generate a valid bitstream. Please run tcl command place_design 
ERROR: [DRC UNPL-1] Unplaced Cell: dbg_hub/inst/BSCANID.u_xsdbm_id/CORE_XSDB.UUT_MASTER/U_ICON_INTERFACE/U_CMD3/stat_reg_2_reg[1] is not placed. Every cell must be placed in order to generate a valid bitstream. Please run tcl command place_design 
ERROR: [DRC UNPL-1] Unplaced Cell: dbg_hub/inst/BSCANID.u_xsdbm_id/CORE_XSDB.UUT_MASTER/U_ICON_INTERFACE/U_CMD3/stat_reg_2_reg[2] is not placed. Every cell must be placed in order to generate a valid bitstream. Please run tcl command place_design 
ERROR: [DRC UNPL-1] Unplaced Cell: dbg_hub/inst/BSCANID.u_xsdbm_id/CORE_XSDB.UUT_MASTER/U_ICON_INTERFACE/U_CMD3/stat_reg_ld_reg[0] is not placed. Every cell must be placed in order to generate a valid bitstream. Please run tcl command place_design 
ERROR: [DRC UNPL-1] Unplaced Cell: dbg_hub/inst/BSCANID.u_xsdbm_id/CORE_XSDB.UUT_MASTER/U_ICON_INTERFACE/U_CMD3/stat_reg_ld_reg[1] is not placed. Every cell must be placed in order to generate a valid bitstream. Please run tcl command place_design 
ERROR: [DRC UNPL-1] Unplaced Cell: dbg_hub/inst/BSCANID.u_xsdbm_id/CORE_XSDB.UUT_MASTER/U_ICON_INTERFACE/U_CMD3/stat_reg_ld_temp_1_i_1__0 is not placed. Every cell must be placed in order to generate a valid bitstream. Please run tcl command place_design 
ERROR: [DRC UNPL-1] Unplaced Cell: dbg_hub/inst/BSCANID.u_xsdbm_id/CORE_XSDB.UUT_MASTER/U_ICON_INTERFACE/U_CMD3/stat_reg_ld_temp_1_reg is not placed. Every cell must be placed in order to generate a valid bitstream. Please run tcl command place_design 
ERROR: [DRC UNPL-1] Unplaced Cell: dbg_hub/inst/BSCANID.u_xsdbm_id/CORE_XSDB.UUT_MASTER/U_ICON_INTERFACE/U_CMD3/stat_reg_reg[0] is not placed. Every cell must be placed in order to generate a valid bitstream. Please run tcl command place_design 
ERROR: [DRC UNPL-1] Unplaced Cell: dbg_hub/inst/BSCANID.u_xsdbm_id/CORE_XSDB.UUT_MASTER/U_ICON_INTERFACE/U_CMD3/stat_reg_reg[1] is not placed. Every cell must be placed in order to generate a valid bitstream. Please run tcl command place_design 
ERROR: [DRC UNPL-1] Unplaced Cell: dbg_hub/inst/BSCANID.u_xsdbm_id/CORE_XSDB.UUT_MASTER/U_ICON_INTERFACE/U_CMD3/stat_reg_reg[2] is not placed. Every cell must be placed in order to generate a valid bitstream. Please run tcl command place_design 
ERROR: [DRC UNPL-1] Unplaced Cell: dbg_hub/inst/BSCANID.u_xsdbm_id/CORE_XSDB.UUT_MASTER/U_ICON_INTERFACE/U_CMD4/addr[16]_i_1 is not placed. Every cell must be placed in order to generate a valid bitstream. Please run tcl command place_design 
ERROR: [DRC UNPL-1] Unplaced Cell: dbg_hub/inst/BSCANID.u_xsdbm_id/CORE_XSDB.UUT_MASTER/U_ICON_INTERFACE/U_CMD4/burst_wd_in_rdy_rise_edge_i_1 is not placed. Every cell must be placed in order to generate a valid bitstream. Please run tcl command place_design 
ERROR: [DRC UNPL-1] Unplaced Cell: dbg_hub/inst/BSCANID.u_xsdbm_id/CORE_XSDB.UUT_MASTER/U_ICON_INTERFACE/U_CMD4/ctl_reg[27]_i_1 is not placed. Every cell must be placed in order to generate a valid bitstream. Please run tcl command place_design 
ERROR: [DRC UNPL-1] Unplaced Cell: dbg_hub/inst/BSCANID.u_xsdbm_id/CORE_XSDB.UUT_MASTER/U_ICON_INTERFACE/U_CMD4/ctl_reg_en_1_reg[0] is not placed. Every cell must be placed in order to generate a valid bitstream. Please run tcl command place_design 
ERROR: [DRC UNPL-1] Unplaced Cell: dbg_hub/inst/BSCANID.u_xsdbm_id/CORE_XSDB.UUT_MASTER/U_ICON_INTERFACE/U_CMD4/ctl_reg_en_1_reg[1] is not placed. Every cell must be placed in order to generate a valid bitstream. Please run tcl command place_design 
ERROR: [DRC UNPL-1] Unplaced Cell: dbg_hub/inst/BSCANID.u_xsdbm_id/CORE_XSDB.UUT_MASTER/U_ICON_INTERFACE/U_CMD4/ctl_reg_en_2_reg[0] is not placed. Every cell must be placed in order to generate a valid bitstream. Please run tcl command place_design 
ERROR: [DRC UNPL-1] Unplaced Cell: dbg_hub/inst/BSCANID.u_xsdbm_id/CORE_XSDB.UUT_MASTER/U_ICON_INTERFACE/U_CMD4/ctl_reg_en_2_reg[1] is not placed. Every cell must be placed in order to generate a valid bitstream. Please run tcl command place_design 
ERROR: [DRC UNPL-1] Unplaced Cell: dbg_hub/inst/BSCANID.u_xsdbm_id/CORE_XSDB.UUT_MASTER/U_ICON_INTERFACE/U_CMD4/ctl_reg_en_temp_inferred_i_1__0 is not placed. Every cell must be placed in order to generate a valid bitstream. Please run tcl command place_design 
ERROR: [DRC UNPL-1] Unplaced Cell: dbg_hub/inst/BSCANID.u_xsdbm_id/CORE_XSDB.UUT_MASTER/U_ICON_INTERFACE/U_CMD4/ctl_reg_reg[0] is not placed. Every cell must be placed in order to generate a valid bitstream. Please run tcl command place_design 
ERROR: [DRC UNPL-1] Unplaced Cell: dbg_hub/inst/BSCANID.u_xsdbm_id/CORE_XSDB.UUT_MASTER/U_ICON_INTERFACE/U_CMD4/ctl_reg_reg[10] is not placed. Every cell must be placed in order to generate a valid bitstream. Please run tcl command place_design 
ERROR: [DRC UNPL-1] Unplaced Cell: dbg_hub/inst/BSCANID.u_xsdbm_id/CORE_XSDB.UUT_MASTER/U_ICON_INTERFACE/U_CMD4/ctl_reg_reg[11] is not placed. Every cell must be placed in order to generate a valid bitstream. Please run tcl command place_design 
ERROR: [DRC UNPL-1] Unplaced Cell: dbg_hub/inst/BSCANID.u_xsdbm_id/CORE_XSDB.UUT_MASTER/U_ICON_INTERFACE/U_CMD4/ctl_reg_reg[12] is not placed. Every cell must be placed in order to generate a valid bitstream. Please run tcl command place_design 
ERROR: [DRC UNPL-1] Unplaced Cell: dbg_hub/inst/BSCANID.u_xsdbm_id/CORE_XSDB.UUT_MASTER/U_ICON_INTERFACE/U_CMD4/ctl_reg_reg[13] is not placed. Every cell must be placed in order to generate a valid bitstream. Please run tcl command place_design 
ERROR: [DRC UNPL-1] Unplaced Cell: dbg_hub/inst/BSCANID.u_xsdbm_id/CORE_XSDB.UUT_MASTER/U_ICON_INTERFACE/U_CMD4/ctl_reg_reg[14] is not placed. Every cell must be placed in order to generate a valid bitstream. Please run tcl command place_design 
ERROR: [DRC UNPL-1] Unplaced Cell: dbg_hub/inst/BSCANID.u_xsdbm_id/CORE_XSDB.UUT_MASTER/U_ICON_INTERFACE/U_CMD4/ctl_reg_reg[15] is not placed. Every cell must be placed in order to generate a valid bitstream. Please run tcl command place_design 
ERROR: [DRC UNPL-1] Unplaced Cell: dbg_hub/inst/BSCANID.u_xsdbm_id/CORE_XSDB.UUT_MASTER/U_ICON_INTERFACE/U_CMD4/ctl_reg_reg[16] is not placed. Every cell must be placed in order to generate a valid bitstream. Please run tcl command place_design 
ERROR: [DRC UNPL-1] Unplaced Cell: dbg_hub/inst/BSCANID.u_xsdbm_id/CORE_XSDB.UUT_MASTER/U_ICON_INTERFACE/U_CMD4/ctl_reg_reg[17] is not placed. Every cell must be placed in order to generate a valid bitstream. Please run tcl command place_design 
ERROR: [DRC UNPL-1] Unplaced Cell: dbg_hub/inst/BSCANID.u_xsdbm_id/CORE_XSDB.UUT_MASTER/U_ICON_INTERFACE/U_CMD4/ctl_reg_reg[18] is not placed. Every cell must be placed in order to generate a valid bitstream. Please run tcl command place_design 
ERROR: [DRC UNPL-1] Unplaced Cell: dbg_hub/inst/BSCANID.u_xsdbm_id/CORE_XSDB.UUT_MASTER/U_ICON_INTERFACE/U_CMD4/ctl_reg_reg[19] is not placed. Every cell must be placed in order to generate a valid bitstream. Please run tcl command place_design 
ERROR: [DRC UNPL-1] Unplaced Cell: dbg_hub/inst/BSCANID.u_xsdbm_id/CORE_XSDB.UUT_MASTER/U_ICON_INTERFACE/U_CMD4/ctl_reg_reg[1] is not placed. Every cell must be placed in order to generate a valid bitstream. Please run tcl command place_design 
ERROR: [DRC UNPL-1] Unplaced Cell: dbg_hub/inst/BSCANID.u_xsdbm_id/CORE_XSDB.UUT_MASTER/U_ICON_INTERFACE/U_CMD4/ctl_reg_reg[20] is not placed. Every cell must be placed in order to generate a valid bitstream. Please run tcl command place_design 
ERROR: [DRC UNPL-1] Unplaced Cell: dbg_hub/inst/BSCANID.u_xsdbm_id/CORE_XSDB.UUT_MASTER/U_ICON_INTERFACE/U_CMD4/ctl_reg_reg[21] is not placed. Every cell must be placed in order to generate a valid bitstream. Please run tcl command place_design 
ERROR: [DRC UNPL-1] Unplaced Cell: dbg_hub/inst/BSCANID.u_xsdbm_id/CORE_XSDB.UUT_MASTER/U_ICON_INTERFACE/U_CMD4/ctl_reg_reg[22] is not placed. Every cell must be placed in order to generate a valid bitstream. Please run tcl command place_design 
ERROR: [DRC UNPL-1] Unplaced Cell: dbg_hub/inst/BSCANID.u_xsdbm_id/CORE_XSDB.UUT_MASTER/U_ICON_INTERFACE/U_CMD4/ctl_reg_reg[23] is not placed. Every cell must be placed in order to generate a valid bitstream. Please run tcl command place_design 
ERROR: [DRC UNPL-1] Unplaced Cell: dbg_hub/inst/BSCANID.u_xsdbm_id/CORE_XSDB.UUT_MASTER/U_ICON_INTERFACE/U_CMD4/ctl_reg_reg[24] is not placed. Every cell must be placed in order to generate a valid bitstream. Please run tcl command place_design 
ERROR: [DRC UNPL-1] Unplaced Cell: dbg_hub/inst/BSCANID.u_xsdbm_id/CORE_XSDB.UUT_MASTER/U_ICON_INTERFACE/U_CMD4/ctl_reg_reg[25] is not placed. Every cell must be placed in order to generate a valid bitstream. Please run tcl command place_design 
ERROR: [DRC UNPL-1] Unplaced Cell: dbg_hub/inst/BSCANID.u_xsdbm_id/CORE_XSDB.UUT_MASTER/U_ICON_INTERFACE/U_CMD4/ctl_reg_reg[26] is not placed. Every cell must be placed in order to generate a valid bitstream. Please run tcl command place_design 
ERROR: [DRC UNPL-1] Unplaced Cell: dbg_hub/inst/BSCANID.u_xsdbm_id/CORE_XSDB.UUT_MASTER/U_ICON_INTERFACE/U_CMD4/ctl_reg_reg[27] is not placed. Every cell must be placed in order to generate a valid bitstream. Please run tcl command place_design 
ERROR: [DRC UNPL-1] Unplaced Cell: dbg_hub/inst/BSCANID.u_xsdbm_id/CORE_XSDB.UUT_MASTER/U_ICON_INTERFACE/U_CMD4/ctl_reg_reg[2] is not placed. Every cell must be placed in order to generate a valid bitstream. Please run tcl command place_design 
INFO: [Common 17-14] Message 'DRC UNPL-1' appears 100 times and further instances of the messages will be disabled. Use the Tcl command set_msg_config to change the current settings.
WARNING: [DRC DPIP-2] Input pipelining: DSP chiptop0/system/tile_prci_domain/element_reset_domain_rockettile/fpuOpt/dfma/fma/mulAddRecFNToRaw_postMul_io_mulAddResult_pipe_b1 input chiptop0/system/tile_prci_domain/element_reset_domain_rockettile/fpuOpt/dfma/fma/mulAddRecFNToRaw_postMul_io_mulAddResult_pipe_b1/A[29:0] is not pipelined. Pipelining DSP48 input will improve performance.
WARNING: [DRC DPIP-2] Input pipelining: DSP chiptop0/system/tile_prci_domain/element_reset_domain_rockettile/fpuOpt/dfma/fma/mulAddRecFNToRaw_postMul_io_mulAddResult_pipe_b1__0 input chiptop0/system/tile_prci_domain/element_reset_domain_rockettile/fpuOpt/dfma/fma/mulAddRecFNToRaw_postMul_io_mulAddResult_pipe_b1__0/A[29:0] is not pipelined. Pipelining DSP48 input will improve performance.
WARNING: [DRC DPIP-2] Input pipelining: DSP chiptop0/system/tile_prci_domain/element_reset_domain_rockettile/fpuOpt/dfma/fma/mulAddRecFNToRaw_postMul_io_mulAddResult_pipe_b1__1 input chiptop0/system/tile_prci_domain/element_reset_domain_rockettile/fpuOpt/dfma/fma/mulAddRecFNToRaw_postMul_io_mulAddResult_pipe_b1__1/A[29:0] is not pipelined. Pipelining DSP48 input will improve performance.
WARNING: [DRC DPIP-2] Input pipelining: DSP chiptop0/system/tile_prci_domain/element_reset_domain_rockettile/fpuOpt/dfma/fma/mulAddRecFNToRaw_postMul_io_mulAddResult_pipe_b1__2 input chiptop0/system/tile_prci_domain/element_reset_domain_rockettile/fpuOpt/dfma/fma/mulAddRecFNToRaw_postMul_io_mulAddResult_pipe_b1__2/A[29:0] is not pipelined. Pipelining DSP48 input will improve performance.
WARNING: [DRC DPIP-2] Input pipelining: DSP chiptop0/system/tile_prci_domain/element_reset_domain_rockettile/fpuOpt/dfma/fma/mulAddRecFNToRaw_postMul_io_mulAddResult_pipe_b1__4 input chiptop0/system/tile_prci_domain/element_reset_domain_rockettile/fpuOpt/dfma/fma/mulAddRecFNToRaw_postMul_io_mulAddResult_pipe_b1__4/A[29:0] is not pipelined. Pipelining DSP48 input will improve performance.
WARNING: [DRC DPIP-2] Input pipelining: DSP chiptop0/system/tile_prci_domain/element_reset_domain_rockettile/fpuOpt/hfma/fma/mulAddRecFNToRaw_postMul_io_mulAddResult_pipe_b_reg input chiptop0/system/tile_prci_domain/element_reset_domain_rockettile/fpuOpt/hfma/fma/mulAddRecFNToRaw_postMul_io_mulAddResult_pipe_b_reg/A[29:0] is not pipelined. Pipelining DSP48 input will improve performance.
WARNING: [DRC DPIP-2] Input pipelining: DSP chiptop0/system/tile_prci_domain/element_reset_domain_rockettile/fpuOpt/hfma/fma/mulAddRecFNToRaw_postMul_io_mulAddResult_pipe_b_reg input chiptop0/system/tile_prci_domain/element_reset_domain_rockettile/fpuOpt/hfma/fma/mulAddRecFNToRaw_postMul_io_mulAddResult_pipe_b_reg/B[17:0] is not pipelined. Pipelining DSP48 input will improve performance.
WARNING: [DRC DPIP-2] Input pipelining: DSP chiptop0/system/tile_prci_domain/element_reset_domain_rockettile/fpuOpt/hfma/fma/mulAddRecFNToRaw_postMul_io_mulAddResult_pipe_b_reg input chiptop0/system/tile_prci_domain/element_reset_domain_rockettile/fpuOpt/hfma/fma/mulAddRecFNToRaw_postMul_io_mulAddResult_pipe_b_reg/C[47:0] is not pipelined. Pipelining DSP48 input will improve performance.
WARNING: [DRC DPIP-2] Input pipelining: DSP chiptop0/system/tile_prci_domain/element_reset_domain_rockettile/fpuOpt/sfma/fma/mulAddRecFNToRaw_postMul_io_mulAddResult_pipe_b1 input chiptop0/system/tile_prci_domain/element_reset_domain_rockettile/fpuOpt/sfma/fma/mulAddRecFNToRaw_postMul_io_mulAddResult_pipe_b1/A[29:0] is not pipelined. Pipelining DSP48 input will improve performance.
WARNING: [DRC DPIP-2] Input pipelining: DSP chiptop0/system/tile_prci_domain/element_reset_domain_rockettile/fpuOpt/sfma/fma/mulAddRecFNToRaw_postMul_io_mulAddResult_pipe_b1__0 input chiptop0/system/tile_prci_domain/element_reset_domain_rockettile/fpuOpt/sfma/fma/mulAddRecFNToRaw_postMul_io_mulAddResult_pipe_b1__0/A[29:0] is not pipelined. Pipelining DSP48 input will improve performance.
WARNING: [DRC DPIP-2] Input pipelining: DSP chiptop0/system/tile_prci_domain/element_reset_domain_rockettile/fpuOpt/sfma/fma/mulAddRecFNToRaw_postMul_io_mulAddResult_pipe_b1__0 input chiptop0/system/tile_prci_domain/element_reset_domain_rockettile/fpuOpt/sfma/fma/mulAddRecFNToRaw_postMul_io_mulAddResult_pipe_b1__0/B[17:0] is not pipelined. Pipelining DSP48 input will improve performance.
WARNING: [DRC DPOP-3] PREG Output pipelining: DSP chiptop0/system/tile_prci_domain/element_reset_domain_rockettile/core/div/_prod_T_40 output chiptop0/system/tile_prci_domain/element_reset_domain_rockettile/core/div/_prod_T_40/P[47:0] is not pipelined (PREG=0). Pipelining the DSP48 output will improve performance and often saves power so it is suggested whenever possible to fully pipeline this function.  If this DSP48 function was inferred, it is suggested to describe an additional register stage after this function.  If the DSP48 was instantiated in the design, it is suggested to set the PREG attribute to 1.
WARNING: [DRC DPOP-3] PREG Output pipelining: DSP chiptop0/system/tile_prci_domain/element_reset_domain_rockettile/core/div/_prod_T_40__1 output chiptop0/system/tile_prci_domain/element_reset_domain_rockettile/core/div/_prod_T_40__1/P[47:0] is not pipelined (PREG=0). Pipelining the DSP48 output will improve performance and often saves power so it is suggested whenever possible to fully pipeline this function.  If this DSP48 function was inferred, it is suggested to describe an additional register stage after this function.  If the DSP48 was instantiated in the design, it is suggested to set the PREG attribute to 1.
WARNING: [DRC DPOP-3] PREG Output pipelining: DSP chiptop0/system/tile_prci_domain/element_reset_domain_rockettile/core/div/_prod_T_40__10 output chiptop0/system/tile_prci_domain/element_reset_domain_rockettile/core/div/_prod_T_40__10/P[47:0] is not pipelined (PREG=0). Pipelining the DSP48 output will improve performance and often saves power so it is suggested whenever possible to fully pipeline this function.  If this DSP48 function was inferred, it is suggested to describe an additional register stage after this function.  If the DSP48 was instantiated in the design, it is suggested to set the PREG attribute to 1.
WARNING: [DRC DPOP-3] PREG Output pipelining: DSP chiptop0/system/tile_prci_domain/element_reset_domain_rockettile/core/div/_prod_T_40__11 output chiptop0/system/tile_prci_domain/element_reset_domain_rockettile/core/div/_prod_T_40__11/P[47:0] is not pipelined (PREG=0). Pipelining the DSP48 output will improve performance and often saves power so it is suggested whenever possible to fully pipeline this function.  If this DSP48 function was inferred, it is suggested to describe an additional register stage after this function.  If the DSP48 was instantiated in the design, it is suggested to set the PREG attribute to 1.
WARNING: [DRC DPOP-3] PREG Output pipelining: DSP chiptop0/system/tile_prci_domain/element_reset_domain_rockettile/core/div/_prod_T_40__3 output chiptop0/system/tile_prci_domain/element_reset_domain_rockettile/core/div/_prod_T_40__3/P[47:0] is not pipelined (PREG=0). Pipelining the DSP48 output will improve performance and often saves power so it is suggested whenever possible to fully pipeline this function.  If this DSP48 function was inferred, it is suggested to describe an additional register stage after this function.  If the DSP48 was instantiated in the design, it is suggested to set the PREG attribute to 1.
WARNING: [DRC DPOP-3] PREG Output pipelining: DSP chiptop0/system/tile_prci_domain/element_reset_domain_rockettile/core/div/_prod_T_40__5 output chiptop0/system/tile_prci_domain/element_reset_domain_rockettile/core/div/_prod_T_40__5/P[47:0] is not pipelined (PREG=0). Pipelining the DSP48 output will improve performance and often saves power so it is suggested whenever possible to fully pipeline this function.  If this DSP48 function was inferred, it is suggested to describe an additional register stage after this function.  If the DSP48 was instantiated in the design, it is suggested to set the PREG attribute to 1.
WARNING: [DRC DPOP-3] PREG Output pipelining: DSP chiptop0/system/tile_prci_domain/element_reset_domain_rockettile/core/div/_prod_T_40__7 output chiptop0/system/tile_prci_domain/element_reset_domain_rockettile/core/div/_prod_T_40__7/P[47:0] is not pipelined (PREG=0). Pipelining the DSP48 output will improve performance and often saves power so it is suggested whenever possible to fully pipeline this function.  If this DSP48 function was inferred, it is suggested to describe an additional register stage after this function.  If the DSP48 was instantiated in the design, it is suggested to set the PREG attribute to 1.
WARNING: [DRC DPOP-3] PREG Output pipelining: DSP chiptop0/system/tile_prci_domain/element_reset_domain_rockettile/core/div/_prod_T_40__8 output chiptop0/system/tile_prci_domain/element_reset_domain_rockettile/core/div/_prod_T_40__8/P[47:0] is not pipelined (PREG=0). Pipelining the DSP48 output will improve performance and often saves power so it is suggested whenever possible to fully pipeline this function.  If this DSP48 function was inferred, it is suggested to describe an additional register stage after this function.  If the DSP48 was instantiated in the design, it is suggested to set the PREG attribute to 1.
WARNING: [DRC DPOP-3] PREG Output pipelining: DSP chiptop0/system/tile_prci_domain/element_reset_domain_rockettile/fpuOpt/dfma/fma/mulAddRecFNToRaw_postMul_io_mulAddResult_pipe_b1__0 output chiptop0/system/tile_prci_domain/element_reset_domain_rockettile/fpuOpt/dfma/fma/mulAddRecFNToRaw_postMul_io_mulAddResult_pipe_b1__0/P[47:0] is not pipelined (PREG=0). Pipelining the DSP48 output will improve performance and often saves power so it is suggested whenever possible to fully pipeline this function.  If this DSP48 function was inferred, it is suggested to describe an additional register stage after this function.  If the DSP48 was instantiated in the design, it is suggested to set the PREG attribute to 1.
WARNING: [DRC DPOP-3] PREG Output pipelining: DSP chiptop0/system/tile_prci_domain/element_reset_domain_rockettile/fpuOpt/dfma/fma/mulAddRecFNToRaw_postMul_io_mulAddResult_pipe_b1__1 output chiptop0/system/tile_prci_domain/element_reset_domain_rockettile/fpuOpt/dfma/fma/mulAddRecFNToRaw_postMul_io_mulAddResult_pipe_b1__1/P[47:0] is not pipelined (PREG=0). Pipelining the DSP48 output will improve performance and often saves power so it is suggested whenever possible to fully pipeline this function.  If this DSP48 function was inferred, it is suggested to describe an additional register stage after this function.  If the DSP48 was instantiated in the design, it is suggested to set the PREG attribute to 1.
WARNING: [DRC DPOP-3] PREG Output pipelining: DSP chiptop0/system/tile_prci_domain/element_reset_domain_rockettile/fpuOpt/dfma/fma/mulAddRecFNToRaw_postMul_io_mulAddResult_pipe_b1__4 output chiptop0/system/tile_prci_domain/element_reset_domain_rockettile/fpuOpt/dfma/fma/mulAddRecFNToRaw_postMul_io_mulAddResult_pipe_b1__4/P[47:0] is not pipelined (PREG=0). Pipelining the DSP48 output will improve performance and often saves power so it is suggested whenever possible to fully pipeline this function.  If this DSP48 function was inferred, it is suggested to describe an additional register stage after this function.  If the DSP48 was instantiated in the design, it is suggested to set the PREG attribute to 1.
WARNING: [DRC DPOP-3] PREG Output pipelining: DSP chiptop0/system/tile_prci_domain/element_reset_domain_rockettile/fpuOpt/dfma/fma/mulAddRecFNToRaw_postMul_io_mulAddResult_pipe_b1__5 output chiptop0/system/tile_prci_domain/element_reset_domain_rockettile/fpuOpt/dfma/fma/mulAddRecFNToRaw_postMul_io_mulAddResult_pipe_b1__5/P[47:0] is not pipelined (PREG=0). Pipelining the DSP48 output will improve performance and often saves power so it is suggested whenever possible to fully pipeline this function.  If this DSP48 function was inferred, it is suggested to describe an additional register stage after this function.  If the DSP48 was instantiated in the design, it is suggested to set the PREG attribute to 1.
WARNING: [DRC DPOP-3] PREG Output pipelining: DSP chiptop0/system/tile_prci_domain/element_reset_domain_rockettile/fpuOpt/dfma/fma/mulAddRecFNToRaw_postMul_io_mulAddResult_pipe_b1__7 output chiptop0/system/tile_prci_domain/element_reset_domain_rockettile/fpuOpt/dfma/fma/mulAddRecFNToRaw_postMul_io_mulAddResult_pipe_b1__7/P[47:0] is not pipelined (PREG=0). Pipelining the DSP48 output will improve performance and often saves power so it is suggested whenever possible to fully pipeline this function.  If this DSP48 function was inferred, it is suggested to describe an additional register stage after this function.  If the DSP48 was instantiated in the design, it is suggested to set the PREG attribute to 1.
WARNING: [DRC DPOP-3] PREG Output pipelining: DSP chiptop0/system/tile_prci_domain/element_reset_domain_rockettile/fpuOpt/sfma/fma/mulAddRecFNToRaw_postMul_io_mulAddResult_pipe_b1 output chiptop0/system/tile_prci_domain/element_reset_domain_rockettile/fpuOpt/sfma/fma/mulAddRecFNToRaw_postMul_io_mulAddResult_pipe_b1/P[47:0] is not pipelined (PREG=0). Pipelining the DSP48 output will improve performance and often saves power so it is suggested whenever possible to fully pipeline this function.  If this DSP48 function was inferred, it is suggested to describe an additional register stage after this function.  If the DSP48 was instantiated in the design, it is suggested to set the PREG attribute to 1.
WARNING: [DRC DPOP-3] PREG Output pipelining: DSP chiptop0/system/tile_prci_domain/element_reset_domain_rockettile/fpuOpt/sfma/fma/mulAddRecFNToRaw_postMul_io_mulAddResult_pipe_b1__0 output chiptop0/system/tile_prci_domain/element_reset_domain_rockettile/fpuOpt/sfma/fma/mulAddRecFNToRaw_postMul_io_mulAddResult_pipe_b1__0/P[47:0] is not pipelined (PREG=0). Pipelining the DSP48 output will improve performance and often saves power so it is suggested whenever possible to fully pipeline this function.  If this DSP48 function was inferred, it is suggested to describe an additional register stage after this function.  If the DSP48 was instantiated in the design, it is suggested to set the PREG attribute to 1.
WARNING: [DRC DPOP-4] MREG Output pipelining: DSP chiptop0/system/tile_prci_domain/element_reset_domain_rockettile/core/div/_prod_T_40 multiplier stage chiptop0/system/tile_prci_domain/element_reset_domain_rockettile/core/div/_prod_T_40/P[47:0] is not pipelined (MREG=0). Pipelining the multiplier function will improve performance and will save significant power so it is suggested whenever possible to fully pipeline this function.  If this multiplier was inferred, it is suggested to describe an additional register stage after this function.  If there is no registered adder/accumulator following the multiply function, two pipeline stages are suggested to allow both the MREG and PREG registers to be used.  If the DSP48 was instantiated in the design, it is suggested to set both the MREG and PREG attributes to 1 when performing multiply functions.
WARNING: [DRC DPOP-4] MREG Output pipelining: DSP chiptop0/system/tile_prci_domain/element_reset_domain_rockettile/core/div/_prod_T_40__1 multiplier stage chiptop0/system/tile_prci_domain/element_reset_domain_rockettile/core/div/_prod_T_40__1/P[47:0] is not pipelined (MREG=0). Pipelining the multiplier function will improve performance and will save significant power so it is suggested whenever possible to fully pipeline this function.  If this multiplier was inferred, it is suggested to describe an additional register stage after this function.  If there is no registered adder/accumulator following the multiply function, two pipeline stages are suggested to allow both the MREG and PREG registers to be used.  If the DSP48 was instantiated in the design, it is suggested to set both the MREG and PREG attributes to 1 when performing multiply functions.
WARNING: [DRC DPOP-4] MREG Output pipelining: DSP chiptop0/system/tile_prci_domain/element_reset_domain_rockettile/core/div/_prod_T_40__10 multiplier stage chiptop0/system/tile_prci_domain/element_reset_domain_rockettile/core/div/_prod_T_40__10/P[47:0] is not pipelined (MREG=0). Pipelining the multiplier function will improve performance and will save significant power so it is suggested whenever possible to fully pipeline this function.  If this multiplier was inferred, it is suggested to describe an additional register stage after this function.  If there is no registered adder/accumulator following the multiply function, two pipeline stages are suggested to allow both the MREG and PREG registers to be used.  If the DSP48 was instantiated in the design, it is suggested to set both the MREG and PREG attributes to 1 when performing multiply functions.
WARNING: [DRC DPOP-4] MREG Output pipelining: DSP chiptop0/system/tile_prci_domain/element_reset_domain_rockettile/core/div/_prod_T_40__11 multiplier stage chiptop0/system/tile_prci_domain/element_reset_domain_rockettile/core/div/_prod_T_40__11/P[47:0] is not pipelined (MREG=0). Pipelining the multiplier function will improve performance and will save significant power so it is suggested whenever possible to fully pipeline this function.  If this multiplier was inferred, it is suggested to describe an additional register stage after this function.  If there is no registered adder/accumulator following the multiply function, two pipeline stages are suggested to allow both the MREG and PREG registers to be used.  If the DSP48 was instantiated in the design, it is suggested to set both the MREG and PREG attributes to 1 when performing multiply functions.
WARNING: [DRC DPOP-4] MREG Output pipelining: DSP chiptop0/system/tile_prci_domain/element_reset_domain_rockettile/core/div/_prod_T_40__3 multiplier stage chiptop0/system/tile_prci_domain/element_reset_domain_rockettile/core/div/_prod_T_40__3/P[47:0] is not pipelined (MREG=0). Pipelining the multiplier function will improve performance and will save significant power so it is suggested whenever possible to fully pipeline this function.  If this multiplier was inferred, it is suggested to describe an additional register stage after this function.  If there is no registered adder/accumulator following the multiply function, two pipeline stages are suggested to allow both the MREG and PREG registers to be used.  If the DSP48 was instantiated in the design, it is suggested to set both the MREG and PREG attributes to 1 when performing multiply functions.
WARNING: [DRC DPOP-4] MREG Output pipelining: DSP chiptop0/system/tile_prci_domain/element_reset_domain_rockettile/core/div/_prod_T_40__5 multiplier stage chiptop0/system/tile_prci_domain/element_reset_domain_rockettile/core/div/_prod_T_40__5/P[47:0] is not pipelined (MREG=0). Pipelining the multiplier function will improve performance and will save significant power so it is suggested whenever possible to fully pipeline this function.  If this multiplier was inferred, it is suggested to describe an additional register stage after this function.  If there is no registered adder/accumulator following the multiply function, two pipeline stages are suggested to allow both the MREG and PREG registers to be used.  If the DSP48 was instantiated in the design, it is suggested to set both the MREG and PREG attributes to 1 when performing multiply functions.
WARNING: [DRC DPOP-4] MREG Output pipelining: DSP chiptop0/system/tile_prci_domain/element_reset_domain_rockettile/core/div/_prod_T_40__7 multiplier stage chiptop0/system/tile_prci_domain/element_reset_domain_rockettile/core/div/_prod_T_40__7/P[47:0] is not pipelined (MREG=0). Pipelining the multiplier function will improve performance and will save significant power so it is suggested whenever possible to fully pipeline this function.  If this multiplier was inferred, it is suggested to describe an additional register stage after this function.  If there is no registered adder/accumulator following the multiply function, two pipeline stages are suggested to allow both the MREG and PREG registers to be used.  If the DSP48 was instantiated in the design, it is suggested to set both the MREG and PREG attributes to 1 when performing multiply functions.
WARNING: [DRC DPOP-4] MREG Output pipelining: DSP chiptop0/system/tile_prci_domain/element_reset_domain_rockettile/core/div/_prod_T_40__8 multiplier stage chiptop0/system/tile_prci_domain/element_reset_domain_rockettile/core/div/_prod_T_40__8/P[47:0] is not pipelined (MREG=0). Pipelining the multiplier function will improve performance and will save significant power so it is suggested whenever possible to fully pipeline this function.  If this multiplier was inferred, it is suggested to describe an additional register stage after this function.  If there is no registered adder/accumulator following the multiply function, two pipeline stages are suggested to allow both the MREG and PREG registers to be used.  If the DSP48 was instantiated in the design, it is suggested to set both the MREG and PREG attributes to 1 when performing multiply functions.
WARNING: [DRC DPOP-4] MREG Output pipelining: DSP chiptop0/system/tile_prci_domain/element_reset_domain_rockettile/fpuOpt/dfma/fma/mulAddRecFNToRaw_postMul_io_mulAddResult_pipe_b1__0 multiplier stage chiptop0/system/tile_prci_domain/element_reset_domain_rockettile/fpuOpt/dfma/fma/mulAddRecFNToRaw_postMul_io_mulAddResult_pipe_b1__0/P[47:0] is not pipelined (MREG=0). Pipelining the multiplier function will improve performance and will save significant power so it is suggested whenever possible to fully pipeline this function.  If this multiplier was inferred, it is suggested to describe an additional register stage after this function.  If there is no registered adder/accumulator following the multiply function, two pipeline stages are suggested to allow both the MREG and PREG registers to be used.  If the DSP48 was instantiated in the design, it is suggested to set both the MREG and PREG attributes to 1 when performing multiply functions.
WARNING: [DRC DPOP-4] MREG Output pipelining: DSP chiptop0/system/tile_prci_domain/element_reset_domain_rockettile/fpuOpt/dfma/fma/mulAddRecFNToRaw_postMul_io_mulAddResult_pipe_b1__1 multiplier stage chiptop0/system/tile_prci_domain/element_reset_domain_rockettile/fpuOpt/dfma/fma/mulAddRecFNToRaw_postMul_io_mulAddResult_pipe_b1__1/P[47:0] is not pipelined (MREG=0). Pipelining the multiplier function will improve performance and will save significant power so it is suggested whenever possible to fully pipeline this function.  If this multiplier was inferred, it is suggested to describe an additional register stage after this function.  If there is no registered adder/accumulator following the multiply function, two pipeline stages are suggested to allow both the MREG and PREG registers to be used.  If the DSP48 was instantiated in the design, it is suggested to set both the MREG and PREG attributes to 1 when performing multiply functions.
WARNING: [DRC DPOP-4] MREG Output pipelining: DSP chiptop0/system/tile_prci_domain/element_reset_domain_rockettile/fpuOpt/dfma/fma/mulAddRecFNToRaw_postMul_io_mulAddResult_pipe_b1__4 multiplier stage chiptop0/system/tile_prci_domain/element_reset_domain_rockettile/fpuOpt/dfma/fma/mulAddRecFNToRaw_postMul_io_mulAddResult_pipe_b1__4/P[47:0] is not pipelined (MREG=0). Pipelining the multiplier function will improve performance and will save significant power so it is suggested whenever possible to fully pipeline this function.  If this multiplier was inferred, it is suggested to describe an additional register stage after this function.  If there is no registered adder/accumulator following the multiply function, two pipeline stages are suggested to allow both the MREG and PREG registers to be used.  If the DSP48 was instantiated in the design, it is suggested to set both the MREG and PREG attributes to 1 when performing multiply functions.
WARNING: [DRC DPOP-4] MREG Output pipelining: DSP chiptop0/system/tile_prci_domain/element_reset_domain_rockettile/fpuOpt/dfma/fma/mulAddRecFNToRaw_postMul_io_mulAddResult_pipe_b1__5 multiplier stage chiptop0/system/tile_prci_domain/element_reset_domain_rockettile/fpuOpt/dfma/fma/mulAddRecFNToRaw_postMul_io_mulAddResult_pipe_b1__5/P[47:0] is not pipelined (MREG=0). Pipelining the multiplier function will improve performance and will save significant power so it is suggested whenever possible to fully pipeline this function.  If this multiplier was inferred, it is suggested to describe an additional register stage after this function.  If there is no registered adder/accumulator following the multiply function, two pipeline stages are suggested to allow both the MREG and PREG registers to be used.  If the DSP48 was instantiated in the design, it is suggested to set both the MREG and PREG attributes to 1 when performing multiply functions.
WARNING: [DRC DPOP-4] MREG Output pipelining: DSP chiptop0/system/tile_prci_domain/element_reset_domain_rockettile/fpuOpt/dfma/fma/mulAddRecFNToRaw_postMul_io_mulAddResult_pipe_b1__7 multiplier stage chiptop0/system/tile_prci_domain/element_reset_domain_rockettile/fpuOpt/dfma/fma/mulAddRecFNToRaw_postMul_io_mulAddResult_pipe_b1__7/P[47:0] is not pipelined (MREG=0). Pipelining the multiplier function will improve performance and will save significant power so it is suggested whenever possible to fully pipeline this function.  If this multiplier was inferred, it is suggested to describe an additional register stage after this function.  If there is no registered adder/accumulator following the multiply function, two pipeline stages are suggested to allow both the MREG and PREG registers to be used.  If the DSP48 was instantiated in the design, it is suggested to set both the MREG and PREG attributes to 1 when performing multiply functions.
WARNING: [DRC DPOP-4] MREG Output pipelining: DSP chiptop0/system/tile_prci_domain/element_reset_domain_rockettile/fpuOpt/hfma/fma/mulAddRecFNToRaw_postMul_io_mulAddResult_pipe_b_reg multiplier stage chiptop0/system/tile_prci_domain/element_reset_domain_rockettile/fpuOpt/hfma/fma/mulAddRecFNToRaw_postMul_io_mulAddResult_pipe_b_reg/P[47:0] is not pipelined (MREG=0). Pipelining the multiplier function will improve performance and will save significant power so it is suggested whenever possible to fully pipeline this function.  If this multiplier was inferred, it is suggested to describe an additional register stage after this function.  If there is no registered adder/accumulator following the multiply function, two pipeline stages are suggested to allow both the MREG and PREG registers to be used.  If the DSP48 was instantiated in the design, it is suggested to set both the MREG and PREG attributes to 1 when performing multiply functions.
WARNING: [DRC DPOP-4] MREG Output pipelining: DSP chiptop0/system/tile_prci_domain/element_reset_domain_rockettile/fpuOpt/sfma/fma/mulAddRecFNToRaw_postMul_io_mulAddResult_pipe_b1 multiplier stage chiptop0/system/tile_prci_domain/element_reset_domain_rockettile/fpuOpt/sfma/fma/mulAddRecFNToRaw_postMul_io_mulAddResult_pipe_b1/P[47:0] is not pipelined (MREG=0). Pipelining the multiplier function will improve performance and will save significant power so it is suggested whenever possible to fully pipeline this function.  If this multiplier was inferred, it is suggested to describe an additional register stage after this function.  If there is no registered adder/accumulator following the multiply function, two pipeline stages are suggested to allow both the MREG and PREG registers to be used.  If the DSP48 was instantiated in the design, it is suggested to set both the MREG and PREG attributes to 1 when performing multiply functions.
WARNING: [DRC DPOP-4] MREG Output pipelining: DSP chiptop0/system/tile_prci_domain/element_reset_domain_rockettile/fpuOpt/sfma/fma/mulAddRecFNToRaw_postMul_io_mulAddResult_pipe_b1__0 multiplier stage chiptop0/system/tile_prci_domain/element_reset_domain_rockettile/fpuOpt/sfma/fma/mulAddRecFNToRaw_postMul_io_mulAddResult_pipe_b1__0/P[47:0] is not pipelined (MREG=0). Pipelining the multiplier function will improve performance and will save significant power so it is suggested whenever possible to fully pipeline this function.  If this multiplier was inferred, it is suggested to describe an additional register stage after this function.  If there is no registered adder/accumulator following the multiply function, two pipeline stages are suggested to allow both the MREG and PREG registers to be used.  If the DSP48 was instantiated in the design, it is suggested to set both the MREG and PREG attributes to 1 when performing multiply functions.
WARNING: [DRC RTSTAT-10] No routable loads: 3 net(s) have no routable loads. The problem bus(es) and/or net(s) are chiptop0/system/tile_prci_domain/element_reset_domain_rockettile/core/ex_ctrl_alu_fn[0], chiptop0/system/tile_prci_domain/element_reset_domain_rockettile/frontend/fq/ex_ctrl_alu_fn[0]_i_5_2, and chiptop0/system/tile_prci_domain/element_reset_domain_rockettile/frontend/fq/ex_ctrl_alu_fn[3]_i_6_0.
INFO: [Vivado 12-3199] DRC finished with 3664 Errors, 43 Warnings
INFO: [Vivado 12-3200] Please refer to the DRC report (report_drc) for more information.
ERROR: [Vivado 12-1345] Error(s) found during DRC. Bitgen not run.
INFO: [Common 17-83] Releasing license: Implementation
7 Infos, 43 Warnings, 0 Critical Warnings and 105 Errors encountered.
write_bitstream failed
write_bitstream: Time (s): cpu = 00:00:38 ; elapsed = 00:00:23 . Memory (MB): peak = 4642.758 ; gain = 1237.422
ERROR: [Common 17-39] 'write_bitstream' failed due to earlier errors.

    while executing
"write_bitstream -force $out_bit"
    (file "scripts/insert_ila_heartbeat_zcu104.tcl" line 80)
INFO: [Common 17-206] Exiting Vivado at Tue Mar 17 13:49:09 2026...
