mkdir -p /root/chipyard/fpga/generated-src/chipyard.fpga.zcu104.ZCU104FPGATestHarness.RocketZCU104Config
(set -o pipefail && 	cd /root/chipyard && java -cp /root/chipyard/.classpath_cache/chipyard_fpga.jar chipyard.Generator  --target-dir /root/chipyard/fpga/generated-src/chipyard.fpga.zcu104.ZCU104FPGATestHarness.RocketZCU104Config --name chipyard.fpga.zcu104.ZCU104FPGATestHarness.RocketZCU104Config --top-module chipyard.fpga.zcu104.ZCU104FPGATestHarness --legacy-configs chipyard.fpga.zcu104:RocketZCU104Config   | tee /root/chipyard/fpga/generated-src/chipyard.fpga.zcu104.ZCU104FPGATestHarness.RocketZCU104Config/chipyard.fpga.zcu104.ZCU104FPGATestHarness.RocketZCU104Config.chisel.log)
Picked up JAVA_TOOL_OPTIONS: -Xmx8G -Xss8M -Djava.io.tmpdir=/root/chipyard/.java_tmp
ZCU104 FPGA Base Clock Freq: 50 MHz
mem AXI4-ID <= TL-Source mapping:
	[ 0, 16) <= [ 0, 16) "chip_ddr"

make[1]: Entering directory '/root/chipyard/fpga/src/main/resources/zcu104/sdboot'
make[1]: Nothing to be done for 'bin'.
make[1]: Leaving directory '/root/chipyard/fpga/src/main/resources/zcu104/sdboot'
L2 InclusiveCache Client Map:
	0 <= debug
	1 <= Core 0 DCache
	2 <= Core 0 ICache

Interrupt map (2 harts 2 interrupts):
  [1, 1] => uart_0
  [2, 2] => spi_0

<stdin>:79.18-84.5: Warning (simple_bus_reg): /soc/cbus_clock: missing or empty reg/ranges property
<stdin>:106.18-111.5: Warning (simple_bus_reg): /soc/fbus_clock: missing or empty reg/ranges property
<stdin>:122.19-127.5: Warning (simple_bus_reg): /soc/mbus_clock: missing or empty reg/ranges property
<stdin>:128.18-133.5: Warning (simple_bus_reg): /soc/pbus_clock: missing or empty reg/ranges property
<stdin>:139.18-144.5: Warning (simple_bus_reg): /soc/sbus_clock: missing or empty reg/ranges property
<stdin>:42.30-46.6: Warning (interrupt_provider): /cpus/cpu@0/interrupt-controller: Missing #address-cells in interrupt provider
<stdin>:112.37-121.5: Warning (interrupt_provider): /soc/interrupt-controller@c000000: Missing #address-cells in interrupt provider
Clock sbus_0: using diplomatically specified frequency of 50.0.
Clock pbus_0: using diplomatically specified frequency of 50.0.
Clock fbus_0: using diplomatically specified frequency of 50.0.
Clock mbus_0: using diplomatically specified frequency of 50.0.
Clock cbus_0: using diplomatically specified frequency of 50.0.
Leaving clock group uncore with synchronous reset
/dts-v1/;

/ {
	#address-cells = <1>;
	#size-cells = <1>;
	compatible = "ucb-bar,chipyard-dev";
	model = "ucb-bar,chipyard";
	L3: aliases {
		serial0 = &L27;
	};
	L19: chosen {
		stdout-path = &L27;
	};
	L2: cpus {
		#address-cells = <1>;
		#size-cells = <0>;
		timebase-frequency = <50000>;
		L14: cpu@0 {
			clock-frequency = <0>;
			compatible = "sifive,rocket0", "riscv";
			d-cache-block-size = <64>;
			d-cache-sets = <64>;
			d-cache-size = <32768>;
			d-tlb-sets = <1>;
			d-tlb-size = <32>;
			device_type = "cpu";
			hardware-exec-breakpoint-count = <1>;
			i-cache-block-size = <64>;
			i-cache-sets = <64>;
			i-cache-size = <32768>;
			i-tlb-sets = <1>;
			i-tlb-size = <32>;
			mmu-type = "riscv,sv39";
			next-level-cache = <&L11>;
			reg = <0x0>;
			riscv,isa = "rv64imafdcbzicsr_zifencei_zihpm_zfh_zba_zbb_zbs_xrocket";
			riscv,pmpgranularity = <4>;
			riscv,pmpregions = <8>;
			status = "okay";
			timebase-frequency = <50000>;
			tlb-split;
			L12: interrupt-controller {
				#interrupt-cells = <1>;
				compatible = "riscv,cpu-intc";
				interrupt-controller;
			};
		};
	};
	L25: memory@8000000 {
		device_type = "memory";
		reg = <0x8000000 0x10000>;
		status = "disabled";
	};
	L21: memory@80000000 {
		device_type = "memory";
		reg = <0x80000000 0x80000000>;
	};
	L1: soc {
		#address-cells = <1>;
		#size-cells = <1>;
		compatible = "ucb-bar,chipyard-soc", "simple-bus";
		ranges;
		L26: boot-address-reg@1000 {
			reg = <0x1000 0x1000>;
			reg-names = "control";
		};
		L11: cache-controller@2010000 {
			cache-block-size = <64>;
			cache-level = <2>;
			cache-sets = <1024>;
			cache-size = <524288>;
			cache-unified;
			compatible = "sifive,inclusivecache0", "cache";
			next-level-cache = <&L21 &L25>;
			reg = <0x2010000 0x1000>;
			reg-names = "control";
			sifive,mshr-count = <7>;
		};
		L8: cbus_clock {
			#clock-cells = <0>;
			clock-frequency = <50000000>;
			clock-output-names = "cbus_clock";
			compatible = "fixed-clock";
		};
		L15: clint@2000000 {
			compatible = "riscv,clint0";
			interrupts-extended = <&L12 3 &L12 7>;
			reg = <0x2000000 0x10000>;
			reg-names = "control";
		};
		L29: clock-gater@100000 {
			reg = <0x100000 0x1000>;
			reg-names = "control";
		};
		L17: debug-controller@0 {
			compatible = "sifive,debug-013", "riscv,debug-013";
			debug-attach = "jtag";
			interrupts-extended = <&L12 65535>;
			reg = <0x0 0x1000>;
			reg-names = "control";
		};
		L9: error-device@3000 {
			compatible = "sifive,error0";
			reg = <0x3000 0x1000>;
		};
		L7: fbus_clock {
			#clock-cells = <0>;
			clock-frequency = <50000000>;
			clock-output-names = "fbus_clock";
			compatible = "fixed-clock";
		};
		L16: interrupt-controller@c000000 {
			#interrupt-cells = <1>;
			compatible = "riscv,plic0";
			interrupt-controller;
			interrupts-extended = <&L12 11 &L12 9>;
			reg = <0xc000000 0x4000000>;
			reg-names = "control";
			riscv,max-priority = <3>;
			riscv,ndev = <2>;
		};
		L10: mbus_clock {
			#clock-cells = <0>;
			clock-frequency = <50000000>;
			clock-output-names = "mbus_clock";
			compatible = "fixed-clock";
		};
		L6: pbus_clock {
			#clock-cells = <0>;
			clock-frequency = <50000000>;
			clock-output-names = "pbus_clock";
			compatible = "fixed-clock";
		};
		L24: rom@10000 {
			compatible = "sifive,rom0";
			reg = <0x10000 0x10000>;
			reg-names = "mem";
		};
		L5: sbus_clock {
			#clock-cells = <0>;
			clock-frequency = <50000000>;
			clock-output-names = "sbus_clock";
			compatible = "fixed-clock";
		};
		L27: serial@64000000 {
			clocks = <&L6>;
			compatible = "sifive,uart0";
			interrupt-parent = <&L16>;
			interrupts = <1>;
			reg = <0x64000000 0x1000>;
			reg-names = "control";
		};
		L28: spi@64001000 {
			#address-cells = <1>;
			#size-cells = <0>;
			clocks = <&L6>;
			compatible = "sifive,spi0";
			interrupt-parent = <&L16>;
			interrupts = <2>;
			reg = <0x64001000 0x1000>;
			reg-names = "control";
			L31: mmc@0 {
				compatible = "mmc-spi-slot";
				disable-wp;
				reg = <0x0>;
				spi-max-frequency = <1000000>;
				voltage-ranges = <3300 3300>;
			};
		};
		L30: tile-reset-setter@110000 {
			reg = <0x110000 0x1000>;
			reg-names = "control";
		};
	};
};

Generated Address Map
	       0 -     1000 ARWX  debug-controller@0
	    1000 -     2000 ARW   boot-address-reg@1000
	    3000 -     4000 ARWX  error-device@3000
	   10000 -    20000  R X  rom@10000
	  100000 -   101000 ARW   clock-gater@100000
	  110000 -   111000 ARW   tile-reset-setter@110000
	 2000000 -  2010000 ARW   clint@2000000
	 2010000 -  2011000 ARW   cache-controller@2010000
	 8000000 -  8010000 ARWXC memory@8000000
	 c000000 - 10000000 ARW   interrupt-controller@c000000
	64000000 - 64001000 ARW   serial@64000000
	64001000 - 64002000 ARW   spi@64001000
	80000000 - 100000000 ARWXC memory@80000000

IOCells generated by IOBinders:
  IOBinder for interface sifive.blocks.devices.uart.HasPeripheryUART generated:
    1 X GenericDigitalInIOCell
    1 X GenericDigitalOutIOCell
  IOBinder for interface testchipip.boot.CanHavePeripheryCustomBootPin generated:
    1 X GenericDigitalInIOCell
  IOBinder for interface freechips.rocketchip.devices.debug.HasPeripheryDebug generated:
    4 X GenericDigitalInIOCell
    1 X GenericDigitalOutIOCell
  IOBinder for interface chipyard.clocking.CanHaveClockTap generated:
    1 X GenericDigitalOutIOCell

  Total generated 9 IOCells:
    6 X GenericDigitalInIOCell
    3 X GenericDigitalOutIOCell
Harness binder clock is 50.0
[warn] generators/rocket-chip/src/main/scala/tilelink/FIFOFixer.scala 80:43: [W004] Dynamic index with width 1 is too wide for Vec of size 1 (expected index width 0).
[warn]       when (a_first && in.a.fire) { flight(in.a.bits.source) := !a_notFIFO }
[warn]                                           ^
[warn] generators/rocket-chip/src/main/scala/tilelink/FIFOFixer.scala 81:43: [W004] Dynamic index with width 1 is too wide for Vec of size 1 (expected index width 0).
[warn]       when (d_first && in.d.fire) { flight(in.d.bits.source) := false.B }
[warn]                                           ^
[warn] There were 2 warning(s) during hardware elaboration.
echo "$mfc_extra_anno_contents" > /root/chipyard/fpga/generated-src/chipyard.fpga.zcu104.ZCU104FPGATestHarness.RocketZCU104Config/chipyard.fpga.zcu104.ZCU104FPGATestHarness.RocketZCU104Config.extrafirtool.anno.json
jq -s '[.[][]]' /root/chipyard/fpga/generated-src/chipyard.fpga.zcu104.ZCU104FPGATestHarness.RocketZCU104Config/chipyard.fpga.zcu104.ZCU104FPGATestHarness.RocketZCU104Config.anno.json /root/chipyard/fpga/generated-src/chipyard.fpga.zcu104.ZCU104FPGATestHarness.RocketZCU104Config/chipyard.fpga.zcu104.ZCU104FPGATestHarness.RocketZCU104Config.extrafirtool.anno.json > /root/chipyard/fpga/generated-src/chipyard.fpga.zcu104.ZCU104FPGATestHarness.RocketZCU104Config/chipyard.fpga.zcu104.ZCU104FPGATestHarness.RocketZCU104Config.appended.anno.json
mkdir -p /root/chipyard/fpga/generated-src/chipyard.fpga.zcu104.ZCU104FPGATestHarness.RocketZCU104Config/
echo "emittedLineLength=2048,noAlwaysComb,disallowLocalVariables,verifLabels,disallowPortDeclSharing,locationInfoStyle=wrapInAtSquareBracket" > /root/chipyard/fpga/generated-src/chipyard.fpga.zcu104.ZCU104FPGATestHarness.RocketZCU104Config/.mfc_lowering_options
Error: firtool not found in PATH. Set up your tool environment before building this target.
make: *** [/root/chipyard/common.mk:218: /root/chipyard/fpga/generated-src/chipyard.fpga.zcu104.ZCU104FPGATestHarness.RocketZCU104Config/model_module_hierarchy.json] Error 1
