'\\wsl.localhost\Ubuntu-22.04\root\chipyard\fpga'
用作为当前目录的以上路径启动了 CMD.EXE。
UNC 路径不受支持。默认值设为 Windows 目录。

****** Vivado v2021.2 (64-bit)
  **** SW Build 3367213 on Tue Oct 19 02:48:09 MDT 2021
  **** IP Build 3369179 on Thu Oct 21 08:25:16 MDT 2021
    ** Copyright 1986-2021 Xilinx, Inc. All Rights Reserved.

source scripts/insert_ila_heartbeat_zcu104.tcl
# if { $argc < 2 } {
#   puts "Usage: vivado -mode batch -source scripts/insert_ila_heartbeat_zcu104.tcl -tclargs <in_post_route_dcp> <out_dir>"
#   exit 2
# }
# set in_dcp [lindex $argv 0]
# set out_dir [lindex $argv 1]
# file mkdir $out_dir
# open_checkpoint $in_dcp
Command: open_checkpoint generated-src/chipyard.fpga.zcu104.ZCU104FPGATestHarness.RocketZCU104Config/obj/post_route.dcp

Starting open_checkpoint Task

Time (s): cpu = 00:00:00 ; elapsed = 00:00:00.020 . Memory (MB): peak = 1603.270 ; gain = 0.000
INFO: [Device 21-403] Loading part xczu7ev-ffvc1156-2-e
Netlist sorting complete. Time (s): cpu = 00:00:01 ; elapsed = 00:00:00.720 . Memory (MB): peak = 1909.402 ; gain = 1.805
INFO: [Netlist 29-17] Analyzing 3563 Unisim elements for replacement
INFO: [Netlist 29-28] Unisim Transformation completed in 1 CPU seconds
INFO: [Project 1-479] Netlist was created with Vivado 2021.2
INFO: [Project 1-570] Preparing netlist for logic optimization
INFO: [Timing 38-478] Restoring timing data from binary archive.
INFO: [Timing 38-479] Binary timing data restore complete.
INFO: [Project 1-856] Restoring constraints from binary archive.
INFO: [Project 1-853] Binary constraint restore complete.
Reading XDEF placement.
Reading placer database...
Reading XDEF routing.
Read XDEF File: Time (s): cpu = 00:00:06 ; elapsed = 00:00:07 . Memory (MB): peak = 2690.664 ; gain = 93.285
Restored from archive | CPU: 6.000000 secs | Memory: 0.000000 MB |
Finished XDEF File Restore: Time (s): cpu = 00:00:06 ; elapsed = 00:00:07 . Memory (MB): peak = 2690.664 ; gain = 93.285
Netlist sorting complete. Time (s): cpu = 00:00:00 ; elapsed = 00:00:00.015 . Memory (MB): peak = 3159.758 ; gain = 0.000
INFO: [Project 1-111] Unisim Transformation Summary:
  A total of 529 instances were transformed.
  DSP48E2 => DSP48E2 (DSP_ALU, DSP_A_B_DATA, DSP_C_DATA, DSP_MULTIPLIER, DSP_M_DATA, DSP_OUTPUT, DSP_PREADD, DSP_PREADD_DATA): 25 instances
  IBUF => IBUF (IBUFCTRL, INBUF): 5 instances
  IBUFDS => IBUFDS (DIFFINBUF, IBUFCTRL): 1 instance 
  RAM16X1D => RAM32X1D (RAMD32(x2)): 22 instances
  RAM256X1D => RAM256X1D (MUXF7(x4), MUXF8(x2), RAMD64E(x8)): 2 instances
  RAM32M => RAM32M (RAMD32(x6), RAMS32(x2)): 28 instances
  RAM32M16 => RAM32M16 (RAMD32(x14), RAMS32(x2)): 362 instances
  RAM32X1D => RAM32X1D (RAMD32(x2)): 8 instances
  RAM64M => RAM64M (RAMD64E(x4)): 2 instances
  RAM64M8 => RAM64M8 (RAMD64E(x8)): 66 instances
  RAM64X1D => RAM64X1D (RAMD64E(x2)): 8 instances

INFO: [Project 1-604] Checkpoint was created with Vivado v2021.2 (64-bit) build 3367213
open_checkpoint: Time (s): cpu = 00:00:33 ; elapsed = 00:00:44 . Memory (MB): peak = 3159.758 ; gain = 1556.488
# set clk_net       [get_nets -quiet _dutWrangler_auto_out_clock]
# set rst_net       [get_nets -quiet _dutWrangler_auto_out_reset]
# set reg25_net     [get_nets -quiet heartbeat_out_OBUF]
# set hb_port_net   [get_nets -quiet heartbeat_out]
# set pll_lock_net  [get_nets -quiet harnessSysPLL/inst/locked]
# set reg_lo8_nets [list \
#   [get_nets -quiet REG_reg_n_0_\[0\]] \
#   [get_nets -quiet REG_reg_n_0_\[1\]] \
#   [get_nets -quiet REG_reg_n_0_\[2\]] \
#   [get_nets -quiet REG_reg_n_0_\[3\]] \
#   [get_nets -quiet REG_reg_n_0_\[4\]] \
#   [get_nets -quiet REG_reg_n_0_\[5\]] \
#   [get_nets -quiet REG_reg_n_0_\[6\]] \
#   [get_nets -quiet REG_reg_n_0_\[7\]] \
# ]
# set missing {}
# foreach {name netobj} [list \
#   clk_net $clk_net \
#   rst_net $rst_net \
#   reg25_net $reg25_net \
#   hb_port_net $hb_port_net \
#   pll_lock_net $pll_lock_net \
# ] {
#   if { $netobj eq "" } { lappend missing $name }
# }
# for {set i 0} {$i < 8} {incr i} {
#   if { [lindex $reg_lo8_nets $i] eq "" } { lappend missing "reg_lo8_$i" }
# }
# if { [llength $missing] > 0 } {
#   puts "ERROR: missing required nets: $missing"
#   exit 3
# }
# create_debug_core u_ila_heartbeat ila
# set dbg [get_debug_cores u_ila_heartbeat]
# set_property C_DATA_DEPTH 4096 $dbg
# set_property C_INPUT_PIPE_STAGES 0 $dbg
# set_property C_EN_STRG_QUAL 1 $dbg
# set_property C_NUM_OF_PROBES 5 $dbg
ERROR: [Vivado 12-4444] Invalid property name C_NUM_OF_PROBES. Use the 'list_property' command to find properties supported by the debug_core object
ERROR: [Common 17-39] 'set_property' failed due to earlier errors.

    while executing
"rdi::set_property C_NUM_OF_PROBES 5 u_ila_heartbeat"
    invoked from within
"set_property C_NUM_OF_PROBES 5 $dbg"
    (file "scripts/insert_ila_heartbeat_zcu104.tcl" line 53)
INFO: [Common 17-206] Exiting Vivado at Tue Mar 17 13:44:36 2026...
