'\\wsl.localhost\Ubuntu-22.04\root\chipyard\fpga'
用作为当前目录的以上路径启动了 CMD.EXE。
UNC 路径不受支持。默认值设为 Windows 目录。

==== connect hw_server ====
attempting to launch hw_server

****** Xilinx hw_server v2021.2
  **** Build date : Oct 19 2021 at 03:13:30
    ** Copyright 1986-2021 Xilinx, Inc. All Rights Reserved.

INFO: hw_server application started
INFO: Use Ctrl-C to exit hw_server application



****** Xilinx hw_server v2021.2

  **** Build date : Oct 19 2021 at 03:13:30

    ** Copyright 1986-2021 Xilinx, Inc. All Rights Reserved.



INFO: hw_server application started

INFO: Use Ctrl-C to exit hw_server application




INFO: To connect to this hw_server instance use url: TCP:127.0.0.1:3121




==== select PSU ====
  1  PS TAP
     2  PMU
     3  PL
  4* PSU
     5  RPU (Reset)
        6  Cortex-R5 #0 (RPU Reset)
        7  Cortex-R5 #1 (RPU Reset)
     8  APU (L2 Cache Reset)
        9  Cortex-A53 #0 (APU Reset)
       10  Cortex-A53 #1 (APU Reset)
       11  Cortex-A53 #2 (APU Reset)
       12  Cortex-A53 #3 (APU Reset)

==== program clock-gater + boot controls ====

==== readback ====
CLOCK_GATER=  100000:   00000001

BOOTADDR_LO=    1000:   80000000

BOOTADDR_HI=    1004:   00000000

TILE_RESET=  110000:   00000000

MSIP= 2000000:   00000001


==== disconnect ====
