Open On-Chip Debugger 0.12.0+dev-geb01c63 (2025-10-09-10:12)
Licensed under GNU GPL v2
For bug reports, read
	http://openocd.org/doc/doxygen/bugs.html
DEPRECATED! use 'gdb port', not 'gdb_port'
DEPRECATED! use 'telnet port', not 'telnet_port'
DEPRECATED! use 'tcl port' not 'tcl_port'
Debug: 6 12 command.c:86 script_debug(): command - adapter driver ftdi
Debug: 7 12 command.c:86 script_debug(): command - ftdi vid_pid 0x0403 0x6011
Debug: 8 12 command.c:86 script_debug(): command - adapter serial 07198
Debug: 9 12 command.c:86 script_debug(): command - ftdi channel 0
Debug: 10 13 command.c:86 script_debug(): command - ftdi layout_init 0x00e8 0x60eb
Debug: 11 13 command.c:86 script_debug(): command - transport select jtag
Debug: 12 13 command.c:86 script_debug(): command - reset_config none
Debug: 13 13 command.c:86 script_debug(): command - adapter speed 1000
Debug: 14 13 adapter.c:252 adapter_config_khz(): handle adapter khz
Debug: 15 14 adapter.c:215 adapter_khz_to_speed(): convert khz to adapter specific speed value
Debug: 16 14 adapter.c:215 adapter_khz_to_speed(): convert khz to adapter specific speed value
Debug: 17 14 command.c:86 script_debug(): command - jtag newtap uscale tap -irlen 4 -ircapture 0x1 -irmask 0xf -expected-id 0x5ba00477
Debug: 18 14 tcl.c:404 handle_jtag_newtap_args(): Creating New Tap, Chip: uscale, Tap: tap, Dotted: uscale.tap, 8 params
Debug: 19 14 core.c:1488 jtag_tap_init(): Created Tap: uscale.tap @ abs position 0, irlen 4, capture: 0x1 mask: 0xf
Debug: 20 15 command.c:86 script_debug(): command - jtag newtap uscale ps -irlen 12 -ircapture 0x1 -irmask 0x03 -ignore-version -expected-id 0x04711093 -expected-id 0x04710093 -expected-id 0x04721093 -expected-id 0x04720093 -expected-id 0x04739093 -expected-id 0x04730093 -expected-id 0x04738093 -expected-id 0x04740093 -expected-id 0x04750093 -expected-id 0x04759093 -expected-id 0x04758093
Debug: 21 15 tcl.c:404 handle_jtag_newtap_args(): Creating New Tap, Chip: uscale, Tap: ps, Dotted: uscale.ps, 29 params
Debug: 22 15 core.c:1488 jtag_tap_init(): Created Tap: uscale.ps @ abs position 1, irlen 12, capture: 0x1 mask: 0x3
Debug: 23 15 command.c:86 script_debug(): command - jtag configure uscale.ps -event setup 
  global _CHIPNAME
  global jtag_configured
  if { $jtag_configured == 0 } {
    irscan $_CHIPNAME.ps 0x824
    drscan $_CHIPNAME.ps 32 0x00000003
    runtest 100
    set jtag_configured 1
    jtag arp_init
  }

Debug: 24 16 command.c:86 script_debug(): command - target create riscv_bscan_ps riscv -chain-position uscale.ps
Debug: 25 20 riscv.c:494 riscv_create_target(): [riscv_bscan_ps] riscv_create_target()
Debug: 26 20 command.c:86 script_debug(): command - riscv set_bscan_tunnel_ir 0x926
Info : 27 21 riscv.c:4872 riscv_set_bscan_tunnel_ir(): Bscan tunnel IR 0x926 selected
Debug: 28 21 command.c:86 script_debug(): command - riscv use_bscan_tunnel 5 0
Info : 29 21 riscv.c:4851 riscv_use_bscan_tunnel(): Nested Tap based Bscan Tunnel Selected
Debug: 30 22 command.c:86 script_debug(): command - init
Debug: 31 22 command.c:86 script_debug(): command - target init
Debug: 32 22 command.c:86 script_debug(): command - target names
Debug: 33 22 command.c:86 script_debug(): command - riscv_bscan_ps cget -event gdb-flash-erase-start
Debug: 34 22 command.c:86 script_debug(): command - riscv_bscan_ps configure -event gdb-flash-erase-start reset init
Debug: 35 22 command.c:86 script_debug(): command - riscv_bscan_ps cget -event gdb-flash-write-end
Debug: 36 22 command.c:86 script_debug(): command - riscv_bscan_ps configure -event gdb-flash-write-end reset halt
Debug: 37 23 command.c:86 script_debug(): command - riscv_bscan_ps cget -event gdb-attach
Debug: 38 23 command.c:86 script_debug(): command - riscv_bscan_ps configure -event gdb-attach halt 1000
Debug: 39 23 target.c:1603 handle_target_init_command(): Initializing targets...
Debug: 40 23 riscv.c:666 riscv_init_target(): [riscv_bscan_ps] riscv_init_target()
Debug: 41 24 semihosting_common.c:109 semihosting_common_init():  
Debug: 42 24 ftdi.c:731 ftdi_initialize(): ftdi interface using shortest path jtag state transitions
Debug: 43 48 mpsse.c:429 mpsse_purge(): -
Debug: 44 49 mpsse.c:710 mpsse_loopback_config(): off
Debug: 45 49 mpsse.c:755 mpsse_set_frequency(): target 1000000 Hz
Debug: 46 49 mpsse.c:747 mpsse_rtck_config(): off
Debug: 47 49 mpsse.c:736 mpsse_divide_by_5_config(): off
Debug: 48 49 mpsse.c:716 mpsse_set_divisor(): 29
Debug: 49 50 mpsse.c:779 mpsse_set_frequency(): actually 1000000 Hz
Debug: 50 50 adapter.c:215 adapter_khz_to_speed(): convert khz to adapter specific speed value
Debug: 51 50 adapter.c:219 adapter_khz_to_speed(): have adapter set up
Debug: 52 50 mpsse.c:755 mpsse_set_frequency(): target 1000000 Hz
Debug: 53 50 mpsse.c:747 mpsse_rtck_config(): off
Debug: 54 50 mpsse.c:736 mpsse_divide_by_5_config(): off
Debug: 55 50 mpsse.c:716 mpsse_set_divisor(): 29
Debug: 56 50 mpsse.c:779 mpsse_set_frequency(): actually 1000000 Hz
Debug: 57 50 adapter.c:215 adapter_khz_to_speed(): convert khz to adapter specific speed value
Debug: 58 50 adapter.c:219 adapter_khz_to_speed(): have adapter set up
Info : 59 51 adapter.c:180 adapter_init(): clock speed 1000 kHz
Debug: 60 51 openocd.c:133 handle_init_command(): Debug Adapter init complete
Debug: 61 51 command.c:86 script_debug(): command - transport init
Debug: 62 51 transport.c:274 handle_transport_init(): handle_transport_init
Debug: 63 52 core.c:843 jtag_add_reset(): SRST line released
Debug: 64 52 core.c:868 jtag_add_reset(): TRST line released
Debug: 65 52 core.c:334 jtag_call_event_callbacks(): jtag event: TAP reset
Debug: 66 52 command.c:86 script_debug(): command - jtag arp_init
Debug: 67 52 core.c:1522 jtag_init_inner(): Init JTAG chain
Debug: 68 53 core.c:334 jtag_call_event_callbacks(): jtag event: TAP reset
Debug: 69 53 core.c:1248 jtag_examine_chain(): DR scan interrogation for IDCODE/BYPASS
Debug: 70 53 core.c:334 jtag_call_event_callbacks(): jtag event: TAP reset
Warn : 71 2150 mpsse.c:909 mpsse_flush(): Haven't made progress in mpsse_flush() for 2097ms.
Warn : 72 4190 mpsse.c:909 mpsse_flush(): Haven't made progress in mpsse_flush() for 4137ms.
Warn : 73 8269 mpsse.c:909 mpsse_flush(): Haven't made progress in mpsse_flush() for 8216ms.
Warn : 74 16174 mpsse.c:909 mpsse_flush(): Haven't made progress in mpsse_flush() for 16121ms.
Warn : 75 32239 mpsse.c:909 mpsse_flush(): Haven't made progress in mpsse_flush() for 32186ms.
Warn : 76 64114 mpsse.c:909 mpsse_flush(): Haven't made progress in mpsse_flush() for 64061ms.
