The target architecture is set to "riscv:rv64".
warning: No executable has been specified and target does not support
determining executable automatically.  Try using the "file" command.
0x0000000000000000 in ?? ()

=== PHASE: LOAD (via XSDB ARM core) ===

'\\wsl.localhost\Ubuntu-22.04\root\chipyard\fpga'
用作为当前目录的以上路径启动了 CMD.EXE。
UNC 路径不受支持。默认值设为 Windows 目录。

==== check input files ====
fw_payload.bin (orig) = \\wsl.localhost\Ubuntu-22.04\root\chipyard\software\firemarshal\boards\default\firmware\opensbi\build\platform\generic\firmware\fw_payload.bin (28133384 bytes)
fw_payload.bin (load) = \\wsl.localhost\Ubuntu-22.04\tmp\fw_payload_padded_0x2000.bin (28141576 bytes)
firmware compensation: enabled (padded source to cancel 0x2000 source-skip bug)
DTB            = \\wsl.localhost\Ubuntu-22.04\root\chipyard\fpga\linux-bringup\demo-assets\dtb\chipyard-zcu104-linux.dtb (4201 bytes)

==== connect hw_server ====
Memory access checks bypassed.

==== select PSU target for direct memory access ====
Using PSU target for cache-bypassing DDR writes.

==== load DTB -> DDR 0x02400000 (Rocket 0x82400000) ====
Loading DTB (4201 bytes, 1051 words)...
DTB loaded.

==== load fw_payload.bin -> DDR 0x00000000 (Rocket 0x80000000) -- 28MB ====
Loading firmware (28133384 bytes, 7033346 words)...
This may take a few minutes via debug transport...
Firmware loaded.

==== verify key addresses (via debug APB, bypassing cache) ====
  OpenSBI @ DDR 0x00000000 (Rocket 0x80000000) = 0x0e976f05
  Linux   @ DDR 0x00200000 (Rocket 0x80200000) = 0x106f5a4d
  DTB     @ DDR 0x02400000 (Rocket 0x82400000) = 0xedfe0dd0

==== disconnect ====

Payload loaded to DDR via ARM core. Ready for J-Link boot.
[ok] XSDB DDR load complete

Resetting target
[diag] CPU halted at pc = 0x0000000000000000

!!!!!!!!!!!!!!!!!!!!!!!!!!!!!!!!!!!!!!!!!!!!!!!!!!!!!!!!!
!! ERROR: CPU is in crashed state (PC=0x0).           !!
!! DDR writes will silently fail in this state.       !!
!! You MUST re-initialize the board first:            !!
!!   bash /root/chipyard/fpga/scripts/run_ps_ddr_init.sh
!! Then re-run this script.                           !!
!!!!!!!!!!!!!!!!!!!!!!!!!!!!!!!!!!!!!!!!!!!!!!!!!!!!!!!!!
